2026-08-29 14:45:14,409 - 总样本数据 18655205, 训练集 16789684 验证集 1865521
2026-08-29 14:45:15,173 - 96133049 个参数
2026-08-29 14:45:28,604 - 第0次训练后loss评估: train loss 9.0337, val loss 9.0391, loss评估耗时 12.5 秒
2026-08-29 14:45:30,132 - |===========================================================================|
|                  PyTorch CUDA memory summary, device ID 0                 |
|---------------------------------------------------------------------------|
|            CUDA OOMs: 0            |        cudaMalloc retries: 0         |
|===========================================================================|
|        Metric         | Cur Usage  | Peak Usage | Tot Alloc  | Tot Freed  |
|---------------------------------------------------------------------------|
| Allocated memory      |   1745 MiB |   2977 MiB |    801 GiB |    799 GiB |
|       from large pool |   1380 MiB |   2859 MiB |    798 GiB |    797 GiB |
|       from small pool |    364 MiB |    446 MiB |      2 GiB |      1 GiB |
|---------------------------------------------------------------------------|
| Active memory         |   1745 MiB |   2977 MiB |    801 GiB |    799 GiB |
|       from large pool |   1380 MiB |   2859 MiB |    798 GiB |    797 GiB |
|       from small pool |    364 MiB |    446 MiB |      2 GiB |      1 GiB |
|---------------------------------------------------------------------------|
| Requested memory      |   1741 MiB |   2976 MiB |    800 GiB |    798 GiB |
|       from large pool |   1376 MiB |   2857 MiB |    797 GiB |    796 GiB |
|       from small pool |    364 MiB |    446 MiB |      2 GiB |      1 GiB |
|---------------------------------------------------------------------------|
| GPU reserved memory   |   3640 MiB |   3640 MiB |   3640 MiB |      0 B   |
|       from large pool |   3168 MiB |   3168 MiB |   3168 MiB |      0 B   |
|       from small pool |    472 MiB |    472 MiB |    472 MiB |      0 B   |
|---------------------------------------------------------------------------|
| Non-releasable memory |   1266 MiB |   1515 MiB | 667585 MiB | 666318 MiB |
|       from large pool |   1247 MiB |   1509 MiB | 663651 MiB | 662403 MiB |
|       from small pool |     19 MiB |     37 MiB |   3934 MiB |   3915 MiB |
|---------------------------------------------------------------------------|
| Allocations           |    2384    |    2943    |   77023    |   74639    |
|       from large pool |     155    |     193    |   51276    |   51121    |
|       from small pool |    2229    |    2750    |   25747    |   23518    |
|---------------------------------------------------------------------------|
| Active allocs         |    2384    |    2943    |   77023    |   74639    |
|       from large pool |     155    |     193    |   51276    |   51121    |
|       from small pool |    2229    |    2750    |   25747    |   23518    |
|---------------------------------------------------------------------------|
| GPU reserved segments |     268    |     268    |     268    |       0    |
|       from large pool |      32    |      32    |      32    |       0    |
|       from small pool |     236    |     236    |     236    |       0    |
|---------------------------------------------------------------------------|
| Non-releasable allocs |     204    |     245    |   41317    |   41113    |
|       from large pool |      38    |      40    |   31966    |   31928    |
|       from small pool |     166    |     208    |    9351    |    9185    |
|---------------------------------------------------------------------------|
| Oversize allocations  |       0    |       0    |       0    |       0    |
|---------------------------------------------------------------------------|
| Oversize GPU segments |       0    |       0    |       0    |       0    |
|===========================================================================|

2026-08-29 14:47:54,722 - 第100次train 完成, 本轮100次训练耗时 146.1 秒, 累计训练耗时 2.4 分钟, 当前学习率 3.00e-04
2026-08-29 14:50:26,035 - 第200次train 完成, 本轮100次训练耗时 151.3 秒, 累计训练耗时 5.0 分钟, 当前学习率 3.00e-04
2026-08-29 14:50:39,008 - 第200次训练后loss评估: train loss 5.1552, val loss 5.0227, loss评估耗时 13.0 秒
2026-08-29 14:53:08,596 - 第300次train 完成, 本轮100次训练耗时 149.6 秒, 累计训练耗时 7.5 分钟, 当前学习率 3.00e-04
2026-08-29 14:55:38,244 - 第400次train 完成, 本轮100次训练耗时 149.6 秒, 累计训练耗时 9.9 分钟, 当前学习率 2.99e-04
2026-08-29 14:55:51,108 - 第400次训练后loss评估: train loss 4.8614, val loss 4.6950, loss评估耗时 12.9 秒
2026-08-29 14:58:20,649 - 第500次train 完成, 本轮100次训练耗时 149.5 秒, 累计训练耗时 12.4 分钟, 当前学习率 2.99e-04
2026-08-29 15:00:50,321 - 第600次train 完成, 本轮100次训练耗时 149.7 秒, 累计训练耗时 14.9 分钟, 当前学习率 2.98e-04
2026-08-29 15:01:03,306 - 第600次训练后loss评估: train loss 4.6023, val loss 4.4182, loss评估耗时 13.0 秒
2026-08-29 15:03:32,976 - 第700次train 完成, 本轮100次训练耗时 149.7 秒, 累计训练耗时 17.4 分钟, 当前学习率 2.98e-04
2026-08-29 15:06:02,727 - 第800次train 完成, 本轮100次训练耗时 149.7 秒, 累计训练耗时 19.9 分钟, 当前学习率 2.97e-04
2026-08-29 15:06:15,651 - 第800次训练后loss评估: train loss 4.4182, val loss 4.1941, loss评估耗时 12.9 秒
2026-08-29 15:08:45,527 - 第900次train 完成, 本轮100次训练耗时 149.9 秒, 累计训练耗时 22.4 分钟, 当前学习率 2.96e-04
2026-08-29 15:11:15,186 - 第1000次train 完成, 本轮100次训练耗时 149.7 秒, 累计训练耗时 24.9 分钟, 当前学习率 2.95e-04
2026-08-29 15:11:28,091 - 第1000次训练后loss评估: train loss 4.2833, val loss 4.0481, loss评估耗时 12.9 秒
2026-08-29 15:13:57,840 - 第1100次train 完成, 本轮100次训练耗时 149.7 秒, 累计训练耗时 27.4 分钟, 当前学习率 2.93e-04
2026-08-29 15:16:27,963 - 第1200次train 完成, 本轮100次训练耗时 150.1 秒, 累计训练耗时 29.9 分钟, 当前学习率 2.92e-04
2026-08-29 15:16:40,959 - 第1200次训练后loss评估: train loss 4.1735, val loss 3.9385, loss评估耗时 13.0 秒
2026-08-29 15:19:10,934 - 第1300次train 完成, 本轮100次训练耗时 150.0 秒, 累计训练耗时 32.4 分钟, 当前学习率 2.90e-04
2026-08-29 15:21:40,567 - 第1400次train 完成, 本轮100次训练耗时 149.6 秒, 累计训练耗时 34.9 分钟, 当前学习率 2.89e-04
2026-08-29 15:21:53,494 - 第1400次训练后loss评估: train loss 4.0828, val loss 3.8547, loss评估耗时 12.9 秒
2026-08-29 15:24:23,268 - 第1500次train 完成, 本轮100次训练耗时 149.8 秒, 累计训练耗时 37.4 分钟, 当前学习率 2.87e-04
2026-08-29 15:26:52,910 - 第1600次train 完成, 本轮100次训练耗时 149.6 秒, 累计训练耗时 39.9 分钟, 当前学习率 2.85e-04
2026-08-29 15:27:05,827 - 第1600次训练后loss评估: train loss 4.0233, val loss 3.7758, loss评估耗时 12.9 秒
2026-08-29 15:29:35,627 - 第1700次train 完成, 本轮100次训练耗时 149.8 秒, 累计训练耗时 42.4 分钟, 当前学习率 2.83e-04
2026-08-29 15:32:05,432 - 第1800次train 完成, 本轮100次训练耗时 149.8 秒, 累计训练耗时 44.9 分钟, 当前学习率 2.81e-04
2026-08-29 15:32:18,372 - 第1800次训练后loss评估: train loss 3.9621, val loss 3.7253, loss评估耗时 12.9 秒
2026-08-29 15:34:48,147 - 第1900次train 完成, 本轮100次训练耗时 149.8 秒, 累计训练耗时 47.4 分钟, 当前学习率 2.79e-04
2026-08-29 15:37:17,843 - 第2000次train 完成, 本轮100次训练耗时 149.7 秒, 累计训练耗时 49.9 分钟, 当前学习率 2.76e-04
2026-08-29 15:37:30,807 - 第2000次训练后loss评估: train loss 3.9094, val loss 3.6764, loss评估耗时 13.0 秒
2026-08-29 15:37:32,298 - |===========================================================================|
|                  PyTorch CUDA memory summary, device ID 0                 |
|---------------------------------------------------------------------------|
|            CUDA OOMs: 0            |        cudaMalloc retries: 0         |
|===========================================================================|
|        Metric         | Cur Usage  | Peak Usage | Tot Alloc  | Tot Freed  |
|---------------------------------------------------------------------------|
| Allocated memory      |   1746 MiB |   4138 MiB | 160332 GiB | 160331 GiB |
|       from large pool |   1382 MiB |   3731 MiB | 159684 GiB | 159682 GiB |
|       from small pool |    364 MiB |    446 MiB |    648 GiB |    648 GiB |
|---------------------------------------------------------------------------|
| Active memory         |   1746 MiB |   4138 MiB | 160332 GiB | 160331 GiB |
|       from large pool |   1382 MiB |   3731 MiB | 159684 GiB | 159682 GiB |
|       from small pool |    364 MiB |    446 MiB |    648 GiB |    648 GiB |
|---------------------------------------------------------------------------|
| Requested memory      |   1741 MiB |   4121 MiB | 160009 GiB | 160008 GiB |
|       from large pool |   1376 MiB |   3715 MiB | 159360 GiB | 159359 GiB |
|       from small pool |    364 MiB |    446 MiB |    648 GiB |    648 GiB |
|---------------------------------------------------------------------------|
| GPU reserved memory   |   5194 MiB |   5194 MiB |   5194 MiB |      0 B   |
|       from large pool |   4722 MiB |   4722 MiB |   4722 MiB |      0 B   |
|       from small pool |    472 MiB |    472 MiB |    472 MiB |      0 B   |
|---------------------------------------------------------------------------|
| Non-releasable memory |   2027 MiB |   2029 MiB | 162394 GiB | 162392 GiB |
|       from large pool |   2007 MiB |   2010 MiB | 161420 GiB | 161418 GiB |
|       from small pool |     19 MiB |     43 MiB |    974 GiB |    974 GiB |
|---------------------------------------------------------------------------|
| Allocations           |    2384    |    2943    |   15397 K  |   15395 K  |
|       from large pool |     155    |     246    |    9080 K  |    9079 K  |
|       from small pool |    2229    |    2750    |    6317 K  |    6315 K  |
|---------------------------------------------------------------------------|
| Active allocs         |    2384    |    2943    |   15397 K  |   15395 K  |
|       from large pool |     155    |     246    |    9080 K  |    9079 K  |
|       from small pool |    2229    |    2750    |    6317 K  |    6315 K  |
|---------------------------------------------------------------------------|
| GPU reserved segments |     272    |     272    |     272    |       0    |
|       from large pool |      36    |      36    |      36    |       0    |
|       from small pool |     236    |     236    |     236    |       0    |
|---------------------------------------------------------------------------|
| Non-releasable allocs |     209    |     304    |    5665 K  |    5665 K  |
|       from large pool |      46    |      61    |    4186 K  |    4186 K  |
|       from small pool |     163    |     249    |    1478 K  |    1478 K  |
|---------------------------------------------------------------------------|
| Oversize allocations  |       0    |       0    |       0    |       0    |
|---------------------------------------------------------------------------|
| Oversize GPU segments |       0    |       0    |       0    |       0    |
|===========================================================================|

2026-08-29 15:40:00,703 - 第2100次train 完成, 本轮100次训练耗时 149.9 秒, 累计训练耗时 52.4 分钟, 当前学习率 2.74e-04
2026-08-29 15:42:30,522 - 第2200次train 完成, 本轮100次训练耗时 149.8 秒, 累计训练耗时 54.9 分钟, 当前学习率 2.71e-04
2026-08-29 15:42:43,449 - 第2200次训练后loss评估: train loss 3.8676, val loss 3.6377, loss评估耗时 12.9 秒
2026-08-29 15:45:13,652 - 第2300次train 完成, 本轮100次训练耗时 150.2 秒, 累计训练耗时 57.4 分钟, 当前学习率 2.68e-04
2026-08-29 15:47:43,688 - 第2400次train 完成, 本轮100次训练耗时 150.0 秒, 累计训练耗时 59.9 分钟, 当前学习率 2.66e-04
2026-08-29 15:47:56,625 - 第2400次训练后loss评估: train loss 3.7915, val loss 3.5794, loss评估耗时 12.9 秒
2026-08-29 15:50:26,678 - 第2500次train 完成, 本轮100次训练耗时 150.1 秒, 累计训练耗时 62.4 分钟, 当前学习率 2.63e-04
2026-08-29 15:52:56,616 - 第2600次train 完成, 本轮100次训练耗时 149.9 秒, 累计训练耗时 64.9 分钟, 当前学习率 2.60e-04
2026-08-29 15:53:09,525 - 第2600次训练后loss评估: train loss 3.7530, val loss 3.5576, loss评估耗时 12.9 秒
2026-08-29 15:55:39,462 - 第2700次train 完成, 本轮100次训练耗时 149.9 秒, 累计训练耗时 67.4 分钟, 当前学习率 2.57e-04
2026-08-29 15:58:09,251 - 第2800次train 完成, 本轮100次训练耗时 149.8 秒, 累计训练耗时 69.9 分钟, 当前学习率 2.53e-04
2026-08-29 15:58:22,257 - 第2800次训练后loss评估: train loss 3.7103, val loss 3.5205, loss评估耗时 13.0 秒
2026-08-29 16:00:52,575 - 第2900次train 完成, 本轮100次训练耗时 150.3 秒, 累计训练耗时 72.4 分钟, 当前学习率 2.50e-04
2026-08-29 16:03:22,822 - 第3000次train 完成, 本轮100次训练耗时 150.2 秒, 累计训练耗时 74.9 分钟, 当前学习率 2.47e-04
2026-08-29 16:03:36,164 - 第3000次训练后loss评估: train loss 3.6732, val loss 3.4958, loss评估耗时 13.0 秒
2026-08-29 16:06:06,382 - 第3100次train 完成, 本轮100次训练耗时 150.2 秒, 累计训练耗时 77.4 分钟, 当前学习率 2.43e-04
2026-08-29 16:08:36,451 - 第3200次train 完成, 本轮100次训练耗时 150.1 秒, 累计训练耗时 79.9 分钟, 当前学习率 2.40e-04
2026-08-29 16:08:49,418 - 第3200次训练后loss评估: train loss 3.6554, val loss 3.4649, loss评估耗时 13.0 秒
2026-08-29 16:11:19,385 - 第3300次train 完成, 本轮100次训练耗时 150.0 秒, 累计训练耗时 82.4 分钟, 当前学习率 2.36e-04
2026-08-29 16:13:49,025 - 第3400次train 完成, 本轮100次训练耗时 149.6 秒, 累计训练耗时 84.9 分钟, 当前学习率 2.33e-04
2026-08-29 16:14:01,936 - 第3400次训练后loss评估: train loss 3.6146, val loss 3.4230, loss评估耗时 12.9 秒
2026-08-29 16:16:31,762 - 第3500次train 完成, 本轮100次训练耗时 149.8 秒, 累计训练耗时 87.4 分钟, 当前学习率 2.29e-04
2026-08-29 16:19:01,749 - 第3600次train 完成, 本轮100次训练耗时 150.0 秒, 累计训练耗时 89.9 分钟, 当前学习率 2.25e-04
2026-08-29 16:19:14,722 - 第3600次训练后loss评估: train loss 3.6241, val loss 3.4061, loss评估耗时 13.0 秒
2026-08-29 16:21:44,797 - 第3700次train 完成, 本轮100次训练耗时 150.1 秒, 累计训练耗时 92.4 分钟, 当前学习率 2.21e-04
2026-08-29 16:24:14,914 - 第3800次train 完成, 本轮100次训练耗时 150.1 秒, 累计训练耗时 94.9 分钟, 当前学习率 2.17e-04
2026-08-29 16:24:27,878 - 第3800次训练后loss评估: train loss 3.5709, val loss 3.3944, loss评估耗时 13.0 秒
2026-08-29 16:26:57,919 - 第3900次train 完成, 本轮100次训练耗时 150.0 秒, 累计训练耗时 97.4 分钟, 当前学习率 2.13e-04
2026-08-29 16:29:27,966 - 第4000次train 完成, 本轮100次训练耗时 150.0 秒, 累计训练耗时 99.9 分钟, 当前学习率 2.09e-04
2026-08-29 16:29:40,933 - 第4000次训练后loss评估: train loss 3.5483, val loss 3.3847, loss评估耗时 13.0 秒
2026-08-29 16:29:42,452 - |===========================================================================|
|                  PyTorch CUDA memory summary, device ID 0                 |
|---------------------------------------------------------------------------|
|            CUDA OOMs: 0            |        cudaMalloc retries: 0         |
|===========================================================================|
|        Metric         | Cur Usage  | Peak Usage | Tot Alloc  | Tot Freed  |
|---------------------------------------------------------------------------|
| Allocated memory      |   1746 MiB |   4138 MiB | 319866 GiB | 319864 GiB |
|       from large pool |   1381 MiB |   3731 MiB | 318571 GiB | 318569 GiB |
|       from small pool |    364 MiB |    446 MiB |   1295 GiB |   1295 GiB |
|---------------------------------------------------------------------------|
| Active memory         |   1746 MiB |   4138 MiB | 319866 GiB | 319864 GiB |
|       from large pool |   1381 MiB |   3731 MiB | 318571 GiB | 318569 GiB |
|       from small pool |    364 MiB |    446 MiB |   1295 GiB |   1295 GiB |
|---------------------------------------------------------------------------|
| Requested memory      |   1741 MiB |   4121 MiB | 319219 GiB | 319217 GiB |
|       from large pool |   1376 MiB |   3715 MiB | 317923 GiB | 317922 GiB |
|       from small pool |    364 MiB |    446 MiB |   1295 GiB |   1294 GiB |
|---------------------------------------------------------------------------|
| GPU reserved memory   |   5194 MiB |   5194 MiB |   5194 MiB |      0 B   |
|       from large pool |   4722 MiB |   4722 MiB |   4722 MiB |      0 B   |
|       from small pool |    472 MiB |    472 MiB |    472 MiB |      0 B   |
|---------------------------------------------------------------------------|
| Non-releasable memory |   1583 MiB |   2029 MiB | 324064 GiB | 324063 GiB |
|       from large pool |   1564 MiB |   2010 MiB | 322119 GiB | 322118 GiB |
|       from small pool |     19 MiB |     43 MiB |   1944 GiB |   1944 GiB |
|---------------------------------------------------------------------------|
| Allocations           |    2384    |    2943    |   30718 K  |   30716 K  |
|       from large pool |     155    |     246    |   18108 K  |   18108 K  |
|       from small pool |    2229    |    2750    |   12609 K  |   12607 K  |
|---------------------------------------------------------------------------|
| Active allocs         |    2384    |    2943    |   30718 K  |   30716 K  |
|       from large pool |     155    |     246    |   18108 K  |   18108 K  |
|       from small pool |    2229    |    2750    |   12609 K  |   12607 K  |
|---------------------------------------------------------------------------|
| GPU reserved segments |     272    |     272    |     272    |       0    |
|       from large pool |      36    |      36    |      36    |       0    |
|       from small pool |     236    |     236    |     236    |       0    |
|---------------------------------------------------------------------------|
| Non-releasable allocs |     210    |     304    |   11283 K  |   11283 K  |
|       from large pool |      47    |      61    |    8335 K  |    8335 K  |
|       from small pool |     163    |     249    |    2948 K  |    2947 K  |
|---------------------------------------------------------------------------|
| Oversize allocations  |       0    |       0    |       0    |       0    |
|---------------------------------------------------------------------------|
| Oversize GPU segments |       0    |       0    |       0    |       0    |
|===========================================================================|

2026-08-29 16:32:11,172 - 第4100次train 完成, 本轮100次训练耗时 150.2 秒, 累计训练耗时 102.4 分钟, 当前学习率 2.05e-04
2026-08-29 16:34:41,445 - 第4200次train 完成, 本轮100次训练耗时 150.3 秒, 累计训练耗时 104.9 分钟, 当前学习率 2.01e-04
2026-08-29 16:34:54,443 - 第4200次训练后loss评估: train loss 3.5253, val loss 3.3459, loss评估耗时 13.0 秒
2026-08-29 16:37:24,548 - 第4300次train 完成, 本轮100次训练耗时 150.1 秒, 累计训练耗时 107.4 分钟, 当前学习率 1.97e-04
2026-08-29 16:39:54,488 - 第4400次train 完成, 本轮100次训练耗时 149.9 秒, 累计训练耗时 109.9 分钟, 当前学习率 1.93e-04
2026-08-29 16:40:07,453 - 第4400次训练后loss评估: train loss 3.4626, val loss 3.3309, loss评估耗时 13.0 秒
2026-08-29 16:42:37,517 - 第4500次train 完成, 本轮100次训练耗时 150.1 秒, 累计训练耗时 112.4 分钟, 当前学习率 1.88e-04
2026-08-29 16:45:07,370 - 第4600次train 完成, 本轮100次训练耗时 149.9 秒, 累计训练耗时 114.9 分钟, 当前学习率 1.84e-04
2026-08-29 16:45:20,312 - 第4600次训练后loss评估: train loss 3.4628, val loss 3.3108, loss评估耗时 12.9 秒
2026-08-29 16:47:50,165 - 第4700次train 完成, 本轮100次训练耗时 149.9 秒, 累计训练耗时 117.4 分钟, 当前学习率 1.80e-04
2026-08-29 16:50:19,984 - 第4800次train 完成, 本轮100次训练耗时 149.8 秒, 累计训练耗时 119.9 分钟, 当前学习率 1.76e-04
2026-08-29 16:50:32,961 - 第4800次训练后loss评估: train loss 3.4556, val loss 3.3150, loss评估耗时 13.0 秒
2026-08-29 16:53:02,770 - 第4900次train 完成, 本轮100次训练耗时 149.8 秒, 累计训练耗时 122.4 分钟, 当前学习率 1.71e-04
2026-08-29 16:55:32,779 - 第5000次train 完成, 本轮100次训练耗时 150.0 秒, 累计训练耗时 124.9 分钟, 当前学习率 1.67e-04
2026-08-29 16:55:45,708 - 第5000次训练后loss评估: train loss 3.4226, val loss 3.2930, loss评估耗时 12.9 秒
2026-08-29 16:58:15,586 - 第5100次train 完成, 本轮100次训练耗时 149.9 秒, 累计训练耗时 127.4 分钟, 当前学习率 1.63e-04
2026-08-29 17:00:45,626 - 第5200次train 完成, 本轮100次训练耗时 150.0 秒, 累计训练耗时 129.9 分钟, 当前学习率 1.59e-04
2026-08-29 17:00:58,541 - 第5200次训练后loss评估: train loss 3.3883, val loss 3.2873, loss评估耗时 12.9 秒
2026-08-29 17:03:28,264 - 第5300次train 完成, 本轮100次训练耗时 149.7 秒, 累计训练耗时 132.4 分钟, 当前学习率 1.54e-04
2026-08-29 17:05:58,263 - 第5400次train 完成, 本轮100次训练耗时 150.0 秒, 累计训练耗时 134.9 分钟, 当前学习率 1.50e-04
2026-08-29 17:06:11,194 - 第5400次训练后loss评估: train loss 3.3823, val loss 3.2527, loss评估耗时 12.9 秒
2026-08-29 17:08:41,176 - 第5500次train 完成, 本轮100次训练耗时 150.0 秒, 累计训练耗时 137.4 分钟, 当前学习率 1.46e-04
2026-08-29 17:11:11,397 - 第5600次train 完成, 本轮100次训练耗时 150.2 秒, 累计训练耗时 139.9 分钟, 当前学习率 1.42e-04
2026-08-29 17:11:24,371 - 第5600次训练后loss评估: train loss 3.3593, val loss 3.2632, loss评估耗时 13.0 秒
2026-08-29 17:13:54,254 - 第5700次train 完成, 本轮100次训练耗时 149.9 秒, 累计训练耗时 142.4 分钟, 当前学习率 1.37e-04
2026-08-29 17:16:24,117 - 第5800次train 完成, 本轮100次训练耗时 149.9 秒, 累计训练耗时 144.9 分钟, 当前学习率 1.33e-04
2026-08-29 17:16:37,041 - 第5800次训练后loss评估: train loss 3.3632, val loss 3.2373, loss评估耗时 12.9 秒
2026-08-29 17:19:06,894 - 第5900次train 完成, 本轮100次训练耗时 149.9 秒, 累计训练耗时 147.4 分钟, 当前学习率 1.29e-04
2026-08-29 17:21:36,826 - 第6000次train 完成, 本轮100次训练耗时 149.9 秒, 累计训练耗时 149.9 分钟, 当前学习率 1.25e-04
2026-08-29 17:21:50,145 - 第6000次训练后loss评估: train loss 3.3191, val loss 3.2249, loss评估耗时 12.9 秒
2026-08-29 17:21:51,650 - |===========================================================================|
|                  PyTorch CUDA memory summary, device ID 0                 |
|---------------------------------------------------------------------------|
|            CUDA OOMs: 0            |        cudaMalloc retries: 0         |
|===========================================================================|
|        Metric         | Cur Usage  | Peak Usage | Tot Alloc  | Tot Freed  |
|---------------------------------------------------------------------------|
| Allocated memory      |   1746 MiB |   4138 MiB | 479401 GiB | 479399 GiB |
|       from large pool |   1382 MiB |   3731 MiB | 477459 GiB | 477457 GiB |
|       from small pool |    364 MiB |    446 MiB |   1941 GiB |   1941 GiB |
|---------------------------------------------------------------------------|
| Active memory         |   1746 MiB |   4138 MiB | 479401 GiB | 479399 GiB |
|       from large pool |   1382 MiB |   3731 MiB | 477459 GiB | 477457 GiB |
|       from small pool |    364 MiB |    446 MiB |   1941 GiB |   1941 GiB |
|---------------------------------------------------------------------------|
| Requested memory      |   1741 MiB |   4121 MiB | 478428 GiB | 478427 GiB |
|       from large pool |   1376 MiB |   3715 MiB | 476486 GiB | 476485 GiB |
|       from small pool |    364 MiB |    446 MiB |   1941 GiB |   1941 GiB |
|---------------------------------------------------------------------------|
| GPU reserved memory   |   5194 MiB |   5194 MiB |   5194 MiB |      0 B   |
|       from large pool |   4722 MiB |   4722 MiB |   4722 MiB |      0 B   |
|       from small pool |    472 MiB |    472 MiB |    472 MiB |      0 B   |
|---------------------------------------------------------------------------|
| Non-releasable memory |   2027 MiB |   2029 MiB | 485853 GiB | 485851 GiB |
|       from large pool |   2007 MiB |   2010 MiB | 482938 GiB | 482936 GiB |
|       from small pool |     19 MiB |     43 MiB |   2915 GiB |   2915 GiB |
|---------------------------------------------------------------------------|
| Allocations           |    2384    |    2943    |   46039 K  |   46037 K  |
|       from large pool |     155    |     246    |   27137 K  |   27137 K  |
|       from small pool |    2229    |    2750    |   18901 K  |   18899 K  |
|---------------------------------------------------------------------------|
| Active allocs         |    2384    |    2943    |   46039 K  |   46037 K  |
|       from large pool |     155    |     246    |   27137 K  |   27137 K  |
|       from small pool |    2229    |    2750    |   18901 K  |   18899 K  |
|---------------------------------------------------------------------------|
| GPU reserved segments |     272    |     272    |     272    |       0    |
|       from large pool |      36    |      36    |      36    |       0    |
|       from small pool |     236    |     236    |     236    |       0    |
|---------------------------------------------------------------------------|
| Non-releasable allocs |     213    |     304    |   16911 K  |   16911 K  |
|       from large pool |      50    |      61    |   12494 K  |   12494 K  |
|       from small pool |     163    |     249    |    4417 K  |    4417 K  |
|---------------------------------------------------------------------------|
| Oversize allocations  |       0    |       0    |       0    |       0    |
|---------------------------------------------------------------------------|
| Oversize GPU segments |       0    |       0    |       0    |       0    |
|===========================================================================|

2026-08-29 17:24:20,067 - 第6100次train 完成, 本轮100次训练耗时 149.9 秒, 累计训练耗时 152.4 分钟, 当前学习率 1.21e-04
2026-08-29 17:26:49,993 - 第6200次train 完成, 本轮100次训练耗时 149.9 秒, 累计训练耗时 154.9 分钟, 当前学习率 1.17e-04
2026-08-29 17:27:02,914 - 第6200次训练后loss评估: train loss 3.3277, val loss 3.2156, loss评估耗时 12.9 秒
2026-08-29 17:29:32,791 - 第6300次train 完成, 本轮100次训练耗时 149.9 秒, 累计训练耗时 157.4 分钟, 当前学习率 1.13e-04
2026-08-29 17:32:02,767 - 第6400次train 完成, 本轮100次训练耗时 150.0 秒, 累计训练耗时 159.9 分钟, 当前学习率 1.09e-04
2026-08-29 17:32:15,708 - 第6400次训练后loss评估: train loss 3.3020, val loss 3.1942, loss评估耗时 12.9 秒
2026-08-29 17:34:45,568 - 第6500次train 完成, 本轮100次训练耗时 149.9 秒, 累计训练耗时 162.4 分钟, 当前学习率 1.05e-04
2026-08-29 17:37:15,659 - 第6600次train 完成, 本轮100次训练耗时 150.1 秒, 累计训练耗时 164.9 分钟, 当前学习率 1.01e-04
2026-08-29 17:37:28,600 - 第6600次训练后loss评估: train loss 3.2863, val loss 3.2031, loss评估耗时 12.9 秒
2026-08-29 17:39:58,429 - 第6700次train 完成, 本轮100次训练耗时 149.8 秒, 累计训练耗时 167.4 分钟, 当前学习率 9.75e-05
2026-08-29 17:42:28,459 - 第6800次train 完成, 本轮100次训练耗时 150.0 秒, 累计训练耗时 169.9 分钟, 当前学习率 9.39e-05
2026-08-29 17:42:41,398 - 第6800次训练后loss评估: train loss 3.2406, val loss 3.2062, loss评估耗时 12.9 秒
2026-08-29 17:45:11,395 - 第6900次train 完成, 本轮100次训练耗时 150.0 秒, 累计训练耗时 172.4 分钟, 当前学习率 9.03e-05
2026-08-29 17:47:41,558 - 第7000次train 完成, 本轮100次训练耗时 150.2 秒, 累计训练耗时 174.9 分钟, 当前学习率 8.67e-05
2026-08-29 17:47:54,494 - 第7000次训练后loss评估: train loss 3.2282, val loss 3.1904, loss评估耗时 12.9 秒
2026-08-29 17:50:24,403 - 第7100次train 完成, 本轮100次训练耗时 149.9 秒, 累计训练耗时 177.4 分钟, 当前学习率 8.33e-05
2026-08-29 17:52:54,375 - 第7200次train 完成, 本轮100次训练耗时 150.0 秒, 累计训练耗时 179.9 分钟, 当前学习率 7.99e-05
2026-08-29 17:53:07,345 - 第7200次训练后loss评估: train loss 3.2456, val loss 3.1730, loss评估耗时 13.0 秒
2026-08-29 17:55:37,253 - 第7300次train 完成, 本轮100次训练耗时 149.9 秒, 累计训练耗时 182.4 分钟, 当前学习率 7.66e-05
2026-08-29 17:58:07,290 - 第7400次train 完成, 本轮100次训练耗时 150.0 秒, 累计训练耗时 184.9 分钟, 当前学习率 7.34e-05
2026-08-29 17:58:20,252 - 第7400次训练后loss评估: train loss 3.2230, val loss 3.1759, loss评估耗时 13.0 秒
2026-08-29 18:00:50,095 - 第7500次train 完成, 本轮100次训练耗时 149.8 秒, 累计训练耗时 187.4 分钟, 当前学习率 7.03e-05
2026-08-29 18:03:19,974 - 第7600次train 完成, 本轮100次训练耗时 149.9 秒, 累计训练耗时 189.9 分钟, 当前学习率 6.73e-05
2026-08-29 18:03:32,887 - 第7600次训练后loss评估: train loss 3.2382, val loss 3.1730, loss评估耗时 12.9 秒
2026-08-29 18:06:02,796 - 第7700次train 完成, 本轮100次训练耗时 149.9 秒, 累计训练耗时 192.4 分钟, 当前学习率 6.44e-05
2026-08-29 18:08:32,660 - 第7800次train 完成, 本轮100次训练耗时 149.9 秒, 累计训练耗时 194.9 分钟, 当前学习率 6.16e-05
2026-08-29 18:08:45,591 - 第7800次训练后loss评估: train loss 3.2053, val loss 3.1631, loss评估耗时 12.9 秒
2026-08-29 18:11:15,529 - 第7900次train 完成, 本轮100次训练耗时 149.9 秒, 累计训练耗时 197.4 分钟, 当前学习率 5.89e-05
2026-08-29 18:13:45,296 - 第8000次train 完成, 本轮100次训练耗时 149.8 秒, 累计训练耗时 199.9 分钟, 当前学习率 5.63e-05
2026-08-29 18:13:58,241 - 第8000次训练后loss评估: train loss 3.1915, val loss 3.1678, loss评估耗时 12.9 秒
2026-08-29 18:13:59,764 - |===========================================================================|
|                  PyTorch CUDA memory summary, device ID 0                 |
|---------------------------------------------------------------------------|
|            CUDA OOMs: 0            |        cudaMalloc retries: 0         |
|===========================================================================|
|        Metric         | Cur Usage  | Peak Usage | Tot Alloc  | Tot Freed  |
|---------------------------------------------------------------------------|
| Allocated memory      |   1746 MiB |   4138 MiB | 638934 GiB | 638932 GiB |
|       from large pool |   1382 MiB |   3731 MiB | 636345 GiB | 636344 GiB |
|       from small pool |    364 MiB |    446 MiB |   2588 GiB |   2588 GiB |
|---------------------------------------------------------------------------|
| Active memory         |   1746 MiB |   4138 MiB | 638934 GiB | 638932 GiB |
|       from large pool |   1382 MiB |   3731 MiB | 636345 GiB | 636344 GiB |
|       from small pool |    364 MiB |    446 MiB |   2588 GiB |   2588 GiB |
|---------------------------------------------------------------------------|
| Requested memory      |   1741 MiB |   4121 MiB | 637638 GiB | 637636 GiB |
|       from large pool |   1376 MiB |   3715 MiB | 635049 GiB | 635048 GiB |
|       from small pool |    364 MiB |    446 MiB |   2588 GiB |   2587 GiB |
|---------------------------------------------------------------------------|
| GPU reserved memory   |   5194 MiB |   5194 MiB |   5194 MiB |      0 B   |
|       from large pool |   4722 MiB |   4722 MiB |   4722 MiB |      0 B   |
|       from small pool |    472 MiB |    472 MiB |    472 MiB |      0 B   |
|---------------------------------------------------------------------------|
| Non-releasable memory |   1583 MiB |   2029 MiB | 647580 GiB | 647579 GiB |
|       from large pool |   1563 MiB |   2010 MiB | 643695 GiB | 643693 GiB |
|       from small pool |     19 MiB |     43 MiB |   3885 GiB |   3885 GiB |
|---------------------------------------------------------------------------|
| Allocations           |    2384    |    2943    |   61360 K  |   61357 K  |
|       from large pool |     155    |     246    |   36166 K  |   36166 K  |
|       from small pool |    2229    |    2750    |   25193 K  |   25191 K  |
|---------------------------------------------------------------------------|
| Active allocs         |    2384    |    2943    |   61360 K  |   61357 K  |
|       from large pool |     155    |     246    |   36166 K  |   36166 K  |
|       from small pool |    2229    |    2750    |   25193 K  |   25191 K  |
|---------------------------------------------------------------------------|
| GPU reserved segments |     272    |     272    |     272    |       0    |
|       from large pool |      36    |      36    |      36    |       0    |
|       from small pool |     236    |     236    |     236    |       0    |
|---------------------------------------------------------------------------|
| Non-releasable allocs |     213    |     304    |   22527 K  |   22527 K  |
|       from large pool |      50    |      61    |   16641 K  |   16640 K  |
|       from small pool |     163    |     249    |    5886 K  |    5886 K  |
|---------------------------------------------------------------------------|
| Oversize allocations  |       0    |       0    |       0    |       0    |
|---------------------------------------------------------------------------|
| Oversize GPU segments |       0    |       0    |       0    |       0    |
|===========================================================================|

2026-08-29 18:16:28,275 - 第8100次train 完成, 本轮100次训练耗时 150.0 秒, 累计训练耗时 202.4 分钟, 当前学习率 5.38e-05
2026-08-29 18:18:58,230 - 第8200次train 完成, 本轮100次训练耗时 150.0 秒, 累计训练耗时 204.9 分钟, 当前学习率 5.15e-05
2026-08-29 18:19:11,180 - 第8200次训练后loss评估: train loss 3.1958, val loss 3.1568, loss评估耗时 13.0 秒
2026-08-29 18:21:41,250 - 第8300次train 完成, 本轮100次训练耗时 150.1 秒, 累计训练耗时 207.4 分钟, 当前学习率 4.92e-05
2026-08-29 18:24:11,439 - 第8400次train 完成, 本轮100次训练耗时 150.2 秒, 累计训练耗时 209.9 分钟, 当前学习率 4.71e-05
2026-08-29 18:24:24,400 - 第8400次训练后loss评估: train loss 3.1691, val loss 3.1519, loss评估耗时 13.0 秒
2026-08-29 18:26:54,596 - 第8500次train 完成, 本轮100次训练耗时 150.2 秒, 累计训练耗时 212.4 分钟, 当前学习率 4.50e-05
2026-08-29 18:29:24,912 - 第8600次train 完成, 本轮100次训练耗时 150.3 秒, 累计训练耗时 214.9 分钟, 当前学习率 4.31e-05
2026-08-29 18:29:37,925 - 第8600次训练后loss评估: train loss 3.1742, val loss 3.1506, loss评估耗时 13.0 秒
2026-08-29 18:32:08,326 - 第8700次train 完成, 本轮100次训练耗时 150.4 秒, 累计训练耗时 217.4 分钟, 当前学习率 4.13e-05
2026-08-29 18:34:38,538 - 第8800次train 完成, 本轮100次训练耗时 150.2 秒, 累计训练耗时 219.9 分钟, 当前学习率 3.97e-05
2026-08-29 18:34:51,487 - 第8800次训练后loss评估: train loss 3.1673, val loss 3.1492, loss评估耗时 12.9 秒
2026-08-29 18:37:21,757 - 第8900次train 完成, 本轮100次训练耗时 150.3 秒, 累计训练耗时 222.4 分钟, 当前学习率 3.82e-05
2026-08-29 18:39:52,039 - 第9000次train 完成, 本轮100次训练耗时 150.3 秒, 累计训练耗时 224.9 分钟, 当前学习率 3.68e-05
2026-08-29 18:40:05,403 - 第9000次训练后loss评估: train loss 3.1579, val loss 3.1430, loss评估耗时 13.0 秒
2026-08-29 18:42:35,778 - 第9100次train 完成, 本轮100次训练耗时 150.4 秒, 累计训练耗时 227.4 分钟, 当前学习率 3.55e-05
2026-08-29 18:45:06,170 - 第9200次train 完成, 本轮100次训练耗时 150.4 秒, 累计训练耗时 229.9 分钟, 当前学习率 3.43e-05
2026-08-29 18:45:19,174 - 第9200次训练后loss评估: train loss 3.1522, val loss 3.1405, loss评估耗时 13.0 秒
2026-08-29 18:47:49,549 - 第9300次train 完成, 本轮100次训练耗时 150.4 秒, 累计训练耗时 232.4 分钟, 当前学习率 3.33e-05
2026-08-29 18:50:19,901 - 第9400次train 完成, 本轮100次训练耗时 150.4 秒, 累计训练耗时 234.9 分钟, 当前学习率 3.24e-05
2026-08-29 18:50:32,882 - 第9400次训练后loss评估: train loss 3.1458, val loss 3.1482, loss评估耗时 13.0 秒
2026-08-29 18:53:03,205 - 第9500次train 完成, 本轮100次训练耗时 150.3 秒, 累计训练耗时 237.4 分钟, 当前学习率 3.17e-05
2026-08-29 18:55:33,801 - 第9600次train 完成, 本轮100次训练耗时 150.6 秒, 累计训练耗时 239.9 分钟, 当前学习率 3.11e-05
2026-08-29 18:55:46,844 - 第9600次训练后loss评估: train loss 3.1557, val loss 3.1264, loss评估耗时 13.0 秒
2026-08-29 18:58:17,459 - 第9700次train 完成, 本轮100次训练耗时 150.6 秒, 累计训练耗时 242.4 分钟, 当前学习率 3.06e-05
2026-08-29 19:00:47,830 - 第9800次train 完成, 本轮100次训练耗时 150.4 秒, 累计训练耗时 244.9 分钟, 当前学习率 3.03e-05
2026-08-29 19:01:00,841 - 第9800次训练后loss评估: train loss 3.1230, val loss 3.1284, loss评估耗时 13.0 秒
2026-08-29 19:03:31,210 - 第9900次train 完成, 本轮100次训练耗时 150.4 秒, 累计训练耗时 247.4 分钟, 当前学习率 3.01e-05
2026-08-29 19:06:13,061 - 第9999次训练后loss评估: train loss 3.1234, val loss 3.1274, loss评估耗时 12.9 秒
2026-08-29 19:06:14,566 - 第10000次train 完成, 本轮100次训练耗时 163.4 秒, 累计训练耗时 250.2 分钟, 当前学习率 3.00e-05
2026-08-29 19:06:14,566 - 全部训练完成，总耗时 261.0 分钟，平均每步 1566 毫秒
