2026-09-04 12:53:00,271 - 总样本数据 73862951, 训练集 66476032 验证集 7386112 词元表大小:16000
2026-09-04 12:53:02,542 - 234538624 个参数
2026-09-04 12:53:20,474 - 第0次训练后loss评估: train loss 9.8601, val loss 9.8618, loss评估耗时 15.4 秒
2026-09-04 12:53:22,451 - |===========================================================================|
|                  PyTorch CUDA memory summary, device ID 0                 |
|---------------------------------------------------------------------------|
|            CUDA OOMs: 0            |        cudaMalloc retries: 0         |
|===========================================================================|
|        Metric         | Cur Usage  | Peak Usage | Tot Alloc  | Tot Freed  |
|---------------------------------------------------------------------------|
| Allocated memory      |   3909 MiB |   4804 MiB |    867 GiB |    863 GiB |
|       from large pool |   3070 MiB |   3771 MiB |    819 GiB |    816 GiB |
|       from small pool |    838 MiB |   1032 MiB |     48 GiB |     47 GiB |
|---------------------------------------------------------------------------|
| Active memory         |   3909 MiB |   4804 MiB |    867 GiB |    863 GiB |
|       from large pool |   3070 MiB |   3771 MiB |    819 GiB |    816 GiB |
|       from small pool |    838 MiB |   1032 MiB |     48 GiB |     47 GiB |
|---------------------------------------------------------------------------|
| Requested memory      |   3909 MiB |   4803 MiB |    867 GiB |    863 GiB |
|       from large pool |   3070 MiB |   3771 MiB |    819 GiB |    816 GiB |
|       from small pool |    838 MiB |   1032 MiB |     48 GiB |     47 GiB |
|---------------------------------------------------------------------------|
| GPU reserved memory   |   4870 MiB |   4870 MiB |   4870 MiB |      0 B   |
|       from large pool |   3832 MiB |   3832 MiB |   3832 MiB |      0 B   |
|       from small pool |   1038 MiB |   1038 MiB |   1038 MiB |      0 B   |
|---------------------------------------------------------------------------|
| Non-releasable memory | 275300 KiB |   1314 MiB | 668880 MiB | 668611 MiB |
|       from large pool | 268032 KiB |   1294 MiB | 617660 MiB | 617398 MiB |
|       from small pool |   7268 KiB |     81 MiB |  51220 MiB |  51212 MiB |
|---------------------------------------------------------------------------|
| Allocations           |    4000    |    4935    |  131437    |  127437    |
|       from large pool |     203    |     253    |   43741    |   43538    |
|       from small pool |    3797    |    4682    |   87696    |   83899    |
|---------------------------------------------------------------------------|
| Active allocs         |    4000    |    4935    |  131437    |  127437    |
|       from large pool |     203    |     253    |   43741    |   43538    |
|       from small pool |    3797    |    4682    |   87696    |   83899    |
|---------------------------------------------------------------------------|
| GPU reserved segments |     573    |     573    |     573    |       0    |
|       from large pool |      54    |      54    |      54    |       0    |
|       from small pool |     519    |     519    |     519    |       0    |
|---------------------------------------------------------------------------|
| Non-releasable allocs |      66    |     237    |   80930    |   80864    |
|       from large pool |      14    |      23    |   19930    |   19916    |
|       from small pool |      52    |     216    |   61000    |   60948    |
|---------------------------------------------------------------------------|
| Oversize allocations  |       0    |       0    |       0    |       0    |
|---------------------------------------------------------------------------|
| Oversize GPU segments |       0    |       0    |       0    |       0    |
|===========================================================================|

2026-09-04 12:56:24,264 - 第100次train 完成, 本轮100次训练耗时 183.8 秒, 累计训练耗时 3.1 分钟, 当前学习率 3.00e-04
2026-09-04 12:59:21,328 - 第200次train 完成, 本轮100次训练耗时 177.1 秒, 累计训练耗时 6.0 分钟, 当前学习率 3.00e-04
2026-09-04 13:02:18,148 - 第300次train 完成, 本轮100次训练耗时 176.8 秒, 累计训练耗时 9.0 分钟, 当前学习率 2.99e-04
2026-09-04 13:05:14,864 - 第400次train 完成, 本轮100次训练耗时 176.7 秒, 累计训练耗时 11.9 分钟, 当前学习率 2.98e-04
2026-09-04 13:05:28,672 - 第400次训练后loss评估: train loss 6.4620, val loss 6.4405, loss评估耗时 13.8 秒
2026-09-04 13:08:25,592 - 第500次train 完成, 本轮100次训练耗时 176.9 秒, 累计训练耗时 14.9 分钟, 当前学习率 2.96e-04
2026-09-04 13:11:21,892 - 第600次train 完成, 本轮100次训练耗时 176.3 秒, 累计训练耗时 17.8 分钟, 当前学习率 2.93e-04
2026-09-04 13:14:18,598 - 第700次train 完成, 本轮100次训练耗时 176.7 秒, 累计训练耗时 20.7 分钟, 当前学习率 2.90e-04
2026-09-04 13:17:14,564 - 第800次train 完成, 本轮100次训练耗时 176.0 秒, 累计训练耗时 23.7 分钟, 当前学习率 2.87e-04
2026-09-04 13:17:28,387 - 第800次训练后loss评估: train loss 5.7820, val loss 5.7784, loss评估耗时 13.8 秒
2026-09-04 13:20:24,975 - 第900次train 完成, 本轮100次训练耗时 176.6 秒, 累计训练耗时 26.6 分钟, 当前学习率 2.83e-04
2026-09-04 13:23:22,052 - 第1000次train 完成, 本轮100次训练耗时 177.1 秒, 累计训练耗时 29.6 分钟, 当前学习率 2.78e-04
2026-09-04 13:26:18,412 - 第1100次train 完成, 本轮100次训练耗时 176.4 秒, 累计训练耗时 32.5 分钟, 当前学习率 2.73e-04
2026-09-04 13:29:15,160 - 第1200次train 完成, 本轮100次训练耗时 176.7 秒, 累计训练耗时 35.5 分钟, 当前学习率 2.68e-04
2026-09-04 13:29:28,975 - 第1200次训练后loss评估: train loss 5.3621, val loss 5.3535, loss评估耗时 13.8 秒
2026-09-04 13:32:25,843 - 第1300次train 完成, 本轮100次训练耗时 176.9 秒, 累计训练耗时 38.4 分钟, 当前学习率 2.62e-04
2026-09-04 13:35:22,035 - 第1400次train 完成, 本轮100次训练耗时 176.2 秒, 累计训练耗时 41.3 分钟, 当前学习率 2.56e-04
2026-09-04 13:38:18,783 - 第1500次train 完成, 本轮100次训练耗时 176.7 秒, 累计训练耗时 44.3 分钟, 当前学习率 2.49e-04
2026-09-04 13:41:15,610 - 第1600次train 完成, 本轮100次训练耗时 176.8 秒, 累计训练耗时 47.2 分钟, 当前学习率 2.42e-04
2026-09-04 13:41:29,458 - 第1600次训练后loss评估: train loss 5.0257, val loss 5.0416, loss评估耗时 13.8 秒
2026-09-04 13:44:25,718 - 第1700次train 完成, 本轮100次训练耗时 176.3 秒, 累计训练耗时 50.2 分钟, 当前学习率 2.35e-04
2026-09-04 13:47:22,313 - 第1800次train 完成, 本轮100次训练耗时 176.6 秒, 累计训练耗时 53.1 分钟, 当前学习率 2.28e-04
2026-09-04 13:50:18,849 - 第1900次train 完成, 本轮100次训练耗时 176.5 秒, 累计训练耗时 56.1 分钟, 当前学习率 2.20e-04
2026-09-04 13:53:15,394 - 第2000次train 完成, 本轮100次训练耗时 176.5 秒, 累计训练耗时 59.0 分钟, 当前学习率 2.12e-04
2026-09-04 13:53:29,274 - 第2000次训练后loss评估: train loss 4.7958, val loss 4.8447, loss评估耗时 13.9 秒
2026-09-04 13:53:30,913 - |===========================================================================|
|                  PyTorch CUDA memory summary, device ID 0                 |
|---------------------------------------------------------------------------|
|            CUDA OOMs: 0            |        cudaMalloc retries: 0         |
|===========================================================================|
|        Metric         | Cur Usage  | Peak Usage | Tot Alloc  | Tot Freed  |
|---------------------------------------------------------------------------|
| Allocated memory      |   3909 MiB |   6464 MiB | 174947 GiB | 174944 GiB |
|       from large pool |   3070 MiB |   5528 MiB | 167299 GiB | 167296 GiB |
|       from small pool |    838 MiB |   1032 MiB |   7648 GiB |   7647 GiB |
|---------------------------------------------------------------------------|
| Active memory         |   3909 MiB |   6464 MiB | 174947 GiB | 174944 GiB |
|       from large pool |   3070 MiB |   5528 MiB | 167299 GiB | 167296 GiB |
|       from small pool |    838 MiB |   1032 MiB |   7648 GiB |   7647 GiB |
|---------------------------------------------------------------------------|
| Requested memory      |   3909 MiB |   6461 MiB | 174855 GiB | 174851 GiB |
|       from large pool |   3070 MiB |   5525 MiB | 167207 GiB | 167204 GiB |
|       from small pool |    838 MiB |   1032 MiB |   7648 GiB |   7647 GiB |
|---------------------------------------------------------------------------|
| GPU reserved memory   |   7640 MiB |   7640 MiB |   7640 MiB |      0 B   |
|       from large pool |   6600 MiB |   6600 MiB |   6600 MiB |      0 B   |
|       from small pool |   1040 MiB |   1040 MiB |   1040 MiB |      0 B   |
|---------------------------------------------------------------------------|
| Non-releasable memory |   1116 MiB |   1475 MiB | 176439 GiB | 176438 GiB |
|       from large pool |   1081 MiB |   1448 MiB | 168306 GiB | 168305 GiB |
|       from small pool |     35 MiB |     85 MiB |   8132 GiB |   8132 GiB |
|---------------------------------------------------------------------------|
| Allocations           |    4000    |    4935    |   25700 K  |   25696 K  |
|       from large pool |     203    |     291    |    8698 K  |    8698 K  |
|       from small pool |    3797    |    4682    |   17002 K  |   16998 K  |
|---------------------------------------------------------------------------|
| Active allocs         |    4000    |    4935    |   25700 K  |   25696 K  |
|       from large pool |     203    |     291    |    8698 K  |    8698 K  |
|       from small pool |    3797    |    4682    |   17002 K  |   16998 K  |
|---------------------------------------------------------------------------|
| GPU reserved segments |     591    |     591    |     591    |       0    |
|       from large pool |      71    |      71    |      71    |       0    |
|       from small pool |     520    |     520    |     520    |       0    |
|---------------------------------------------------------------------------|
| Non-releasable allocs |     109    |     295    |   15878 K  |   15878 K  |
|       from large pool |      21    |      43    |    4162 K  |    4162 K  |
|       from small pool |      88    |     263    |   11715 K  |   11715 K  |
|---------------------------------------------------------------------------|
| Oversize allocations  |       0    |       0    |       0    |       0    |
|---------------------------------------------------------------------------|
| Oversize GPU segments |       0    |       0    |       0    |       0    |
|===========================================================================|

2026-09-04 13:56:26,243 - 第2100次train 完成, 本轮100次训练耗时 177.0 秒, 累计训练耗时 61.9 分钟, 当前学习率 2.03e-04
2026-09-04 13:59:23,028 - 第2200次train 完成, 本轮100次训练耗时 176.8 秒, 累计训练耗时 64.9 分钟, 当前学习率 1.95e-04
2026-09-04 14:02:19,700 - 第2300次train 完成, 本轮100次训练耗时 176.7 秒, 累计训练耗时 67.8 分钟, 当前学习率 1.87e-04
2026-09-04 14:05:16,815 - 第2400次train 完成, 本轮100次训练耗时 177.1 秒, 累计训练耗时 70.8 分钟, 当前学习率 1.78e-04
2026-09-04 14:05:30,721 - 第2400次训练后loss评估: train loss 4.6628, val loss 4.6812, loss评估耗时 13.9 秒
2026-09-04 14:08:27,466 - 第2500次train 完成, 本轮100次训练耗时 176.7 秒, 累计训练耗时 73.7 分钟, 当前学习率 1.69e-04
2026-09-04 14:11:24,015 - 第2600次train 完成, 本轮100次训练耗时 176.5 秒, 累计训练耗时 76.7 分钟, 当前学习率 1.61e-04
2026-09-04 14:14:20,387 - 第2700次train 完成, 本轮100次训练耗时 176.4 秒, 累计训练耗时 79.6 分钟, 当前学习率 1.52e-04
2026-09-04 14:17:16,897 - 第2800次train 完成, 本轮100次训练耗时 176.5 秒, 累计训练耗时 82.6 分钟, 当前学习率 1.44e-04
2026-09-04 14:17:30,797 - 第2800次训练后loss评估: train loss 4.5408, val loss 4.5466, loss评估耗时 13.9 秒
2026-09-04 14:20:27,094 - 第2900次train 完成, 本轮100次训练耗时 176.3 秒, 累计训练耗时 85.5 分钟, 当前学习率 1.35e-04
2026-09-04 14:23:23,469 - 第3000次train 完成, 本轮100次训练耗时 176.4 秒, 累计训练耗时 88.4 分钟, 当前学习率 1.27e-04
2026-09-04 14:26:20,096 - 第3100次train 完成, 本轮100次训练耗时 176.6 秒, 累计训练耗时 91.4 分钟, 当前学习率 1.18e-04
2026-09-04 14:29:16,497 - 第3200次train 完成, 本轮100次训练耗时 176.4 秒, 累计训练耗时 94.3 分钟, 当前学习率 1.10e-04
2026-09-04 14:29:30,403 - 第3200次训练后loss评估: train loss 4.4212, val loss 4.4738, loss评估耗时 13.9 秒
2026-09-04 14:32:26,806 - 第3300次train 完成, 本轮100次训练耗时 176.4 秒, 累计训练耗时 97.3 分钟, 当前学习率 1.03e-04
2026-09-04 14:35:23,626 - 第3400次train 完成, 本轮100次训练耗时 176.8 秒, 累计训练耗时 100.2 分钟, 当前学习率 9.51e-05
2026-09-04 14:38:19,820 - 第3500次train 完成, 本轮100次训练耗时 176.2 秒, 累计训练耗时 103.1 分钟, 当前学习率 8.78e-05
2026-09-04 14:41:16,239 - 第3600次train 完成, 本轮100次训练耗时 176.4 秒, 累计训练耗时 106.1 分钟, 当前学习率 8.09e-05
2026-09-04 14:41:30,097 - 第3600次训练后loss评估: train loss 4.3455, val loss 4.3721, loss评估耗时 13.9 秒
2026-09-04 14:44:27,000 - 第3700次train 完成, 本轮100次训练耗时 176.9 秒, 累计训练耗时 109.0 分钟, 当前学习率 7.43e-05
2026-09-04 14:47:23,680 - 第3800次train 完成, 本轮100次训练耗时 176.7 秒, 累计训练耗时 112.0 分钟, 当前学习率 6.81e-05
2026-09-04 14:50:20,572 - 第3900次train 完成, 本轮100次训练耗时 176.9 秒, 累计训练耗时 114.9 分钟, 当前学习率 6.23e-05
2026-09-04 14:53:17,504 - 第4000次train 完成, 本轮100次训练耗时 176.9 秒, 累计训练耗时 117.9 分钟, 当前学习率 5.69e-05
2026-09-04 14:53:31,391 - 第4000次训练后loss评估: train loss 4.2822, val loss 4.3133, loss评估耗时 13.9 秒
2026-09-04 14:53:33,086 - |===========================================================================|
|                  PyTorch CUDA memory summary, device ID 0                 |
|---------------------------------------------------------------------------|
|            CUDA OOMs: 0            |        cudaMalloc retries: 0         |
|===========================================================================|
|        Metric         | Cur Usage  | Peak Usage | Tot Alloc  | Tot Freed  |
|---------------------------------------------------------------------------|
| Allocated memory      |   3909 MiB |   6464 MiB | 348991 GiB | 348987 GiB |
|       from large pool |   3070 MiB |   5528 MiB | 333742 GiB | 333739 GiB |
|       from small pool |    838 MiB |   1032 MiB |  15248 GiB |  15247 GiB |
|---------------------------------------------------------------------------|
| Active memory         |   3909 MiB |   6464 MiB | 348991 GiB | 348987 GiB |
|       from large pool |   3070 MiB |   5528 MiB | 333742 GiB | 333739 GiB |
|       from small pool |    838 MiB |   1032 MiB |  15248 GiB |  15247 GiB |
|---------------------------------------------------------------------------|
| Requested memory      |   3909 MiB |   6461 MiB | 348843 GiB | 348839 GiB |
|       from large pool |   3070 MiB |   5525 MiB | 333595 GiB | 333592 GiB |
|       from small pool |    838 MiB |   1032 MiB |  15248 GiB |  15247 GiB |
|---------------------------------------------------------------------------|
| GPU reserved memory   |   7640 MiB |   7640 MiB |   7640 MiB |      0 B   |
|       from large pool |   6600 MiB |   6600 MiB |   6600 MiB |      0 B   |
|       from small pool |   1040 MiB |   1040 MiB |   1040 MiB |      0 B   |
|---------------------------------------------------------------------------|
| Non-releasable memory |   1116 MiB |   1475 MiB | 352514 GiB | 352512 GiB |
|       from large pool |   1081 MiB |   1448 MiB | 336298 GiB | 336297 GiB |
|       from small pool |     35 MiB |     85 MiB |  16215 GiB |  16215 GiB |
|---------------------------------------------------------------------------|
| Allocations           |    4000    |    4935    |   51270 K  |   51266 K  |
|       from large pool |     203    |     291    |   17353 K  |   17353 K  |
|       from small pool |    3797    |    4682    |   33916 K  |   33913 K  |
|---------------------------------------------------------------------------|
| Active allocs         |    4000    |    4935    |   51270 K  |   51266 K  |
|       from large pool |     203    |     291    |   17353 K  |   17353 K  |
|       from small pool |    3797    |    4682    |   33916 K  |   33913 K  |
|---------------------------------------------------------------------------|
| GPU reserved segments |     591    |     591    |     591    |       0    |
|       from large pool |      71    |      71    |      71    |       0    |
|       from small pool |     520    |     520    |     520    |       0    |
|---------------------------------------------------------------------------|
| Non-releasable allocs |     110    |     295    |   31673 K  |   31673 K  |
|       from large pool |      21    |      43    |    8301 K  |    8300 K  |
|       from small pool |      89    |     263    |   23372 K  |   23372 K  |
|---------------------------------------------------------------------------|
| Oversize allocations  |       0    |       0    |       0    |       0    |
|---------------------------------------------------------------------------|
| Oversize GPU segments |       0    |       0    |       0    |       0    |
|===========================================================================|

2026-09-04 14:56:27,930 - 第4100次train 完成, 本轮100次训练耗时 176.5 秒, 累计训练耗时 120.8 分钟, 当前学习率 5.19e-05
2026-09-04 14:59:25,218 - 第4200次train 完成, 本轮100次训练耗时 177.3 秒, 累计训练耗时 123.8 分钟, 当前学习率 4.74e-05
2026-09-04 15:02:22,420 - 第4300次train 完成, 本轮100次训练耗时 177.2 秒, 累计训练耗时 126.7 分钟, 当前学习率 4.34e-05
2026-09-04 15:05:18,814 - 第4400次train 完成, 本轮100次训练耗时 176.4 秒, 累计训练耗时 129.7 分钟, 当前学习率 3.99e-05
2026-09-04 15:05:32,777 - 第4400次训练后loss评估: train loss 4.2707, val loss 4.2804, loss评估耗时 14.0 秒
2026-09-04 15:08:29,774 - 第4500次train 完成, 本轮100次训练耗时 177.0 秒, 累计训练耗时 132.6 分钟, 当前学习率 3.69e-05
2026-09-04 15:11:26,790 - 第4600次train 完成, 本轮100次训练耗时 177.0 秒, 累计训练耗时 135.6 分钟, 当前学习率 3.44e-05
2026-09-04 15:14:23,210 - 第4700次train 完成, 本轮100次训练耗时 176.4 秒, 累计训练耗时 138.5 分钟, 当前学习率 3.25e-05
2026-09-04 15:17:20,001 - 第4800次train 完成, 本轮100次训练耗时 176.8 秒, 累计训练耗时 141.4 分钟, 当前学习率 3.11e-05
2026-09-04 15:17:33,977 - 第4800次训练后loss评估: train loss 4.2235, val loss 4.2497, loss评估耗时 14.0 秒
2026-09-04 15:20:30,338 - 第4900次train 完成, 本轮100次训练耗时 176.4 秒, 累计训练耗时 144.4 分钟, 当前学习率 3.03e-05
2026-09-04 15:23:38,633 - 第4999次训练后loss评估: train loss 4.1825, val loss 4.2681, loss评估耗时 13.9 秒
2026-09-04 15:23:40,310 - 第5000次train 完成, 本轮100次训练耗时 190.0 秒, 累计训练耗时 147.6 分钟, 当前学习率 3.00e-05
2026-09-04 15:23:40,311 - 全部训练完成，总耗时 150.6 分钟，平均每步 1807 毫秒
