2026-09-07 16:51:59,381 - 总样本数据 222359308, 训练集 200123392 验证集 22235136 词元表大小:16000
2026-09-07 16:52:01,039 - 234538624 个参数
2026-09-07 16:52:16,272 - 第0次训练后loss评估: train loss 9.8604, val loss 9.8596, loss评估耗时 13.6 秒
2026-09-07 16:52:18,111 - |===========================================================================|
|                  PyTorch CUDA memory summary, device ID 0                 |
|---------------------------------------------------------------------------|
|            CUDA OOMs: 0            |        cudaMalloc retries: 0         |
|===========================================================================|
|        Metric         | Cur Usage  | Peak Usage | Tot Alloc  | Tot Freed  |
|---------------------------------------------------------------------------|
| Allocated memory      |   3909 MiB |   4804 MiB |    867 GiB |    863 GiB |
|       from large pool |   3070 MiB |   3771 MiB |    819 GiB |    816 GiB |
|       from small pool |    838 MiB |   1032 MiB |     48 GiB |     47 GiB |
|---------------------------------------------------------------------------|
| Active memory         |   3909 MiB |   4804 MiB |    867 GiB |    863 GiB |
|       from large pool |   3070 MiB |   3771 MiB |    819 GiB |    816 GiB |
|       from small pool |    838 MiB |   1032 MiB |     48 GiB |     47 GiB |
|---------------------------------------------------------------------------|
| Requested memory      |   3909 MiB |   4803 MiB |    867 GiB |    863 GiB |
|       from large pool |   3070 MiB |   3771 MiB |    819 GiB |    816 GiB |
|       from small pool |    838 MiB |   1032 MiB |     48 GiB |     47 GiB |
|---------------------------------------------------------------------------|
| GPU reserved memory   |   4870 MiB |   4870 MiB |   4870 MiB |      0 B   |
|       from large pool |   3832 MiB |   3832 MiB |   3832 MiB |      0 B   |
|       from small pool |   1038 MiB |   1038 MiB |   1038 MiB |      0 B   |
|---------------------------------------------------------------------------|
| Non-releasable memory | 275300 KiB |   1314 MiB | 668880 MiB | 668611 MiB |
|       from large pool | 268032 KiB |   1294 MiB | 617660 MiB | 617398 MiB |
|       from small pool |   7268 KiB |     82 MiB |  51220 MiB |  51212 MiB |
|---------------------------------------------------------------------------|
| Allocations           |    4000    |    4935    |  131437    |  127437    |
|       from large pool |     203    |     253    |   43741    |   43538    |
|       from small pool |    3797    |    4682    |   87696    |   83899    |
|---------------------------------------------------------------------------|
| Active allocs         |    4000    |    4935    |  131437    |  127437    |
|       from large pool |     203    |     253    |   43741    |   43538    |
|       from small pool |    3797    |    4682    |   87696    |   83899    |
|---------------------------------------------------------------------------|
| GPU reserved segments |     573    |     573    |     573    |       0    |
|       from large pool |      54    |      54    |      54    |       0    |
|       from small pool |     519    |     519    |     519    |       0    |
|---------------------------------------------------------------------------|
| Non-releasable allocs |      66    |     248    |   80934    |   80868    |
|       from large pool |      14    |      23    |   19770    |   19756    |
|       from small pool |      52    |     227    |   61164    |   61112    |
|---------------------------------------------------------------------------|
| Oversize allocations  |       0    |       0    |       0    |       0    |
|---------------------------------------------------------------------------|
| Oversize GPU segments |       0    |       0    |       0    |       0    |
|===========================================================================|

2026-09-07 16:55:03,500 - 第100次train 完成, 本轮100次训练耗时 167.2 秒, 累计训练耗时 2.8 分钟, 当前学习率 3.00e-04
2026-09-07 16:57:50,561 - 第200次train 完成, 本轮100次训练耗时 167.1 秒, 累计训练耗时 5.6 分钟, 当前学习率 3.00e-04
2026-09-07 17:00:39,168 - 第300次train 完成, 本轮100次训练耗时 168.6 秒, 累计训练耗时 8.4 分钟, 当前学习率 3.00e-04
2026-09-07 17:03:26,794 - 第400次train 完成, 本轮100次训练耗时 167.6 秒, 累计训练耗时 11.2 分钟, 当前学习率 3.00e-04
2026-09-07 17:03:40,227 - 第400次训练后loss评估: train loss 6.1799, val loss 6.2413, loss评估耗时 13.4 秒
2026-09-07 17:06:27,660 - 第500次train 完成, 本轮100次训练耗时 167.4 秒, 累计训练耗时 14.0 分钟, 当前学习率 3.00e-04
2026-09-07 17:09:15,056 - 第600次train 完成, 本轮100次训练耗时 167.4 秒, 累计训练耗时 16.8 分钟, 当前学习率 3.00e-04
2026-09-07 17:12:02,590 - 第700次train 完成, 本轮100次训练耗时 167.5 秒, 累计训练耗时 19.5 分钟, 当前学习率 3.00e-04
2026-09-07 17:14:50,131 - 第800次train 完成, 本轮100次训练耗时 167.5 秒, 累计训练耗时 22.3 分钟, 当前学习率 3.00e-04
2026-09-07 17:15:03,645 - 第800次训练后loss评估: train loss 5.4990, val loss 5.5966, loss评估耗时 13.5 秒
2026-09-07 17:17:50,760 - 第900次train 完成, 本轮100次训练耗时 167.1 秒, 累计训练耗时 25.1 分钟, 当前学习率 3.00e-04
2026-09-07 17:20:38,084 - 第1000次train 完成, 本轮100次训练耗时 167.3 秒, 累计训练耗时 27.9 分钟, 当前学习率 2.99e-04
2026-09-07 17:23:25,747 - 第1100次train 完成, 本轮100次训练耗时 167.7 秒, 累计训练耗时 30.7 分钟, 当前学习率 2.99e-04
2026-09-07 17:26:13,046 - 第1200次train 完成, 本轮100次训练耗时 167.3 秒, 累计训练耗时 33.5 分钟, 当前学习率 2.99e-04
2026-09-07 17:26:26,546 - 第1200次训练后loss评估: train loss 5.0674, val loss 5.0824, loss评估耗时 13.5 秒
2026-09-07 17:29:13,883 - 第1300次train 完成, 本轮100次训练耗时 167.3 秒, 累计训练耗时 36.3 分钟, 当前学习率 2.99e-04
2026-09-07 17:32:01,255 - 第1400次train 完成, 本轮100次训练耗时 167.4 秒, 累计训练耗时 39.1 分钟, 当前学习率 2.99e-04
2026-09-07 17:34:48,660 - 第1500次train 完成, 本轮100次训练耗时 167.4 秒, 累计训练耗时 41.9 分钟, 当前学习率 2.99e-04
2026-09-07 17:37:36,030 - 第1600次train 完成, 本轮100次训练耗时 167.4 秒, 累计训练耗时 44.7 分钟, 当前学习率 2.99e-04
2026-09-07 17:37:49,405 - 第1600次训练后loss评估: train loss 4.8610, val loss 4.8915, loss评估耗时 13.4 秒
2026-09-07 17:40:36,755 - 第1700次train 完成, 本轮100次训练耗时 167.3 秒, 累计训练耗时 47.4 分钟, 当前学习率 2.98e-04
2026-09-07 17:43:24,273 - 第1800次train 完成, 本轮100次训练耗时 167.5 秒, 累计训练耗时 50.2 分钟, 当前学习率 2.98e-04
2026-09-07 17:46:11,674 - 第1900次train 完成, 本轮100次训练耗时 167.4 秒, 累计训练耗时 53.0 分钟, 当前学习率 2.98e-04
2026-09-07 17:48:59,267 - 第2000次train 完成, 本轮100次训练耗时 167.6 秒, 累计训练耗时 55.8 分钟, 当前学习率 2.98e-04
2026-09-07 17:49:12,777 - 第2000次训练后loss评估: train loss 4.5958, val loss 4.5888, loss评估耗时 13.5 秒
2026-09-07 17:52:00,082 - 第2100次train 完成, 本轮100次训练耗时 167.3 秒, 累计训练耗时 58.6 分钟, 当前学习率 2.97e-04
2026-09-07 17:54:47,706 - 第2200次train 完成, 本轮100次训练耗时 167.6 秒, 累计训练耗时 61.4 分钟, 当前学习率 2.97e-04
2026-09-07 17:57:35,118 - 第2300次train 完成, 本轮100次训练耗时 167.4 秒, 累计训练耗时 64.2 分钟, 当前学习率 2.97e-04
2026-09-07 18:00:22,478 - 第2400次train 完成, 本轮100次训练耗时 167.4 秒, 累计训练耗时 67.0 分钟, 当前学习率 2.97e-04
2026-09-07 18:00:35,940 - 第2400次训练后loss评估: train loss 4.4322, val loss 4.4408, loss评估耗时 13.5 秒
2026-09-07 18:03:23,253 - 第2500次train 完成, 本轮100次训练耗时 167.3 秒, 累计训练耗时 69.8 分钟, 当前学习率 2.96e-04
2026-09-07 18:06:10,567 - 第2600次train 完成, 本轮100次训练耗时 167.3 秒, 累计训练耗时 72.6 分钟, 当前学习率 2.96e-04
2026-09-07 18:08:57,997 - 第2700次train 完成, 本轮100次训练耗时 167.4 秒, 累计训练耗时 75.3 分钟, 当前学习率 2.96e-04
2026-09-07 18:11:45,199 - 第2800次train 完成, 本轮100次训练耗时 167.2 秒, 累计训练耗时 78.1 分钟, 当前学习率 2.95e-04
2026-09-07 18:11:58,644 - 第2800次训练后loss评估: train loss 4.3330, val loss 4.3521, loss评估耗时 13.4 秒
2026-09-07 18:14:45,848 - 第2900次train 完成, 本轮100次训练耗时 167.2 秒, 累计训练耗时 80.9 分钟, 当前学习率 2.95e-04
2026-09-07 18:17:33,000 - 第3000次train 完成, 本轮100次训练耗时 167.2 秒, 累计训练耗时 83.7 分钟, 当前学习率 2.95e-04
2026-09-07 18:17:34,691 - |===========================================================================|
|                  PyTorch CUDA memory summary, device ID 0                 |
|---------------------------------------------------------------------------|
|            CUDA OOMs: 0            |        cudaMalloc retries: 0         |
|===========================================================================|
|        Metric         | Cur Usage  | Peak Usage | Tot Alloc  | Tot Freed  |
|---------------------------------------------------------------------------|
| Allocated memory      |   3909 MiB |   6464 MiB | 261579 GiB | 261575 GiB |
|       from large pool |   3070 MiB |   5528 MiB | 250153 GiB | 250150 GiB |
|       from small pool |    838 MiB |   1032 MiB |  11426 GiB |  11425 GiB |
|---------------------------------------------------------------------------|
| Active memory         |   3909 MiB |   6464 MiB | 261579 GiB | 261575 GiB |
|       from large pool |   3070 MiB |   5528 MiB | 250153 GiB | 250150 GiB |
|       from small pool |    838 MiB |   1032 MiB |  11426 GiB |  11425 GiB |
|---------------------------------------------------------------------------|
| Requested memory      |   3909 MiB |   6461 MiB | 261459 GiB | 261455 GiB |
|       from large pool |   3070 MiB |   5525 MiB | 250033 GiB | 250030 GiB |
|       from small pool |    838 MiB |   1032 MiB |  11426 GiB |  11425 GiB |
|---------------------------------------------------------------------------|
| GPU reserved memory   |   7640 MiB |   7640 MiB |   7640 MiB |      0 B   |
|       from large pool |   6600 MiB |   6600 MiB |   6600 MiB |      0 B   |
|       from small pool |   1040 MiB |   1040 MiB |   1040 MiB |      0 B   |
|---------------------------------------------------------------------------|
| Non-releasable memory |   1112 MiB |   1475 MiB | 264122 GiB | 264121 GiB |
|       from large pool |   1081 MiB |   1448 MiB | 251971 GiB | 251970 GiB |
|       from small pool |     31 MiB |     88 MiB |  12151 GiB |  12151 GiB |
|---------------------------------------------------------------------------|
| Allocations           |    4000    |    4935    |   38427 K  |   38423 K  |
|       from large pool |     203    |     291    |   13006 K  |   13006 K  |
|       from small pool |    3797    |    4682    |   25421 K  |   25417 K  |
|---------------------------------------------------------------------------|
| Active allocs         |    4000    |    4935    |   38427 K  |   38423 K  |
|       from large pool |     203    |     291    |   13006 K  |   13006 K  |
|       from small pool |    3797    |    4682    |   25421 K  |   25417 K  |
|---------------------------------------------------------------------------|
| GPU reserved segments |     591    |     591    |     591    |       0    |
|       from large pool |      71    |      71    |      71    |       0    |
|       from small pool |     520    |     520    |     520    |       0    |
|---------------------------------------------------------------------------|
| Non-releasable allocs |      97    |     289    |   23722 K  |   23722 K  |
|       from large pool |      21    |      43    |    6223 K  |    6223 K  |
|       from small pool |      76    |     259    |   17499 K  |   17499 K  |
|---------------------------------------------------------------------------|
| Oversize allocations  |       0    |       0    |       0    |       0    |
|---------------------------------------------------------------------------|
| Oversize GPU segments |       0    |       0    |       0    |       0    |
|===========================================================================|

2026-09-07 18:20:20,172 - 第3100次train 完成, 本轮100次训练耗时 167.2 秒, 累计训练耗时 86.5 分钟, 当前学习率 2.94e-04
2026-09-07 18:23:07,218 - 第3200次train 完成, 本轮100次训练耗时 167.0 秒, 累计训练耗时 89.3 分钟, 当前学习率 2.94e-04
2026-09-07 18:23:20,620 - 第3200次训练后loss评估: train loss 4.2325, val loss 4.2170, loss评估耗时 13.4 秒
2026-09-07 18:26:07,510 - 第3300次train 完成, 本轮100次训练耗时 166.9 秒, 累计训练耗时 92.1 分钟, 当前学习率 2.93e-04
2026-09-07 18:28:54,583 - 第3400次train 完成, 本轮100次训练耗时 167.1 秒, 累计训练耗时 94.8 分钟, 当前学习率 2.93e-04
2026-09-07 18:31:41,673 - 第3500次train 完成, 本轮100次训练耗时 167.1 秒, 累计训练耗时 97.6 分钟, 当前学习率 2.93e-04
2026-09-07 18:34:28,591 - 第3600次train 完成, 本轮100次训练耗时 166.9 秒, 累计训练耗时 100.4 分钟, 当前学习率 2.92e-04
2026-09-07 18:34:42,049 - 第3600次训练后loss评估: train loss 4.1189, val loss 4.1329, loss评估耗时 13.5 秒
2026-09-07 18:37:28,943 - 第3700次train 完成, 本轮100次训练耗时 166.9 秒, 累计训练耗时 103.2 分钟, 当前学习率 2.92e-04
2026-09-07 18:40:15,912 - 第3800次train 完成, 本轮100次训练耗时 167.0 秒, 累计训练耗时 106.0 分钟, 当前学习率 2.91e-04
2026-09-07 18:43:03,339 - 第3900次train 完成, 本轮100次训练耗时 167.4 秒, 累计训练耗时 108.8 分钟, 当前学习率 2.91e-04
2026-09-07 18:45:50,302 - 第4000次train 完成, 本轮100次训练耗时 167.0 秒, 累计训练耗时 111.5 分钟, 当前学习率 2.90e-04
2026-09-07 18:46:03,702 - 第4000次训练后loss评估: train loss 4.0082, val loss 4.0751, loss评估耗时 13.4 秒
2026-09-07 18:48:50,742 - 第4100次train 完成, 本轮100次训练耗时 167.0 秒, 累计训练耗时 114.3 分钟, 当前学习率 2.90e-04
2026-09-07 18:51:37,725 - 第4200次train 完成, 本轮100次训练耗时 167.0 秒, 累计训练耗时 117.1 分钟, 当前学习率 2.89e-04
2026-09-07 18:54:25,081 - 第4300次train 完成, 本轮100次训练耗时 167.4 秒, 累计训练耗时 119.9 分钟, 当前学习率 2.89e-04
2026-09-07 18:57:12,327 - 第4400次train 完成, 本轮100次训练耗时 167.2 秒, 累计训练耗时 122.7 分钟, 当前学习率 2.88e-04
2026-09-07 18:57:25,768 - 第4400次训练后loss评估: train loss 4.0069, val loss 4.0729, loss评估耗时 13.4 秒
2026-09-07 19:00:13,058 - 第4500次train 完成, 本轮100次训练耗时 167.3 秒, 累计训练耗时 125.5 分钟, 当前学习率 2.88e-04
2026-09-07 19:03:00,359 - 第4600次train 完成, 本轮100次训练耗时 167.3 秒, 累计训练耗时 128.3 分钟, 当前学习率 2.87e-04
2026-09-07 19:05:47,651 - 第4700次train 完成, 本轮100次训练耗时 167.3 秒, 累计训练耗时 131.1 分钟, 当前学习率 2.86e-04
2026-09-07 19:08:35,010 - 第4800次train 完成, 本轮100次训练耗时 167.4 秒, 累计训练耗时 133.8 分钟, 当前学习率 2.86e-04
2026-09-07 19:08:48,445 - 第4800次训练后loss评估: train loss 3.9981, val loss 3.9252, loss评估耗时 13.4 秒
2026-09-07 19:11:35,884 - 第4900次train 完成, 本轮100次训练耗时 167.4 秒, 累计训练耗时 136.6 分钟, 当前学习率 2.85e-04
2026-09-07 19:14:23,466 - 第5000次train 完成, 本轮100次训练耗时 167.6 秒, 累计训练耗时 139.4 分钟, 当前学习率 2.85e-04
2026-09-07 19:17:11,132 - 第5100次train 完成, 本轮100次训练耗时 167.7 秒, 累计训练耗时 142.2 分钟, 当前学习率 2.84e-04
2026-09-07 19:19:58,848 - 第5200次train 完成, 本轮100次训练耗时 167.7 秒, 累计训练耗时 145.0 分钟, 当前学习率 2.83e-04
2026-09-07 19:20:12,359 - 第5200次训练后loss评估: train loss 3.8894, val loss 3.9048, loss评估耗时 13.5 秒
2026-09-07 19:22:59,986 - 第5300次train 完成, 本轮100次训练耗时 167.6 秒, 累计训练耗时 147.8 分钟, 当前学习率 2.83e-04
2026-09-07 19:25:47,653 - 第5400次train 完成, 本轮100次训练耗时 167.7 秒, 累计训练耗时 150.6 分钟, 当前学习率 2.82e-04
2026-09-07 19:28:35,341 - 第5500次train 完成, 本轮100次训练耗时 167.7 秒, 累计训练耗时 153.4 分钟, 当前学习率 2.81e-04
2026-09-07 19:31:23,329 - 第5600次train 完成, 本轮100次训练耗时 168.0 秒, 累计训练耗时 156.2 分钟, 当前学习率 2.81e-04
2026-09-07 19:31:36,858 - 第5600次训练后loss评估: train loss 3.8199, val loss 3.9349, loss评估耗时 13.5 秒
2026-09-07 19:34:24,773 - 第5700次train 完成, 本轮100次训练耗时 167.9 秒, 累计训练耗时 159.0 分钟, 当前学习率 2.80e-04
2026-09-07 19:37:12,446 - 第5800次train 完成, 本轮100次训练耗时 167.7 秒, 累计训练耗时 161.8 分钟, 当前学习率 2.79e-04
2026-09-07 19:40:00,047 - 第5900次train 完成, 本轮100次训练耗时 167.6 秒, 累计训练耗时 164.6 分钟, 当前学习率 2.79e-04
2026-09-07 19:42:47,659 - 第6000次train 完成, 本轮100次训练耗时 167.6 秒, 累计训练耗时 167.4 分钟, 当前学习率 2.78e-04
2026-09-07 19:43:01,182 - 第6000次训练后loss评估: train loss 3.8749, val loss 3.8741, loss评估耗时 13.5 秒
2026-09-07 19:43:02,830 - |===========================================================================|
|                  PyTorch CUDA memory summary, device ID 0                 |
|---------------------------------------------------------------------------|
|            CUDA OOMs: 0            |        cudaMalloc retries: 0         |
|===========================================================================|
|        Metric         | Cur Usage  | Peak Usage | Tot Alloc  | Tot Freed  |
|---------------------------------------------------------------------------|
| Allocated memory      |   3909 MiB |   6464 MiB | 523034 GiB | 523030 GiB |
|       from large pool |   3070 MiB |   5528 MiB | 500186 GiB | 500183 GiB |
|       from small pool |    838 MiB |   1032 MiB |  22848 GiB |  22847 GiB |
|---------------------------------------------------------------------------|
| Active memory         |   3909 MiB |   6464 MiB | 523034 GiB | 523030 GiB |
|       from large pool |   3070 MiB |   5528 MiB | 500186 GiB | 500183 GiB |
|       from small pool |    838 MiB |   1032 MiB |  22848 GiB |  22847 GiB |
|---------------------------------------------------------------------------|
| Requested memory      |   3909 MiB |   6461 MiB | 522831 GiB | 522827 GiB |
|       from large pool |   3070 MiB |   5525 MiB | 499983 GiB | 499980 GiB |
|       from small pool |    838 MiB |   1032 MiB |  22848 GiB |  22847 GiB |
|---------------------------------------------------------------------------|
| GPU reserved memory   |   7640 MiB |   7640 MiB |   7640 MiB |      0 B   |
|       from large pool |   6600 MiB |   6600 MiB |   6600 MiB |      0 B   |
|       from small pool |   1040 MiB |   1040 MiB |   1040 MiB |      0 B   |
|---------------------------------------------------------------------------|
| Non-releasable memory |   1116 MiB |   1475 MiB | 528588 GiB | 528587 GiB |
|       from large pool |   1081 MiB |   1448 MiB | 504290 GiB | 504289 GiB |
|       from small pool |     35 MiB |     88 MiB |  24298 GiB |  24298 GiB |
|---------------------------------------------------------------------------|
| Allocations           |    4000    |    4935    |   76839 K  |   76835 K  |
|       from large pool |     203    |     291    |   26008 K  |   26007 K  |
|       from small pool |    3797    |    4682    |   50831 K  |   50827 K  |
|---------------------------------------------------------------------------|
| Active allocs         |    4000    |    4935    |   76839 K  |   76835 K  |
|       from large pool |     203    |     291    |   26008 K  |   26007 K  |
|       from small pool |    3797    |    4682    |   50831 K  |   50827 K  |
|---------------------------------------------------------------------------|
| GPU reserved segments |     591    |     591    |     591    |       0    |
|       from large pool |      71    |      71    |      71    |       0    |
|       from small pool |     520    |     520    |     520    |       0    |
|---------------------------------------------------------------------------|
| Non-releasable allocs |     110    |     289    |   47432 K  |   47432 K  |
|       from large pool |      21    |      43    |   12432 K  |   12432 K  |
|       from small pool |      89    |     259    |   34999 K  |   34999 K  |
|---------------------------------------------------------------------------|
| Oversize allocations  |       0    |       0    |       0    |       0    |
|---------------------------------------------------------------------------|
| Oversize GPU segments |       0    |       0    |       0    |       0    |
|===========================================================================|

2026-09-07 19:45:48,888 - 第6100次train 完成, 本轮100次训练耗时 167.7 秒, 累计训练耗时 170.2 分钟, 当前学习率 2.77e-04
2026-09-07 19:48:36,513 - 第6200次train 完成, 本轮100次训练耗时 167.6 秒, 累计训练耗时 173.0 分钟, 当前学习率 2.76e-04
2026-09-07 19:51:24,231 - 第6300次train 完成, 本轮100次训练耗时 167.7 秒, 累计训练耗时 175.8 分钟, 当前学习率 2.76e-04
2026-09-07 19:54:11,853 - 第6400次train 完成, 本轮100次训练耗时 167.6 秒, 累计训练耗时 178.6 分钟, 当前学习率 2.75e-04
2026-09-07 19:54:25,331 - 第6400次训练后loss评估: train loss 3.7612, val loss 3.8867, loss评估耗时 13.5 秒
2026-09-07 19:57:12,863 - 第6500次train 完成, 本轮100次训练耗时 167.5 秒, 累计训练耗时 181.4 分钟, 当前学习率 2.74e-04
2026-09-07 20:00:00,414 - 第6600次train 完成, 本轮100次训练耗时 167.6 秒, 累计训练耗时 184.1 分钟, 当前学习率 2.73e-04
2026-09-07 20:02:48,049 - 第6700次train 完成, 本轮100次训练耗时 167.6 秒, 累计训练耗时 186.9 分钟, 当前学习率 2.72e-04
2026-09-07 20:05:35,593 - 第6800次train 完成, 本轮100次训练耗时 167.5 秒, 累计训练耗时 189.7 分钟, 当前学习率 2.72e-04
2026-09-07 20:05:49,067 - 第6800次训练后loss评估: train loss 3.8311, val loss 3.8347, loss评估耗时 13.5 秒
2026-09-07 20:08:36,605 - 第6900次train 完成, 本轮100次训练耗时 167.5 秒, 累计训练耗时 192.5 分钟, 当前学习率 2.71e-04
2026-09-07 20:11:24,335 - 第7000次train 完成, 本轮100次训练耗时 167.7 秒, 累计训练耗时 195.3 分钟, 当前学习率 2.70e-04
2026-09-07 20:14:12,086 - 第7100次train 完成, 本轮100次训练耗时 167.8 秒, 累计训练耗时 198.1 分钟, 当前学习率 2.69e-04
2026-09-07 20:16:59,726 - 第7200次train 完成, 本轮100次训练耗时 167.6 秒, 累计训练耗时 200.9 分钟, 当前学习率 2.68e-04
2026-09-07 20:17:13,182 - 第7200次训练后loss评估: train loss 3.7299, val loss 3.8072, loss评估耗时 13.5 秒
2026-09-07 20:20:00,896 - 第7300次train 完成, 本轮100次训练耗时 167.7 秒, 累计训练耗时 203.7 分钟, 当前学习率 2.67e-04
2026-09-07 20:22:48,631 - 第7400次train 完成, 本轮100次训练耗时 167.7 秒, 累计训练耗时 206.5 分钟, 当前学习率 2.67e-04
2026-09-07 20:25:36,508 - 第7500次train 完成, 本轮100次训练耗时 167.9 秒, 累计训练耗时 209.3 分钟, 当前学习率 2.66e-04
2026-09-07 20:28:24,684 - 第7600次train 完成, 本轮100次训练耗时 168.2 秒, 累计训练耗时 212.1 分钟, 当前学习率 2.65e-04
2026-09-07 20:28:38,217 - 第7600次训练后loss评估: train loss 3.7444, val loss 3.8163, loss评估耗时 13.5 秒
2026-09-07 20:31:26,164 - 第7700次train 完成, 本轮100次训练耗时 167.9 秒, 累计训练耗时 214.9 分钟, 当前学习率 2.64e-04
2026-09-07 20:34:14,001 - 第7800次train 完成, 本轮100次训练耗时 167.8 秒, 累计训练耗时 217.7 分钟, 当前学习率 2.63e-04
2026-09-07 20:37:01,799 - 第7900次train 完成, 本轮100次训练耗时 167.8 秒, 累计训练耗时 220.5 分钟, 当前学习率 2.62e-04
2026-09-07 20:39:49,475 - 第8000次train 完成, 本轮100次训练耗时 167.7 秒, 累计训练耗时 223.3 分钟, 当前学习率 2.61e-04
2026-09-07 20:40:02,941 - 第8000次训练后loss评估: train loss 3.7356, val loss 3.7220, loss评估耗时 13.5 秒
2026-09-07 20:42:50,634 - 第8100次train 完成, 本轮100次训练耗时 167.7 秒, 累计训练耗时 226.1 分钟, 当前学习率 2.60e-04
2026-09-07 20:45:38,445 - 第8200次train 完成, 本轮100次训练耗时 167.8 秒, 累计训练耗时 228.9 分钟, 当前学习率 2.59e-04
2026-09-07 20:48:26,017 - 第8300次train 完成, 本轮100次训练耗时 167.6 秒, 累计训练耗时 231.7 分钟, 当前学习率 2.58e-04
2026-09-07 20:51:13,546 - 第8400次train 完成, 本轮100次训练耗时 167.5 秒, 累计训练耗时 234.5 分钟, 当前学习率 2.57e-04
2026-09-07 20:51:27,005 - 第8400次训练后loss评估: train loss 3.7174, val loss 3.7209, loss评估耗时 13.5 秒
2026-09-07 20:54:14,446 - 第8500次train 完成, 本轮100次训练耗时 167.4 秒, 累计训练耗时 237.3 分钟, 当前学习率 2.56e-04
2026-09-07 20:57:01,899 - 第8600次train 完成, 本轮100次训练耗时 167.5 秒, 累计训练耗时 240.0 分钟, 当前学习率 2.55e-04
2026-09-07 20:59:49,380 - 第8700次train 完成, 本轮100次训练耗时 167.5 秒, 累计训练耗时 242.8 分钟, 当前学习率 2.54e-04
2026-09-07 21:02:37,005 - 第8800次train 完成, 本轮100次训练耗时 167.6 秒, 累计训练耗时 245.6 分钟, 当前学习率 2.53e-04
2026-09-07 21:02:50,475 - 第8800次训练后loss评估: train loss 3.6482, val loss 3.7414, loss评估耗时 13.5 秒
2026-09-07 21:05:38,212 - 第8900次train 完成, 本轮100次训练耗时 167.7 秒, 累计训练耗时 248.4 分钟, 当前学习率 2.52e-04
2026-09-07 21:08:25,896 - 第9000次train 完成, 本轮100次训练耗时 167.7 秒, 累计训练耗时 251.2 分钟, 当前学习率 2.51e-04
2026-09-07 21:08:27,606 - |===========================================================================|
|                  PyTorch CUDA memory summary, device ID 0                 |
|---------------------------------------------------------------------------|
|            CUDA OOMs: 0            |        cudaMalloc retries: 0         |
|===========================================================================|
|        Metric         | Cur Usage  | Peak Usage | Tot Alloc  | Tot Freed  |
|---------------------------------------------------------------------------|
| Allocated memory      |   3909 MiB |   6464 MiB | 783709 GiB | 783705 GiB |
|       from large pool |   3070 MiB |   5528 MiB | 749483 GiB | 749480 GiB |
|       from small pool |    838 MiB |   1032 MiB |  34226 GiB |  34225 GiB |
|---------------------------------------------------------------------------|
| Active memory         |   3909 MiB |   6464 MiB | 783709 GiB | 783705 GiB |
|       from large pool |   3070 MiB |   5528 MiB | 749483 GiB | 749480 GiB |
|       from small pool |    838 MiB |   1032 MiB |  34226 GiB |  34225 GiB |
|---------------------------------------------------------------------------|
| Requested memory      |   3909 MiB |   6461 MiB | 783423 GiB | 783419 GiB |
|       from large pool |   3070 MiB |   5525 MiB | 749197 GiB | 749194 GiB |
|       from small pool |    838 MiB |   1032 MiB |  34226 GiB |  34225 GiB |
|---------------------------------------------------------------------------|
| GPU reserved memory   |   7640 MiB |   7640 MiB |   7640 MiB |      0 B   |
|       from large pool |   6600 MiB |   6600 MiB |   6600 MiB |      0 B   |
|       from small pool |   1040 MiB |   1040 MiB |   1040 MiB |      0 B   |
|---------------------------------------------------------------------------|
| Non-releasable memory |   1116 MiB |   1475 MiB |    773 TiB |    773 TiB |
|       from large pool |   1081 MiB |   1448 MiB |    738 TiB |    738 TiB |
|       from small pool |     35 MiB |     88 MiB |     35 TiB |     35 TiB |
|---------------------------------------------------------------------------|
| Allocations           |    4000    |    4935    |  115135 K  |  115131 K  |
|       from large pool |     203    |     291    |   38970 K  |   38970 K  |
|       from small pool |    3797    |    4682    |   76165 K  |   76161 K  |
|---------------------------------------------------------------------------|
| Active allocs         |    4000    |    4935    |  115135 K  |  115131 K  |
|       from large pool |     203    |     291    |   38970 K  |   38970 K  |
|       from small pool |    3797    |    4682    |   76165 K  |   76161 K  |
|---------------------------------------------------------------------------|
| GPU reserved segments |     591    |     591    |     591    |       0    |
|       from large pool |      71    |      71    |      71    |       0    |
|       from small pool |     520    |     520    |     520    |       0    |
|---------------------------------------------------------------------------|
| Non-releasable allocs |     111    |     289    |   71070 K  |   71070 K  |
|       from large pool |      21    |      43    |   18631 K  |   18631 K  |
|       from small pool |      90    |     259    |   52438 K  |   52438 K  |
|---------------------------------------------------------------------------|
| Oversize allocations  |       0    |       0    |       0    |       0    |
|---------------------------------------------------------------------------|
| Oversize GPU segments |       0    |       0    |       0    |       0    |
|===========================================================================|

2026-09-07 21:11:13,631 - 第9100次train 完成, 本轮100次训练耗时 167.7 秒, 累计训练耗时 254.0 分钟, 当前学习率 2.50e-04
2026-09-07 21:14:01,401 - 第9200次train 完成, 本轮100次训练耗时 167.8 秒, 累计训练耗时 256.8 分钟, 当前学习率 2.49e-04
2026-09-07 21:14:14,891 - 第9200次训练后loss评估: train loss 3.6150, val loss 3.6451, loss评估耗时 13.5 秒
2026-09-07 21:17:02,672 - 第9300次train 完成, 本轮100次训练耗时 167.8 秒, 累计训练耗时 259.6 分钟, 当前学习率 2.48e-04
2026-09-07 21:19:50,360 - 第9400次train 完成, 本轮100次训练耗时 167.7 秒, 累计训练耗时 262.4 分钟, 当前学习率 2.47e-04
2026-09-07 21:22:37,996 - 第9500次train 完成, 本轮100次训练耗时 167.6 秒, 累计训练耗时 265.2 分钟, 当前学习率 2.46e-04
2026-09-07 21:25:25,617 - 第9600次train 完成, 本轮100次训练耗时 167.6 秒, 累计训练耗时 268.0 分钟, 当前学习率 2.45e-04
2026-09-07 21:25:39,081 - 第9600次训练后loss评估: train loss 3.6599, val loss 3.6362, loss评估耗时 13.5 秒
2026-09-07 21:28:26,886 - 第9700次train 完成, 本轮100次训练耗时 167.8 秒, 累计训练耗时 270.8 分钟, 当前学习率 2.44e-04
2026-09-07 21:31:14,759 - 第9800次train 完成, 本轮100次训练耗时 167.9 秒, 累计训练耗时 273.6 分钟, 当前学习率 2.43e-04
2026-09-07 21:34:02,555 - 第9900次train 完成, 本轮100次训练耗时 167.8 秒, 累计训练耗时 276.4 分钟, 当前学习率 2.42e-04
2026-09-07 21:36:50,086 - 第10000次train 完成, 本轮100次训练耗时 167.5 秒, 累计训练耗时 279.2 分钟, 当前学习率 2.41e-04
2026-09-07 21:37:04,622 - 第10000次训练后loss评估: train loss 3.6244, val loss 3.6121, loss评估耗时 13.4 秒
2026-09-07 21:39:52,157 - 第10100次train 完成, 本轮100次训练耗时 167.5 秒, 累计训练耗时 282.0 分钟, 当前学习率 2.40e-04
2026-09-07 21:42:39,692 - 第10200次train 完成, 本轮100次训练耗时 167.5 秒, 累计训练耗时 284.8 分钟, 当前学习率 2.39e-04
2026-09-07 21:45:27,162 - 第10300次train 完成, 本轮100次训练耗时 167.5 秒, 累计训练耗时 287.6 分钟, 当前学习率 2.37e-04
2026-09-07 21:48:14,528 - 第10400次train 完成, 本轮100次训练耗时 167.4 秒, 累计训练耗时 290.3 分钟, 当前学习率 2.36e-04
2026-09-07 21:48:27,960 - 第10400次训练后loss评估: train loss 3.5975, val loss 3.6476, loss评估耗时 13.4 秒
2026-09-07 21:51:15,249 - 第10500次train 完成, 本轮100次训练耗时 167.3 秒, 累计训练耗时 293.1 分钟, 当前学习率 2.35e-04
2026-09-07 21:54:02,785 - 第10600次train 完成, 本轮100次训练耗时 167.5 秒, 累计训练耗时 295.9 分钟, 当前学习率 2.34e-04
2026-09-07 21:56:50,425 - 第10700次train 完成, 本轮100次训练耗时 167.6 秒, 累计训练耗时 298.7 分钟, 当前学习率 2.33e-04
2026-09-07 21:59:38,032 - 第10800次train 完成, 本轮100次训练耗时 167.6 秒, 累计训练耗时 301.5 分钟, 当前学习率 2.32e-04
2026-09-07 21:59:51,516 - 第10800次训练后loss评估: train loss 3.5377, val loss 3.6443, loss评估耗时 13.5 秒
2026-09-07 22:02:39,193 - 第10900次train 完成, 本轮100次训练耗时 167.7 秒, 累计训练耗时 304.3 分钟, 当前学习率 2.31e-04
2026-09-07 22:05:26,821 - 第11000次train 完成, 本轮100次训练耗时 167.6 秒, 累计训练耗时 307.1 分钟, 当前学习率 2.29e-04
2026-09-07 22:08:14,211 - 第11100次train 完成, 本轮100次训练耗时 167.4 秒, 累计训练耗时 309.9 分钟, 当前学习率 2.28e-04
2026-09-07 22:11:01,736 - 第11200次train 完成, 本轮100次训练耗时 167.5 秒, 累计训练耗时 312.7 分钟, 当前学习率 2.27e-04
2026-09-07 22:11:15,202 - 第11200次训练后loss评估: train loss 3.5771, val loss 3.6664, loss评估耗时 13.5 秒
2026-09-07 22:14:02,702 - 第11300次train 完成, 本轮100次训练耗时 167.5 秒, 累计训练耗时 315.5 分钟, 当前学习率 2.26e-04
2026-09-07 22:16:50,266 - 第11400次train 完成, 本轮100次训练耗时 167.6 秒, 累计训练耗时 318.3 分钟, 当前学习率 2.25e-04
2026-09-07 22:19:37,917 - 第11500次train 完成, 本轮100次训练耗时 167.7 秒, 累计训练耗时 321.1 分钟, 当前学习率 2.24e-04
2026-09-07 22:22:25,357 - 第11600次train 完成, 本轮100次训练耗时 167.4 秒, 累计训练耗时 323.8 分钟, 当前学习率 2.22e-04
2026-09-07 22:22:38,819 - 第11600次训练后loss评估: train loss 3.5344, val loss 3.6085, loss评估耗时 13.5 秒
2026-09-07 22:25:26,541 - 第11700次train 完成, 本轮100次训练耗时 167.7 秒, 累计训练耗时 326.6 分钟, 当前学习率 2.21e-04
2026-09-07 22:28:14,318 - 第11800次train 完成, 本轮100次训练耗时 167.8 秒, 累计训练耗时 329.4 分钟, 当前学习率 2.20e-04
2026-09-07 22:31:02,110 - 第11900次train 完成, 本轮100次训练耗时 167.8 秒, 累计训练耗时 332.2 分钟, 当前学习率 2.19e-04
2026-09-07 22:33:49,920 - 第12000次train 完成, 本轮100次训练耗时 167.8 秒, 累计训练耗时 335.0 分钟, 当前学习率 2.17e-04
2026-09-07 22:34:03,400 - 第12000次训练后loss评估: train loss 3.5980, val loss 3.6344, loss评估耗时 13.5 秒
2026-09-07 22:34:05,030 - |===========================================================================|
|                  PyTorch CUDA memory summary, device ID 0                 |
|---------------------------------------------------------------------------|
|            CUDA OOMs: 0            |        cudaMalloc retries: 0         |
|===========================================================================|
|        Metric         | Cur Usage  | Peak Usage | Tot Alloc  | Tot Freed  |
|---------------------------------------------------------------------------|
| Allocated memory      |   3909 MiB |   6464 MiB |   1020 TiB |   1020 TiB |
|       from large pool |   3070 MiB |   5528 MiB |    976 TiB |    976 TiB |
|       from small pool |    838 MiB |   1032 MiB |     44 TiB |     44 TiB |
|---------------------------------------------------------------------------|
| Active memory         |   3909 MiB |   6464 MiB |   1020 TiB |   1020 TiB |
|       from large pool |   3070 MiB |   5528 MiB |    976 TiB |    976 TiB |
|       from small pool |    838 MiB |   1032 MiB |     44 TiB |     44 TiB |
|---------------------------------------------------------------------------|
| Requested memory      |   3909 MiB |   6461 MiB |   1020 TiB |   1020 TiB |
|       from large pool |   3070 MiB |   5525 MiB |    975 TiB |    975 TiB |
|       from small pool |    838 MiB |   1032 MiB |     44 TiB |     44 TiB |
|---------------------------------------------------------------------------|
| GPU reserved memory   |   7640 MiB |   7640 MiB |   7640 MiB |      0 B   |
|       from large pool |   6600 MiB |   6600 MiB |   6600 MiB |      0 B   |
|       from small pool |   1040 MiB |   1040 MiB |   1040 MiB |      0 B   |
|---------------------------------------------------------------------------|
| Non-releasable memory |   1116 MiB |   1475 MiB |   1032 TiB |   1032 TiB |
|       from large pool |   1081 MiB |   1448 MiB |    984 TiB |    984 TiB |
|       from small pool |     35 MiB |     88 MiB |     47 TiB |     47 TiB |
|---------------------------------------------------------------------------|
| Allocations           |    4000    |    4935    |  153546 K  |  153542 K  |
|       from large pool |     203    |     291    |   51972 K  |   51972 K  |
|       from small pool |    3797    |    4682    |  101574 K  |  101570 K  |
|---------------------------------------------------------------------------|
| Active allocs         |    4000    |    4935    |  153546 K  |  153542 K  |
|       from large pool |     203    |     291    |   51972 K  |   51972 K  |
|       from small pool |    3797    |    4682    |  101574 K  |  101570 K  |
|---------------------------------------------------------------------------|
| GPU reserved segments |     591    |     591    |     591    |       0    |
|       from large pool |      71    |      71    |      71    |       0    |
|       from small pool |     520    |     520    |     520    |       0    |
|---------------------------------------------------------------------------|
| Non-releasable allocs |     108    |     289    |   94778 K  |   94778 K  |
|       from large pool |      21    |      43    |   24840 K  |   24840 K  |
|       from small pool |      87    |     259    |   69937 K  |   69937 K  |
|---------------------------------------------------------------------------|
| Oversize allocations  |       0    |       0    |       0    |       0    |
|---------------------------------------------------------------------------|
| Oversize GPU segments |       0    |       0    |       0    |       0    |
|===========================================================================|

2026-09-07 22:36:51,146 - 第12100次train 完成, 本轮100次训练耗时 167.7 秒, 累计训练耗时 337.8 分钟, 当前学习率 2.16e-04
2026-09-07 22:39:38,805 - 第12200次train 完成, 本轮100次训练耗时 167.7 秒, 累计训练耗时 340.6 分钟, 当前学习率 2.15e-04
2026-09-07 22:42:26,405 - 第12300次train 完成, 本轮100次训练耗时 167.6 秒, 累计训练耗时 343.4 分钟, 当前学习率 2.14e-04
2026-09-07 22:45:13,824 - 第12400次train 完成, 本轮100次训练耗时 167.4 秒, 累计训练耗时 346.2 分钟, 当前学习率 2.13e-04
2026-09-07 22:45:27,285 - 第12400次训练后loss评估: train loss 3.5101, val loss 3.6073, loss评估耗时 13.5 秒
2026-09-07 22:48:14,775 - 第12500次train 完成, 本轮100次训练耗时 167.5 秒, 累计训练耗时 349.0 分钟, 当前学习率 2.11e-04
2026-09-07 22:51:02,140 - 第12600次train 完成, 本轮100次训练耗时 167.4 秒, 累计训练耗时 351.8 分钟, 当前学习率 2.10e-04
2026-09-07 22:53:49,519 - 第12700次train 完成, 本轮100次训练耗时 167.4 秒, 累计训练耗时 354.6 分钟, 当前学习率 2.09e-04
2026-09-07 22:56:36,902 - 第12800次train 完成, 本轮100次训练耗时 167.4 秒, 累计训练耗时 357.4 分钟, 当前学习率 2.07e-04
2026-09-07 22:56:50,352 - 第12800次训练后loss评估: train loss 3.5119, val loss 3.5705, loss评估耗时 13.4 秒
2026-09-07 22:59:37,608 - 第12900次train 完成, 本轮100次训练耗时 167.3 秒, 累计训练耗时 360.2 分钟, 当前学习率 2.06e-04
2026-09-07 23:02:24,994 - 第13000次train 完成, 本轮100次训练耗时 167.4 秒, 累计训练耗时 362.9 分钟, 当前学习率 2.05e-04
2026-09-07 23:05:12,378 - 第13100次train 完成, 本轮100次训练耗时 167.4 秒, 累计训练耗时 365.7 分钟, 当前学习率 2.04e-04
2026-09-07 23:07:59,889 - 第13200次train 完成, 本轮100次训练耗时 167.5 秒, 累计训练耗时 368.5 分钟, 当前学习率 2.02e-04
2026-09-07 23:08:13,296 - 第13200次训练后loss评估: train loss 3.5229, val loss 3.5746, loss评估耗时 13.4 秒
2026-09-07 23:11:00,582 - 第13300次train 完成, 本轮100次训练耗时 167.3 秒, 累计训练耗时 371.3 分钟, 当前学习率 2.01e-04
2026-09-07 23:13:47,840 - 第13400次train 完成, 本轮100次训练耗时 167.3 秒, 累计训练耗时 374.1 分钟, 当前学习率 2.00e-04
2026-09-07 23:16:35,192 - 第13500次train 完成, 本轮100次训练耗时 167.4 秒, 累计训练耗时 376.9 分钟, 当前学习率 1.99e-04
2026-09-07 23:19:22,533 - 第13600次train 完成, 本轮100次训练耗时 167.3 秒, 累计训练耗时 379.7 分钟, 当前学习率 1.97e-04
2026-09-07 23:19:35,982 - 第13600次训练后loss评估: train loss 3.5010, val loss 3.5260, loss评估耗时 13.4 秒
2026-09-07 23:22:23,160 - 第13700次train 完成, 本轮100次训练耗时 167.2 秒, 累计训练耗时 382.5 分钟, 当前学习率 1.96e-04
2026-09-07 23:25:10,328 - 第13800次train 完成, 本轮100次训练耗时 167.2 秒, 累计训练耗时 385.3 分钟, 当前学习率 1.95e-04
2026-09-07 23:27:57,452 - 第13900次train 完成, 本轮100次训练耗时 167.1 秒, 累计训练耗时 388.0 分钟, 当前学习率 1.93e-04
2026-09-07 23:30:44,682 - 第14000次train 完成, 本轮100次训练耗时 167.2 秒, 累计训练耗时 390.8 分钟, 当前学习率 1.92e-04
2026-09-07 23:30:58,066 - 第14000次训练后loss评估: train loss 3.5030, val loss 3.5240, loss评估耗时 13.4 秒
2026-09-07 23:33:45,239 - 第14100次train 完成, 本轮100次训练耗时 167.2 秒, 累计训练耗时 393.6 分钟, 当前学习率 1.91e-04
2026-09-07 23:36:32,602 - 第14200次train 完成, 本轮100次训练耗时 167.4 秒, 累计训练耗时 396.4 分钟, 当前学习率 1.89e-04
2026-09-07 23:39:19,992 - 第14300次train 完成, 本轮100次训练耗时 167.4 秒, 累计训练耗时 399.2 分钟, 当前学习率 1.88e-04
2026-09-07 23:42:07,267 - 第14400次train 完成, 本轮100次训练耗时 167.3 秒, 累计训练耗时 402.0 分钟, 当前学习率 1.87e-04
2026-09-07 23:42:20,689 - 第14400次训练后loss评估: train loss 3.5106, val loss 3.4890, loss评估耗时 13.4 秒
2026-09-07 23:45:08,004 - 第14500次train 完成, 本轮100次训练耗时 167.3 秒, 累计训练耗时 404.8 分钟, 当前学习率 1.86e-04
2026-09-07 23:47:55,407 - 第14600次train 完成, 本轮100次训练耗时 167.4 秒, 累计训练耗时 407.6 分钟, 当前学习率 1.84e-04
2026-09-07 23:50:42,851 - 第14700次train 完成, 本轮100次训练耗时 167.4 秒, 累计训练耗时 410.3 分钟, 当前学习率 1.83e-04
2026-09-07 23:53:30,223 - 第14800次train 完成, 本轮100次训练耗时 167.4 秒, 累计训练耗时 413.1 分钟, 当前学习率 1.82e-04
2026-09-07 23:53:43,630 - 第14800次训练后loss评估: train loss 3.4610, val loss 3.4969, loss评估耗时 13.4 秒
2026-09-07 23:56:30,856 - 第14900次train 完成, 本轮100次训练耗时 167.2 秒, 累计训练耗时 415.9 分钟, 当前学习率 1.80e-04
2026-09-07 23:59:18,213 - 第15000次train 完成, 本轮100次训练耗时 167.4 秒, 累计训练耗时 418.7 分钟, 当前学习率 1.79e-04
2026-09-07 23:59:19,916 - |===========================================================================|
|                  PyTorch CUDA memory summary, device ID 0                 |
|---------------------------------------------------------------------------|
|            CUDA OOMs: 0            |        cudaMalloc retries: 0         |
|===========================================================================|
|        Metric         | Cur Usage  | Peak Usage | Tot Alloc  | Tot Freed  |
|---------------------------------------------------------------------------|
| Allocated memory      |   3909 MiB |   6464 MiB |   1275 TiB |   1275 TiB |
|       from large pool |   3070 MiB |   5528 MiB |   1219 TiB |   1219 TiB |
|       from small pool |    838 MiB |   1032 MiB |     55 TiB |     55 TiB |
|---------------------------------------------------------------------------|
| Active memory         |   3909 MiB |   6464 MiB |   1275 TiB |   1275 TiB |
|       from large pool |   3070 MiB |   5528 MiB |   1219 TiB |   1219 TiB |
|       from small pool |    838 MiB |   1032 MiB |     55 TiB |     55 TiB |
|---------------------------------------------------------------------------|
| Requested memory      |   3909 MiB |   6461 MiB |   1274 TiB |   1274 TiB |
|       from large pool |   3070 MiB |   5525 MiB |   1219 TiB |   1219 TiB |
|       from small pool |    838 MiB |   1032 MiB |     55 TiB |     55 TiB |
|---------------------------------------------------------------------------|
| GPU reserved memory   |   7640 MiB |   7640 MiB |   7640 MiB |      0 B   |
|       from large pool |   6600 MiB |   6600 MiB |   6600 MiB |      0 B   |
|       from small pool |   1040 MiB |   1040 MiB |   1040 MiB |      0 B   |
|---------------------------------------------------------------------------|
| Non-releasable memory |   1116 MiB |   1475 MiB |   1289 TiB |   1289 TiB |
|       from large pool |   1081 MiB |   1448 MiB |   1230 TiB |   1230 TiB |
|       from small pool |     35 MiB |     88 MiB |     59 TiB |     59 TiB |
|---------------------------------------------------------------------------|
| Allocations           |    4000    |    4935    |  191842 K  |  191838 K  |
|       from large pool |     203    |     291    |   64934 K  |   64934 K  |
|       from small pool |    3797    |    4682    |  126907 K  |  126903 K  |
|---------------------------------------------------------------------------|
| Active allocs         |    4000    |    4935    |  191842 K  |  191838 K  |
|       from large pool |     203    |     291    |   64934 K  |   64934 K  |
|       from small pool |    3797    |    4682    |  126907 K  |  126903 K  |
|---------------------------------------------------------------------------|
| GPU reserved segments |     591    |     591    |     591    |       0    |
|       from large pool |      71    |      71    |      71    |       0    |
|       from small pool |     520    |     520    |     520    |       0    |
|---------------------------------------------------------------------------|
| Non-releasable allocs |     106    |     289    |  118421 K  |  118421 K  |
|       from large pool |      21    |      43    |   31039 K  |   31039 K  |
|       from small pool |      85    |     259    |   87381 K  |   87381 K  |
|---------------------------------------------------------------------------|
| Oversize allocations  |       0    |       0    |       0    |       0    |
|---------------------------------------------------------------------------|
| Oversize GPU segments |       0    |       0    |       0    |       0    |
|===========================================================================|

2026-09-08 00:02:05,622 - 第15100次train 完成, 本轮100次训练耗时 167.4 秒, 累计训练耗时 421.5 分钟, 当前学习率 1.78e-04
2026-09-08 00:04:52,904 - 第15200次train 完成, 本轮100次训练耗时 167.3 秒, 累计训练耗时 424.3 分钟, 当前学习率 1.76e-04
2026-09-08 00:05:06,307 - 第15200次训练后loss评估: train loss 3.4726, val loss 3.5305, loss评估耗时 13.4 秒
2026-09-08 00:07:53,489 - 第15300次train 完成, 本轮100次训练耗时 167.2 秒, 累计训练耗时 427.1 分钟, 当前学习率 1.75e-04
2026-09-08 00:10:40,699 - 第15400次train 完成, 本轮100次训练耗时 167.2 秒, 累计训练耗时 429.9 分钟, 当前学习率 1.74e-04
2026-09-08 00:13:28,035 - 第15500次train 完成, 本轮100次训练耗时 167.3 秒, 累计训练耗时 432.7 分钟, 当前学习率 1.72e-04
2026-09-08 00:16:15,179 - 第15600次train 完成, 本轮100次训练耗时 167.1 秒, 累计训练耗时 435.4 分钟, 当前学习率 1.71e-04
2026-09-08 00:16:28,599 - 第15600次训练后loss评估: train loss 3.4873, val loss 3.5128, loss评估耗时 13.4 秒
2026-09-08 00:19:15,846 - 第15700次train 完成, 本轮100次训练耗时 167.2 秒, 累计训练耗时 438.2 分钟, 当前学习率 1.70e-04
2026-09-08 00:22:03,126 - 第15800次train 完成, 本轮100次训练耗时 167.3 秒, 累计训练耗时 441.0 分钟, 当前学习率 1.68e-04
2026-09-08 00:24:50,392 - 第15900次train 完成, 本轮100次训练耗时 167.3 秒, 累计训练耗时 443.8 分钟, 当前学习率 1.67e-04
2026-09-08 00:27:37,706 - 第16000次train 完成, 本轮100次训练耗时 167.3 秒, 累计训练耗时 446.6 分钟, 当前学习率 1.66e-04
2026-09-08 00:27:51,125 - 第16000次训练后loss评估: train loss 3.4720, val loss 3.4733, loss评估耗时 13.4 秒
2026-09-08 00:30:38,390 - 第16100次train 完成, 本轮100次训练耗时 167.3 秒, 累计训练耗时 449.4 分钟, 当前学习率 1.64e-04
2026-09-08 00:33:25,652 - 第16200次train 完成, 本轮100次训练耗时 167.3 秒, 累计训练耗时 452.2 分钟, 当前学习率 1.63e-04
2026-09-08 00:36:12,991 - 第16300次train 完成, 本轮100次训练耗时 167.3 秒, 累计训练耗时 455.0 分钟, 当前学习率 1.62e-04
2026-09-08 00:39:00,241 - 第16400次train 完成, 本轮100次训练耗时 167.2 秒, 累计训练耗时 457.7 分钟, 当前学习率 1.60e-04
2026-09-08 00:39:13,674 - 第16400次训练后loss评估: train loss 3.3834, val loss 3.4514, loss评估耗时 13.4 秒
2026-09-08 00:42:00,870 - 第16500次train 完成, 本轮100次训练耗时 167.2 秒, 累计训练耗时 460.5 分钟, 当前学习率 1.59e-04
2026-09-08 00:44:48,093 - 第16600次train 完成, 本轮100次训练耗时 167.2 秒, 累计训练耗时 463.3 分钟, 当前学习率 1.58e-04
2026-09-08 00:47:35,318 - 第16700次train 完成, 本轮100次训练耗时 167.2 秒, 累计训练耗时 466.1 分钟, 当前学习率 1.56e-04
2026-09-08 00:50:22,576 - 第16800次train 完成, 本轮100次训练耗时 167.3 秒, 累计训练耗时 468.9 分钟, 当前学习率 1.55e-04
2026-09-08 00:50:36,065 - 第16800次训练后loss评估: train loss 3.4150, val loss 3.4448, loss评估耗时 13.5 秒
2026-09-08 00:53:23,205 - 第16900次train 完成, 本轮100次训练耗时 167.1 秒, 累计训练耗时 471.7 分钟, 当前学习率 1.54e-04
2026-09-08 00:56:10,435 - 第17000次train 完成, 本轮100次训练耗时 167.2 秒, 累计训练耗时 474.5 分钟, 当前学习率 1.52e-04
2026-09-08 00:58:57,761 - 第17100次train 完成, 本轮100次训练耗时 167.3 秒, 累计训练耗时 477.3 分钟, 当前学习率 1.51e-04
2026-09-08 01:01:45,150 - 第17200次train 完成, 本轮100次训练耗时 167.4 秒, 累计训练耗时 480.0 分钟, 当前学习率 1.50e-04
2026-09-08 01:01:58,607 - 第17200次训练后loss评估: train loss 3.4220, val loss 3.4859, loss评估耗时 13.5 秒
2026-09-08 01:04:45,921 - 第17300次train 完成, 本轮100次训练耗时 167.3 秒, 累计训练耗时 482.8 分钟, 当前学习率 1.48e-04
2026-09-08 01:07:33,380 - 第17400次train 完成, 本轮100次训练耗时 167.5 秒, 累计训练耗时 485.6 分钟, 当前学习率 1.47e-04
2026-09-08 01:10:20,804 - 第17500次train 完成, 本轮100次训练耗时 167.4 秒, 累计训练耗时 488.4 分钟, 当前学习率 1.46e-04
2026-09-08 01:13:07,948 - 第17600次train 完成, 本轮100次训练耗时 167.1 秒, 累计训练耗时 491.2 分钟, 当前学习率 1.44e-04
2026-09-08 01:13:21,350 - 第17600次训练后loss评估: train loss 3.3586, val loss 3.4557, loss评估耗时 13.4 秒
2026-09-08 01:16:08,549 - 第17700次train 完成, 本轮100次训练耗时 167.2 秒, 累计训练耗时 494.0 分钟, 当前学习率 1.43e-04
2026-09-08 01:18:55,791 - 第17800次train 完成, 本轮100次训练耗时 167.2 秒, 累计训练耗时 496.8 分钟, 当前学习率 1.42e-04
2026-09-08 01:21:43,090 - 第17900次train 完成, 本轮100次训练耗时 167.3 秒, 累计训练耗时 499.6 分钟, 当前学习率 1.41e-04
2026-09-08 01:24:30,285 - 第18000次train 完成, 本轮100次训练耗时 167.2 秒, 累计训练耗时 502.3 分钟, 当前学习率 1.39e-04
2026-09-08 01:24:43,697 - 第18000次训练后loss评估: train loss 3.3076, val loss 3.4521, loss评估耗时 13.4 秒
2026-09-08 01:24:45,318 - |===========================================================================|
|                  PyTorch CUDA memory summary, device ID 0                 |
|---------------------------------------------------------------------------|
|            CUDA OOMs: 0            |        cudaMalloc retries: 0         |
|===========================================================================|
|        Metric         | Cur Usage  | Peak Usage | Tot Alloc  | Tot Freed  |
|---------------------------------------------------------------------------|
| Allocated memory      |   3909 MiB |   6464 MiB |   1530 TiB |   1530 TiB |
|       from large pool |   3070 MiB |   5528 MiB |   1463 TiB |   1463 TiB |
|       from small pool |    838 MiB |   1032 MiB |     66 TiB |     66 TiB |
|---------------------------------------------------------------------------|
| Active memory         |   3909 MiB |   6464 MiB |   1530 TiB |   1530 TiB |
|       from large pool |   3070 MiB |   5528 MiB |   1463 TiB |   1463 TiB |
|       from small pool |    838 MiB |   1032 MiB |     66 TiB |     66 TiB |
|---------------------------------------------------------------------------|
| Requested memory      |   3909 MiB |   6461 MiB |   1530 TiB |   1530 TiB |
|       from large pool |   3070 MiB |   5525 MiB |   1463 TiB |   1463 TiB |
|       from small pool |    838 MiB |   1032 MiB |     66 TiB |     66 TiB |
|---------------------------------------------------------------------------|
| GPU reserved memory   |   7640 MiB |   7640 MiB |   7640 MiB |      0 B   |
|       from large pool |   6600 MiB |   6600 MiB |   6600 MiB |      0 B   |
|       from small pool |   1040 MiB |   1040 MiB |   1040 MiB |      0 B   |
|---------------------------------------------------------------------------|
| Non-releasable memory |   1116 MiB |   1475 MiB |   1547 TiB |   1547 TiB |
|       from large pool |   1081 MiB |   1448 MiB |   1476 TiB |   1476 TiB |
|       from small pool |     35 MiB |     88 MiB |     71 TiB |     71 TiB |
|---------------------------------------------------------------------------|
| Allocations           |    4000    |    4935    |  230253 K  |  230249 K  |
|       from large pool |     203    |     291    |   77936 K  |   77936 K  |
|       from small pool |    3797    |    4682    |  152316 K  |  152312 K  |
|---------------------------------------------------------------------------|
| Active allocs         |    4000    |    4935    |  230253 K  |  230249 K  |
|       from large pool |     203    |     291    |   77936 K  |   77936 K  |
|       from small pool |    3797    |    4682    |  152316 K  |  152312 K  |
|---------------------------------------------------------------------------|
| GPU reserved segments |     591    |     591    |     591    |       0    |
|       from large pool |      71    |      71    |      71    |       0    |
|       from small pool |     520    |     520    |     520    |       0    |
|---------------------------------------------------------------------------|
| Non-releasable allocs |     110    |     289    |  142123 K  |  142123 K  |
|       from large pool |      21    |      43    |   37249 K  |   37249 K  |
|       from small pool |      89    |     259    |  104874 K  |  104874 K  |
|---------------------------------------------------------------------------|
| Oversize allocations  |       0    |       0    |       0    |       0    |
|---------------------------------------------------------------------------|
| Oversize GPU segments |       0    |       0    |       0    |       0    |
|===========================================================================|

2026-09-08 01:27:30,945 - 第18100次train 完成, 本轮100次训练耗时 167.2 秒, 累计训练耗时 505.1 分钟, 当前学习率 1.38e-04
2026-09-08 01:30:18,229 - 第18200次train 完成, 本轮100次训练耗时 167.3 秒, 累计训练耗时 507.9 分钟, 当前学习率 1.37e-04
2026-09-08 01:33:05,326 - 第18300次train 完成, 本轮100次训练耗时 167.1 秒, 累计训练耗时 510.7 分钟, 当前学习率 1.35e-04
2026-09-08 01:35:52,482 - 第18400次train 完成, 本轮100次训练耗时 167.2 秒, 累计训练耗时 513.5 分钟, 当前学习率 1.34e-04
2026-09-08 01:36:05,913 - 第18400次训练后loss评估: train loss 3.3761, val loss 3.3951, loss评估耗时 13.4 秒
2026-09-08 01:38:53,055 - 第18500次train 完成, 本轮100次训练耗时 167.1 秒, 累计训练耗时 516.3 分钟, 当前学习率 1.33e-04
2026-09-08 01:41:40,270 - 第18600次train 完成, 本轮100次训练耗时 167.2 秒, 累计训练耗时 519.1 分钟, 当前学习率 1.31e-04
2026-09-08 01:44:27,534 - 第18700次train 完成, 本轮100次训练耗时 167.3 秒, 累计训练耗时 521.9 分钟, 当前学习率 1.30e-04
2026-09-08 01:47:14,757 - 第18800次train 完成, 本轮100次训练耗时 167.2 秒, 累计训练耗时 524.6 分钟, 当前学习率 1.29e-04
2026-09-08 01:47:28,199 - 第18800次训练后loss评估: train loss 3.3705, val loss 3.4102, loss评估耗时 13.4 秒
2026-09-08 01:50:15,360 - 第18900次train 完成, 本轮100次训练耗时 167.2 秒, 累计训练耗时 527.4 分钟, 当前学习率 1.28e-04
2026-09-08 01:53:02,676 - 第19000次train 完成, 本轮100次训练耗时 167.3 秒, 累计训练耗时 530.2 分钟, 当前学习率 1.26e-04
2026-09-08 01:55:49,935 - 第19100次train 完成, 本轮100次训练耗时 167.3 秒, 累计训练耗时 533.0 分钟, 当前学习率 1.25e-04
2026-09-08 01:58:38,319 - 第19200次train 完成, 本轮100次训练耗时 168.4 秒, 累计训练耗时 535.8 分钟, 当前学习率 1.24e-04
2026-09-08 01:58:51,754 - 第19200次训练后loss评估: train loss 3.3368, val loss 3.3503, loss评估耗时 13.4 秒
2026-09-08 02:01:39,061 - 第19300次train 完成, 本轮100次训练耗时 167.3 秒, 累计训练耗时 538.6 分钟, 当前学习率 1.23e-04
2026-09-08 02:04:26,404 - 第19400次train 完成, 本轮100次训练耗时 167.3 秒, 累计训练耗时 541.4 分钟, 当前学习率 1.21e-04
2026-09-08 02:07:13,656 - 第19500次train 完成, 本轮100次训练耗时 167.3 秒, 累计训练耗时 544.2 分钟, 当前学习率 1.20e-04
2026-09-08 02:10:00,899 - 第19600次train 完成, 本轮100次训练耗时 167.2 秒, 累计训练耗时 547.0 分钟, 当前学习率 1.19e-04
2026-09-08 02:10:14,337 - 第19600次训练后loss评估: train loss 3.3678, val loss 3.4306, loss评估耗时 13.4 秒
2026-09-08 02:13:01,564 - 第19700次train 完成, 本轮100次训练耗时 167.2 秒, 累计训练耗时 549.7 分钟, 当前学习率 1.18e-04
2026-09-08 02:15:48,653 - 第19800次train 完成, 本轮100次训练耗时 167.1 秒, 累计训练耗时 552.5 分钟, 当前学习率 1.16e-04
2026-09-08 02:18:35,872 - 第19900次train 完成, 本轮100次训练耗时 167.2 秒, 累计训练耗时 555.3 分钟, 当前学习率 1.15e-04
2026-09-08 02:21:23,352 - 第20000次train 完成, 本轮100次训练耗时 167.5 秒, 累计训练耗时 558.1 分钟, 当前学习率 1.14e-04
2026-09-08 02:21:37,900 - 第20000次训练后loss评估: train loss 3.3229, val loss 3.3772, loss评估耗时 13.3 秒
2026-09-08 02:24:25,079 - 第20100次train 完成, 本轮100次训练耗时 167.2 秒, 累计训练耗时 560.9 分钟, 当前学习率 1.13e-04
2026-09-08 02:27:12,348 - 第20200次train 完成, 本轮100次训练耗时 167.3 秒, 累计训练耗时 563.7 分钟, 当前学习率 1.11e-04
2026-09-08 02:29:59,456 - 第20300次train 完成, 本轮100次训练耗时 167.1 秒, 累计训练耗时 566.5 分钟, 当前学习率 1.10e-04
2026-09-08 02:32:46,716 - 第20400次train 完成, 本轮100次训练耗时 167.3 秒, 累计训练耗时 569.3 分钟, 当前学习率 1.09e-04
2026-09-08 02:33:00,119 - 第20400次训练后loss评估: train loss 3.3183, val loss 3.3723, loss评估耗时 13.4 秒
2026-09-08 02:33:01,103 - val loss 创新低，已保存最优模型: best val 3.3723 @ 第20400步
2026-09-08 02:35:48,484 - 第20500次train 完成, 本轮100次训练耗时 167.4 秒, 累计训练耗时 572.0 分钟, 当前学习率 1.08e-04
2026-09-08 02:38:36,016 - 第20600次train 完成, 本轮100次训练耗时 167.5 秒, 累计训练耗时 574.8 分钟, 当前学习率 1.07e-04
2026-09-08 02:41:23,534 - 第20700次train 完成, 本轮100次训练耗时 167.5 秒, 累计训练耗时 577.6 分钟, 当前学习率 1.05e-04
2026-09-08 02:44:10,800 - 第20800次train 完成, 本轮100次训练耗时 167.3 秒, 累计训练耗时 580.4 分钟, 当前学习率 1.04e-04
2026-09-08 02:44:24,232 - 第20800次训练后loss评估: train loss 3.3519, val loss 3.4120, loss评估耗时 13.4 秒
2026-09-08 02:47:11,333 - 第20900次train 完成, 本轮100次训练耗时 167.1 秒, 累计训练耗时 583.2 分钟, 当前学习率 1.03e-04
2026-09-08 02:49:58,553 - 第21000次train 完成, 本轮100次训练耗时 167.2 秒, 累计训练耗时 586.0 分钟, 当前学习率 1.02e-04
2026-09-08 02:50:00,258 - |===========================================================================|
|                  PyTorch CUDA memory summary, device ID 0                 |
|---------------------------------------------------------------------------|
|            CUDA OOMs: 0            |        cudaMalloc retries: 0         |
|===========================================================================|
|        Metric         | Cur Usage  | Peak Usage | Tot Alloc  | Tot Freed  |
|---------------------------------------------------------------------------|
| Allocated memory      |   3909 MiB |   6464 MiB |   1785 TiB |   1785 TiB |
|       from large pool |   3070 MiB |   5528 MiB |   1707 TiB |   1707 TiB |
|       from small pool |    838 MiB |   1032 MiB |     77 TiB |     77 TiB |
|---------------------------------------------------------------------------|
| Active memory         |   3909 MiB |   6464 MiB |   1785 TiB |   1785 TiB |
|       from large pool |   3070 MiB |   5528 MiB |   1707 TiB |   1707 TiB |
|       from small pool |    838 MiB |   1032 MiB |     77 TiB |     77 TiB |
|---------------------------------------------------------------------------|
| Requested memory      |   3909 MiB |   6461 MiB |   1784 TiB |   1784 TiB |
|       from large pool |   3070 MiB |   5525 MiB |   1706 TiB |   1706 TiB |
|       from small pool |    838 MiB |   1032 MiB |     77 TiB |     77 TiB |
|---------------------------------------------------------------------------|
| GPU reserved memory   |   7640 MiB |   7640 MiB |   7640 MiB |      0 B   |
|       from large pool |   6600 MiB |   6600 MiB |   6600 MiB |      0 B   |
|       from small pool |   1040 MiB |   1040 MiB |   1040 MiB |      0 B   |
|---------------------------------------------------------------------------|
| Non-releasable memory |   1116 MiB |   1475 MiB |   1805 TiB |   1805 TiB |
|       from large pool |   1081 MiB |   1448 MiB |   1722 TiB |   1722 TiB |
|       from small pool |     35 MiB |     88 MiB |     82 TiB |     82 TiB |
|---------------------------------------------------------------------------|
| Allocations           |    4000    |    4935    |  268548 K  |  268544 K  |
|       from large pool |     203    |     291    |   90899 K  |   90899 K  |
|       from small pool |    3797    |    4682    |  177649 K  |  177645 K  |
|---------------------------------------------------------------------------|
| Active allocs         |    4000    |    4935    |  268548 K  |  268544 K  |
|       from large pool |     203    |     291    |   90899 K  |   90899 K  |
|       from small pool |    3797    |    4682    |  177649 K  |  177645 K  |
|---------------------------------------------------------------------------|
| GPU reserved segments |     591    |     591    |     591    |       0    |
|       from large pool |      71    |      71    |      71    |       0    |
|       from small pool |     520    |     520    |     520    |       0    |
|---------------------------------------------------------------------------|
| Non-releasable allocs |     110    |     289    |  165767 K  |  165767 K  |
|       from large pool |      21    |      43    |   43448 K  |   43448 K  |
|       from small pool |      89    |     259    |  122319 K  |  122319 K  |
|---------------------------------------------------------------------------|
| Oversize allocations  |       0    |       0    |       0    |       0    |
|---------------------------------------------------------------------------|
| Oversize GPU segments |       0    |       0    |       0    |       0    |
|===========================================================================|

2026-09-08 02:52:45,823 - 第21100次train 完成, 本轮100次训练耗时 167.3 秒, 累计训练耗时 588.8 分钟, 当前学习率 1.01e-04
2026-09-08 02:55:33,085 - 第21200次train 完成, 本轮100次训练耗时 167.3 秒, 累计训练耗时 591.6 分钟, 当前学习率 9.94e-05
2026-09-08 02:55:46,525 - 第21200次训练后loss评估: train loss 3.3356, val loss 3.4038, loss评估耗时 13.4 秒
2026-09-08 02:58:33,643 - 第21300次train 完成, 本轮100次训练耗时 167.1 秒, 累计训练耗时 594.4 分钟, 当前学习率 9.83e-05
2026-09-08 03:01:20,965 - 第21400次train 完成, 本轮100次训练耗时 167.3 秒, 累计训练耗时 597.1 分钟, 当前学习率 9.71e-05
2026-09-08 03:04:08,168 - 第21500次train 完成, 本轮100次训练耗时 167.2 秒, 累计训练耗时 599.9 分钟, 当前学习率 9.60e-05
2026-09-08 03:06:55,366 - 第21600次train 完成, 本轮100次训练耗时 167.2 秒, 累计训练耗时 602.7 分钟, 当前学习率 9.48e-05
2026-09-08 03:07:08,791 - 第21600次训练后loss评估: train loss 3.3090, val loss 3.3877, loss评估耗时 13.4 秒
2026-09-08 03:09:55,921 - 第21700次train 完成, 本轮100次训练耗时 167.1 秒, 累计训练耗时 605.5 分钟, 当前学习率 9.37e-05
2026-09-08 03:12:43,094 - 第21800次train 完成, 本轮100次训练耗时 167.2 秒, 累计训练耗时 608.3 分钟, 当前学习率 9.26e-05
2026-09-08 03:15:30,337 - 第21900次train 完成, 本轮100次训练耗时 167.2 秒, 累计训练耗时 611.1 分钟, 当前学习率 9.15e-05
2026-09-08 03:18:17,597 - 第22000次train 完成, 本轮100次训练耗时 167.3 秒, 累计训练耗时 613.9 分钟, 当前学习率 9.04e-05
2026-09-08 03:18:31,011 - 第22000次训练后loss评估: train loss 3.2998, val loss 3.3815, loss评估耗时 13.4 秒
2026-09-08 03:21:18,239 - 第22100次train 完成, 本轮100次训练耗时 167.2 秒, 累计训练耗时 616.7 分钟, 当前学习率 8.93e-05
2026-09-08 03:24:05,597 - 第22200次train 完成, 本轮100次训练耗时 167.4 秒, 累计训练耗时 619.4 分钟, 当前学习率 8.82e-05
2026-09-08 03:26:52,986 - 第22300次train 完成, 本轮100次训练耗时 167.4 秒, 累计训练耗时 622.2 分钟, 当前学习率 8.71e-05
2026-09-08 03:29:40,372 - 第22400次train 完成, 本轮100次训练耗时 167.4 秒, 累计训练耗时 625.0 分钟, 当前学习率 8.60e-05
2026-09-08 03:29:53,789 - 第22400次训练后loss评估: train loss 3.2386, val loss 3.3518, loss评估耗时 13.4 秒
2026-09-08 03:29:54,832 - val loss 创新低，已保存最优模型: best val 3.3518 @ 第22400步
2026-09-08 03:32:42,123 - 第22500次train 完成, 本轮100次训练耗时 167.3 秒, 累计训练耗时 627.8 分钟, 当前学习率 8.49e-05
2026-09-08 03:35:29,451 - 第22600次train 完成, 本轮100次训练耗时 167.3 秒, 累计训练耗时 630.6 分钟, 当前学习率 8.38e-05
2026-09-08 03:38:16,808 - 第22700次train 完成, 本轮100次训练耗时 167.4 秒, 累计训练耗时 633.4 分钟, 当前学习率 8.28e-05
2026-09-08 03:41:04,235 - 第22800次train 完成, 本轮100次训练耗时 167.4 秒, 累计训练耗时 636.2 分钟, 当前学习率 8.17e-05
2026-09-08 03:41:17,624 - 第22800次训练后loss评估: train loss 3.2856, val loss 3.3789, loss评估耗时 13.4 秒
2026-09-08 03:44:04,901 - 第22900次train 完成, 本轮100次训练耗时 167.3 秒, 累计训练耗时 639.0 分钟, 当前学习率 8.07e-05
2026-09-08 03:46:52,289 - 第23000次train 完成, 本轮100次训练耗时 167.4 秒, 累计训练耗时 641.8 分钟, 当前学习率 7.97e-05
2026-09-08 03:49:39,676 - 第23100次train 完成, 本轮100次训练耗时 167.4 秒, 累计训练耗时 644.5 分钟, 当前学习率 7.86e-05
2026-09-08 03:52:27,009 - 第23200次train 完成, 本轮100次训练耗时 167.3 秒, 累计训练耗时 647.3 分钟, 当前学习率 7.76e-05
2026-09-08 03:52:40,449 - 第23200次训练后loss评估: train loss 3.2720, val loss 3.3716, loss评估耗时 13.4 秒
2026-09-08 03:55:27,745 - 第23300次train 完成, 本轮100次训练耗时 167.3 秒, 累计训练耗时 650.1 分钟, 当前学习率 7.66e-05
2026-09-08 03:58:15,102 - 第23400次train 完成, 本轮100次训练耗时 167.4 秒, 累计训练耗时 652.9 分钟, 当前学习率 7.56e-05
2026-09-08 04:01:02,601 - 第23500次train 完成, 本轮100次训练耗时 167.5 秒, 累计训练耗时 655.7 分钟, 当前学习率 7.46e-05
2026-09-08 04:03:50,015 - 第23600次train 完成, 本轮100次训练耗时 167.4 秒, 累计训练耗时 658.5 分钟, 当前学习率 7.36e-05
2026-09-08 04:04:03,431 - 第23600次训练后loss评估: train loss 3.2998, val loss 3.2857, loss评估耗时 13.4 秒
2026-09-08 04:04:04,761 - val loss 创新低，已保存最优模型: best val 3.2857 @ 第23600步
2026-09-08 04:06:52,102 - 第23700次train 完成, 本轮100次训练耗时 167.3 秒, 累计训练耗时 661.3 分钟, 当前学习率 7.27e-05
2026-09-08 04:09:39,480 - 第23800次train 完成, 本轮100次训练耗时 167.4 秒, 累计训练耗时 664.1 分钟, 当前学习率 7.17e-05
2026-09-08 04:12:26,689 - 第23900次train 完成, 本轮100次训练耗时 167.2 秒, 累计训练耗时 666.9 分钟, 当前学习率 7.07e-05
2026-09-08 04:15:14,060 - 第24000次train 完成, 本轮100次训练耗时 167.4 秒, 累计训练耗时 669.6 分钟, 当前学习率 6.98e-05
2026-09-08 04:15:27,467 - 第24000次训练后loss评估: train loss 3.2767, val loss 3.3448, loss评估耗时 13.4 秒
2026-09-08 04:15:29,103 - |===========================================================================|
|                  PyTorch CUDA memory summary, device ID 0                 |
|---------------------------------------------------------------------------|
|            CUDA OOMs: 0            |        cudaMalloc retries: 0         |
|===========================================================================|
|        Metric         | Cur Usage  | Peak Usage | Tot Alloc  | Tot Freed  |
|---------------------------------------------------------------------------|
| Allocated memory      |   3909 MiB |   6464 MiB |   2040 TiB |   2040 TiB |
|       from large pool |   3070 MiB |   5528 MiB |   1951 TiB |   1951 TiB |
|       from small pool |    838 MiB |   1032 MiB |     89 TiB |     89 TiB |
|---------------------------------------------------------------------------|
| Active memory         |   3909 MiB |   6464 MiB |   2040 TiB |   2040 TiB |
|       from large pool |   3070 MiB |   5528 MiB |   1951 TiB |   1951 TiB |
|       from small pool |    838 MiB |   1032 MiB |     89 TiB |     89 TiB |
|---------------------------------------------------------------------------|
| Requested memory      |   3909 MiB |   6461 MiB |   2039 TiB |   2039 TiB |
|       from large pool |   3070 MiB |   5525 MiB |   1950 TiB |   1950 TiB |
|       from small pool |    838 MiB |   1032 MiB |     89 TiB |     89 TiB |
|---------------------------------------------------------------------------|
| GPU reserved memory   |   7640 MiB |   7640 MiB |   7640 MiB |      0 B   |
|       from large pool |   6600 MiB |   6600 MiB |   6600 MiB |      0 B   |
|       from small pool |   1040 MiB |   1040 MiB |   1040 MiB |      0 B   |
|---------------------------------------------------------------------------|
| Non-releasable memory |   1116 MiB |   1475 MiB |   2063 TiB |   2063 TiB |
|       from large pool |   1081 MiB |   1448 MiB |   1968 TiB |   1968 TiB |
|       from small pool |     35 MiB |     88 MiB |     94 TiB |     94 TiB |
|---------------------------------------------------------------------------|
| Allocations           |    4000    |    4935    |  306958 K  |  306954 K  |
|       from large pool |     203    |     291    |  103901 K  |  103900 K  |
|       from small pool |    3797    |    4682    |  203057 K  |  203053 K  |
|---------------------------------------------------------------------------|
| Active allocs         |    4000    |    4935    |  306958 K  |  306954 K  |
|       from large pool |     203    |     291    |  103901 K  |  103900 K  |
|       from small pool |    3797    |    4682    |  203057 K  |  203053 K  |
|---------------------------------------------------------------------------|
| GPU reserved segments |     591    |     591    |     591    |       0    |
|       from large pool |      71    |      71    |      71    |       0    |
|       from small pool |     520    |     520    |     520    |       0    |
|---------------------------------------------------------------------------|
| Non-releasable allocs |     110    |     289    |  189470 K  |  189470 K  |
|       from large pool |      21    |      43    |   49657 K  |   49657 K  |
|       from small pool |      89    |     259    |  139813 K  |  139813 K  |
|---------------------------------------------------------------------------|
| Oversize allocations  |       0    |       0    |       0    |       0    |
|---------------------------------------------------------------------------|
| Oversize GPU segments |       0    |       0    |       0    |       0    |
|===========================================================================|

2026-09-08 04:18:14,780 - 第24100次train 完成, 本轮100次训练耗时 167.3 秒, 累计训练耗时 672.4 分钟, 当前学习率 6.88e-05
2026-09-08 04:21:02,121 - 第24200次train 完成, 本轮100次训练耗时 167.3 秒, 累计训练耗时 675.2 分钟, 当前学习率 6.79e-05
2026-09-08 04:23:49,324 - 第24300次train 完成, 本轮100次训练耗时 167.2 秒, 累计训练耗时 678.0 分钟, 当前学习率 6.70e-05
2026-09-08 04:26:36,274 - 第24400次train 完成, 本轮100次训练耗时 167.0 秒, 累计训练耗时 680.8 分钟, 当前学习率 6.61e-05
2026-09-08 04:26:49,687 - 第24400次训练后loss评估: train loss 3.2416, val loss 3.3613, loss评估耗时 13.4 秒
2026-09-08 04:29:36,706 - 第24500次train 完成, 本轮100次训练耗时 167.0 秒, 累计训练耗时 683.6 分钟, 当前学习率 6.52e-05
2026-09-08 04:32:23,789 - 第24600次train 完成, 本轮100次训练耗时 167.1 秒, 累计训练耗时 686.4 分钟, 当前学习率 6.43e-05
2026-09-08 04:35:10,792 - 第24700次train 完成, 本轮100次训练耗时 167.0 秒, 累计训练耗时 689.1 分钟, 当前学习率 6.34e-05
2026-09-08 04:37:57,909 - 第24800次train 完成, 本轮100次训练耗时 167.1 秒, 累计训练耗时 691.9 分钟, 当前学习率 6.25e-05
2026-09-08 04:38:11,307 - 第24800次训练后loss评估: train loss 3.2687, val loss 3.2801, loss评估耗时 13.4 秒
2026-09-08 04:38:12,404 - val loss 创新低，已保存最优模型: best val 3.2801 @ 第24800步
2026-09-08 04:40:59,536 - 第24900次train 完成, 本轮100次训练耗时 167.1 秒, 累计训练耗时 694.7 分钟, 当前学习率 6.17e-05
2026-09-08 04:43:46,736 - 第25000次train 完成, 本轮100次训练耗时 167.2 秒, 累计训练耗时 697.5 分钟, 当前学习率 6.08e-05
2026-09-08 04:46:34,006 - 第25100次train 完成, 本轮100次训练耗时 167.3 秒, 累计训练耗时 700.3 分钟, 当前学习率 6.00e-05
2026-09-08 04:49:21,375 - 第25200次train 完成, 本轮100次训练耗时 167.4 秒, 累计训练耗时 703.1 分钟, 当前学习率 5.92e-05
2026-09-08 04:49:34,780 - 第25200次训练后loss评估: train loss 3.2585, val loss 3.3447, loss评估耗时 13.4 秒
2026-09-08 04:52:21,978 - 第25300次train 完成, 本轮100次训练耗时 167.2 秒, 累计训练耗时 705.9 分钟, 当前学习率 5.83e-05
2026-09-08 04:55:09,301 - 第25400次train 完成, 本轮100次训练耗时 167.3 秒, 累计训练耗时 708.7 分钟, 当前学习率 5.75e-05
2026-09-08 04:57:56,428 - 第25500次train 完成, 本轮100次训练耗时 167.1 秒, 累计训练耗时 711.4 分钟, 当前学习率 5.67e-05
2026-09-08 05:00:43,776 - 第25600次train 完成, 本轮100次训练耗时 167.3 秒, 累计训练耗时 714.2 分钟, 当前学习率 5.59e-05
2026-09-08 05:00:57,201 - 第25600次训练后loss评估: train loss 3.2456, val loss 3.2961, loss评估耗时 13.4 秒
2026-09-08 05:03:44,330 - 第25700次train 完成, 本轮100次训练耗时 167.1 秒, 累计训练耗时 717.0 分钟, 当前学习率 5.52e-05
2026-09-08 05:06:31,533 - 第25800次train 完成, 本轮100次训练耗时 167.2 秒, 累计训练耗时 719.8 分钟, 当前学习率 5.44e-05
2026-09-08 05:09:18,724 - 第25900次train 完成, 本轮100次训练耗时 167.2 秒, 累计训练耗时 722.6 分钟, 当前学习率 5.36e-05
2026-09-08 05:12:06,005 - 第26000次train 完成, 本轮100次训练耗时 167.3 秒, 累计训练耗时 725.4 分钟, 当前学习率 5.29e-05
2026-09-08 05:12:19,471 - 第26000次训练后loss评估: train loss 3.2489, val loss 3.3519, loss评估耗时 13.5 秒
2026-09-08 05:15:06,700 - 第26100次train 完成, 本轮100次训练耗时 167.2 秒, 累计训练耗时 728.2 分钟, 当前学习率 5.22e-05
2026-09-08 05:17:53,929 - 第26200次train 完成, 本轮100次训练耗时 167.2 秒, 累计训练耗时 731.0 分钟, 当前学习率 5.14e-05
2026-09-08 05:20:41,106 - 第26300次train 完成, 本轮100次训练耗时 167.2 秒, 累计训练耗时 733.7 分钟, 当前学习率 5.07e-05
2026-09-08 05:23:28,392 - 第26400次train 完成, 本轮100次训练耗时 167.3 秒, 累计训练耗时 736.5 分钟, 当前学习率 5.00e-05
2026-09-08 05:23:41,760 - 第26400次训练后loss评估: train loss 3.2724, val loss 3.3095, loss评估耗时 13.4 秒
2026-09-08 05:26:28,962 - 第26500次train 完成, 本轮100次训练耗时 167.2 秒, 累计训练耗时 739.3 分钟, 当前学习率 4.93e-05
2026-09-08 05:29:16,237 - 第26600次train 完成, 本轮100次训练耗时 167.3 秒, 累计训练耗时 742.1 分钟, 当前学习率 4.87e-05
2026-09-08 05:32:03,636 - 第26700次train 完成, 本轮100次训练耗时 167.4 秒, 累计训练耗时 744.9 分钟, 当前学习率 4.80e-05
2026-09-08 05:34:50,931 - 第26800次train 完成, 本轮100次训练耗时 167.3 秒, 累计训练耗时 747.7 分钟, 当前学习率 4.73e-05
2026-09-08 05:35:04,340 - 第26800次训练后loss评估: train loss 3.2225, val loss 3.3116, loss评估耗时 13.4 秒
2026-09-08 05:37:51,516 - 第26900次train 完成, 本轮100次训练耗时 167.2 秒, 累计训练耗时 750.5 分钟, 当前学习率 4.67e-05
2026-09-08 05:40:38,684 - 第27000次train 完成, 本轮100次训练耗时 167.2 秒, 累计训练耗时 753.3 分钟, 当前学习率 4.60e-05
2026-09-08 05:40:40,381 - |===========================================================================|
|                  PyTorch CUDA memory summary, device ID 0                 |
|---------------------------------------------------------------------------|
|            CUDA OOMs: 0            |        cudaMalloc retries: 0         |
|===========================================================================|
|        Metric         | Cur Usage  | Peak Usage | Tot Alloc  | Tot Freed  |
|---------------------------------------------------------------------------|
| Allocated memory      |   3909 MiB |   6464 MiB |   2295 TiB |   2295 TiB |
|       from large pool |   3070 MiB |   5528 MiB |   2194 TiB |   2194 TiB |
|       from small pool |    838 MiB |   1032 MiB |    100 TiB |    100 TiB |
|---------------------------------------------------------------------------|
| Active memory         |   3909 MiB |   6464 MiB |   2295 TiB |   2295 TiB |
|       from large pool |   3070 MiB |   5528 MiB |   2194 TiB |   2194 TiB |
|       from small pool |    838 MiB |   1032 MiB |    100 TiB |    100 TiB |
|---------------------------------------------------------------------------|
| Requested memory      |   3909 MiB |   6461 MiB |   2294 TiB |   2294 TiB |
|       from large pool |   3070 MiB |   5525 MiB |   2194 TiB |   2194 TiB |
|       from small pool |    838 MiB |   1032 MiB |    100 TiB |    100 TiB |
|---------------------------------------------------------------------------|
| GPU reserved memory   |   7640 MiB |   7640 MiB |   7640 MiB |      0 B   |
|       from large pool |   6600 MiB |   6600 MiB |   6600 MiB |      0 B   |
|       from small pool |   1040 MiB |   1040 MiB |   1040 MiB |      0 B   |
|---------------------------------------------------------------------------|
| Non-releasable memory |   1116 MiB |   1475 MiB |   2321 TiB |   2321 TiB |
|       from large pool |   1081 MiB |   1448 MiB |   2214 TiB |   2214 TiB |
|       from small pool |     35 MiB |     88 MiB |    106 TiB |    106 TiB |
|---------------------------------------------------------------------------|
| Allocations           |    4000    |    4935    |  345253 K  |  345249 K  |
|       from large pool |     203    |     291    |  116863 K  |  116863 K  |
|       from small pool |    3797    |    4682    |  228390 K  |  228386 K  |
|---------------------------------------------------------------------------|
| Active allocs         |    4000    |    4935    |  345253 K  |  345249 K  |
|       from large pool |     203    |     291    |  116863 K  |  116863 K  |
|       from small pool |    3797    |    4682    |  228390 K  |  228386 K  |
|---------------------------------------------------------------------------|
| GPU reserved segments |     591    |     591    |     591    |       0    |
|       from large pool |      71    |      71    |      71    |       0    |
|       from small pool |     520    |     520    |     520    |       0    |
|---------------------------------------------------------------------------|
| Non-releasable allocs |     109    |     289    |  213114 K  |  213114 K  |
|       from large pool |      21    |      43    |   55856 K  |   55856 K  |
|       from small pool |      88    |     259    |  157258 K  |  157258 K  |
|---------------------------------------------------------------------------|
| Oversize allocations  |       0    |       0    |       0    |       0    |
|---------------------------------------------------------------------------|
| Oversize GPU segments |       0    |       0    |       0    |       0    |
|===========================================================================|

2026-09-08 05:43:25,999 - 第27100次train 完成, 本轮100次训练耗时 167.3 秒, 累计训练耗时 756.0 分钟, 当前学习率 4.54e-05
2026-09-08 05:46:13,159 - 第27200次train 完成, 本轮100次训练耗时 167.2 秒, 累计训练耗时 758.8 分钟, 当前学习率 4.48e-05
2026-09-08 05:46:26,590 - 第27200次训练后loss评估: train loss 3.2515, val loss 3.2764, loss评估耗时 13.4 秒
2026-09-08 05:46:27,709 - val loss 创新低，已保存最优模型: best val 3.2764 @ 第27200步
2026-09-08 05:49:14,940 - 第27300次train 完成, 本轮100次训练耗时 167.2 秒, 累计训练耗时 761.6 分钟, 当前学习率 4.42e-05
2026-09-08 05:52:02,182 - 第27400次train 完成, 本轮100次训练耗时 167.2 秒, 累计训练耗时 764.4 分钟, 当前学习率 4.36e-05
2026-09-08 05:54:49,383 - 第27500次train 完成, 本轮100次训练耗时 167.2 秒, 累计训练耗时 767.2 分钟, 当前学习率 4.30e-05
2026-09-08 05:57:36,577 - 第27600次train 完成, 本轮100次训练耗时 167.2 秒, 累计训练耗时 770.0 分钟, 当前学习率 4.25e-05
2026-09-08 05:57:49,986 - 第27600次训练后loss评估: train loss 3.2529, val loss 3.2688, loss评估耗时 13.4 秒
2026-09-08 05:57:51,080 - val loss 创新低，已保存最优模型: best val 3.2688 @ 第27600步
2026-09-08 06:00:38,343 - 第27700次train 完成, 本轮100次训练耗时 167.3 秒, 累计训练耗时 772.8 分钟, 当前学习率 4.19e-05
2026-09-08 06:03:25,680 - 第27800次train 完成, 本轮100次训练耗时 167.3 秒, 累计训练耗时 775.5 分钟, 当前学习率 4.14e-05
2026-09-08 06:06:12,943 - 第27900次train 完成, 本轮100次训练耗时 167.3 秒, 累计训练耗时 778.3 分钟, 当前学习率 4.09e-05
2026-09-08 06:09:00,226 - 第28000次train 完成, 本轮100次训练耗时 167.3 秒, 累计训练耗时 781.1 分钟, 当前学习率 4.03e-05
2026-09-08 06:09:13,854 - 第28000次训练后loss评估: train loss 3.1613, val loss 3.3056, loss评估耗时 13.6 秒
2026-09-08 06:12:01,043 - 第28100次train 完成, 本轮100次训练耗时 167.2 秒, 累计训练耗时 783.9 分钟, 当前学习率 3.98e-05
2026-09-08 06:14:48,421 - 第28200次train 完成, 本轮100次训练耗时 167.4 秒, 累计训练耗时 786.7 分钟, 当前学习率 3.93e-05
2026-09-08 06:17:35,713 - 第28300次train 完成, 本轮100次训练耗时 167.3 秒, 累计训练耗时 789.5 分钟, 当前学习率 3.89e-05
2026-09-08 06:20:23,030 - 第28400次train 完成, 本轮100次训练耗时 167.3 秒, 累计训练耗时 792.3 分钟, 当前学习率 3.84e-05
2026-09-08 06:20:36,441 - 第28400次训练后loss评估: train loss 3.1915, val loss 3.2792, loss评估耗时 13.4 秒
2026-09-08 06:23:23,767 - 第28500次train 完成, 本轮100次训练耗时 167.3 秒, 累计训练耗时 795.1 分钟, 当前学习率 3.79e-05
2026-09-08 06:26:11,059 - 第28600次train 完成, 本轮100次训练耗时 167.3 秒, 累计训练耗时 797.9 分钟, 当前学习率 3.75e-05
2026-09-08 06:28:58,343 - 第28700次train 完成, 本轮100次训练耗时 167.3 秒, 累计训练耗时 800.6 分钟, 当前学习率 3.71e-05
2026-09-08 06:31:45,630 - 第28800次train 完成, 本轮100次训练耗时 167.3 秒, 累计训练耗时 803.4 分钟, 当前学习率 3.67e-05
2026-09-08 06:31:59,033 - 第28800次训练后loss评估: train loss 3.1823, val loss 3.3244, loss评估耗时 13.4 秒
2026-09-08 06:34:46,334 - 第28900次train 完成, 本轮100次训练耗时 167.3 秒, 累计训练耗时 806.2 分钟, 当前学习率 3.62e-05
2026-09-08 06:37:33,605 - 第29000次train 完成, 本轮100次训练耗时 167.3 秒, 累计训练耗时 809.0 分钟, 当前学习率 3.59e-05
2026-09-08 06:40:20,871 - 第29100次train 完成, 本轮100次训练耗时 167.3 秒, 累计训练耗时 811.8 分钟, 当前学习率 3.55e-05
2026-09-08 06:43:08,185 - 第29200次train 完成, 本轮100次训练耗时 167.3 秒, 累计训练耗时 814.6 分钟, 当前学习率 3.51e-05
2026-09-08 06:43:21,611 - 第29200次训练后loss评估: train loss 3.2131, val loss 3.2465, loss评估耗时 13.4 秒
2026-09-08 06:43:22,716 - val loss 创新低，已保存最优模型: best val 3.2465 @ 第29200步
2026-09-08 06:46:09,890 - 第29300次train 完成, 本轮100次训练耗时 167.2 秒, 累计训练耗时 817.4 分钟, 当前学习率 3.47e-05
2026-09-08 06:48:57,077 - 第29400次train 完成, 本轮100次训练耗时 167.2 秒, 累计训练耗时 820.2 分钟, 当前学习率 3.44e-05
2026-09-08 06:51:44,280 - 第29500次train 完成, 本轮100次训练耗时 167.2 秒, 累计训练耗时 822.9 分钟, 当前学习率 3.41e-05
2026-09-08 06:54:31,479 - 第29600次train 完成, 本轮100次训练耗时 167.2 秒, 累计训练耗时 825.7 分钟, 当前学习率 3.38e-05
2026-09-08 06:54:44,900 - 第29600次训练后loss评估: train loss 3.1613, val loss 3.3238, loss评估耗时 13.4 秒
2026-09-08 06:57:31,978 - 第29700次train 完成, 本轮100次训练耗时 167.1 秒, 累计训练耗时 828.5 分钟, 当前学习率 3.35e-05
2026-09-08 07:00:19,210 - 第29800次train 完成, 本轮100次训练耗时 167.2 秒, 累计训练耗时 831.3 分钟, 当前学习率 3.32e-05
2026-09-08 07:03:06,421 - 第29900次train 完成, 本轮100次训练耗时 167.2 秒, 累计训练耗时 834.1 分钟, 当前学习率 3.29e-05
2026-09-08 07:05:53,432 - 第30000次train 完成, 本轮100次训练耗时 167.0 秒, 累计训练耗时 836.9 分钟, 当前学习率 3.26e-05
2026-09-08 07:06:07,966 - 第30000次训练后loss评估: train loss 3.1654, val loss 3.2669, loss评估耗时 13.3 秒
2026-09-08 07:06:09,598 - |===========================================================================|
|                  PyTorch CUDA memory summary, device ID 0                 |
|---------------------------------------------------------------------------|
|            CUDA OOMs: 0            |        cudaMalloc retries: 0         |
|===========================================================================|
|        Metric         | Cur Usage  | Peak Usage | Tot Alloc  | Tot Freed  |
|---------------------------------------------------------------------------|
| Allocated memory      |   3909 MiB |   6464 MiB |   2550 TiB |   2550 TiB |
|       from large pool |   3070 MiB |   5528 MiB |   2438 TiB |   2438 TiB |
|       from small pool |    838 MiB |   1032 MiB |    111 TiB |    111 TiB |
|---------------------------------------------------------------------------|
| Active memory         |   3909 MiB |   6464 MiB |   2550 TiB |   2550 TiB |
|       from large pool |   3070 MiB |   5528 MiB |   2438 TiB |   2438 TiB |
|       from small pool |    838 MiB |   1032 MiB |    111 TiB |    111 TiB |
|---------------------------------------------------------------------------|
| Requested memory      |   3909 MiB |   6461 MiB |   2549 TiB |   2549 TiB |
|       from large pool |   3070 MiB |   5525 MiB |   2438 TiB |   2438 TiB |
|       from small pool |    838 MiB |   1032 MiB |    111 TiB |    111 TiB |
|---------------------------------------------------------------------------|
| GPU reserved memory   |   7640 MiB |   7640 MiB |   7640 MiB |      0 B   |
|       from large pool |   6600 MiB |   6600 MiB |   6600 MiB |      0 B   |
|       from small pool |   1040 MiB |   1040 MiB |   1040 MiB |      0 B   |
|---------------------------------------------------------------------------|
| Non-releasable memory |   1116 MiB |   1475 MiB |   2579 TiB |   2579 TiB |
|       from large pool |   1081 MiB |   1448 MiB |   2461 TiB |   2461 TiB |
|       from small pool |     35 MiB |     88 MiB |    118 TiB |    118 TiB |
|---------------------------------------------------------------------------|
| Allocations           |    4000    |    4935    |  383664 K  |  383660 K  |
|       from large pool |     203    |     291    |  129865 K  |  129865 K  |
|       from small pool |    3797    |    4682    |  253798 K  |  253794 K  |
|---------------------------------------------------------------------------|
| Active allocs         |    4000    |    4935    |  383664 K  |  383660 K  |
|       from large pool |     203    |     291    |  129865 K  |  129865 K  |
|       from small pool |    3797    |    4682    |  253798 K  |  253794 K  |
|---------------------------------------------------------------------------|
| GPU reserved segments |     591    |     591    |     591    |       0    |
|       from large pool |      71    |      71    |      71    |       0    |
|       from small pool |     520    |     520    |     520    |       0    |
|---------------------------------------------------------------------------|
| Non-releasable allocs |     109    |     289    |  236818 K  |  236818 K  |
|       from large pool |      21    |      43    |   62065 K  |   62065 K  |
|       from small pool |      88    |     259    |  174753 K  |  174752 K  |
|---------------------------------------------------------------------------|
| Oversize allocations  |       0    |       0    |       0    |       0    |
|---------------------------------------------------------------------------|
| Oversize GPU segments |       0    |       0    |       0    |       0    |
|===========================================================================|

2026-09-08 07:08:55,076 - 第30100次train 完成, 本轮100次训练耗时 167.1 秒, 累计训练耗时 839.7 分钟, 当前学习率 3.24e-05
2026-09-08 07:11:42,185 - 第30200次train 完成, 本轮100次训练耗时 167.1 秒, 累计训练耗时 842.4 分钟, 当前学习率 3.21e-05
2026-09-08 07:14:29,320 - 第30300次train 完成, 本轮100次训练耗时 167.1 秒, 累计训练耗时 845.2 分钟, 当前学习率 3.19e-05
2026-09-08 07:17:16,492 - 第30400次train 完成, 本轮100次训练耗时 167.2 秒, 累计训练耗时 848.0 分钟, 当前学习率 3.17e-05
2026-09-08 07:17:29,899 - 第30400次训练后loss评估: train loss 3.1902, val loss 3.3260, loss评估耗时 13.4 秒
2026-09-08 07:20:17,092 - 第30500次train 完成, 本轮100次训练耗时 167.2 秒, 累计训练耗时 850.8 分钟, 当前学习率 3.15e-05
2026-09-08 07:23:04,252 - 第30600次train 完成, 本轮100次训练耗时 167.2 秒, 累计训练耗时 853.6 分钟, 当前学习率 3.13e-05
2026-09-08 07:25:51,474 - 第30700次train 完成, 本轮100次训练耗时 167.2 秒, 累计训练耗时 856.4 分钟, 当前学习率 3.11e-05
2026-09-08 07:28:38,562 - 第30800次train 完成, 本轮100次训练耗时 167.1 秒, 累计训练耗时 859.2 分钟, 当前学习率 3.09e-05
2026-09-08 07:28:51,979 - 第30800次训练后loss评估: train loss 3.2436, val loss 3.2667, loss评估耗时 13.4 秒
2026-09-08 07:31:39,150 - 第30900次train 完成, 本轮100次训练耗时 167.2 秒, 累计训练耗时 861.9 分钟, 当前学习率 3.08e-05
2026-09-08 07:34:26,353 - 第31000次train 完成, 本轮100次训练耗时 167.2 秒, 累计训练耗时 864.7 分钟, 当前学习率 3.07e-05
2026-09-08 07:37:13,708 - 第31100次train 完成, 本轮100次训练耗时 167.4 秒, 累计训练耗时 867.5 分钟, 当前学习率 3.05e-05
2026-09-08 07:40:01,017 - 第31200次train 完成, 本轮100次训练耗时 167.3 秒, 累计训练耗时 870.3 分钟, 当前学习率 3.04e-05
2026-09-08 07:40:14,461 - 第31200次训练后loss评估: train loss 3.2116, val loss 3.3035, loss评估耗时 13.4 秒
2026-09-08 07:43:01,686 - 第31300次train 完成, 本轮100次训练耗时 167.2 秒, 累计训练耗时 873.1 分钟, 当前学习率 3.03e-05
2026-09-08 07:45:48,888 - 第31400次train 完成, 本轮100次训练耗时 167.2 秒, 累计训练耗时 875.9 分钟, 当前学习率 3.02e-05
2026-09-08 07:48:36,042 - 第31500次train 完成, 本轮100次训练耗时 167.2 秒, 累计训练耗时 878.7 分钟, 当前学习率 3.02e-05
2026-09-08 07:51:23,222 - 第31600次train 完成, 本轮100次训练耗时 167.2 秒, 累计训练耗时 881.5 分钟, 当前学习率 3.01e-05
2026-09-08 07:51:36,599 - 第31600次训练后loss评估: train loss 3.2051, val loss 3.2789, loss评估耗时 13.4 秒
2026-09-08 07:54:23,728 - 第31700次train 完成, 本轮100次训练耗时 167.1 秒, 累计训练耗时 884.2 分钟, 当前学习率 3.01e-05
2026-09-08 07:57:10,967 - 第31800次train 完成, 本轮100次训练耗时 167.2 秒, 累计训练耗时 887.0 分钟, 当前学习率 3.00e-05
2026-09-08 07:59:58,211 - 第31900次train 完成, 本轮100次训练耗时 167.2 秒, 累计训练耗时 889.8 分钟, 当前学习率 3.00e-05
2026-09-08 08:02:57,086 - 第31999次训练后loss评估: train loss 3.2140, val loss 3.1784, loss评估耗时 13.4 秒
2026-09-08 08:02:58,149 - val loss 创新低，已保存最优模型: best val 3.1784 @ 第31999步
2026-09-08 08:02:59,770 - 第32000次train 完成, 本轮100次训练耗时 181.6 秒, 累计训练耗时 892.8 分钟, 当前学习率 3.00e-05
2026-09-08 08:02:59,770 - 全部训练完成，总耗时 911.0 分钟，平均每步 1708 毫秒
2026-09-08 10:37:32,378 - 总样本数据 222359308, 训练集 200123392 验证集 22235136 词元表大小:16000
