2026-09-05 20:03:45,733 - 总样本数据 73862951, 训练集 66476032 验证集 7386112 词元表大小:16000
2026-09-05 20:03:47,791 - 234538624 个参数
2026-09-05 20:04:02,992 - 第0次训练后loss评估: train loss 9.8601, val loss 9.8618, loss评估耗时 13.5 秒
2026-09-05 20:04:04,778 - |===========================================================================|
|                  PyTorch CUDA memory summary, device ID 0                 |
|---------------------------------------------------------------------------|
|            CUDA OOMs: 0            |        cudaMalloc retries: 0         |
|===========================================================================|
|        Metric         | Cur Usage  | Peak Usage | Tot Alloc  | Tot Freed  |
|---------------------------------------------------------------------------|
| Allocated memory      |   3909 MiB |   4804 MiB |    867 GiB |    863 GiB |
|       from large pool |   3070 MiB |   3771 MiB |    819 GiB |    816 GiB |
|       from small pool |    838 MiB |   1032 MiB |     48 GiB |     47 GiB |
|---------------------------------------------------------------------------|
| Active memory         |   3909 MiB |   4804 MiB |    867 GiB |    863 GiB |
|       from large pool |   3070 MiB |   3771 MiB |    819 GiB |    816 GiB |
|       from small pool |    838 MiB |   1032 MiB |     48 GiB |     47 GiB |
|---------------------------------------------------------------------------|
| Requested memory      |   3909 MiB |   4803 MiB |    867 GiB |    863 GiB |
|       from large pool |   3070 MiB |   3771 MiB |    819 GiB |    816 GiB |
|       from small pool |    838 MiB |   1032 MiB |     48 GiB |     47 GiB |
|---------------------------------------------------------------------------|
| GPU reserved memory   |   4870 MiB |   4870 MiB |   4870 MiB |      0 B   |
|       from large pool |   3832 MiB |   3832 MiB |   3832 MiB |      0 B   |
|       from small pool |   1038 MiB |   1038 MiB |   1038 MiB |      0 B   |
|---------------------------------------------------------------------------|
| Non-releasable memory | 275300 KiB |   1314 MiB | 668395 MiB | 668126 MiB |
|       from large pool | 268032 KiB |   1294 MiB | 617180 MiB | 616918 MiB |
|       from small pool |   7268 KiB |     75 MiB |  51215 MiB |  51207 MiB |
|---------------------------------------------------------------------------|
| Allocations           |    4000    |    4935    |  131437    |  127437    |
|       from large pool |     203    |     253    |   43741    |   43538    |
|       from small pool |    3797    |    4682    |   87696    |   83899    |
|---------------------------------------------------------------------------|
| Active allocs         |    4000    |    4935    |  131437    |  127437    |
|       from large pool |     203    |     253    |   43741    |   43538    |
|       from small pool |    3797    |    4682    |   87696    |   83899    |
|---------------------------------------------------------------------------|
| GPU reserved segments |     573    |     573    |     573    |       0    |
|       from large pool |      54    |      54    |      54    |       0    |
|       from small pool |     519    |     519    |     519    |       0    |
|---------------------------------------------------------------------------|
| Non-releasable allocs |      66    |     249    |   80871    |   80805    |
|       from large pool |      14    |      24    |   19770    |   19756    |
|       from small pool |      52    |     227    |   61101    |   61049    |
|---------------------------------------------------------------------------|
| Oversize allocations  |       0    |       0    |       0    |       0    |
|---------------------------------------------------------------------------|
| Oversize GPU segments |       0    |       0    |       0    |       0    |
|===========================================================================|

2026-09-05 20:07:03,156 - 第100次train 完成, 本轮100次训练耗时 180.2 秒, 累计训练耗时 3.0 分钟, 当前学习率 3.00e-04
2026-09-05 20:10:02,270 - 第200次train 完成, 本轮100次训练耗时 179.1 秒, 累计训练耗时 6.0 分钟, 当前学习率 3.00e-04
2026-09-05 20:13:00,055 - 第300次train 完成, 本轮100次训练耗时 177.8 秒, 累计训练耗时 9.0 分钟, 当前学习率 3.00e-04
2026-09-05 20:15:58,006 - 第400次train 完成, 本轮100次训练耗时 178.0 秒, 累计训练耗时 11.9 分钟, 当前学习率 3.00e-04
2026-09-05 20:16:11,776 - 第400次训练后loss评估: train loss 6.4434, val loss 6.4217, loss评估耗时 13.8 秒
2026-09-05 20:19:09,062 - 第500次train 完成, 本轮100次训练耗时 177.3 秒, 累计训练耗时 14.9 分钟, 当前学习率 3.00e-04
2026-09-05 20:22:06,746 - 第600次train 完成, 本轮100次训练耗时 177.7 秒, 累计训练耗时 17.8 分钟, 当前学习率 3.00e-04
2026-09-05 20:25:04,516 - 第700次train 完成, 本轮100次训练耗时 177.8 秒, 累计训练耗时 20.8 分钟, 当前学习率 3.00e-04
2026-09-05 20:28:01,510 - 第800次train 完成, 本轮100次训练耗时 177.0 秒, 累计训练耗时 23.7 分钟, 当前学习率 3.00e-04
2026-09-05 20:28:15,221 - 第800次训练后loss评估: train loss 5.7842, val loss 5.7790, loss评估耗时 13.7 秒
2026-09-05 20:31:23,971 - 第900次train 完成, 本轮100次训练耗时 188.8 秒, 累计训练耗时 26.9 分钟, 当前学习率 3.00e-04
2026-09-05 20:34:48,124 - 第1000次train 完成, 本轮100次训练耗时 204.2 秒, 累计训练耗时 30.3 分钟, 当前学习率 2.99e-04
2026-09-05 20:38:11,527 - 第1100次train 完成, 本轮100次训练耗时 203.4 秒, 累计训练耗时 33.7 分钟, 当前学习率 2.99e-04
2026-09-05 20:41:35,724 - 第1200次train 完成, 本轮100次训练耗时 204.2 秒, 累计训练耗时 37.1 分钟, 当前学习率 2.99e-04
2026-09-05 20:41:50,177 - 第1200次训练后loss评估: train loss 5.3697, val loss 5.3599, loss评估耗时 14.5 秒
2026-09-05 20:45:14,065 - 第1300次train 完成, 本轮100次训练耗时 203.9 秒, 累计训练耗时 40.5 分钟, 当前学习率 2.99e-04
2026-09-05 20:48:37,331 - 第1400次train 完成, 本轮100次训练耗时 203.3 秒, 累计训练耗时 43.9 分钟, 当前学习率 2.99e-04
2026-09-05 20:52:01,231 - 第1500次train 完成, 本轮100次训练耗时 203.9 秒, 累计训练耗时 47.3 分钟, 当前学习率 2.99e-04
2026-09-05 20:55:25,300 - 第1600次train 完成, 本轮100次训练耗时 204.1 秒, 累计训练耗时 50.7 分钟, 当前学习率 2.99e-04
2026-09-05 20:55:39,731 - 第1600次训练后loss评估: train loss 5.0272, val loss 5.0443, loss评估耗时 14.4 秒
2026-09-05 20:59:03,181 - 第1700次train 完成, 本轮100次训练耗时 203.5 秒, 累计训练耗时 54.1 分钟, 当前学习率 2.98e-04
2026-09-05 21:02:27,369 - 第1800次train 完成, 本轮100次训练耗时 204.2 秒, 累计训练耗时 57.5 分钟, 当前学习率 2.98e-04
2026-09-05 21:05:51,249 - 第1900次train 完成, 本轮100次训练耗时 203.9 秒, 累计训练耗时 60.9 分钟, 当前学习率 2.98e-04
2026-09-05 21:09:14,654 - 第2000次train 完成, 本轮100次训练耗时 203.4 秒, 累计训练耗时 64.3 分钟, 当前学习率 2.98e-04
2026-09-05 21:09:29,058 - 第2000次训练后loss评估: train loss 4.7954, val loss 4.8430, loss评估耗时 14.4 秒
2026-09-05 21:09:31,022 - |===========================================================================|
|                  PyTorch CUDA memory summary, device ID 0                 |
|---------------------------------------------------------------------------|
|            CUDA OOMs: 0            |        cudaMalloc retries: 0         |
|===========================================================================|
|        Metric         | Cur Usage  | Peak Usage | Tot Alloc  | Tot Freed  |
|---------------------------------------------------------------------------|
| Allocated memory      |   3909 MiB |   6464 MiB | 174947 GiB | 174944 GiB |
|       from large pool |   3070 MiB |   5528 MiB | 167299 GiB | 167296 GiB |
|       from small pool |    838 MiB |   1032 MiB |   7648 GiB |   7647 GiB |
|---------------------------------------------------------------------------|
| Active memory         |   3909 MiB |   6464 MiB | 174947 GiB | 174944 GiB |
|       from large pool |   3070 MiB |   5528 MiB | 167299 GiB | 167296 GiB |
|       from small pool |    838 MiB |   1032 MiB |   7648 GiB |   7647 GiB |
|---------------------------------------------------------------------------|
| Requested memory      |   3909 MiB |   6461 MiB | 174855 GiB | 174851 GiB |
|       from large pool |   3070 MiB |   5525 MiB | 167207 GiB | 167204 GiB |
|       from small pool |    838 MiB |   1032 MiB |   7648 GiB |   7647 GiB |
|---------------------------------------------------------------------------|
| GPU reserved memory   |   7640 MiB |   7640 MiB |   7640 MiB |      0 B   |
|       from large pool |   6600 MiB |   6600 MiB |   6600 MiB |      0 B   |
|       from small pool |   1040 MiB |   1040 MiB |   1040 MiB |      0 B   |
|---------------------------------------------------------------------------|
| Non-releasable memory |   1116 MiB |   1475 MiB | 176440 GiB | 176439 GiB |
|       from large pool |   1081 MiB |   1448 MiB | 168307 GiB | 168306 GiB |
|       from small pool |     35 MiB |     85 MiB |   8132 GiB |   8132 GiB |
|---------------------------------------------------------------------------|
| Allocations           |    4000    |    4935    |   25700 K  |   25696 K  |
|       from large pool |     203    |     291    |    8698 K  |    8698 K  |
|       from small pool |    3797    |    4682    |   17002 K  |   16998 K  |
|---------------------------------------------------------------------------|
| Active allocs         |    4000    |    4935    |   25700 K  |   25696 K  |
|       from large pool |     203    |     291    |    8698 K  |    8698 K  |
|       from small pool |    3797    |    4682    |   17002 K  |   16998 K  |
|---------------------------------------------------------------------------|
| GPU reserved segments |     591    |     591    |     591    |       0    |
|       from large pool |      71    |      71    |      71    |       0    |
|       from small pool |     520    |     520    |     520    |       0    |
|---------------------------------------------------------------------------|
| Non-releasable allocs |     109    |     289    |   15895 K  |   15895 K  |
|       from large pool |      21    |      43    |    4162 K  |    4162 K  |
|       from small pool |      88    |     260    |   11733 K  |   11732 K  |
|---------------------------------------------------------------------------|
| Oversize allocations  |       0    |       0    |       0    |       0    |
|---------------------------------------------------------------------------|
| Oversize GPU segments |       0    |       0    |       0    |       0    |
|===========================================================================|

2026-09-05 21:12:52,781 - 第2100次train 完成, 本轮100次训练耗时 203.7 秒, 累计训练耗时 67.7 分钟, 当前学习率 2.97e-04
2026-09-05 21:16:16,264 - 第2200次train 完成, 本轮100次训练耗时 203.5 秒, 累计训练耗时 71.0 分钟, 当前学习率 2.97e-04
2026-09-05 21:19:39,706 - 第2300次train 完成, 本轮100次训练耗时 203.4 秒, 累计训练耗时 74.4 分钟, 当前学习率 2.97e-04
2026-09-05 21:23:03,509 - 第2400次train 完成, 本轮100次训练耗时 203.8 秒, 累计训练耗时 77.8 分钟, 当前学习率 2.97e-04
2026-09-05 21:23:17,915 - 第2400次训练后loss评估: train loss 4.6622, val loss 4.6790, loss评估耗时 14.4 秒
2026-09-05 21:26:41,907 - 第2500次train 完成, 本轮100次训练耗时 204.0 秒, 累计训练耗时 81.2 分钟, 当前学习率 2.96e-04
2026-09-05 21:30:05,460 - 第2600次train 完成, 本轮100次训练耗时 203.6 秒, 累计训练耗时 84.6 分钟, 当前学习率 2.96e-04
2026-09-05 21:33:29,075 - 第2700次train 完成, 本轮100次训练耗时 203.6 秒, 累计训练耗时 88.0 分钟, 当前学习率 2.96e-04
2026-09-05 21:36:52,865 - 第2800次train 完成, 本轮100次训练耗时 203.8 秒, 累计训练耗时 91.4 分钟, 当前学习率 2.95e-04
2026-09-05 21:37:07,213 - 第2800次训练后loss评估: train loss 4.5311, val loss 4.5403, loss评估耗时 14.3 秒
2026-09-05 21:40:30,395 - 第2900次train 完成, 本轮100次训练耗时 203.2 秒, 累计训练耗时 94.8 分钟, 当前学习率 2.95e-04
2026-09-05 21:43:54,286 - 第3000次train 完成, 本轮100次训练耗时 203.9 秒, 累计训练耗时 98.2 分钟, 当前学习率 2.95e-04
2026-09-05 21:47:18,511 - 第3100次train 完成, 本轮100次训练耗时 204.2 秒, 累计训练耗时 101.6 分钟, 当前学习率 2.94e-04
2026-09-05 21:50:42,009 - 第3200次train 完成, 本轮100次训练耗时 203.5 秒, 累计训练耗时 105.0 分钟, 当前学习率 2.94e-04
2026-09-05 21:50:56,358 - 第3200次训练后loss评估: train loss 4.4082, val loss 4.4640, loss评估耗时 14.3 秒
2026-09-05 21:54:20,307 - 第3300次train 完成, 本轮100次训练耗时 203.9 秒, 累计训练耗时 108.4 分钟, 当前学习率 2.93e-04
2026-09-05 21:57:44,425 - 第3400次train 完成, 本轮100次训练耗时 204.1 秒, 累计训练耗时 111.8 分钟, 当前学习率 2.93e-04
2026-09-05 22:01:08,168 - 第3500次train 完成, 本轮100次训练耗时 203.7 秒, 累计训练耗时 115.2 分钟, 当前学习率 2.93e-04
2026-09-05 22:04:31,563 - 第3600次train 完成, 本轮100次训练耗时 203.4 秒, 累计训练耗时 118.6 分钟, 当前学习率 2.92e-04
2026-09-05 22:04:46,094 - 第3600次训练后loss评估: train loss 4.3286, val loss 4.3572, loss评估耗时 14.5 秒
2026-09-05 22:08:09,711 - 第3700次train 完成, 本轮100次训练耗时 203.6 秒, 累计训练耗时 122.0 分钟, 当前学习率 2.92e-04
2026-09-05 22:11:33,125 - 第3800次train 完成, 本轮100次训练耗时 203.4 秒, 累计训练耗时 125.4 分钟, 当前学习率 2.91e-04
2026-09-05 22:14:56,912 - 第3900次train 完成, 本轮100次训练耗时 203.8 秒, 累计训练耗时 128.8 分钟, 当前学习率 2.91e-04
2026-09-05 22:18:20,767 - 第4000次train 完成, 本轮100次训练耗时 203.9 秒, 累计训练耗时 132.2 分钟, 当前学习率 2.90e-04
2026-09-05 22:18:35,189 - 第4000次训练后loss评估: train loss 4.2529, val loss 4.2898, loss评估耗时 14.4 秒
2026-09-05 22:18:37,061 - |===========================================================================|
|                  PyTorch CUDA memory summary, device ID 0                 |
|---------------------------------------------------------------------------|
|            CUDA OOMs: 0            |        cudaMalloc retries: 0         |
|===========================================================================|
|        Metric         | Cur Usage  | Peak Usage | Tot Alloc  | Tot Freed  |
|---------------------------------------------------------------------------|
| Allocated memory      |   3909 MiB |   6464 MiB | 348991 GiB | 348987 GiB |
|       from large pool |   3070 MiB |   5528 MiB | 333742 GiB | 333739 GiB |
|       from small pool |    838 MiB |   1032 MiB |  15248 GiB |  15247 GiB |
|---------------------------------------------------------------------------|
| Active memory         |   3909 MiB |   6464 MiB | 348991 GiB | 348987 GiB |
|       from large pool |   3070 MiB |   5528 MiB | 333742 GiB | 333739 GiB |
|       from small pool |    838 MiB |   1032 MiB |  15248 GiB |  15247 GiB |
|---------------------------------------------------------------------------|
| Requested memory      |   3909 MiB |   6461 MiB | 348843 GiB | 348839 GiB |
|       from large pool |   3070 MiB |   5525 MiB | 333595 GiB | 333592 GiB |
|       from small pool |    838 MiB |   1032 MiB |  15248 GiB |  15247 GiB |
|---------------------------------------------------------------------------|
| GPU reserved memory   |   7640 MiB |   7640 MiB |   7640 MiB |      0 B   |
|       from large pool |   6600 MiB |   6600 MiB |   6600 MiB |      0 B   |
|       from small pool |   1040 MiB |   1040 MiB |   1040 MiB |      0 B   |
|---------------------------------------------------------------------------|
| Non-releasable memory |   1116 MiB |   1475 MiB | 352515 GiB | 352514 GiB |
|       from large pool |   1081 MiB |   1448 MiB | 336300 GiB | 336299 GiB |
|       from small pool |     35 MiB |     85 MiB |  16215 GiB |  16215 GiB |
|---------------------------------------------------------------------------|
| Allocations           |    4000    |    4935    |   51270 K  |   51266 K  |
|       from large pool |     203    |     291    |   17353 K  |   17353 K  |
|       from small pool |    3797    |    4682    |   33916 K  |   33913 K  |
|---------------------------------------------------------------------------|
| Active allocs         |    4000    |    4935    |   51270 K  |   51266 K  |
|       from large pool |     203    |     291    |   17353 K  |   17353 K  |
|       from small pool |    3797    |    4682    |   33916 K  |   33913 K  |
|---------------------------------------------------------------------------|
| GPU reserved segments |     591    |     591    |     591    |       0    |
|       from large pool |      71    |      71    |      71    |       0    |
|       from small pool |     520    |     520    |     520    |       0    |
|---------------------------------------------------------------------------|
| Non-releasable allocs |     110    |     289    |   31708 K  |   31708 K  |
|       from large pool |      21    |      43    |    8301 K  |    8301 K  |
|       from small pool |      89    |     260    |   23407 K  |   23407 K  |
|---------------------------------------------------------------------------|
| Oversize allocations  |       0    |       0    |       0    |       0    |
|---------------------------------------------------------------------------|
| Oversize GPU segments |       0    |       0    |       0    |       0    |
|===========================================================================|

2026-09-05 22:21:58,333 - 第4100次train 完成, 本轮100次训练耗时 203.1 秒, 累计训练耗时 135.5 分钟, 当前学习率 2.90e-04
2026-09-05 22:25:21,868 - 第4200次train 完成, 本轮100次训练耗时 203.5 秒, 累计训练耗时 138.9 分钟, 当前学习率 2.89e-04
2026-09-05 22:28:45,853 - 第4300次train 完成, 本轮100次训练耗时 204.0 秒, 累计训练耗时 142.3 分钟, 当前学习率 2.89e-04
2026-09-05 22:32:09,846 - 第4400次train 完成, 本轮100次训练耗时 204.0 秒, 累计训练耗时 145.7 分钟, 当前学习率 2.88e-04
2026-09-05 22:32:24,149 - 第4400次训练后loss评估: train loss 4.2351, val loss 4.2481, loss评估耗时 14.3 秒
2026-09-05 22:35:48,117 - 第4500次train 完成, 本轮100次训练耗时 204.0 秒, 累计训练耗时 149.1 分钟, 当前学习率 2.88e-04
2026-09-05 22:39:12,031 - 第4600次train 完成, 本轮100次训练耗时 203.9 秒, 累计训练耗时 152.5 分钟, 当前学习率 2.87e-04
2026-09-05 22:42:35,800 - 第4700次train 完成, 本轮100次训练耗时 203.8 秒, 累计训练耗时 155.9 分钟, 当前学习率 2.86e-04
2026-09-05 22:45:59,839 - 第4800次train 完成, 本轮100次训练耗时 204.0 秒, 累计训练耗时 159.3 分钟, 当前学习率 2.86e-04
2026-09-05 22:46:14,271 - 第4800次训练后loss评估: train loss 4.1557, val loss 4.1926, loss评估耗时 14.4 秒
2026-09-05 22:49:38,067 - 第4900次train 完成, 本轮100次训练耗时 203.8 秒, 累计训练耗时 162.7 分钟, 当前学习率 2.85e-04
2026-09-05 22:53:01,368 - 第5000次train 完成, 本轮100次训练耗时 203.3 秒, 累计训练耗时 166.1 分钟, 当前学习率 2.85e-04
2026-09-05 22:56:25,243 - 第5100次train 完成, 本轮100次训练耗时 203.9 秒, 累计训练耗时 169.5 分钟, 当前学习率 2.84e-04
2026-09-05 22:59:49,167 - 第5200次train 完成, 本轮100次训练耗时 203.9 秒, 累计训练耗时 172.9 分钟, 当前学习率 2.83e-04
2026-09-05 23:00:03,822 - 第5200次训练后loss评估: train loss 4.0693, val loss 4.1658, loss评估耗时 14.7 秒
2026-09-05 23:03:27,008 - 第5300次train 完成, 本轮100次训练耗时 203.2 秒, 累计训练耗时 176.3 分钟, 当前学习率 2.83e-04
2026-09-05 23:06:51,155 - 第5400次train 完成, 本轮100次训练耗时 204.1 秒, 累计训练耗时 179.7 分钟, 当前学习率 2.82e-04
2026-09-05 23:10:15,236 - 第5500次train 完成, 本轮100次训练耗时 204.1 秒, 累计训练耗时 183.1 分钟, 当前学习率 2.81e-04
2026-09-05 23:13:38,588 - 第5600次train 完成, 本轮100次训练耗时 203.4 秒, 累计训练耗时 186.5 分钟, 当前学习率 2.81e-04
2026-09-05 23:13:52,925 - 第5600次训练后loss评估: train loss 4.0479, val loss 4.1111, loss评估耗时 14.3 秒
2026-09-05 23:17:16,549 - 第5700次train 完成, 本轮100次训练耗时 203.6 秒, 累计训练耗时 189.9 分钟, 当前学习率 2.80e-04
2026-09-05 23:20:40,583 - 第5800次train 完成, 本轮100次训练耗时 204.0 秒, 累计训练耗时 193.3 分钟, 当前学习率 2.79e-04
2026-09-05 23:24:04,128 - 第5900次train 完成, 本轮100次训练耗时 203.5 秒, 累计训练耗时 196.7 分钟, 当前学习率 2.79e-04
2026-09-05 23:27:28,281 - 第6000次train 完成, 本轮100次训练耗时 204.2 秒, 累计训练耗时 200.1 分钟, 当前学习率 2.78e-04
2026-09-05 23:27:43,879 - 第6000次训练后loss评估: train loss 4.0145, val loss 4.1150, loss评估耗时 14.4 秒
2026-09-05 23:27:45,904 - |===========================================================================|
|                  PyTorch CUDA memory summary, device ID 0                 |
|---------------------------------------------------------------------------|
|            CUDA OOMs: 0            |        cudaMalloc retries: 0         |
|===========================================================================|
|        Metric         | Cur Usage  | Peak Usage | Tot Alloc  | Tot Freed  |
|---------------------------------------------------------------------------|
| Allocated memory      |   3909 MiB |   6464 MiB | 523034 GiB | 523030 GiB |
|       from large pool |   3070 MiB |   5528 MiB | 500186 GiB | 500183 GiB |
|       from small pool |    838 MiB |   1032 MiB |  22848 GiB |  22847 GiB |
|---------------------------------------------------------------------------|
| Active memory         |   3909 MiB |   6464 MiB | 523034 GiB | 523030 GiB |
|       from large pool |   3070 MiB |   5528 MiB | 500186 GiB | 500183 GiB |
|       from small pool |    838 MiB |   1032 MiB |  22848 GiB |  22847 GiB |
|---------------------------------------------------------------------------|
| Requested memory      |   3909 MiB |   6461 MiB | 522831 GiB | 522827 GiB |
|       from large pool |   3070 MiB |   5525 MiB | 499983 GiB | 499980 GiB |
|       from small pool |    838 MiB |   1032 MiB |  22848 GiB |  22847 GiB |
|---------------------------------------------------------------------------|
| GPU reserved memory   |   7640 MiB |   7640 MiB |   7640 MiB |      0 B   |
|       from large pool |   6600 MiB |   6600 MiB |   6600 MiB |      0 B   |
|       from small pool |   1040 MiB |   1040 MiB |   1040 MiB |      0 B   |
|---------------------------------------------------------------------------|
| Non-releasable memory |   1116 MiB |   1475 MiB | 528591 GiB | 528590 GiB |
|       from large pool |   1081 MiB |   1448 MiB | 504293 GiB | 504292 GiB |
|       from small pool |     35 MiB |     85 MiB |  24298 GiB |  24298 GiB |
|---------------------------------------------------------------------------|
| Allocations           |    4000    |    4935    |   76839 K  |   76835 K  |
|       from large pool |     203    |     291    |   26008 K  |   26007 K  |
|       from small pool |    3797    |    4682    |   50831 K  |   50827 K  |
|---------------------------------------------------------------------------|
| Active allocs         |    4000    |    4935    |   76839 K  |   76835 K  |
|       from large pool |     203    |     291    |   26008 K  |   26007 K  |
|       from small pool |    3797    |    4682    |   50831 K  |   50827 K  |
|---------------------------------------------------------------------------|
| GPU reserved segments |     591    |     591    |     591    |       0    |
|       from large pool |      71    |      71    |      71    |       0    |
|       from small pool |     520    |     520    |     520    |       0    |
|---------------------------------------------------------------------------|
| Non-releasable allocs |     110    |     289    |   47527 K  |   47527 K  |
|       from large pool |      21    |      43    |   12439 K  |   12439 K  |
|       from small pool |      89    |     260    |   35087 K  |   35087 K  |
|---------------------------------------------------------------------------|
| Oversize allocations  |       0    |       0    |       0    |       0    |
|---------------------------------------------------------------------------|
| Oversize GPU segments |       0    |       0    |       0    |       0    |
|===========================================================================|

2026-09-05 23:31:08,204 - 第6100次train 完成, 本轮100次训练耗时 204.3 秒, 累计训练耗时 203.5 分钟, 当前学习率 2.77e-04
2026-09-05 23:34:31,914 - 第6200次train 完成, 本轮100次训练耗时 203.7 秒, 累计训练耗时 206.9 分钟, 当前学习率 2.76e-04
2026-09-05 23:37:55,711 - 第6300次train 完成, 本轮100次训练耗时 203.8 秒, 累计训练耗时 210.3 分钟, 当前学习率 2.76e-04
2026-09-05 23:41:19,612 - 第6400次train 完成, 本轮100次训练耗时 203.9 秒, 累计训练耗时 213.7 分钟, 当前学习率 2.75e-04
2026-09-05 23:41:34,176 - 第6400次训练后loss评估: train loss 3.9720, val loss 4.1041, loss评估耗时 14.6 秒
2026-09-05 23:44:57,377 - 第6500次train 完成, 本轮100次训练耗时 203.2 秒, 累计训练耗时 217.1 分钟, 当前学习率 2.74e-04
2026-09-05 23:48:21,353 - 第6600次train 完成, 本轮100次训练耗时 204.0 秒, 累计训练耗时 220.5 分钟, 当前学习率 2.73e-04
2026-09-05 23:51:45,081 - 第6700次train 完成, 本轮100次训练耗时 203.7 秒, 累计训练耗时 223.9 分钟, 当前学习率 2.72e-04
2026-09-05 23:55:08,728 - 第6800次train 完成, 本轮100次训练耗时 203.6 秒, 累计训练耗时 227.2 分钟, 当前学习率 2.72e-04
2026-09-05 23:55:23,075 - 第6800次训练后loss评估: train loss 3.9708, val loss 4.0181, loss评估耗时 14.3 秒
2026-09-05 23:58:46,878 - 第6900次train 完成, 本轮100次训练耗时 203.8 秒, 累计训练耗时 230.6 分钟, 当前学习率 2.71e-04
2026-09-06 00:02:11,016 - 第7000次train 完成, 本轮100次训练耗时 204.1 秒, 累计训练耗时 234.0 分钟, 当前学习率 2.70e-04
2026-09-06 00:05:34,939 - 第7100次train 完成, 本轮100次训练耗时 203.9 秒, 累计训练耗时 237.4 分钟, 当前学习率 2.69e-04
2026-09-06 00:08:59,101 - 第7200次train 完成, 本轮100次训练耗时 204.2 秒, 累计训练耗时 240.9 分钟, 当前学习率 2.68e-04
2026-09-06 00:09:13,549 - 第7200次训练后loss评估: train loss 3.9440, val loss 4.0175, loss评估耗时 14.4 秒
2026-09-06 00:12:37,290 - 第7300次train 完成, 本轮100次训练耗时 203.7 秒, 累计训练耗时 244.2 分钟, 当前学习率 2.67e-04
2026-09-06 00:16:00,924 - 第7400次train 完成, 本轮100次训练耗时 203.6 秒, 累计训练耗时 247.6 分钟, 当前学习率 2.67e-04
2026-09-06 00:19:24,451 - 第7500次train 完成, 本轮100次训练耗时 203.5 秒, 累计训练耗时 251.0 分钟, 当前学习率 2.66e-04
2026-09-06 00:22:48,551 - 第7600次train 完成, 本轮100次训练耗时 204.1 秒, 累计训练耗时 254.4 分钟, 当前学习率 2.65e-04
2026-09-06 00:23:02,870 - 第7600次训练后loss评估: train loss 3.9117, val loss 4.0134, loss评估耗时 14.3 秒
2026-09-06 00:26:26,285 - 第7700次train 完成, 本轮100次训练耗时 203.4 秒, 累计训练耗时 257.8 分钟, 当前学习率 2.64e-04
2026-09-06 00:29:49,995 - 第7800次train 完成, 本轮100次训练耗时 203.7 秒, 累计训练耗时 261.2 分钟, 当前学习率 2.63e-04
2026-09-06 00:33:14,022 - 第7900次train 完成, 本轮100次训练耗时 204.0 秒, 累计训练耗时 264.6 分钟, 当前学习率 2.62e-04
2026-09-06 00:36:37,384 - 第8000次train 完成, 本轮100次训练耗时 203.4 秒, 累计训练耗时 268.0 分钟, 当前学习率 2.61e-04
2026-09-06 00:36:51,839 - 第8000次训练后loss评估: train loss 3.8665, val loss 3.9858, loss评估耗时 14.5 秒
2026-09-06 00:36:53,738 - |===========================================================================|
|                  PyTorch CUDA memory summary, device ID 0                 |
|---------------------------------------------------------------------------|
|            CUDA OOMs: 0            |        cudaMalloc retries: 0         |
|===========================================================================|
|        Metric         | Cur Usage  | Peak Usage | Tot Alloc  | Tot Freed  |
|---------------------------------------------------------------------------|
| Allocated memory      |   3909 MiB |   6464 MiB | 697077 GiB | 697073 GiB |
|       from large pool |   3070 MiB |   5528 MiB | 666629 GiB | 666626 GiB |
|       from small pool |    838 MiB |   1032 MiB |  30448 GiB |  30447 GiB |
|---------------------------------------------------------------------------|
| Active memory         |   3909 MiB |   6464 MiB | 697077 GiB | 697073 GiB |
|       from large pool |   3070 MiB |   5528 MiB | 666629 GiB | 666626 GiB |
|       from small pool |    838 MiB |   1032 MiB |  30448 GiB |  30447 GiB |
|---------------------------------------------------------------------------|
| Requested memory      |   3909 MiB |   6461 MiB | 696819 GiB | 696815 GiB |
|       from large pool |   3070 MiB |   5525 MiB | 666371 GiB | 666368 GiB |
|       from small pool |    838 MiB |   1032 MiB |  30448 GiB |  30447 GiB |
|---------------------------------------------------------------------------|
| GPU reserved memory   |   7640 MiB |   7640 MiB |   7640 MiB |      0 B   |
|       from large pool |   6600 MiB |   6600 MiB |   6600 MiB |      0 B   |
|       from small pool |   1040 MiB |   1040 MiB |   1040 MiB |      0 B   |
|---------------------------------------------------------------------------|
| Non-releasable memory |   1116 MiB |   1475 MiB | 704666 GiB | 704665 GiB |
|       from large pool |   1081 MiB |   1448 MiB | 672285 GiB | 672284 GiB |
|       from small pool |     35 MiB |     85 MiB |  32380 GiB |  32380 GiB |
|---------------------------------------------------------------------------|
| Allocations           |    4000    |    4935    |  102409 K  |  102405 K  |
|       from large pool |     203    |     291    |   34662 K  |   34662 K  |
|       from small pool |    3797    |    4682    |   67746 K  |   67742 K  |
|---------------------------------------------------------------------------|
| Active allocs         |    4000    |    4935    |  102409 K  |  102405 K  |
|       from large pool |     203    |     291    |   34662 K  |   34662 K  |
|       from small pool |    3797    |    4682    |   67746 K  |   67742 K  |
|---------------------------------------------------------------------------|
| GPU reserved segments |     591    |     591    |     591    |       0    |
|       from large pool |      71    |      71    |      71    |       0    |
|       from small pool |     520    |     520    |     520    |       0    |
|---------------------------------------------------------------------------|
| Non-releasable allocs |     109    |     289    |   63342 K  |   63342 K  |
|       from large pool |      21    |      43    |   16578 K  |   16578 K  |
|       from small pool |      88    |     260    |   46764 K  |   46764 K  |
|---------------------------------------------------------------------------|
| Oversize allocations  |       0    |       0    |       0    |       0    |
|---------------------------------------------------------------------------|
| Oversize GPU segments |       0    |       0    |       0    |       0    |
|===========================================================================|

2026-09-06 00:40:15,683 - 第8100次train 完成, 本轮100次训练耗时 203.8 秒, 累计训练耗时 271.4 分钟, 当前学习率 2.60e-04
2026-09-06 00:43:40,041 - 第8200次train 完成, 本轮100次训练耗时 204.4 秒, 累计训练耗时 274.8 分钟, 当前学习率 2.59e-04
2026-09-06 00:47:03,761 - 第8300次train 完成, 本轮100次训练耗时 203.7 秒, 累计训练耗时 278.2 分钟, 当前学习率 2.58e-04
2026-09-06 00:50:27,775 - 第8400次train 完成, 本轮100次训练耗时 204.0 秒, 累计训练耗时 281.6 分钟, 当前学习率 2.57e-04
2026-09-06 00:50:42,178 - 第8400次训练后loss评估: train loss 3.8094, val loss 3.9685, loss评估耗时 14.4 秒
2026-09-06 00:54:06,030 - 第8500次train 完成, 本轮100次训练耗时 203.9 秒, 累计训练耗时 285.0 分钟, 当前学习率 2.56e-04
2026-09-06 00:57:29,516 - 第8600次train 完成, 本轮100次训练耗时 203.5 秒, 累计训练耗时 288.4 分钟, 当前学习率 2.55e-04
2026-09-06 01:00:53,345 - 第8700次train 完成, 本轮100次训练耗时 203.8 秒, 累计训练耗时 291.8 分钟, 当前学习率 2.54e-04
2026-09-06 01:04:17,327 - 第8800次train 完成, 本轮100次训练耗时 204.0 秒, 累计训练耗时 295.2 分钟, 当前学习率 2.53e-04
2026-09-06 01:04:31,685 - 第8800次训练后loss评估: train loss 3.8306, val loss 3.9336, loss评估耗时 14.4 秒
2026-09-06 01:07:54,966 - 第8900次train 完成, 本轮100次训练耗时 203.3 秒, 累计训练耗时 298.6 分钟, 当前学习率 2.52e-04
2026-09-06 01:11:19,233 - 第9000次train 完成, 本轮100次训练耗时 204.3 秒, 累计训练耗时 302.0 分钟, 当前学习率 2.51e-04
2026-09-06 01:14:42,799 - 第9100次train 完成, 本轮100次训练耗时 203.6 秒, 累计训练耗时 305.4 分钟, 当前学习率 2.50e-04
2026-09-06 01:18:06,120 - 第9200次train 完成, 本轮100次训练耗时 203.3 秒, 累计训练耗时 308.8 分钟, 当前学习率 2.49e-04
2026-09-06 01:18:20,588 - 第9200次训练后loss评估: train loss 3.8090, val loss 3.8934, loss评估耗时 14.5 秒
2026-09-06 01:21:44,297 - 第9300次train 完成, 本轮100次训练耗时 203.7 秒, 累计训练耗时 312.2 分钟, 当前学习率 2.48e-04
2026-09-06 01:25:08,416 - 第9400次train 完成, 本轮100次训练耗时 204.1 秒, 累计训练耗时 315.6 分钟, 当前学习率 2.47e-04
2026-09-06 01:28:31,873 - 第9500次train 完成, 本轮100次训练耗时 203.5 秒, 累计训练耗时 319.0 分钟, 当前学习率 2.46e-04
2026-09-06 01:31:56,374 - 第9600次train 完成, 本轮100次训练耗时 204.5 秒, 累计训练耗时 322.4 分钟, 当前学习率 2.45e-04
2026-09-06 01:32:10,809 - 第9600次训练后loss评估: train loss 3.7858, val loss 3.8815, loss评估耗时 14.4 秒
2026-09-06 01:35:34,473 - 第9700次train 完成, 本轮100次训练耗时 203.7 秒, 累计训练耗时 325.8 分钟, 当前学习率 2.44e-04
2026-09-06 01:38:57,885 - 第9800次train 完成, 本轮100次训练耗时 203.4 秒, 累计训练耗时 329.1 分钟, 当前学习率 2.43e-04
2026-09-06 01:42:21,557 - 第9900次train 完成, 本轮100次训练耗时 203.7 秒, 累计训练耗时 332.5 分钟, 当前学习率 2.42e-04
2026-09-06 01:45:45,684 - 第10000次train 完成, 本轮100次训练耗时 204.1 秒, 累计训练耗时 335.9 分钟, 当前学习率 2.41e-04
2026-09-06 01:45:59,945 - 第10000次训练后loss评估: train loss 3.7664, val loss 3.9071, loss评估耗时 14.3 秒
2026-09-06 01:46:01,822 - |===========================================================================|
|                  PyTorch CUDA memory summary, device ID 0                 |
|---------------------------------------------------------------------------|
|            CUDA OOMs: 0            |        cudaMalloc retries: 0         |
|===========================================================================|
|        Metric         | Cur Usage  | Peak Usage | Tot Alloc  | Tot Freed  |
|---------------------------------------------------------------------------|
| Allocated memory      |   3909 MiB |   6464 MiB |    850 TiB |    850 TiB |
|       from large pool |   3070 MiB |   5528 MiB |    813 TiB |    813 TiB |
|       from small pool |    838 MiB |   1032 MiB |     37 TiB |     37 TiB |
|---------------------------------------------------------------------------|
| Active memory         |   3909 MiB |   6464 MiB |    850 TiB |    850 TiB |
|       from large pool |   3070 MiB |   5528 MiB |    813 TiB |    813 TiB |
|       from small pool |    838 MiB |   1032 MiB |     37 TiB |     37 TiB |
|---------------------------------------------------------------------------|
| Requested memory      |   3909 MiB |   6461 MiB |    850 TiB |    850 TiB |
|       from large pool |   3070 MiB |   5525 MiB |    813 TiB |    813 TiB |
|       from small pool |    838 MiB |   1032 MiB |     37 TiB |     37 TiB |
|---------------------------------------------------------------------------|
| GPU reserved memory   |   7640 MiB |   7640 MiB |   7640 MiB |      0 B   |
|       from large pool |   6600 MiB |   6600 MiB |   6600 MiB |      0 B   |
|       from small pool |   1040 MiB |   1040 MiB |   1040 MiB |      0 B   |
|---------------------------------------------------------------------------|
| Non-releasable memory |   1116 MiB |   1475 MiB |    860 TiB |    860 TiB |
|       from large pool |   1081 MiB |   1448 MiB |    820 TiB |    820 TiB |
|       from small pool |     35 MiB |     85 MiB |     39 TiB |     39 TiB |
|---------------------------------------------------------------------------|
| Allocations           |    4000    |    4935    |  127978 K  |  127974 K  |
|       from large pool |     203    |     291    |   43317 K  |   43317 K  |
|       from small pool |    3797    |    4682    |   84660 K  |   84656 K  |
|---------------------------------------------------------------------------|
| Active allocs         |    4000    |    4935    |  127978 K  |  127974 K  |
|       from large pool |     203    |     291    |   43317 K  |   43317 K  |
|       from small pool |    3797    |    4682    |   84660 K  |   84656 K  |
|---------------------------------------------------------------------------|
| GPU reserved segments |     591    |     591    |     591    |       0    |
|       from large pool |      71    |      71    |      71    |       0    |
|       from small pool |     520    |     520    |     520    |       0    |
|---------------------------------------------------------------------------|
| Non-releasable allocs |     109    |     289    |   79152 K  |   79152 K  |
|       from large pool |      21    |      43    |   20716 K  |   20716 K  |
|       from small pool |      88    |     260    |   58436 K  |   58436 K  |
|---------------------------------------------------------------------------|
| Oversize allocations  |       0    |       0    |       0    |       0    |
|---------------------------------------------------------------------------|
| Oversize GPU segments |       0    |       0    |       0    |       0    |
|===========================================================================|

2026-09-06 01:49:23,227 - 第10100次train 完成, 本轮100次训练耗时 203.3 秒, 累计训练耗时 339.3 分钟, 当前学习率 2.40e-04
2026-09-06 01:52:47,093 - 第10200次train 完成, 本轮100次训练耗时 203.9 秒, 累计训练耗时 342.7 分钟, 当前学习率 2.39e-04
2026-09-06 01:56:10,991 - 第10300次train 完成, 本轮100次训练耗时 203.9 秒, 累计训练耗时 346.1 分钟, 当前学习率 2.37e-04
2026-09-06 01:59:34,559 - 第10400次train 完成, 本轮100次训练耗时 203.6 秒, 累计训练耗时 349.5 分钟, 当前学习率 2.36e-04
2026-09-06 01:59:48,960 - 第10400次训练后loss评估: train loss 3.7467, val loss 3.8926, loss评估耗时 14.4 秒
2026-09-06 02:03:13,342 - 第10500次train 完成, 本轮100次训练耗时 204.4 秒, 累计训练耗时 352.9 分钟, 当前学习率 2.35e-04
2026-09-06 02:06:37,688 - 第10600次train 完成, 本轮100次训练耗时 204.3 秒, 累计训练耗时 356.3 分钟, 当前学习率 2.34e-04
2026-09-06 02:10:01,130 - 第10700次train 完成, 本轮100次训练耗时 203.4 秒, 累计训练耗时 359.7 分钟, 当前学习率 2.33e-04
2026-09-06 02:13:25,074 - 第10800次train 完成, 本轮100次训练耗时 203.9 秒, 累计训练耗时 363.1 分钟, 当前学习率 2.32e-04
2026-09-06 02:13:39,558 - 第10800次训练后loss评估: train loss 3.7226, val loss 3.8581, loss评估耗时 14.5 秒
2026-09-06 02:17:03,499 - 第10900次train 完成, 本轮100次训练耗时 203.9 秒, 累计训练耗时 366.5 分钟, 当前学习率 2.31e-04
2026-09-06 02:20:27,194 - 第11000次train 完成, 本轮100次训练耗时 203.7 秒, 累计训练耗时 369.9 分钟, 当前学习率 2.29e-04
2026-09-06 02:23:51,012 - 第11100次train 完成, 本轮100次训练耗时 203.8 秒, 累计训练耗时 373.3 分钟, 当前学习率 2.28e-04
2026-09-06 02:27:14,951 - 第11200次train 完成, 本轮100次训练耗时 203.9 秒, 累计训练耗时 376.7 分钟, 当前学习率 2.27e-04
2026-09-06 02:27:29,354 - 第11200次训练后loss评估: train loss 3.7053, val loss 3.8152, loss评估耗时 14.4 秒
2026-09-06 02:30:52,893 - 第11300次train 完成, 本轮100次训练耗时 203.5 秒, 累计训练耗时 380.1 分钟, 当前学习率 2.26e-04
2026-09-06 02:34:16,575 - 第11400次train 完成, 本轮100次训练耗时 203.7 秒, 累计训练耗时 383.5 分钟, 当前学习率 2.25e-04
2026-09-06 02:37:40,402 - 第11500次train 完成, 本轮100次训练耗时 203.8 秒, 累计训练耗时 386.9 分钟, 当前学习率 2.24e-04
2026-09-06 02:41:03,630 - 第11600次train 完成, 本轮100次训练耗时 203.2 秒, 累计训练耗时 390.3 分钟, 当前学习率 2.22e-04
2026-09-06 02:41:18,030 - 第11600次训练后loss评估: train loss 3.7028, val loss 3.8150, loss评估耗时 14.4 秒
2026-09-06 02:44:41,903 - 第11700次train 完成, 本轮100次训练耗时 203.9 秒, 累计训练耗时 393.7 分钟, 当前学习率 2.21e-04
2026-09-06 02:48:05,696 - 第11800次train 完成, 本轮100次训练耗时 203.8 秒, 累计训练耗时 397.1 分钟, 当前学习率 2.20e-04
2026-09-06 02:51:29,087 - 第11900次train 完成, 本轮100次训练耗时 203.4 秒, 累计训练耗时 400.5 分钟, 当前学习率 2.19e-04
2026-09-06 02:54:52,817 - 第12000次train 完成, 本轮100次训练耗时 203.7 秒, 累计训练耗时 403.9 分钟, 当前学习率 2.17e-04
2026-09-06 02:55:08,794 - 第12000次训练后loss评估: train loss 3.6720, val loss 3.8486, loss评估耗时 14.5 秒
2026-09-06 02:55:10,813 - |===========================================================================|
|                  PyTorch CUDA memory summary, device ID 0                 |
|---------------------------------------------------------------------------|
|            CUDA OOMs: 0            |        cudaMalloc retries: 0         |
|===========================================================================|
|        Metric         | Cur Usage  | Peak Usage | Tot Alloc  | Tot Freed  |
|---------------------------------------------------------------------------|
| Allocated memory      |   3909 MiB |   6464 MiB |   1020 TiB |   1020 TiB |
|       from large pool |   3070 MiB |   5528 MiB |    976 TiB |    976 TiB |
|       from small pool |    838 MiB |   1032 MiB |     44 TiB |     44 TiB |
|---------------------------------------------------------------------------|
| Active memory         |   3909 MiB |   6464 MiB |   1020 TiB |   1020 TiB |
|       from large pool |   3070 MiB |   5528 MiB |    976 TiB |    976 TiB |
|       from small pool |    838 MiB |   1032 MiB |     44 TiB |     44 TiB |
|---------------------------------------------------------------------------|
| Requested memory      |   3909 MiB |   6461 MiB |   1020 TiB |   1020 TiB |
|       from large pool |   3070 MiB |   5525 MiB |    975 TiB |    975 TiB |
|       from small pool |    838 MiB |   1032 MiB |     44 TiB |     44 TiB |
|---------------------------------------------------------------------------|
| GPU reserved memory   |   7640 MiB |   7640 MiB |   7640 MiB |      0 B   |
|       from large pool |   6600 MiB |   6600 MiB |   6600 MiB |      0 B   |
|       from small pool |   1040 MiB |   1040 MiB |   1040 MiB |      0 B   |
|---------------------------------------------------------------------------|
| Non-releasable memory |   1116 MiB |   1475 MiB |   1032 TiB |   1032 TiB |
|       from large pool |   1081 MiB |   1448 MiB |    984 TiB |    984 TiB |
|       from small pool |     35 MiB |     85 MiB |     47 TiB |     47 TiB |
|---------------------------------------------------------------------------|
| Allocations           |    4000    |    4935    |  153547 K  |  153543 K  |
|       from large pool |     203    |     291    |   51972 K  |   51972 K  |
|       from small pool |    3797    |    4682    |  101575 K  |  101571 K  |
|---------------------------------------------------------------------------|
| Active allocs         |    4000    |    4935    |  153547 K  |  153543 K  |
|       from large pool |     203    |     291    |   51972 K  |   51972 K  |
|       from small pool |    3797    |    4682    |  101575 K  |  101571 K  |
|---------------------------------------------------------------------------|
| GPU reserved segments |     591    |     591    |     591    |       0    |
|       from large pool |      71    |      71    |      71    |       0    |
|       from small pool |     520    |     520    |     520    |       0    |
|---------------------------------------------------------------------------|
| Non-releasable allocs |     108    |     289    |   94969 K  |   94968 K  |
|       from large pool |      21    |      43    |   24855 K  |   24854 K  |
|       from small pool |      87    |     260    |   70114 K  |   70113 K  |
|---------------------------------------------------------------------------|
| Oversize allocations  |       0    |       0    |       0    |       0    |
|---------------------------------------------------------------------------|
| Oversize GPU segments |       0    |       0    |       0    |       0    |
|===========================================================================|

2026-09-06 02:58:32,673 - 第12100次train 完成, 本轮100次训练耗时 203.9 秒, 累计训练耗时 407.3 分钟, 当前学习率 2.16e-04
2026-09-06 03:01:56,602 - 第12200次train 完成, 本轮100次训练耗时 203.9 秒, 累计训练耗时 410.7 分钟, 当前学习率 2.15e-04
2026-09-06 03:05:20,339 - 第12300次train 完成, 本轮100次训练耗时 203.7 秒, 累计训练耗时 414.1 分钟, 当前学习率 2.14e-04
2026-09-06 03:08:44,376 - 第12400次train 完成, 本轮100次训练耗时 204.0 秒, 累计训练耗时 417.5 分钟, 当前学习率 2.13e-04
2026-09-06 03:08:58,768 - 第12400次训练后loss评估: train loss 3.6345, val loss 3.8290, loss评估耗时 14.4 秒
2026-09-06 03:12:22,692 - 第12500次train 完成, 本轮100次训练耗时 203.9 秒, 累计训练耗时 420.9 分钟, 当前学习率 2.11e-04
2026-09-06 03:15:46,437 - 第12600次train 完成, 本轮100次训练耗时 203.7 秒, 累计训练耗时 424.3 分钟, 当前学习率 2.10e-04
2026-09-06 03:19:10,642 - 第12700次train 完成, 本轮100次训练耗时 204.2 秒, 累计训练耗时 427.7 分钟, 当前学习率 2.09e-04
2026-09-06 03:22:34,629 - 第12800次train 完成, 本轮100次训练耗时 204.0 秒, 累计训练耗时 431.1 分钟, 当前学习率 2.07e-04
2026-09-06 03:22:48,964 - 第12800次训练后loss评估: train loss 3.6380, val loss 3.7865, loss评估耗时 14.3 秒
2026-09-06 03:26:12,828 - 第12900次train 完成, 本轮100次训练耗时 203.9 秒, 累计训练耗时 434.5 分钟, 当前学习率 2.06e-04
2026-09-06 03:29:36,970 - 第13000次train 完成, 本轮100次训练耗时 204.1 秒, 累计训练耗时 437.9 分钟, 当前学习率 2.05e-04
2026-09-06 03:33:00,988 - 第13100次train 完成, 本轮100次训练耗时 204.0 秒, 累计训练耗时 441.3 分钟, 当前学习率 2.04e-04
2026-09-06 03:36:24,727 - 第13200次train 完成, 本轮100次训练耗时 203.7 秒, 累计训练耗时 444.7 分钟, 当前学习率 2.02e-04
2026-09-06 03:36:39,142 - 第13200次训练后loss评估: train loss 3.6322, val loss 3.7614, loss评估耗时 14.4 秒
2026-09-06 03:40:03,059 - 第13300次train 完成, 本轮100次训练耗时 203.9 秒, 累计训练耗时 448.1 分钟, 当前学习率 2.01e-04
2026-09-06 03:43:26,311 - 第13400次train 完成, 本轮100次训练耗时 203.3 秒, 累计训练耗时 451.4 分钟, 当前学习率 2.00e-04
2026-09-06 03:46:50,061 - 第13500次train 完成, 本轮100次训练耗时 203.7 秒, 累计训练耗时 454.8 分钟, 当前学习率 1.99e-04
2026-09-06 03:50:13,896 - 第13600次train 完成, 本轮100次训练耗时 203.8 秒, 累计训练耗时 458.2 分钟, 当前学习率 1.97e-04
2026-09-06 03:50:28,413 - 第13600次训练后loss评估: train loss 3.6585, val loss 3.7801, loss评估耗时 14.5 秒
2026-09-06 03:53:51,644 - 第13700次train 完成, 本轮100次训练耗时 203.2 秒, 累计训练耗时 461.6 分钟, 当前学习率 1.96e-04
2026-09-06 03:57:15,801 - 第13800次train 完成, 本轮100次训练耗时 204.2 秒, 累计训练耗时 465.0 分钟, 当前学习率 1.95e-04
2026-09-06 04:00:40,365 - 第13900次train 完成, 本轮100次训练耗时 204.6 秒, 累计训练耗时 468.4 分钟, 当前学习率 1.93e-04
2026-09-06 04:04:05,359 - 第14000次train 完成, 本轮100次训练耗时 205.0 秒, 累计训练耗时 471.8 分钟, 当前学习率 1.92e-04
2026-09-06 04:04:19,685 - 第14000次训练后loss评估: train loss 3.5883, val loss 3.6936, loss评估耗时 14.3 秒
2026-09-06 04:04:21,631 - |===========================================================================|
|                  PyTorch CUDA memory summary, device ID 0                 |
|---------------------------------------------------------------------------|
|            CUDA OOMs: 0            |        cudaMalloc retries: 0         |
|===========================================================================|
|        Metric         | Cur Usage  | Peak Usage | Tot Alloc  | Tot Freed  |
|---------------------------------------------------------------------------|
| Allocated memory      |   3909 MiB |   6464 MiB |   1190 TiB |   1190 TiB |
|       from large pool |   3070 MiB |   5528 MiB |   1138 TiB |   1138 TiB |
|       from small pool |    838 MiB |   1032 MiB |     52 TiB |     51 TiB |
|---------------------------------------------------------------------------|
| Active memory         |   3909 MiB |   6464 MiB |   1190 TiB |   1190 TiB |
|       from large pool |   3070 MiB |   5528 MiB |   1138 TiB |   1138 TiB |
|       from small pool |    838 MiB |   1032 MiB |     52 TiB |     51 TiB |
|---------------------------------------------------------------------------|
| Requested memory      |   3909 MiB |   6461 MiB |   1190 TiB |   1190 TiB |
|       from large pool |   3070 MiB |   5525 MiB |   1138 TiB |   1138 TiB |
|       from small pool |    838 MiB |   1032 MiB |     51 TiB |     51 TiB |
|---------------------------------------------------------------------------|
| GPU reserved memory   |   7640 MiB |   7640 MiB |   7640 MiB |      0 B   |
|       from large pool |   6600 MiB |   6600 MiB |   6600 MiB |      0 B   |
|       from small pool |   1040 MiB |   1040 MiB |   1040 MiB |      0 B   |
|---------------------------------------------------------------------------|
| Non-releasable memory |   1116 MiB |   1475 MiB |   1203 TiB |   1203 TiB |
|       from large pool |   1081 MiB |   1448 MiB |   1148 TiB |   1148 TiB |
|       from small pool |     35 MiB |     85 MiB |     55 TiB |     55 TiB |
|---------------------------------------------------------------------------|
| Allocations           |    4000    |    4935    |  179115 K  |  179111 K  |
|       from large pool |     203    |     291    |   60627 K  |   60627 K  |
|       from small pool |    3797    |    4682    |  118488 K  |  118484 K  |
|---------------------------------------------------------------------------|
| Active allocs         |    4000    |    4935    |  179115 K  |  179111 K  |
|       from large pool |     203    |     291    |   60627 K  |   60627 K  |
|       from small pool |    3797    |    4682    |  118488 K  |  118484 K  |
|---------------------------------------------------------------------------|
| GPU reserved segments |     591    |     591    |     591    |       0    |
|       from large pool |      71    |      71    |      71    |       0    |
|       from small pool |     520    |     520    |     520    |       0    |
|---------------------------------------------------------------------------|
| Non-releasable allocs |     105    |     289    |  110784 K  |  110784 K  |
|       from large pool |      21    |      43    |   28993 K  |   28993 K  |
|       from small pool |      84    |     260    |   81790 K  |   81790 K  |
|---------------------------------------------------------------------------|
| Oversize allocations  |       0    |       0    |       0    |       0    |
|---------------------------------------------------------------------------|
| Oversize GPU segments |       0    |       0    |       0    |       0    |
|===========================================================================|

2026-09-06 04:07:43,560 - 第14100次train 完成, 本轮100次训练耗时 203.9 秒, 累计训练耗时 475.2 分钟, 当前学习率 1.91e-04
2026-09-06 04:11:07,555 - 第14200次train 完成, 本轮100次训练耗时 204.0 秒, 累计训练耗时 478.6 分钟, 当前学习率 1.89e-04
2026-09-06 04:14:31,222 - 第14300次train 完成, 本轮100次训练耗时 203.7 秒, 累计训练耗时 482.0 分钟, 当前学习率 1.88e-04
2026-09-06 04:17:55,255 - 第14400次train 完成, 本轮100次训练耗时 204.0 秒, 累计训练耗时 485.4 分钟, 当前学习率 1.87e-04
2026-09-06 04:18:09,655 - 第14400次训练后loss评估: train loss 3.5618, val loss 3.7491, loss评估耗时 14.4 秒
2026-09-06 04:21:33,369 - 第14500次train 完成, 本轮100次训练耗时 203.7 秒, 累计训练耗时 488.8 分钟, 当前学习率 1.86e-04
2026-09-06 04:24:56,856 - 第14600次train 完成, 本轮100次训练耗时 203.5 秒, 累计训练耗时 492.2 分钟, 当前学习率 1.84e-04
2026-09-06 04:28:20,621 - 第14700次train 完成, 本轮100次训练耗时 203.8 秒, 累计训练耗时 495.6 分钟, 当前学习率 1.83e-04
2026-09-06 04:31:44,570 - 第14800次train 完成, 本轮100次训练耗时 203.9 秒, 累计训练耗时 499.0 分钟, 当前学习率 1.82e-04
2026-09-06 04:31:59,207 - 第14800次训练后loss评估: train loss 3.5968, val loss 3.7597, loss评估耗时 14.6 秒
2026-09-06 04:35:22,639 - 第14900次train 完成, 本轮100次训练耗时 203.4 秒, 累计训练耗时 502.4 分钟, 当前学习率 1.80e-04
2026-09-06 04:38:46,357 - 第15000次train 完成, 本轮100次训练耗时 203.7 秒, 累计训练耗时 505.8 分钟, 当前学习率 1.79e-04
2026-09-06 04:42:10,343 - 第15100次train 完成, 本轮100次训练耗时 204.0 秒, 累计训练耗时 509.2 分钟, 当前学习率 1.78e-04
2026-09-06 04:45:33,874 - 第15200次train 完成, 本轮100次训练耗时 203.5 秒, 累计训练耗时 512.6 分钟, 当前学习率 1.76e-04
2026-09-06 04:45:48,261 - 第15200次训练后loss评估: train loss 3.5766, val loss 3.7260, loss评估耗时 14.4 秒
2026-09-06 04:49:12,189 - 第15300次train 完成, 本轮100次训练耗时 203.9 秒, 累计训练耗时 516.0 分钟, 当前学习率 1.75e-04
2026-09-06 04:52:36,239 - 第15400次train 完成, 本轮100次训练耗时 204.0 秒, 累计训练耗时 519.4 分钟, 当前学习率 1.74e-04
2026-09-06 04:55:59,837 - 第15500次train 完成, 本轮100次训练耗时 203.6 秒, 累计训练耗时 522.8 分钟, 当前学习率 1.72e-04
2026-09-06 04:59:23,783 - 第15600次train 完成, 本轮100次训练耗时 203.9 秒, 累计训练耗时 526.2 分钟, 当前学习率 1.71e-04
2026-09-06 04:59:38,050 - 第15600次训练后loss评估: train loss 3.5609, val loss 3.7302, loss评估耗时 14.3 秒
2026-09-06 05:03:01,927 - 第15700次train 完成, 本轮100次训练耗时 203.9 秒, 累计训练耗时 529.6 分钟, 当前学习率 1.70e-04
2026-09-06 05:06:25,722 - 第15800次train 完成, 本轮100次训练耗时 203.8 秒, 累计训练耗时 533.0 分钟, 当前学习率 1.68e-04
2026-09-06 05:09:49,625 - 第15900次train 完成, 本轮100次训练耗时 203.9 秒, 累计训练耗时 536.4 分钟, 当前学习率 1.67e-04
2026-09-06 05:13:13,324 - 第16000次train 完成, 本轮100次训练耗时 203.7 秒, 累计训练耗时 539.8 分钟, 当前学习率 1.66e-04
2026-09-06 05:13:27,810 - 第16000次训练后loss评估: train loss 3.5108, val loss 3.6631, loss评估耗时 14.5 秒
2026-09-06 05:13:29,686 - |===========================================================================|
|                  PyTorch CUDA memory summary, device ID 0                 |
|---------------------------------------------------------------------------|
|            CUDA OOMs: 0            |        cudaMalloc retries: 0         |
|===========================================================================|
|        Metric         | Cur Usage  | Peak Usage | Tot Alloc  | Tot Freed  |
|---------------------------------------------------------------------------|
| Allocated memory      |   3909 MiB |   6464 MiB |   1360 TiB |   1360 TiB |
|       from large pool |   3070 MiB |   5528 MiB |   1301 TiB |   1301 TiB |
|       from small pool |    838 MiB |   1032 MiB |     59 TiB |     59 TiB |
|---------------------------------------------------------------------------|
| Active memory         |   3909 MiB |   6464 MiB |   1360 TiB |   1360 TiB |
|       from large pool |   3070 MiB |   5528 MiB |   1301 TiB |   1301 TiB |
|       from small pool |    838 MiB |   1032 MiB |     59 TiB |     59 TiB |
|---------------------------------------------------------------------------|
| Requested memory      |   3909 MiB |   6461 MiB |   1360 TiB |   1360 TiB |
|       from large pool |   3070 MiB |   5525 MiB |   1300 TiB |   1300 TiB |
|       from small pool |    838 MiB |   1032 MiB |     59 TiB |     59 TiB |
|---------------------------------------------------------------------------|
| GPU reserved memory   |   7640 MiB |   7640 MiB |   7640 MiB |      0 B   |
|       from large pool |   6600 MiB |   6600 MiB |   6600 MiB |      0 B   |
|       from small pool |   1040 MiB |   1040 MiB |   1040 MiB |      0 B   |
|---------------------------------------------------------------------------|
| Non-releasable memory |   1116 MiB |   1475 MiB |   1375 TiB |   1375 TiB |
|       from large pool |   1081 MiB |   1448 MiB |   1312 TiB |   1312 TiB |
|       from small pool |     35 MiB |     85 MiB |     63 TiB |     63 TiB |
|---------------------------------------------------------------------------|
| Allocations           |    4000    |    4935    |  204684 K  |  204680 K  |
|       from large pool |     203    |     291    |   69282 K  |   69281 K  |
|       from small pool |    3797    |    4682    |  135402 K  |  135398 K  |
|---------------------------------------------------------------------------|
| Active allocs         |    4000    |    4935    |  204684 K  |  204680 K  |
|       from large pool |     203    |     291    |   69282 K  |   69281 K  |
|       from small pool |    3797    |    4682    |  135402 K  |  135398 K  |
|---------------------------------------------------------------------------|
| GPU reserved segments |     591    |     591    |     591    |       0    |
|       from large pool |      71    |      71    |      71    |       0    |
|       from small pool |     520    |     520    |     520    |       0    |
|---------------------------------------------------------------------------|
| Non-releasable allocs |     106    |     289    |  126596 K  |  126596 K  |
|       from large pool |      21    |      43    |   33131 K  |   33131 K  |
|       from small pool |      85    |     260    |   93464 K  |   93464 K  |
|---------------------------------------------------------------------------|
| Oversize allocations  |       0    |       0    |       0    |       0    |
|---------------------------------------------------------------------------|
| Oversize GPU segments |       0    |       0    |       0    |       0    |
|===========================================================================|

2026-09-06 05:16:51,376 - 第16100次train 完成, 本轮100次训练耗时 203.6 秒, 累计训练耗时 543.2 分钟, 当前学习率 1.64e-04
2026-09-06 05:20:15,274 - 第16200次train 完成, 本轮100次训练耗时 203.9 秒, 累计训练耗时 546.6 分钟, 当前学习率 1.63e-04
2026-09-06 05:23:39,236 - 第16300次train 完成, 本轮100次训练耗时 204.0 秒, 累计训练耗时 550.0 分钟, 当前学习率 1.62e-04
2026-09-06 05:27:02,550 - 第16400次train 完成, 本轮100次训练耗时 203.3 秒, 累计训练耗时 553.4 分钟, 当前学习率 1.60e-04
2026-09-06 05:27:17,148 - 第16400次训练后loss评估: train loss 3.5111, val loss 3.7215, loss评估耗时 14.6 秒
2026-09-06 05:30:40,833 - 第16500次train 完成, 本轮100次训练耗时 203.7 秒, 累计训练耗时 556.8 分钟, 当前学习率 1.59e-04
2026-09-06 05:34:04,495 - 第16600次train 完成, 本轮100次训练耗时 203.7 秒, 累计训练耗时 560.1 分钟, 当前学习率 1.58e-04
2026-09-06 05:37:28,071 - 第16700次train 完成, 本轮100次训练耗时 203.6 秒, 累计训练耗时 563.5 分钟, 当前学习率 1.56e-04
2026-09-06 05:40:51,882 - 第16800次train 完成, 本轮100次训练耗时 203.8 秒, 累计训练耗时 566.9 分钟, 当前学习率 1.55e-04
2026-09-06 05:41:06,199 - 第16800次训练后loss评估: train loss 3.5320, val loss 3.6870, loss评估耗时 14.3 秒
2026-09-06 05:44:29,842 - 第16900次train 完成, 本轮100次训练耗时 203.6 秒, 累计训练耗时 570.3 分钟, 当前学习率 1.54e-04
2026-09-06 05:47:53,291 - 第17000次train 完成, 本轮100次训练耗时 203.4 秒, 累计训练耗时 573.7 分钟, 当前学习率 1.52e-04
2026-09-06 05:51:17,034 - 第17100次train 完成, 本轮100次训练耗时 203.7 秒, 累计训练耗时 577.1 分钟, 当前学习率 1.51e-04
2026-09-06 05:54:41,163 - 第17200次train 完成, 本轮100次训练耗时 204.1 秒, 累计训练耗时 580.5 分钟, 当前学习率 1.50e-04
2026-09-06 05:54:55,532 - 第17200次训练后loss评估: train loss 3.4703, val loss 3.6832, loss评估耗时 14.4 秒
2026-09-06 05:58:18,920 - 第17300次train 完成, 本轮100次训练耗时 203.4 秒, 累计训练耗时 583.9 分钟, 当前学习率 1.48e-04
2026-09-06 06:01:43,343 - 第17400次train 完成, 本轮100次训练耗时 204.4 秒, 累计训练耗时 587.3 分钟, 当前学习率 1.47e-04
2026-09-06 06:05:07,171 - 第17500次train 完成, 本轮100次训练耗时 203.8 秒, 累计训练耗时 590.7 分钟, 当前学习率 1.46e-04
2026-09-06 06:08:30,870 - 第17600次train 完成, 本轮100次训练耗时 203.7 秒, 累计训练耗时 594.1 分钟, 当前学习率 1.44e-04
2026-09-06 06:08:45,315 - 第17600次训练后loss评估: train loss 3.4743, val loss 3.6799, loss评估耗时 14.4 秒
2026-09-06 06:12:09,403 - 第17700次train 完成, 本轮100次训练耗时 204.1 秒, 累计训练耗时 597.5 分钟, 当前学习率 1.43e-04
2026-09-06 06:15:33,219 - 第17800次train 完成, 本轮100次训练耗时 203.8 秒, 累计训练耗时 600.9 分钟, 当前学习率 1.42e-04
2026-09-06 06:18:56,687 - 第17900次train 完成, 本轮100次训练耗时 203.5 秒, 累计训练耗时 604.3 分钟, 当前学习率 1.41e-04
2026-09-06 06:22:20,613 - 第18000次train 完成, 本轮100次训练耗时 203.9 秒, 累计训练耗时 607.7 分钟, 当前学习率 1.39e-04
2026-09-06 06:22:36,546 - 第18000次训练后loss评估: train loss 3.5128, val loss 3.6354, loss评估耗时 14.5 秒
2026-09-06 06:22:38,425 - |===========================================================================|
|                  PyTorch CUDA memory summary, device ID 0                 |
|---------------------------------------------------------------------------|
|            CUDA OOMs: 0            |        cudaMalloc retries: 0         |
|===========================================================================|
|        Metric         | Cur Usage  | Peak Usage | Tot Alloc  | Tot Freed  |
|---------------------------------------------------------------------------|
| Allocated memory      |   3909 MiB |   6464 MiB |   1530 TiB |   1530 TiB |
|       from large pool |   3070 MiB |   5528 MiB |   1463 TiB |   1463 TiB |
|       from small pool |    838 MiB |   1032 MiB |     66 TiB |     66 TiB |
|---------------------------------------------------------------------------|
| Active memory         |   3909 MiB |   6464 MiB |   1530 TiB |   1530 TiB |
|       from large pool |   3070 MiB |   5528 MiB |   1463 TiB |   1463 TiB |
|       from small pool |    838 MiB |   1032 MiB |     66 TiB |     66 TiB |
|---------------------------------------------------------------------------|
| Requested memory      |   3909 MiB |   6461 MiB |   1530 TiB |   1530 TiB |
|       from large pool |   3070 MiB |   5525 MiB |   1463 TiB |   1463 TiB |
|       from small pool |    838 MiB |   1032 MiB |     66 TiB |     66 TiB |
|---------------------------------------------------------------------------|
| GPU reserved memory   |   7640 MiB |   7640 MiB |   7640 MiB |      0 B   |
|       from large pool |   6600 MiB |   6600 MiB |   6600 MiB |      0 B   |
|       from small pool |   1040 MiB |   1040 MiB |   1040 MiB |      0 B   |
|---------------------------------------------------------------------------|
| Non-releasable memory |   1116 MiB |   1475 MiB |   1547 TiB |   1547 TiB |
|       from large pool |   1081 MiB |   1448 MiB |   1476 TiB |   1476 TiB |
|       from small pool |     35 MiB |     85 MiB |     71 TiB |     71 TiB |
|---------------------------------------------------------------------------|
| Allocations           |    4000    |    4935    |  230253 K  |  230249 K  |
|       from large pool |     203    |     291    |   77936 K  |   77936 K  |
|       from small pool |    3797    |    4682    |  152316 K  |  152312 K  |
|---------------------------------------------------------------------------|
| Active allocs         |    4000    |    4935    |  230253 K  |  230249 K  |
|       from large pool |     203    |     291    |   77936 K  |   77936 K  |
|       from small pool |    3797    |    4682    |  152316 K  |  152312 K  |
|---------------------------------------------------------------------------|
| GPU reserved segments |     591    |     591    |     591    |       0    |
|       from large pool |      71    |      71    |      71    |       0    |
|       from small pool |     520    |     520    |     520    |       0    |
|---------------------------------------------------------------------------|
| Non-releasable allocs |     110    |     289    |  142408 K  |  142408 K  |
|       from large pool |      21    |      43    |   37270 K  |   37270 K  |
|       from small pool |      89    |     260    |  105138 K  |  105138 K  |
|---------------------------------------------------------------------------|
| Oversize allocations  |       0    |       0    |       0    |       0    |
|---------------------------------------------------------------------------|
| Oversize GPU segments |       0    |       0    |       0    |       0    |
|===========================================================================|

2026-09-06 06:26:00,666 - 第18100次train 完成, 本轮100次训练耗时 204.1 秒, 累计训练耗时 611.1 分钟, 当前学习率 1.38e-04
2026-09-06 06:29:24,075 - 第18200次train 完成, 本轮100次训练耗时 203.4 秒, 累计训练耗时 614.5 分钟, 当前学习率 1.37e-04
2026-09-06 06:32:48,493 - 第18300次train 完成, 本轮100次训练耗时 204.4 秒, 累计训练耗时 617.9 分钟, 当前学习率 1.35e-04
2026-09-06 06:36:11,935 - 第18400次train 完成, 本轮100次训练耗时 203.4 秒, 累计训练耗时 621.3 分钟, 当前学习率 1.34e-04
2026-09-06 06:36:26,282 - 第18400次训练后loss评估: train loss 3.4847, val loss 3.6118, loss评估耗时 14.3 秒
2026-09-06 06:39:49,607 - 第18500次train 完成, 本轮100次训练耗时 203.3 秒, 累计训练耗时 624.7 分钟, 当前学习率 1.33e-04
2026-09-06 06:43:13,558 - 第18600次train 完成, 本轮100次训练耗时 203.9 秒, 累计训练耗时 628.1 分钟, 当前学习率 1.31e-04
2026-09-06 06:46:37,017 - 第18700次train 完成, 本轮100次训练耗时 203.5 秒, 累计训练耗时 631.5 分钟, 当前学习率 1.30e-04
2026-09-06 06:50:00,264 - 第18800次train 完成, 本轮100次训练耗时 203.2 秒, 累计训练耗时 634.9 分钟, 当前学习率 1.29e-04
2026-09-06 06:50:14,687 - 第18800次训练后loss评估: train loss 3.4673, val loss 3.6662, loss评估耗时 14.4 秒
2026-09-06 06:53:38,388 - 第18900次train 完成, 本轮100次训练耗时 203.7 秒, 累计训练耗时 638.2 分钟, 当前学习率 1.28e-04
2026-09-06 06:57:01,842 - 第19000次train 完成, 本轮100次训练耗时 203.5 秒, 累计训练耗时 641.6 分钟, 当前学习率 1.26e-04
2026-09-06 07:00:25,806 - 第19100次train 完成, 本轮100次训练耗时 204.0 秒, 累计训练耗时 645.0 分钟, 当前学习率 1.25e-04
2026-09-06 07:03:49,739 - 第19200次train 完成, 本轮100次训练耗时 203.9 秒, 累计训练耗时 648.4 分钟, 当前学习率 1.24e-04
2026-09-06 07:04:04,166 - 第19200次训练后loss评估: train loss 3.4527, val loss 3.6420, loss评估耗时 14.4 秒
2026-09-06 07:07:27,655 - 第19300次train 完成, 本轮100次训练耗时 203.5 秒, 累计训练耗时 651.8 分钟, 当前学习率 1.23e-04
2026-09-06 07:10:51,226 - 第19400次train 完成, 本轮100次训练耗时 203.6 秒, 累计训练耗时 655.2 分钟, 当前学习率 1.21e-04
2026-09-06 07:14:15,362 - 第19500次train 完成, 本轮100次训练耗时 204.1 秒, 累计训练耗时 658.6 分钟, 当前学习率 1.20e-04
2026-09-06 07:17:39,111 - 第19600次train 完成, 本轮100次训练耗时 203.7 秒, 累计训练耗时 662.0 分钟, 当前学习率 1.19e-04
2026-09-06 07:17:53,570 - 第19600次训练后loss评估: train loss 3.4574, val loss 3.6316, loss评估耗时 14.5 秒
2026-09-06 07:21:16,933 - 第19700次train 完成, 本轮100次训练耗时 203.4 秒, 累计训练耗时 665.4 分钟, 当前学习率 1.18e-04
2026-09-06 07:24:41,130 - 第19800次train 完成, 本轮100次训练耗时 204.2 秒, 累计训练耗时 668.8 分钟, 当前学习率 1.16e-04
2026-09-06 07:28:04,816 - 第19900次train 完成, 本轮100次训练耗时 203.7 秒, 累计训练耗时 672.2 分钟, 当前学习率 1.15e-04
2026-09-06 07:31:28,897 - 第20000次train 完成, 本轮100次训练耗时 204.1 秒, 累计训练耗时 675.6 分钟, 当前学习率 1.14e-04
2026-09-06 07:31:43,232 - 第20000次训练后loss评估: train loss 3.4619, val loss 3.6063, loss评估耗时 14.3 秒
2026-09-06 07:31:45,604 - |===========================================================================|
|                  PyTorch CUDA memory summary, device ID 0                 |
|---------------------------------------------------------------------------|
|            CUDA OOMs: 0            |        cudaMalloc retries: 0         |
|===========================================================================|
|        Metric         | Cur Usage  | Peak Usage | Tot Alloc  | Tot Freed  |
|---------------------------------------------------------------------------|
| Allocated memory      |   3909 MiB |   6464 MiB |   1700 TiB |   1700 TiB |
|       from large pool |   3070 MiB |   5528 MiB |   1626 TiB |   1626 TiB |
|       from small pool |    838 MiB |   1032 MiB |     74 TiB |     74 TiB |
|---------------------------------------------------------------------------|
| Active memory         |   3909 MiB |   6464 MiB |   1700 TiB |   1700 TiB |
|       from large pool |   3070 MiB |   5528 MiB |   1626 TiB |   1626 TiB |
|       from small pool |    838 MiB |   1032 MiB |     74 TiB |     74 TiB |
|---------------------------------------------------------------------------|
| Requested memory      |   3909 MiB |   6461 MiB |   1699 TiB |   1699 TiB |
|       from large pool |   3070 MiB |   5525 MiB |   1625 TiB |   1625 TiB |
|       from small pool |    838 MiB |   1032 MiB |     74 TiB |     74 TiB |
|---------------------------------------------------------------------------|
| GPU reserved memory   |   7640 MiB |   7640 MiB |   7640 MiB |      0 B   |
|       from large pool |   6600 MiB |   6600 MiB |   6600 MiB |      0 B   |
|       from small pool |   1040 MiB |   1040 MiB |   1040 MiB |      0 B   |
|---------------------------------------------------------------------------|
| Non-releasable memory |   1112 MiB |   1475 MiB |   1719 TiB |   1719 TiB |
|       from large pool |   1081 MiB |   1448 MiB |   1640 TiB |   1640 TiB |
|       from small pool |     31 MiB |     85 MiB |     78 TiB |     78 TiB |
|---------------------------------------------------------------------------|
| Allocations           |    4000    |    4935    |  255821 K  |  255817 K  |
|       from large pool |     203    |     291    |   86591 K  |   86591 K  |
|       from small pool |    3797    |    4682    |  169230 K  |  169226 K  |
|---------------------------------------------------------------------------|
| Active allocs         |    4000    |    4935    |  255821 K  |  255817 K  |
|       from large pool |     203    |     291    |   86591 K  |   86591 K  |
|       from small pool |    3797    |    4682    |  169230 K  |  169226 K  |
|---------------------------------------------------------------------------|
| GPU reserved segments |     591    |     591    |     591    |       0    |
|       from large pool |      71    |      71    |      71    |       0    |
|       from small pool |     520    |     520    |     520    |       0    |
|---------------------------------------------------------------------------|
| Non-releasable allocs |      97    |     289    |  158225 K  |  158225 K  |
|       from large pool |      21    |      43    |   41408 K  |   41408 K  |
|       from small pool |      76    |     260    |  116816 K  |  116816 K  |
|---------------------------------------------------------------------------|
| Oversize allocations  |       0    |       0    |       0    |       0    |
|---------------------------------------------------------------------------|
| Oversize GPU segments |       0    |       0    |       0    |       0    |
|===========================================================================|

2026-09-06 07:35:07,026 - 第20100次train 完成, 本轮100次训练耗时 203.8 秒, 累计训练耗时 679.0 分钟, 当前学习率 1.13e-04
2026-09-06 07:38:31,024 - 第20200次train 完成, 本轮100次训练耗时 204.0 秒, 累计训练耗时 682.4 分钟, 当前学习率 1.11e-04
2026-09-06 07:41:54,806 - 第20300次train 完成, 本轮100次训练耗时 203.8 秒, 累计训练耗时 685.8 分钟, 当前学习率 1.10e-04
2026-09-06 07:45:18,793 - 第20400次train 完成, 本轮100次训练耗时 204.0 秒, 累计训练耗时 689.2 分钟, 当前学习率 1.09e-04
2026-09-06 07:45:33,298 - 第20400次训练后loss评估: train loss 3.3935, val loss 3.6164, loss评估耗时 14.5 秒
2026-09-06 07:48:57,141 - 第20500次train 完成, 本轮100次训练耗时 203.8 秒, 累计训练耗时 692.6 分钟, 当前学习率 1.08e-04
2026-09-06 07:52:20,449 - 第20600次train 完成, 本轮100次训练耗时 203.3 秒, 累计训练耗时 696.0 分钟, 当前学习率 1.07e-04
2026-09-06 07:55:44,135 - 第20700次train 完成, 本轮100次训练耗时 203.7 秒, 累计训练耗时 699.4 分钟, 当前学习率 1.05e-04
2026-09-06 07:59:08,273 - 第20800次train 完成, 本轮100次训练耗时 204.1 秒, 累计训练耗时 702.8 分钟, 当前学习率 1.04e-04
2026-09-06 07:59:22,618 - 第20800次训练后loss评估: train loss 3.4135, val loss 3.5839, loss评估耗时 14.3 秒
2026-09-06 08:02:46,191 - 第20900次train 完成, 本轮100次训练耗时 203.6 秒, 累计训练耗时 706.2 分钟, 当前学习率 1.03e-04
2026-09-06 08:06:09,925 - 第21000次train 完成, 本轮100次训练耗时 203.7 秒, 累计训练耗时 709.6 分钟, 当前学习率 1.02e-04
2026-09-06 08:09:34,255 - 第21100次train 完成, 本轮100次训练耗时 204.3 秒, 累计训练耗时 713.0 分钟, 当前学习率 1.01e-04
2026-09-06 08:12:57,662 - 第21200次train 完成, 本轮100次训练耗时 203.4 秒, 累计训练耗时 716.4 分钟, 当前学习率 9.94e-05
2026-09-06 08:13:12,040 - 第21200次训练后loss评估: train loss 3.3683, val loss 3.5765, loss评估耗时 14.4 秒
2026-09-06 08:16:35,659 - 第21300次train 完成, 本轮100次训练耗时 203.6 秒, 累计训练耗时 719.8 分钟, 当前学习率 9.83e-05
2026-09-06 08:19:59,755 - 第21400次train 完成, 本轮100次训练耗时 204.1 秒, 累计训练耗时 723.2 分钟, 当前学习率 9.71e-05
2026-09-06 08:23:23,058 - 第21500次train 完成, 本轮100次训练耗时 203.3 秒, 累计训练耗时 726.6 分钟, 当前学习率 9.60e-05
2026-09-06 08:26:47,064 - 第21600次train 完成, 本轮100次训练耗时 204.0 秒, 累计训练耗时 730.0 分钟, 当前学习率 9.48e-05
2026-09-06 08:27:01,441 - 第21600次训练后loss评估: train loss 3.3985, val loss 3.5836, loss评估耗时 14.4 秒
2026-09-06 08:30:25,982 - 第21700次train 完成, 本轮100次训练耗时 204.5 秒, 累计训练耗时 733.4 分钟, 当前学习率 9.37e-05
2026-09-06 08:33:48,983 - 第21800次train 完成, 本轮100次训练耗时 203.0 秒, 累计训练耗时 736.7 分钟, 当前学习率 9.26e-05
2026-09-06 08:37:13,219 - 第21900次train 完成, 本轮100次训练耗时 204.2 秒, 累计训练耗时 740.1 分钟, 当前学习率 9.15e-05
2026-09-06 08:40:36,817 - 第22000次train 完成, 本轮100次训练耗时 203.6 秒, 累计训练耗时 743.5 分钟, 当前学习率 9.04e-05
2026-09-06 08:40:51,271 - 第22000次训练后loss评估: train loss 3.3902, val loss 3.5579, loss评估耗时 14.5 秒
2026-09-06 08:40:53,164 - |===========================================================================|
|                  PyTorch CUDA memory summary, device ID 0                 |
|---------------------------------------------------------------------------|
|            CUDA OOMs: 0            |        cudaMalloc retries: 0         |
|===========================================================================|
|        Metric         | Cur Usage  | Peak Usage | Tot Alloc  | Tot Freed  |
|---------------------------------------------------------------------------|
| Allocated memory      |   3909 MiB |   6464 MiB |   1870 TiB |   1870 TiB |
|       from large pool |   3070 MiB |   5528 MiB |   1788 TiB |   1788 TiB |
|       from small pool |    838 MiB |   1032 MiB |     81 TiB |     81 TiB |
|---------------------------------------------------------------------------|
| Active memory         |   3909 MiB |   6464 MiB |   1870 TiB |   1870 TiB |
|       from large pool |   3070 MiB |   5528 MiB |   1788 TiB |   1788 TiB |
|       from small pool |    838 MiB |   1032 MiB |     81 TiB |     81 TiB |
|---------------------------------------------------------------------------|
| Requested memory      |   3909 MiB |   6461 MiB |   1869 TiB |   1869 TiB |
|       from large pool |   3070 MiB |   5525 MiB |   1788 TiB |   1788 TiB |
|       from small pool |    838 MiB |   1032 MiB |     81 TiB |     81 TiB |
|---------------------------------------------------------------------------|
| GPU reserved memory   |   7640 MiB |   7640 MiB |   7640 MiB |      0 B   |
|       from large pool |   6600 MiB |   6600 MiB |   6600 MiB |      0 B   |
|       from small pool |   1040 MiB |   1040 MiB |   1040 MiB |      0 B   |
|---------------------------------------------------------------------------|
| Non-releasable memory |   1116 MiB |   1475 MiB |   1891 TiB |   1891 TiB |
|       from large pool |   1081 MiB |   1448 MiB |   1804 TiB |   1804 TiB |
|       from small pool |     35 MiB |     85 MiB |     86 TiB |     86 TiB |
|---------------------------------------------------------------------------|
| Allocations           |    4000    |    4935    |  281390 K  |  281386 K  |
|       from large pool |     203    |     291    |   95246 K  |   95246 K  |
|       from small pool |    3797    |    4682    |  186143 K  |  186140 K  |
|---------------------------------------------------------------------------|
| Active allocs         |    4000    |    4935    |  281390 K  |  281386 K  |
|       from large pool |     203    |     291    |   95246 K  |   95246 K  |
|       from small pool |    3797    |    4682    |  186143 K  |  186140 K  |
|---------------------------------------------------------------------------|
| GPU reserved segments |     591    |     591    |     591    |       0    |
|       from large pool |      71    |      71    |      71    |       0    |
|       from small pool |     520    |     520    |     520    |       0    |
|---------------------------------------------------------------------------|
| Non-releasable allocs |     107    |     289    |  174041 K  |  174041 K  |
|       from large pool |      21    |      43    |   45547 K  |   45547 K  |
|       from small pool |      86    |     260    |  128494 K  |  128493 K  |
|---------------------------------------------------------------------------|
| Oversize allocations  |       0    |       0    |       0    |       0    |
|---------------------------------------------------------------------------|
| Oversize GPU segments |       0    |       0    |       0    |       0    |
|===========================================================================|

2026-09-06 08:44:14,417 - 第22100次train 完成, 本轮100次训练耗时 203.1 秒, 累计训练耗时 746.9 分钟, 当前学习率 8.93e-05
2026-09-06 08:47:37,683 - 第22200次train 完成, 本轮100次训练耗时 203.3 秒, 累计训练耗时 750.3 分钟, 当前学习率 8.82e-05
2026-09-06 08:51:01,471 - 第22300次train 完成, 本轮100次训练耗时 203.8 秒, 累计训练耗时 753.7 分钟, 当前学习率 8.71e-05
2026-09-06 08:54:24,842 - 第22400次train 完成, 本轮100次训练耗时 203.4 秒, 累计训练耗时 757.1 分钟, 当前学习率 8.60e-05
2026-09-06 08:54:39,209 - 第22400次训练后loss评估: train loss 3.3542, val loss 3.5559, loss评估耗时 14.4 秒
2026-09-06 08:58:03,274 - 第22500次train 完成, 本轮100次训练耗时 204.1 秒, 累计训练耗时 760.5 分钟, 当前学习率 8.49e-05
2026-09-06 09:01:27,738 - 第22600次train 完成, 本轮100次训练耗时 204.5 秒, 累计训练耗时 763.9 分钟, 当前学习率 8.38e-05
2026-09-06 09:04:51,543 - 第22700次train 完成, 本轮100次训练耗时 203.8 秒, 累计训练耗时 767.3 分钟, 当前学习率 8.28e-05
2026-09-06 09:08:15,274 - 第22800次train 完成, 本轮100次训练耗时 203.7 秒, 累计训练耗时 770.7 分钟, 当前学习率 8.17e-05
2026-09-06 09:08:29,627 - 第22800次训练后loss评估: train loss 3.3380, val loss 3.5644, loss评估耗时 14.4 秒
2026-09-06 09:11:53,541 - 第22900次train 完成, 本轮100次训练耗时 203.9 秒, 累计训练耗时 774.1 分钟, 当前学习率 8.07e-05
2026-09-06 09:15:17,224 - 第23000次train 完成, 本轮100次训练耗时 203.7 秒, 累计训练耗时 777.5 分钟, 当前学习率 7.97e-05
2026-09-06 09:18:40,719 - 第23100次train 完成, 本轮100次训练耗时 203.5 秒, 累计训练耗时 780.9 分钟, 当前学习率 7.86e-05
2026-09-06 09:22:04,612 - 第23200次train 完成, 本轮100次训练耗时 203.9 秒, 累计训练耗时 784.3 分钟, 当前学习率 7.76e-05
2026-09-06 09:22:19,082 - 第23200次训练后loss评估: train loss 3.3302, val loss 3.5777, loss评估耗时 14.5 秒
2026-09-06 09:25:42,658 - 第23300次train 完成, 本轮100次训练耗时 203.6 秒, 累计训练耗时 787.7 分钟, 当前学习率 7.66e-05
2026-09-06 09:29:06,423 - 第23400次train 完成, 本轮100次训练耗时 203.8 秒, 累计训练耗时 791.1 分钟, 当前学习率 7.56e-05
2026-09-06 09:32:30,733 - 第23500次train 完成, 本轮100次训练耗时 204.3 秒, 累计训练耗时 794.5 分钟, 当前学习率 7.46e-05
2026-09-06 09:35:54,209 - 第23600次train 完成, 本轮100次训练耗时 203.5 秒, 累计训练耗时 797.9 分钟, 当前学习率 7.36e-05
2026-09-06 09:36:08,712 - 第23600次训练后loss评估: train loss 3.3497, val loss 3.5539, loss评估耗时 14.5 秒
2026-09-06 09:39:32,382 - 第23700次train 完成, 本轮100次训练耗时 203.7 秒, 累计训练耗时 801.3 分钟, 当前学习率 7.27e-05
2026-09-06 09:42:56,294 - 第23800次train 完成, 本轮100次训练耗时 203.9 秒, 累计训练耗时 804.7 分钟, 当前学习率 7.17e-05
2026-09-06 09:46:19,973 - 第23900次train 完成, 本轮100次训练耗时 203.7 秒, 累计训练耗时 808.1 分钟, 当前学习率 7.07e-05
2026-09-06 09:49:43,824 - 第24000次train 完成, 本轮100次训练耗时 203.9 秒, 累计训练耗时 811.5 分钟, 当前学习率 6.98e-05
2026-09-06 09:49:59,729 - 第24000次训练后loss评估: train loss 3.3267, val loss 3.5431, loss评估耗时 14.4 秒
2026-09-06 09:50:01,621 - |===========================================================================|
|                  PyTorch CUDA memory summary, device ID 0                 |
|---------------------------------------------------------------------------|
|            CUDA OOMs: 0            |        cudaMalloc retries: 0         |
|===========================================================================|
|        Metric         | Cur Usage  | Peak Usage | Tot Alloc  | Tot Freed  |
|---------------------------------------------------------------------------|
| Allocated memory      |   3909 MiB |   6464 MiB |   2040 TiB |   2040 TiB |
|       from large pool |   3070 MiB |   5528 MiB |   1951 TiB |   1951 TiB |
|       from small pool |    838 MiB |   1032 MiB |     89 TiB |     89 TiB |
|---------------------------------------------------------------------------|
| Active memory         |   3909 MiB |   6464 MiB |   2040 TiB |   2040 TiB |
|       from large pool |   3070 MiB |   5528 MiB |   1951 TiB |   1951 TiB |
|       from small pool |    838 MiB |   1032 MiB |     89 TiB |     89 TiB |
|---------------------------------------------------------------------------|
| Requested memory      |   3909 MiB |   6461 MiB |   2039 TiB |   2039 TiB |
|       from large pool |   3070 MiB |   5525 MiB |   1950 TiB |   1950 TiB |
|       from small pool |    838 MiB |   1032 MiB |     89 TiB |     89 TiB |
|---------------------------------------------------------------------------|
| GPU reserved memory   |   7640 MiB |   7640 MiB |   7640 MiB |      0 B   |
|       from large pool |   6600 MiB |   6600 MiB |   6600 MiB |      0 B   |
|       from small pool |   1040 MiB |   1040 MiB |   1040 MiB |      0 B   |
|---------------------------------------------------------------------------|
| Non-releasable memory |   1116 MiB |   1475 MiB |   2063 TiB |   2063 TiB |
|       from large pool |   1081 MiB |   1448 MiB |   1968 TiB |   1968 TiB |
|       from small pool |     35 MiB |     85 MiB |     94 TiB |     94 TiB |
|---------------------------------------------------------------------------|
| Allocations           |    4000    |    4935    |  306958 K  |  306954 K  |
|       from large pool |     203    |     291    |  103901 K  |  103900 K  |
|       from small pool |    3797    |    4682    |  203057 K  |  203053 K  |
|---------------------------------------------------------------------------|
| Active allocs         |    4000    |    4935    |  306958 K  |  306954 K  |
|       from large pool |     203    |     291    |  103901 K  |  103900 K  |
|       from small pool |    3797    |    4682    |  203057 K  |  203053 K  |
|---------------------------------------------------------------------------|
| GPU reserved segments |     591    |     591    |     591    |       0    |
|       from large pool |      71    |      71    |      71    |       0    |
|       from small pool |     520    |     520    |     520    |       0    |
|---------------------------------------------------------------------------|
| Non-releasable allocs |     110    |     289    |  189851 K  |  189851 K  |
|       from large pool |      21    |      43    |   49685 K  |   49685 K  |
|       from small pool |      89    |     260    |  140165 K  |  140165 K  |
|---------------------------------------------------------------------------|
| Oversize allocations  |       0    |       0    |       0    |       0    |
|---------------------------------------------------------------------------|
| Oversize GPU segments |       0    |       0    |       0    |       0    |
|===========================================================================|

2026-09-06 09:53:23,798 - 第24100次train 完成, 本轮100次训练耗时 204.1 秒, 累计训练耗时 814.9 分钟, 当前学习率 6.88e-05
2026-09-06 09:56:47,280 - 第24200次train 完成, 本轮100次训练耗时 203.5 秒, 累计训练耗时 818.2 分钟, 当前学习率 6.79e-05
2026-09-06 10:00:11,800 - 第24300次train 完成, 本轮100次训练耗时 204.5 秒, 累计训练耗时 821.7 分钟, 当前学习率 6.70e-05
2026-09-06 10:03:36,304 - 第24400次train 完成, 本轮100次训练耗时 204.5 秒, 累计训练耗时 825.1 分钟, 当前学习率 6.61e-05
2026-09-06 10:03:50,635 - 第24400次训练后loss评估: train loss 3.3444, val loss 3.5319, loss评估耗时 14.3 秒
2026-09-06 10:03:51,930 - val loss 创新低，已保存最优模型: best val 3.5319 @ 第24400步
2026-09-06 10:07:15,808 - 第24500次train 完成, 本轮100次训练耗时 203.9 秒, 累计训练耗时 828.5 分钟, 当前学习率 6.52e-05
2026-09-06 10:10:40,274 - 第24600次train 完成, 本轮100次训练耗时 204.5 秒, 累计训练耗时 831.9 分钟, 当前学习率 6.43e-05
2026-09-06 10:14:04,066 - 第24700次train 完成, 本轮100次训练耗时 203.8 秒, 累计训练耗时 835.3 分钟, 当前学习率 6.34e-05
2026-09-06 10:17:27,518 - 第24800次train 完成, 本轮100次训练耗时 203.5 秒, 累计训练耗时 838.7 分钟, 当前学习率 6.25e-05
2026-09-06 10:17:42,029 - 第24800次训练后loss评估: train loss 3.3213, val loss 3.5490, loss评估耗时 14.5 秒
2026-09-06 10:21:06,296 - 第24900次train 完成, 本轮100次训练耗时 204.3 秒, 累计训练耗时 842.1 分钟, 当前学习率 6.17e-05
2026-09-06 10:24:30,274 - 第25000次train 完成, 本轮100次训练耗时 204.0 秒, 累计训练耗时 845.5 分钟, 当前学习率 6.08e-05
2026-09-06 10:27:54,173 - 第25100次train 完成, 本轮100次训练耗时 203.9 秒, 累计训练耗时 848.9 分钟, 当前学习率 6.00e-05
2026-09-06 10:31:18,541 - 第25200次train 完成, 本轮100次训练耗时 204.4 秒, 累计训练耗时 852.3 分钟, 当前学习率 5.92e-05
2026-09-06 10:31:32,960 - 第25200次训练后loss评估: train loss 3.2886, val loss 3.5394, loss评估耗时 14.4 秒
2026-09-06 10:34:56,796 - 第25300次train 完成, 本轮100次训练耗时 203.8 秒, 累计训练耗时 855.7 分钟, 当前学习率 5.83e-05
2026-09-06 10:38:20,046 - 第25400次train 完成, 本轮100次训练耗时 203.3 秒, 累计训练耗时 859.1 分钟, 当前学习率 5.75e-05
2026-09-06 10:41:43,805 - 第25500次train 完成, 本轮100次训练耗时 203.8 秒, 累计训练耗时 862.4 分钟, 当前学习率 5.67e-05
2026-09-06 10:45:07,830 - 第25600次train 完成, 本轮100次训练耗时 204.0 秒, 累计训练耗时 865.8 分钟, 当前学习率 5.59e-05
2026-09-06 10:45:22,136 - 第25600次训练后loss评估: train loss 3.2783, val loss 3.5501, loss评估耗时 14.3 秒
2026-09-06 10:48:45,870 - 第25700次train 完成, 本轮100次训练耗时 203.7 秒, 累计训练耗时 869.2 分钟, 当前学习率 5.52e-05
2026-09-06 10:52:09,890 - 第25800次train 完成, 本轮100次训练耗时 204.0 秒, 累计训练耗时 872.6 分钟, 当前学习率 5.44e-05
2026-09-06 10:55:33,823 - 第25900次train 完成, 本轮100次训练耗时 203.9 秒, 累计训练耗时 876.0 分钟, 当前学习率 5.36e-05
2026-09-06 10:58:57,641 - 第26000次train 完成, 本轮100次训练耗时 203.8 秒, 累计训练耗时 879.4 分钟, 当前学习率 5.29e-05
2026-09-06 10:59:12,132 - 第26000次训练后loss评估: train loss 3.2747, val loss 3.5393, loss评估耗时 14.5 秒
2026-09-06 10:59:14,440 - |===========================================================================|
|                  PyTorch CUDA memory summary, device ID 0                 |
|---------------------------------------------------------------------------|
|            CUDA OOMs: 0            |        cudaMalloc retries: 0         |
|===========================================================================|
|        Metric         | Cur Usage  | Peak Usage | Tot Alloc  | Tot Freed  |
|---------------------------------------------------------------------------|
| Allocated memory      |   3909 MiB |   6464 MiB |   2210 TiB |   2210 TiB |
|       from large pool |   3070 MiB |   5528 MiB |   2113 TiB |   2113 TiB |
|       from small pool |    838 MiB |   1032 MiB |     96 TiB |     96 TiB |
|---------------------------------------------------------------------------|
| Active memory         |   3909 MiB |   6464 MiB |   2210 TiB |   2210 TiB |
|       from large pool |   3070 MiB |   5528 MiB |   2113 TiB |   2113 TiB |
|       from small pool |    838 MiB |   1032 MiB |     96 TiB |     96 TiB |
|---------------------------------------------------------------------------|
| Requested memory      |   3909 MiB |   6461 MiB |   2209 TiB |   2209 TiB |
|       from large pool |   3070 MiB |   5525 MiB |   2113 TiB |   2113 TiB |
|       from small pool |    838 MiB |   1032 MiB |     96 TiB |     96 TiB |
|---------------------------------------------------------------------------|
| GPU reserved memory   |   7640 MiB |   7640 MiB |   7640 MiB |      0 B   |
|       from large pool |   6600 MiB |   6600 MiB |   6600 MiB |      0 B   |
|       from small pool |   1040 MiB |   1040 MiB |   1040 MiB |      0 B   |
|---------------------------------------------------------------------------|
| Non-releasable memory |   1116 MiB |   1475 MiB |   2235 TiB |   2235 TiB |
|       from large pool |   1081 MiB |   1448 MiB |   2133 TiB |   2133 TiB |
|       from small pool |     35 MiB |     85 MiB |    102 TiB |    102 TiB |
|---------------------------------------------------------------------------|
| Allocations           |    4000    |    4935    |  332527 K  |  332523 K  |
|       from large pool |     203    |     291    |  112555 K  |  112555 K  |
|       from small pool |    3797    |    4682    |  219971 K  |  219967 K  |
|---------------------------------------------------------------------------|
| Active allocs         |    4000    |    4935    |  332527 K  |  332523 K  |
|       from large pool |     203    |     291    |  112555 K  |  112555 K  |
|       from small pool |    3797    |    4682    |  219971 K  |  219967 K  |
|---------------------------------------------------------------------------|
| GPU reserved segments |     591    |     591    |     591    |       0    |
|       from large pool |      71    |      71    |      71    |       0    |
|       from small pool |     520    |     520    |     520    |       0    |
|---------------------------------------------------------------------------|
| Non-releasable allocs |     111    |     289    |  205668 K  |  205667 K  |
|       from large pool |      21    |      43    |   53824 K  |   53824 K  |
|       from small pool |      90    |     260    |  151843 K  |  151843 K  |
|---------------------------------------------------------------------------|
| Oversize allocations  |       0    |       0    |       0    |       0    |
|---------------------------------------------------------------------------|
| Oversize GPU segments |       0    |       0    |       0    |       0    |
|===========================================================================|

2026-09-06 11:02:36,429 - 第26100次train 完成, 本轮100次训练耗时 204.3 秒, 累计训练耗时 882.8 分钟, 当前学习率 5.22e-05
2026-09-06 11:06:00,431 - 第26200次train 完成, 本轮100次训练耗时 204.0 秒, 累计训练耗时 886.2 分钟, 当前学习率 5.14e-05
2026-09-06 11:09:23,903 - 第26300次train 完成, 本轮100次训练耗时 203.5 秒, 累计训练耗时 889.6 分钟, 当前学习率 5.07e-05
2026-09-06 11:12:47,782 - 第26400次train 完成, 本轮100次训练耗时 203.9 秒, 累计训练耗时 893.0 分钟, 当前学习率 5.00e-05
2026-09-06 11:13:02,103 - 第26400次训练后loss评估: train loss 3.2747, val loss 3.5038, loss评估耗时 14.3 秒
2026-09-06 11:13:03,495 - val loss 创新低，已保存最优模型: best val 3.5038 @ 第26400步
2026-09-06 11:16:27,465 - 第26500次train 完成, 本轮100次训练耗时 204.0 秒, 累计训练耗时 896.4 分钟, 当前学习率 4.93e-05
2026-09-06 11:19:51,586 - 第26600次train 完成, 本轮100次训练耗时 204.1 秒, 累计训练耗时 899.8 分钟, 当前学习率 4.87e-05
2026-09-06 11:23:15,537 - 第26700次train 完成, 本轮100次训练耗时 204.0 秒, 累计训练耗时 903.2 分钟, 当前学习率 4.80e-05
2026-09-06 11:26:39,352 - 第26800次train 完成, 本轮100次训练耗时 203.8 秒, 累计训练耗时 906.6 分钟, 当前学习率 4.73e-05
2026-09-06 11:26:53,538 - 第26800次训练后loss评估: train loss 3.2765, val loss 3.5255, loss评估耗时 14.2 秒
2026-09-06 11:30:17,957 - 第26900次train 完成, 本轮100次训练耗时 204.4 秒, 累计训练耗时 910.0 分钟, 当前学习率 4.67e-05
2026-09-06 11:33:41,588 - 第27000次train 完成, 本轮100次训练耗时 203.6 秒, 累计训练耗时 913.4 分钟, 当前学习率 4.60e-05
2026-09-06 11:37:05,479 - 第27100次train 完成, 本轮100次训练耗时 203.9 秒, 累计训练耗时 916.8 分钟, 当前学习率 4.54e-05
2026-09-06 11:40:29,383 - 第27200次train 完成, 本轮100次训练耗时 203.9 秒, 累计训练耗时 920.2 分钟, 当前学习率 4.48e-05
2026-09-06 11:40:43,866 - 第27200次训练后loss评估: train loss 3.2726, val loss 3.5343, loss评估耗时 14.5 秒
2026-09-06 11:44:07,282 - 第27300次train 完成, 本轮100次训练耗时 203.4 秒, 累计训练耗时 923.6 分钟, 当前学习率 4.42e-05
2026-09-06 11:47:31,163 - 第27400次train 完成, 本轮100次训练耗时 203.9 秒, 累计训练耗时 927.0 分钟, 当前学习率 4.36e-05
2026-09-06 11:50:55,012 - 第27500次train 完成, 本轮100次训练耗时 203.8 秒, 累计训练耗时 930.4 分钟, 当前学习率 4.30e-05
2026-09-06 11:54:18,714 - 第27600次train 完成, 本轮100次训练耗时 203.7 秒, 累计训练耗时 933.8 分钟, 当前学习率 4.25e-05
2026-09-06 11:54:33,193 - 第27600次训练后loss评估: train loss 3.2881, val loss 3.4960, loss评估耗时 14.5 秒
2026-09-06 11:54:34,452 - val loss 创新低，已保存最优模型: best val 3.4960 @ 第27600步
2026-09-06 11:57:58,301 - 第27700次train 完成, 本轮100次训练耗时 203.8 秒, 累计训练耗时 937.2 分钟, 当前学习率 4.19e-05
2026-09-06 12:01:22,637 - 第27800次train 完成, 本轮100次训练耗时 204.3 秒, 累计训练耗时 940.6 分钟, 当前学习率 4.14e-05
2026-09-06 12:04:46,420 - 第27900次train 完成, 本轮100次训练耗时 203.8 秒, 累计训练耗时 944.0 分钟, 当前学习率 4.09e-05
2026-09-06 12:08:10,322 - 第28000次train 完成, 本轮100次训练耗时 203.9 秒, 累计训练耗时 947.4 分钟, 当前学习率 4.03e-05
2026-09-06 12:08:24,660 - 第28000次训练后loss评估: train loss 3.2540, val loss 3.5264, loss评估耗时 14.3 秒
2026-09-06 12:08:26,539 - |===========================================================================|
|                  PyTorch CUDA memory summary, device ID 0                 |
|---------------------------------------------------------------------------|
|            CUDA OOMs: 0            |        cudaMalloc retries: 0         |
|===========================================================================|
|        Metric         | Cur Usage  | Peak Usage | Tot Alloc  | Tot Freed  |
|---------------------------------------------------------------------------|
| Allocated memory      |   3909 MiB |   6464 MiB |   2380 TiB |   2380 TiB |
|       from large pool |   3070 MiB |   5528 MiB |   2276 TiB |   2276 TiB |
|       from small pool |    838 MiB |   1032 MiB |    103 TiB |    103 TiB |
|---------------------------------------------------------------------------|
| Active memory         |   3909 MiB |   6464 MiB |   2380 TiB |   2380 TiB |
|       from large pool |   3070 MiB |   5528 MiB |   2276 TiB |   2276 TiB |
|       from small pool |    838 MiB |   1032 MiB |    103 TiB |    103 TiB |
|---------------------------------------------------------------------------|
| Requested memory      |   3909 MiB |   6461 MiB |   2379 TiB |   2379 TiB |
|       from large pool |   3070 MiB |   5525 MiB |   2275 TiB |   2275 TiB |
|       from small pool |    838 MiB |   1032 MiB |    103 TiB |    103 TiB |
|---------------------------------------------------------------------------|
| GPU reserved memory   |   7640 MiB |   7640 MiB |   7640 MiB |      0 B   |
|       from large pool |   6600 MiB |   6600 MiB |   6600 MiB |      0 B   |
|       from small pool |   1040 MiB |   1040 MiB |   1040 MiB |      0 B   |
|---------------------------------------------------------------------------|
| Non-releasable memory |   1116 MiB |   1475 MiB |   2407 TiB |   2407 TiB |
|       from large pool |   1081 MiB |   1448 MiB |   2297 TiB |   2297 TiB |
|       from small pool |     35 MiB |     85 MiB |    110 TiB |    110 TiB |
|---------------------------------------------------------------------------|
| Allocations           |    4000    |    4935    |  358095 K  |  358091 K  |
|       from large pool |     203    |     291    |  121210 K  |  121210 K  |
|       from small pool |    3797    |    4682    |  236885 K  |  236881 K  |
|---------------------------------------------------------------------------|
| Active allocs         |    4000    |    4935    |  358095 K  |  358091 K  |
|       from large pool |     203    |     291    |  121210 K  |  121210 K  |
|       from small pool |    3797    |    4682    |  236885 K  |  236881 K  |
|---------------------------------------------------------------------------|
| GPU reserved segments |     591    |     591    |     591    |       0    |
|       from large pool |      71    |      71    |      71    |       0    |
|       from small pool |     520    |     520    |     520    |       0    |
|---------------------------------------------------------------------------|
| Non-releasable allocs |     113    |     289    |  221484 K  |  221483 K  |
|       from large pool |      21    |      43    |   57962 K  |   57962 K  |
|       from small pool |      92    |     260    |  163521 K  |  163521 K  |
|---------------------------------------------------------------------------|
| Oversize allocations  |       0    |       0    |       0    |       0    |
|---------------------------------------------------------------------------|
| Oversize GPU segments |       0    |       0    |       0    |       0    |
|===========================================================================|

2026-09-06 12:11:48,691 - 第28100次train 完成, 本轮100次训练耗时 204.0 秒, 累计训练耗时 950.8 分钟, 当前学习率 3.98e-05
2026-09-06 12:15:12,204 - 第28200次train 完成, 本轮100次训练耗时 203.5 秒, 累计训练耗时 954.2 分钟, 当前学习率 3.93e-05
2026-09-06 12:18:35,940 - 第28300次train 完成, 本轮100次训练耗时 203.7 秒, 累计训练耗时 957.6 分钟, 当前学习率 3.89e-05
2026-09-06 12:21:59,940 - 第28400次train 完成, 本轮100次训练耗时 204.0 秒, 累计训练耗时 961.0 分钟, 当前学习率 3.84e-05
2026-09-06 12:22:14,311 - 第28400次训练后loss评估: train loss 3.2375, val loss 3.4976, loss评估耗时 14.4 秒
2026-09-06 12:25:38,105 - 第28500次train 完成, 本轮100次训练耗时 203.8 秒, 累计训练耗时 964.4 分钟, 当前学习率 3.79e-05
2026-09-06 12:29:02,018 - 第28600次train 完成, 本轮100次训练耗时 203.9 秒, 累计训练耗时 967.8 分钟, 当前学习率 3.75e-05
2026-09-06 12:32:26,652 - 第28700次train 完成, 本轮100次训练耗时 204.6 秒, 累计训练耗时 971.2 分钟, 当前学习率 3.71e-05
2026-09-06 12:35:50,328 - 第28800次train 完成, 本轮100次训练耗时 203.7 秒, 累计训练耗时 974.6 分钟, 当前学习率 3.67e-05
2026-09-06 12:36:04,885 - 第28800次训练后loss评估: train loss 3.2643, val loss 3.5406, loss评估耗时 14.6 秒
2026-09-06 12:39:28,646 - 第28900次train 完成, 本轮100次训练耗时 203.8 秒, 累计训练耗时 978.0 分钟, 当前学习率 3.62e-05
2026-09-06 12:42:52,864 - 第29000次train 完成, 本轮100次训练耗时 204.2 秒, 累计训练耗时 981.4 分钟, 当前学习率 3.59e-05
2026-09-06 12:46:16,598 - 第29100次train 完成, 本轮100次训练耗时 203.7 秒, 累计训练耗时 984.8 分钟, 当前学习率 3.55e-05
2026-09-06 12:49:41,384 - 第29200次train 完成, 本轮100次训练耗时 204.8 秒, 累计训练耗时 988.2 分钟, 当前学习率 3.51e-05
2026-09-06 12:49:55,673 - 第29200次训练后loss评估: train loss 3.2757, val loss 3.4611, loss评估耗时 14.3 秒
2026-09-06 12:49:57,317 - val loss 创新低，已保存最优模型: best val 3.4611 @ 第29200步
2026-09-06 12:53:21,699 - 第29300次train 完成, 本轮100次训练耗时 204.4 秒, 累计训练耗时 991.6 分钟, 当前学习率 3.47e-05
2026-09-06 12:56:45,673 - 第29400次train 完成, 本轮100次训练耗时 204.0 秒, 累计训练耗时 995.0 分钟, 当前学习率 3.44e-05
2026-09-06 13:00:10,606 - 第29500次train 完成, 本轮100次训练耗时 204.9 秒, 累计训练耗时 998.4 分钟, 当前学习率 3.41e-05
2026-09-06 13:03:34,712 - 第29600次train 完成, 本轮100次训练耗时 204.1 秒, 累计训练耗时 1001.8 分钟, 当前学习率 3.38e-05
2026-09-06 13:03:49,192 - 第29600次训练后loss评估: train loss 3.2368, val loss 3.4872, loss评估耗时 14.5 秒
2026-09-06 13:07:13,176 - 第29700次train 完成, 本轮100次训练耗时 204.0 秒, 累计训练耗时 1005.2 分钟, 当前学习率 3.35e-05
2026-09-06 13:10:37,379 - 第29800次train 完成, 本轮100次训练耗时 204.2 秒, 累计训练耗时 1008.6 分钟, 当前学习率 3.32e-05
2026-09-06 13:14:01,489 - 第29900次train 完成, 本轮100次训练耗时 204.1 秒, 累计训练耗时 1012.0 分钟, 当前学习率 3.29e-05
2026-09-06 13:17:25,049 - 第30000次train 完成, 本轮100次训练耗时 203.6 秒, 累计训练耗时 1015.4 分钟, 当前学习率 3.26e-05
2026-09-06 13:17:40,929 - 第30000次训练后loss评估: train loss 3.2534, val loss 3.5047, loss评估耗时 14.6 秒
2026-09-06 13:17:43,381 - |===========================================================================|
|                  PyTorch CUDA memory summary, device ID 0                 |
|---------------------------------------------------------------------------|
|            CUDA OOMs: 0            |        cudaMalloc retries: 0         |
|===========================================================================|
|        Metric         | Cur Usage  | Peak Usage | Tot Alloc  | Tot Freed  |
|---------------------------------------------------------------------------|
| Allocated memory      |   3909 MiB |   6464 MiB |   2550 TiB |   2550 TiB |
|       from large pool |   3070 MiB |   5528 MiB |   2438 TiB |   2438 TiB |
|       from small pool |    838 MiB |   1032 MiB |    111 TiB |    111 TiB |
|---------------------------------------------------------------------------|
| Active memory         |   3909 MiB |   6464 MiB |   2550 TiB |   2550 TiB |
|       from large pool |   3070 MiB |   5528 MiB |   2438 TiB |   2438 TiB |
|       from small pool |    838 MiB |   1032 MiB |    111 TiB |    111 TiB |
|---------------------------------------------------------------------------|
| Requested memory      |   3909 MiB |   6461 MiB |   2549 TiB |   2549 TiB |
|       from large pool |   3070 MiB |   5525 MiB |   2438 TiB |   2438 TiB |
|       from small pool |    838 MiB |   1032 MiB |    111 TiB |    111 TiB |
|---------------------------------------------------------------------------|
| GPU reserved memory   |   7640 MiB |   7640 MiB |   7640 MiB |      0 B   |
|       from large pool |   6600 MiB |   6600 MiB |   6600 MiB |      0 B   |
|       from small pool |   1040 MiB |   1040 MiB |   1040 MiB |      0 B   |
|---------------------------------------------------------------------------|
| Non-releasable memory |   1116 MiB |   1475 MiB |   2579 TiB |   2579 TiB |
|       from large pool |   1081 MiB |   1448 MiB |   2461 TiB |   2461 TiB |
|       from small pool |     35 MiB |     85 MiB |    118 TiB |    118 TiB |
|---------------------------------------------------------------------------|
| Allocations           |    4000    |    4935    |  383664 K  |  383660 K  |
|       from large pool |     203    |     291    |  129865 K  |  129865 K  |
|       from small pool |    3797    |    4682    |  253798 K  |  253794 K  |
|---------------------------------------------------------------------------|
| Active allocs         |    4000    |    4935    |  383664 K  |  383660 K  |
|       from large pool |     203    |     291    |  129865 K  |  129865 K  |
|       from small pool |    3797    |    4682    |  253798 K  |  253794 K  |
|---------------------------------------------------------------------------|
| GPU reserved segments |     591    |     591    |     591    |       0    |
|       from large pool |      71    |      71    |      71    |       0    |
|       from small pool |     520    |     520    |     520    |       0    |
|---------------------------------------------------------------------------|
| Non-releasable allocs |     109    |     289    |  237294 K  |  237294 K  |
|       from large pool |      21    |      43    |   62101 K  |   62101 K  |
|       from small pool |      88    |     260    |  175193 K  |  175193 K  |
|---------------------------------------------------------------------------|
| Oversize allocations  |       0    |       0    |       0    |       0    |
|---------------------------------------------------------------------------|
| Oversize GPU segments |       0    |       0    |       0    |       0    |
|===========================================================================|

2026-09-06 13:21:05,027 - 第30100次train 完成, 本轮100次训练耗时 204.1 秒, 累计训练耗时 1018.8 分钟, 当前学习率 3.24e-05
2026-09-06 13:24:29,615 - 第30200次train 完成, 本轮100次训练耗时 204.6 秒, 累计训练耗时 1022.2 分钟, 当前学习率 3.21e-05
2026-09-06 13:27:53,478 - 第30300次train 完成, 本轮100次训练耗时 203.9 秒, 累计训练耗时 1025.6 分钟, 当前学习率 3.19e-05
2026-09-06 13:31:18,571 - 第30400次train 完成, 本轮100次训练耗时 205.1 秒, 累计训练耗时 1029.1 分钟, 当前学习率 3.17e-05
2026-09-06 13:31:33,037 - 第30400次训练后loss评估: train loss 3.2138, val loss 3.5184, loss评估耗时 14.5 秒
2026-09-06 13:34:57,372 - 第30500次train 完成, 本轮100次训练耗时 204.3 秒, 累计训练耗时 1032.5 分钟, 当前学习率 3.15e-05
2026-09-06 13:38:20,973 - 第30600次train 完成, 本轮100次训练耗时 203.6 秒, 累计训练耗时 1035.9 分钟, 当前学习率 3.13e-05
2026-09-06 13:41:45,281 - 第30700次train 完成, 本轮100次训练耗时 204.3 秒, 累计训练耗时 1039.3 分钟, 当前学习率 3.11e-05
2026-09-06 13:45:09,399 - 第30800次train 完成, 本轮100次训练耗时 204.1 秒, 累计训练耗时 1042.7 分钟, 当前学习率 3.09e-05
2026-09-06 13:45:23,767 - 第30800次训练后loss评估: train loss 3.2455, val loss 3.5166, loss评估耗时 14.4 秒
2026-09-06 13:48:47,790 - 第30900次train 完成, 本轮100次训练耗时 204.0 秒, 累计训练耗时 1046.1 分钟, 当前学习率 3.08e-05
2026-09-06 13:52:12,342 - 第31000次train 完成, 本轮100次训练耗时 204.6 秒, 累计训练耗时 1049.5 分钟, 当前学习率 3.07e-05
2026-09-06 13:55:36,985 - 第31100次train 完成, 本轮100次训练耗时 204.6 秒, 累计训练耗时 1052.9 分钟, 当前学习率 3.05e-05
2026-09-06 13:59:01,241 - 第31200次train 完成, 本轮100次训练耗时 204.3 秒, 累计训练耗时 1056.3 分钟, 当前学习率 3.04e-05
2026-09-06 13:59:15,878 - 第31200次训练后loss评估: train loss 3.2838, val loss 3.5157, loss评估耗时 14.6 秒
2026-09-06 14:02:41,159 - 第31300次train 完成, 本轮100次训练耗时 205.3 秒, 累计训练耗时 1059.7 分钟, 当前学习率 3.03e-05
2026-09-06 14:06:05,673 - 第31400次train 完成, 本轮100次训练耗时 204.5 秒, 累计训练耗时 1063.1 分钟, 当前学习率 3.02e-05
2026-09-06 14:09:29,826 - 第31500次train 完成, 本轮100次训练耗时 204.2 秒, 累计训练耗时 1066.5 分钟, 当前学习率 3.02e-05
2026-09-06 14:12:54,062 - 第31600次train 完成, 本轮100次训练耗时 204.2 秒, 累计训练耗时 1069.9 分钟, 当前学习率 3.01e-05
2026-09-06 14:13:08,574 - 第31600次训练后loss评估: train loss 3.2092, val loss 3.5171, loss评估耗时 14.5 秒
2026-09-06 14:16:32,612 - 第31700次train 完成, 本轮100次训练耗时 204.0 秒, 累计训练耗时 1073.3 分钟, 当前学习率 3.01e-05
2026-09-06 14:19:56,641 - 第31800次train 完成, 本轮100次训练耗时 204.0 秒, 累计训练耗时 1076.7 分钟, 当前学习率 3.00e-05
2026-09-06 14:23:20,753 - 第31900次train 完成, 本轮100次训练耗时 204.1 秒, 累计训练耗时 1080.1 分钟, 当前学习率 3.00e-05
2026-09-06 14:26:57,618 - 第31999次训练后loss评估: train loss 3.2336, val loss 3.5185, loss评估耗时 14.4 秒
2026-09-06 14:26:59,597 - 第32000次train 完成, 本轮100次训练耗时 218.8 秒, 累计训练耗时 1083.8 分钟, 当前学习率 3.00e-05
2026-09-06 14:26:59,597 - 全部训练完成，总耗时 1103.2 分钟，平均每步 2068 毫秒
2026-09-08 10:59:59,840 - 总样本数据 73862951, 训练集 66476032 验证集 7386112 词元表大小:16000
