2026-09-02 14:45:30,846 - 总样本数据 73862951, 训练集 66476655 验证集 7386296 词元表大小:16000
2026-09-02 14:45:32,269 - 109816960 个参数
2026-09-02 14:45:47,028 - 第0次训练后loss评估: train loss 9.8597, val loss 9.8576, loss评估耗时 13.1 秒
2026-09-02 14:45:48,659 - |===========================================================================|
|                  PyTorch CUDA memory summary, device ID 0                 |
|---------------------------------------------------------------------------|
|            CUDA OOMs: 0            |        cudaMalloc retries: 0         |
|===========================================================================|
|        Metric         | Cur Usage  | Peak Usage | Tot Alloc  | Tot Freed  |
|---------------------------------------------------------------------------|
| Allocated memory      |   2235 MiB |   4710 MiB |    847 GiB |    845 GiB |
|       from large pool |   1870 MiB |   4592 MiB |    845 GiB |    843 GiB |
|       from small pool |    364 MiB |    447 MiB |      2 GiB |      1 GiB |
|---------------------------------------------------------------------------|
| Active memory         |   2235 MiB |   4710 MiB |    847 GiB |    845 GiB |
|       from large pool |   1870 MiB |   4592 MiB |    845 GiB |    843 GiB |
|       from small pool |    364 MiB |    447 MiB |      2 GiB |      1 GiB |
|---------------------------------------------------------------------------|
| Requested memory      |   2228 MiB |   4710 MiB |    846 GiB |    844 GiB |
|       from large pool |   1863 MiB |   4592 MiB |    844 GiB |    842 GiB |
|       from small pool |    364 MiB |    447 MiB |      2 GiB |      1 GiB |
|---------------------------------------------------------------------------|
| GPU reserved memory   |   5472 MiB |   5472 MiB |   5472 MiB |      0 B   |
|       from large pool |   5000 MiB |   5000 MiB |   5000 MiB |      0 B   |
|       from small pool |    472 MiB |    472 MiB |    472 MiB |      0 B   |
|---------------------------------------------------------------------------|
| Non-releasable memory |   1148 MiB |   1958 MiB | 684223 MiB | 683074 MiB |
|       from large pool |   1129 MiB |   1954 MiB | 680290 MiB | 679160 MiB |
|       from small pool |     19 MiB |     37 MiB |   3932 MiB |   3913 MiB |
|---------------------------------------------------------------------------|
| Allocations           |    2384    |    2943    |   77025    |   74641    |
|       from large pool |     155    |     193    |   51277    |   51122    |
|       from small pool |    2229    |    2750    |   25748    |   23519    |
|---------------------------------------------------------------------------|
| Active allocs         |    2384    |    2943    |   77025    |   74641    |
|       from large pool |     155    |     193    |   51277    |   51122    |
|       from small pool |    2229    |    2750    |   25748    |   23519    |
|---------------------------------------------------------------------------|
| GPU reserved segments |     267    |     267    |     267    |       0    |
|       from large pool |      31    |      31    |      31    |       0    |
|       from small pool |     236    |     236    |     236    |       0    |
|---------------------------------------------------------------------------|
| Non-releasable allocs |     211    |     251    |   41197    |   40986    |
|       from large pool |      35    |      41    |   32127    |   32092    |
|       from small pool |     176    |     217    |    9070    |    8894    |
|---------------------------------------------------------------------------|
| Oversize allocations  |       0    |       0    |       0    |       0    |
|---------------------------------------------------------------------------|
| Oversize GPU segments |       0    |       0    |       0    |       0    |
|===========================================================================|

2026-09-02 14:48:43,523 - 第100次train 完成, 本轮100次训练耗时 176.5 秒, 累计训练耗时 2.9 分钟, 当前学习率 3.00e-04
2026-09-02 14:51:39,844 - 第200次train 完成, 本轮100次训练耗时 176.3 秒, 累计训练耗时 5.9 分钟, 当前学习率 3.00e-04
2026-09-02 14:54:36,334 - 第300次train 完成, 本轮100次训练耗时 176.5 秒, 累计训练耗时 8.8 分钟, 当前学习率 3.00e-04
2026-09-02 14:57:32,668 - 第400次train 完成, 本轮100次训练耗时 176.3 秒, 累计训练耗时 11.8 分钟, 当前学习率 2.99e-04
2026-09-02 15:00:29,518 - 第500次train 完成, 本轮100次训练耗时 176.8 秒, 累计训练耗时 14.7 分钟, 当前学习率 2.99e-04
2026-09-02 15:00:42,756 - 第500次训练后loss评估: train loss 5.9486, val loss 5.9551, loss评估耗时 13.2 秒
2026-09-02 15:03:39,729 - 第600次train 完成, 本轮100次训练耗时 177.0 秒, 累计训练耗时 17.7 分钟, 当前学习率 2.98e-04
2026-09-02 15:06:36,637 - 第700次train 完成, 本轮100次训练耗时 176.9 秒, 累计训练耗时 20.6 分钟, 当前学习率 2.98e-04
2026-09-02 15:09:32,870 - 第800次train 完成, 本轮100次训练耗时 176.2 秒, 累计训练耗时 23.5 分钟, 当前学习率 2.97e-04
2026-09-02 15:12:29,296 - 第900次train 完成, 本轮100次训练耗时 176.4 秒, 累计训练耗时 26.5 分钟, 当前学习率 2.96e-04
2026-09-02 15:15:25,696 - 第1000次train 完成, 本轮100次训练耗时 176.4 秒, 累计训练耗时 29.4 分钟, 当前学习率 2.95e-04
2026-09-02 15:15:38,916 - 第1000次训练后loss评估: train loss 5.2156, val loss 5.2798, loss评估耗时 13.2 秒
2026-09-02 15:18:36,178 - 第1100次train 完成, 本轮100次训练耗时 177.3 秒, 累计训练耗时 32.4 分钟, 当前学习率 2.93e-04
2026-09-02 15:21:32,846 - 第1200次train 完成, 本轮100次训练耗时 176.7 秒, 累计训练耗时 35.3 分钟, 当前学习率 2.92e-04
2026-09-02 15:24:29,512 - 第1300次train 完成, 本轮100次训练耗时 176.7 秒, 累计训练耗时 38.3 分钟, 当前学习率 2.90e-04
2026-09-02 15:27:26,430 - 第1400次train 完成, 本轮100次训练耗时 176.9 秒, 累计训练耗时 41.2 分钟, 当前学习率 2.89e-04
2026-09-02 15:30:23,250 - 第1500次train 完成, 本轮100次训练耗时 176.8 秒, 累计训练耗时 44.2 分钟, 当前学习率 2.87e-04
2026-09-02 15:30:36,430 - 第1500次训练后loss评估: train loss 4.8627, val loss 4.9090, loss评估耗时 13.2 秒
2026-09-02 15:33:33,123 - 第1600次train 完成, 本轮100次训练耗时 176.7 秒, 累计训练耗时 47.1 分钟, 当前学习率 2.85e-04
2026-09-02 15:36:29,934 - 第1700次train 完成, 本轮100次训练耗时 176.8 秒, 累计训练耗时 50.1 分钟, 当前学习率 2.83e-04
2026-09-02 15:39:26,925 - 第1800次train 完成, 本轮100次训练耗时 177.0 秒, 累计训练耗时 53.0 分钟, 当前学习率 2.81e-04
2026-09-02 15:42:23,227 - 第1900次train 完成, 本轮100次训练耗时 176.3 秒, 累计训练耗时 55.9 分钟, 当前学习率 2.79e-04
2026-09-02 15:45:19,654 - 第2000次train 完成, 本轮100次训练耗时 176.4 秒, 累计训练耗时 58.9 分钟, 当前学习率 2.76e-04
2026-09-02 15:45:32,861 - 第2000次训练后loss评估: train loss 4.6010, val loss 4.6490, loss评估耗时 13.2 秒
2026-09-02 15:45:34,589 - |===========================================================================|
|                  PyTorch CUDA memory summary, device ID 0                 |
|---------------------------------------------------------------------------|
|            CUDA OOMs: 0            |        cudaMalloc retries: 0         |
|===========================================================================|
|        Metric         | Cur Usage  | Peak Usage | Tot Alloc  | Tot Freed  |
|---------------------------------------------------------------------------|
| Allocated memory      |   2237 MiB |   5750 MiB | 161287 GiB | 161285 GiB |
|       from large pool |   1872 MiB |   5343 MiB | 160648 GiB | 160647 GiB |
|       from small pool |    364 MiB |    447 MiB |    638 GiB |    638 GiB |
|---------------------------------------------------------------------------|
| Active memory         |   2237 MiB |   5750 MiB | 161287 GiB | 161285 GiB |
|       from large pool |   1872 MiB |   5343 MiB | 160648 GiB | 160647 GiB |
|       from small pool |    364 MiB |    447 MiB |    638 GiB |    638 GiB |
|---------------------------------------------------------------------------|
| Requested memory      |   2228 MiB |   5734 MiB | 160791 GiB | 160788 GiB |
|       from large pool |   1863 MiB |   5328 MiB | 160152 GiB | 160150 GiB |
|       from small pool |    364 MiB |    447 MiB |    638 GiB |    638 GiB |
|---------------------------------------------------------------------------|
| GPU reserved memory   |   7472 MiB |   7472 MiB |   7472 MiB |      0 B   |
|       from large pool |   7000 MiB |   7000 MiB |   7000 MiB |      0 B   |
|       from small pool |    472 MiB |    472 MiB |    472 MiB |      0 B   |
|---------------------------------------------------------------------------|
| Non-releasable memory |   1146 MiB |   2170 MiB | 170004 GiB | 170003 GiB |
|       from large pool |   1127 MiB |   2152 MiB | 169050 GiB | 169048 GiB |
|       from small pool |     19 MiB |     42 MiB |    954 GiB |    954 GiB |
|---------------------------------------------------------------------------|
| Allocations           |    2384    |    2943    |   14994 K  |   14992 K  |
|       from large pool |     155    |     246    |    8800 K  |    8800 K  |
|       from small pool |    2229    |    2750    |    6193 K  |    6191 K  |
|---------------------------------------------------------------------------|
| Active allocs         |    2384    |    2943    |   14994 K  |   14992 K  |
|       from large pool |     155    |     246    |    8800 K  |    8800 K  |
|       from small pool |    2229    |    2750    |    6193 K  |    6191 K  |
|---------------------------------------------------------------------------|
| GPU reserved segments |     269    |     269    |     269    |       0    |
|       from large pool |      33    |      33    |      33    |       0    |
|       from small pool |     236    |     236    |     236    |       0    |
|---------------------------------------------------------------------------|
| Non-releasable allocs |     218    |     307    |    6118 K  |    6118 K  |
|       from large pool |      46    |      57    |    4429 K  |    4429 K  |
|       from small pool |     172    |     258    |    1688 K  |    1688 K  |
|---------------------------------------------------------------------------|
| Oversize allocations  |       0    |       0    |       0    |       0    |
|---------------------------------------------------------------------------|
| Oversize GPU segments |       0    |       0    |       0    |       0    |
|===========================================================================|

2026-09-02 15:48:29,759 - 第2100次train 完成, 本轮100次训练耗时 176.9 秒, 累计训练耗时 61.8 分钟, 当前学习率 2.74e-04
2026-09-02 15:51:26,311 - 第2200次train 完成, 本轮100次训练耗时 176.6 秒, 累计训练耗时 64.8 分钟, 当前学习率 2.71e-04
2026-09-02 15:54:22,525 - 第2300次train 完成, 本轮100次训练耗时 176.2 秒, 累计训练耗时 67.7 分钟, 当前学习率 2.68e-04
2026-09-02 15:57:19,326 - 第2400次train 完成, 本轮100次训练耗时 176.8 秒, 累计训练耗时 70.7 分钟, 当前学习率 2.66e-04
2026-09-02 16:00:16,251 - 第2500次train 完成, 本轮100次训练耗时 176.9 秒, 累计训练耗时 73.6 分钟, 当前学习率 2.63e-04
2026-09-02 16:00:29,476 - 第2500次训练后loss评估: train loss 4.4099, val loss 4.4786, loss评估耗时 13.2 秒
2026-09-02 16:03:26,480 - 第2600次train 完成, 本轮100次训练耗时 177.0 秒, 累计训练耗时 76.6 分钟, 当前学习率 2.60e-04
2026-09-02 16:06:23,352 - 第2700次train 完成, 本轮100次训练耗时 176.9 秒, 累计训练耗时 79.5 分钟, 当前学习率 2.57e-04
2026-09-02 16:09:19,849 - 第2800次train 完成, 本轮100次训练耗时 176.5 秒, 累计训练耗时 82.4 分钟, 当前学习率 2.53e-04
2026-09-02 16:12:16,570 - 第2900次train 完成, 本轮100次训练耗时 176.7 秒, 累计训练耗时 85.4 分钟, 当前学习率 2.50e-04
2026-09-02 16:15:12,443 - 第3000次train 完成, 本轮100次训练耗时 175.9 秒, 累计训练耗时 88.3 分钟, 当前学习率 2.47e-04
2026-09-02 16:15:26,119 - 第3000次训练后loss评估: train loss 4.3020, val loss 4.3551, loss评估耗时 13.1 秒
2026-09-02 16:18:19,260 - 第3100次train 完成, 本轮100次训练耗时 173.1 秒, 累计训练耗时 91.2 分钟, 当前学习率 2.43e-04
2026-09-02 16:21:16,144 - 第3200次train 完成, 本轮100次训练耗时 176.9 秒, 累计训练耗时 94.2 分钟, 当前学习率 2.40e-04
2026-09-02 16:24:12,856 - 第3300次train 完成, 本轮100次训练耗时 176.7 秒, 累计训练耗时 97.1 分钟, 当前学习率 2.36e-04
2026-09-02 16:27:09,267 - 第3400次train 完成, 本轮100次训练耗时 176.4 秒, 累计训练耗时 100.0 分钟, 当前学习率 2.33e-04
2026-09-02 16:30:05,589 - 第3500次train 完成, 本轮100次训练耗时 176.3 秒, 累计训练耗时 103.0 分钟, 当前学习率 2.29e-04
2026-09-02 16:30:18,849 - 第3500次训练后loss评估: train loss 4.1801, val loss 4.2393, loss评估耗时 13.3 秒
2026-09-02 16:33:16,353 - 第3600次train 完成, 本轮100次训练耗时 177.5 秒, 累计训练耗时 105.9 分钟, 当前学习率 2.25e-04
2026-09-02 16:36:12,957 - 第3700次train 完成, 本轮100次训练耗时 176.6 秒, 累计训练耗时 108.9 分钟, 当前学习率 2.21e-04
2026-09-02 16:39:10,090 - 第3800次train 完成, 本轮100次训练耗时 177.1 秒, 累计训练耗时 111.8 分钟, 当前学习率 2.17e-04
2026-09-02 16:42:06,683 - 第3900次train 完成, 本轮100次训练耗时 176.6 秒, 累计训练耗时 114.8 分钟, 当前学习率 2.13e-04
2026-09-02 16:45:02,726 - 第4000次train 完成, 本轮100次训练耗时 176.0 秒, 累计训练耗时 117.7 分钟, 当前学习率 2.09e-04
2026-09-02 16:45:15,919 - 第4000次训练后loss评估: train loss 4.1023, val loss 4.1957, loss评估耗时 13.2 秒
2026-09-02 16:45:17,656 - |===========================================================================|
|                  PyTorch CUDA memory summary, device ID 0                 |
|---------------------------------------------------------------------------|
|            CUDA OOMs: 0            |        cudaMalloc retries: 0         |
|===========================================================================|
|        Metric         | Cur Usage  | Peak Usage | Tot Alloc  | Tot Freed  |
|---------------------------------------------------------------------------|
| Allocated memory      |   2237 MiB |   5750 MiB | 321731 GiB | 321729 GiB |
|       from large pool |   1872 MiB |   5343 MiB | 320456 GiB | 320454 GiB |
|       from small pool |    364 MiB |    447 MiB |   1275 GiB |   1275 GiB |
|---------------------------------------------------------------------------|
| Active memory         |   2237 MiB |   5750 MiB | 321731 GiB | 321729 GiB |
|       from large pool |   1872 MiB |   5343 MiB | 320456 GiB | 320454 GiB |
|       from small pool |    364 MiB |    447 MiB |   1275 GiB |   1275 GiB |
|---------------------------------------------------------------------------|
| Requested memory      |   2228 MiB |   5734 MiB | 320735 GiB | 320733 GiB |
|       from large pool |   1863 MiB |   5328 MiB | 319459 GiB | 319458 GiB |
|       from small pool |    364 MiB |    447 MiB |   1275 GiB |   1275 GiB |
|---------------------------------------------------------------------------|
| GPU reserved memory   |   7472 MiB |   7472 MiB |   7472 MiB |      0 B   |
|       from large pool |   7000 MiB |   7000 MiB |   7000 MiB |      0 B   |
|       from small pool |    472 MiB |    472 MiB |    472 MiB |      0 B   |
|---------------------------------------------------------------------------|
| Non-releasable memory |   1146 MiB |   2170 MiB | 339488 GiB | 339487 GiB |
|       from large pool |   1127 MiB |   2152 MiB | 337583 GiB | 337582 GiB |
|       from small pool |     19 MiB |     42 MiB |   1904 GiB |   1904 GiB |
|---------------------------------------------------------------------------|
| Allocations           |    2384    |    2943    |   29912 K  |   29909 K  |
|       from large pool |     155    |     246    |   17550 K  |   17550 K  |
|       from small pool |    2229    |    2750    |   12361 K  |   12359 K  |
|---------------------------------------------------------------------------|
| Active allocs         |    2384    |    2943    |   29912 K  |   29909 K  |
|       from large pool |     155    |     246    |   17550 K  |   17550 K  |
|       from small pool |    2229    |    2750    |   12361 K  |   12359 K  |
|---------------------------------------------------------------------------|
| GPU reserved segments |     269    |     269    |     269    |       0    |
|       from large pool |      33    |      33    |      33    |       0    |
|       from small pool |     236    |     236    |     236    |       0    |
|---------------------------------------------------------------------------|
| Non-releasable allocs |     218    |     307    |   12200 K  |   12200 K  |
|       from large pool |      46    |      57    |    8832 K  |    8832 K  |
|       from small pool |     172    |     258    |    3368 K  |    3368 K  |
|---------------------------------------------------------------------------|
| Oversize allocations  |       0    |       0    |       0    |       0    |
|---------------------------------------------------------------------------|
| Oversize GPU segments |       0    |       0    |       0    |       0    |
|===========================================================================|

2026-09-02 16:48:12,378 - 第4100次train 完成, 本轮100次训练耗时 176.5 秒, 累计训练耗时 120.7 分钟, 当前学习率 2.05e-04
2026-09-02 16:51:08,718 - 第4200次train 完成, 本轮100次训练耗时 176.3 秒, 累计训练耗时 123.6 分钟, 当前学习率 2.01e-04
2026-09-02 16:54:04,788 - 第4300次train 完成, 本轮100次训练耗时 176.1 秒, 累计训练耗时 126.5 分钟, 当前学习率 1.97e-04
2026-09-02 16:57:01,950 - 第4400次train 完成, 本轮100次训练耗时 177.2 秒, 累计训练耗时 129.5 分钟, 当前学习率 1.93e-04
2026-09-02 16:59:57,715 - 第4500次train 完成, 本轮100次训练耗时 175.8 秒, 累计训练耗时 132.4 分钟, 当前学习率 1.88e-04
2026-09-02 17:00:11,049 - 第4500次训练后loss评估: train loss 4.0344, val loss 4.1315, loss评估耗时 13.3 秒
2026-09-02 17:03:07,424 - 第4600次train 完成, 本轮100次训练耗时 176.4 秒, 累计训练耗时 135.3 分钟, 当前学习率 1.84e-04
2026-09-02 17:06:03,347 - 第4700次train 完成, 本轮100次训练耗时 175.9 秒, 累计训练耗时 138.3 分钟, 当前学习率 1.80e-04
2026-09-02 17:08:59,199 - 第4800次train 完成, 本轮100次训练耗时 175.9 秒, 累计训练耗时 141.2 分钟, 当前学习率 1.76e-04
2026-09-02 17:11:55,409 - 第4900次train 完成, 本轮100次训练耗时 176.2 秒, 累计训练耗时 144.1 分钟, 当前学习率 1.71e-04
2026-09-02 17:14:50,762 - 第5000次train 完成, 本轮100次训练耗时 175.4 秒, 累计训练耗时 147.1 分钟, 当前学习率 1.67e-04
2026-09-02 17:15:04,011 - 第5000次训练后loss评估: train loss 3.9710, val loss 4.0968, loss评估耗时 13.2 秒
2026-09-02 17:17:59,696 - 第5100次train 完成, 本轮100次训练耗时 175.7 秒, 累计训练耗时 150.0 分钟, 当前学习率 1.63e-04
2026-09-02 17:20:55,938 - 第5200次train 完成, 本轮100次训练耗时 176.2 秒, 累计训练耗时 152.9 分钟, 当前学习率 1.59e-04
2026-09-02 17:23:52,760 - 第5300次train 完成, 本轮100次训练耗时 176.8 秒, 累计训练耗时 155.9 分钟, 当前学习率 1.54e-04
2026-09-02 17:26:48,197 - 第5400次train 完成, 本轮100次训练耗时 175.4 秒, 累计训练耗时 158.8 分钟, 当前学习率 1.50e-04
2026-09-02 17:29:44,075 - 第5500次train 完成, 本轮100次训练耗时 175.9 秒, 累计训练耗时 161.7 分钟, 当前学习率 1.46e-04
2026-09-02 17:29:57,307 - 第5500次训练后loss评估: train loss 3.9529, val loss 4.0235, loss评估耗时 13.2 秒
2026-09-02 17:32:51,760 - 第5600次train 完成, 本轮100次训练耗时 174.5 秒, 累计训练耗时 164.6 分钟, 当前学习率 1.42e-04
2026-09-02 17:35:48,038 - 第5700次train 完成, 本轮100次训练耗时 176.3 秒, 累计训练耗时 167.6 分钟, 当前学习率 1.37e-04
2026-09-02 17:38:43,577 - 第5800次train 完成, 本轮100次训练耗时 175.5 秒, 累计训练耗时 170.5 分钟, 当前学习率 1.33e-04
2026-09-02 17:41:40,158 - 第5900次train 完成, 本轮100次训练耗时 176.6 秒, 累计训练耗时 173.5 分钟, 当前学习率 1.29e-04
2026-09-02 17:44:32,040 - 第6000次train 完成, 本轮100次训练耗时 171.9 秒, 累计训练耗时 176.3 分钟, 当前学习率 1.25e-04
2026-09-02 17:44:45,791 - 第6000次训练后loss评估: train loss 3.9184, val loss 3.9984, loss评估耗时 13.2 秒
2026-09-02 17:44:47,474 - |===========================================================================|
|                  PyTorch CUDA memory summary, device ID 0                 |
|---------------------------------------------------------------------------|
|            CUDA OOMs: 0            |        cudaMalloc retries: 0         |
|===========================================================================|
|        Metric         | Cur Usage  | Peak Usage | Tot Alloc  | Tot Freed  |
|---------------------------------------------------------------------------|
| Allocated memory      |   2237 MiB |   5750 MiB | 482175 GiB | 482173 GiB |
|       from large pool |   1872 MiB |   5343 MiB | 480263 GiB | 480261 GiB |
|       from small pool |    364 MiB |    447 MiB |   1912 GiB |   1911 GiB |
|---------------------------------------------------------------------------|
| Active memory         |   2237 MiB |   5750 MiB | 482175 GiB | 482173 GiB |
|       from large pool |   1872 MiB |   5343 MiB | 480263 GiB | 480261 GiB |
|       from small pool |    364 MiB |    447 MiB |   1912 GiB |   1911 GiB |
|---------------------------------------------------------------------------|
| Requested memory      |   2228 MiB |   5734 MiB | 480679 GiB | 480677 GiB |
|       from large pool |   1863 MiB |   5328 MiB | 478767 GiB | 478765 GiB |
|       from small pool |    364 MiB |    447 MiB |   1912 GiB |   1911 GiB |
|---------------------------------------------------------------------------|
| GPU reserved memory   |   7472 MiB |   7472 MiB |   7472 MiB |      0 B   |
|       from large pool |   7000 MiB |   7000 MiB |   7000 MiB |      0 B   |
|       from small pool |    472 MiB |    472 MiB |    472 MiB |      0 B   |
|---------------------------------------------------------------------------|
| Non-releasable memory |   1146 MiB |   2170 MiB | 508972 GiB | 508971 GiB |
|       from large pool |   1127 MiB |   2152 MiB | 506117 GiB | 506116 GiB |
|       from small pool |     19 MiB |     42 MiB |   2855 GiB |   2855 GiB |
|---------------------------------------------------------------------------|
| Allocations           |    2384    |    2943    |   44829 K  |   44827 K  |
|       from large pool |     155    |     246    |   26299 K  |   26299 K  |
|       from small pool |    2229    |    2750    |   18529 K  |   18527 K  |
|---------------------------------------------------------------------------|
| Active allocs         |    2384    |    2943    |   44829 K  |   44827 K  |
|       from large pool |     155    |     246    |   26299 K  |   26299 K  |
|       from small pool |    2229    |    2750    |   18529 K  |   18527 K  |
|---------------------------------------------------------------------------|
| GPU reserved segments |     269    |     269    |     269    |       0    |
|       from large pool |      33    |      33    |      33    |       0    |
|       from small pool |     236    |     236    |     236    |       0    |
|---------------------------------------------------------------------------|
| Non-releasable allocs |     218    |     307    |   18282 K  |   18282 K  |
|       from large pool |      46    |      57    |   13234 K  |   13234 K  |
|       from small pool |     172    |     258    |    5048 K  |    5048 K  |
|---------------------------------------------------------------------------|
| Oversize allocations  |       0    |       0    |       0    |       0    |
|---------------------------------------------------------------------------|
| Oversize GPU segments |       0    |       0    |       0    |       0    |
|===========================================================================|

2026-09-02 17:47:38,989 - 第6100次train 完成, 本轮100次训练耗时 173.2 秒, 累计训练耗时 179.2 分钟, 当前学习率 1.21e-04
2026-09-02 17:50:34,770 - 第6200次train 完成, 本轮100次训练耗时 175.8 秒, 累计训练耗时 182.1 分钟, 当前学习率 1.17e-04
2026-09-02 17:53:30,781 - 第6300次train 完成, 本轮100次训练耗时 176.0 秒, 累计训练耗时 185.1 分钟, 当前学习率 1.13e-04
2026-09-02 17:56:27,071 - 第6400次train 完成, 本轮100次训练耗时 176.3 秒, 累计训练耗时 188.0 分钟, 当前学习率 1.09e-04
2026-09-02 17:59:23,183 - 第6500次train 完成, 本轮100次训练耗时 176.1 秒, 累计训练耗时 190.9 分钟, 当前学习率 1.05e-04
2026-09-02 17:59:36,480 - 第6500次训练后loss评估: train loss 3.8620, val loss 3.9522, loss评估耗时 13.3 秒
2026-09-02 18:02:32,834 - 第6600次train 完成, 本轮100次训练耗时 176.4 秒, 累计训练耗时 193.9 分钟, 当前学习率 1.01e-04
2026-09-02 18:05:29,059 - 第6700次train 完成, 本轮100次训练耗时 176.2 秒, 累计训练耗时 196.8 分钟, 当前学习率 9.75e-05
2026-09-02 18:08:25,548 - 第6800次train 完成, 本轮100次训练耗时 176.5 秒, 累计训练耗时 199.8 分钟, 当前学习率 9.39e-05
2026-09-02 18:11:21,865 - 第6900次train 完成, 本轮100次训练耗时 176.3 秒, 累计训练耗时 202.7 分钟, 当前学习率 9.03e-05
2026-09-02 18:14:17,566 - 第7000次train 完成, 本轮100次训练耗时 175.7 秒, 累计训练耗时 205.6 分钟, 当前学习率 8.67e-05
2026-09-02 18:14:30,884 - 第7000次训练后loss评估: train loss 3.8164, val loss 3.9373, loss评估耗时 13.3 秒
2026-09-02 18:17:26,430 - 第7100次train 完成, 本轮100次训练耗时 175.5 秒, 累计训练耗时 208.6 分钟, 当前学习率 8.33e-05
2026-09-02 18:20:22,687 - 第7200次train 完成, 本轮100次训练耗时 176.3 秒, 累计训练耗时 211.5 分钟, 当前学习率 7.99e-05
2026-09-02 18:23:19,054 - 第7300次train 完成, 本轮100次训练耗时 176.4 秒, 累计训练耗时 214.4 分钟, 当前学习率 7.66e-05
2026-09-02 18:26:14,796 - 第7400次train 完成, 本轮100次训练耗时 175.7 秒, 累计训练耗时 217.4 分钟, 当前学习率 7.34e-05
2026-09-02 18:29:10,954 - 第7500次train 完成, 本轮100次训练耗时 176.2 秒, 累计训练耗时 220.3 分钟, 当前学习率 7.03e-05
2026-09-02 18:29:24,181 - 第7500次训练后loss评估: train loss 3.8154, val loss 3.9191, loss评估耗时 13.2 秒
2026-09-02 18:32:19,797 - 第7600次train 完成, 本轮100次训练耗时 175.6 秒, 累计训练耗时 223.2 分钟, 当前学习率 6.73e-05
2026-09-02 18:35:15,847 - 第7700次train 完成, 本轮100次训练耗时 176.0 秒, 累计训练耗时 226.2 分钟, 当前学习率 6.44e-05
2026-09-02 18:38:12,216 - 第7800次train 完成, 本轮100次训练耗时 176.4 秒, 累计训练耗时 229.1 分钟, 当前学习率 6.16e-05
2026-09-02 18:41:08,710 - 第7900次train 完成, 本轮100次训练耗时 176.5 秒, 累计训练耗时 232.0 分钟, 当前学习率 5.89e-05
2026-09-02 18:44:04,791 - 第8000次train 完成, 本轮100次训练耗时 176.1 秒, 累计训练耗时 235.0 分钟, 当前学习率 5.63e-05
2026-09-02 18:44:18,043 - 第8000次训练后loss评估: train loss 3.7982, val loss 3.8850, loss评估耗时 13.3 秒
2026-09-02 18:44:19,788 - |===========================================================================|
|                  PyTorch CUDA memory summary, device ID 0                 |
|---------------------------------------------------------------------------|
|            CUDA OOMs: 0            |        cudaMalloc retries: 0         |
|===========================================================================|
|        Metric         | Cur Usage  | Peak Usage | Tot Alloc  | Tot Freed  |
|---------------------------------------------------------------------------|
| Allocated memory      |   2237 MiB |   5750 MiB | 642619 GiB | 642617 GiB |
|       from large pool |   1872 MiB |   5343 MiB | 640070 GiB | 640068 GiB |
|       from small pool |    364 MiB |    447 MiB |   2548 GiB |   2548 GiB |
|---------------------------------------------------------------------------|
| Active memory         |   2237 MiB |   5750 MiB | 642619 GiB | 642617 GiB |
|       from large pool |   1872 MiB |   5343 MiB | 640070 GiB | 640068 GiB |
|       from small pool |    364 MiB |    447 MiB |   2548 GiB |   2548 GiB |
|---------------------------------------------------------------------------|
| Requested memory      |   2228 MiB |   5734 MiB | 640624 GiB | 640621 GiB |
|       from large pool |   1863 MiB |   5328 MiB | 638075 GiB | 638073 GiB |
|       from small pool |    364 MiB |    447 MiB |   2548 GiB |   2548 GiB |
|---------------------------------------------------------------------------|
| GPU reserved memory   |   7472 MiB |   7472 MiB |   7472 MiB |      0 B   |
|       from large pool |   7000 MiB |   7000 MiB |   7000 MiB |      0 B   |
|       from small pool |    472 MiB |    472 MiB |    472 MiB |      0 B   |
|---------------------------------------------------------------------------|
| Non-releasable memory |   1146 MiB |   2170 MiB | 678457 GiB | 678455 GiB |
|       from large pool |   1127 MiB |   2152 MiB | 674651 GiB | 674650 GiB |
|       from small pool |     19 MiB |     42 MiB |   3805 GiB |   3805 GiB |
|---------------------------------------------------------------------------|
| Allocations           |    2384    |    2943    |   59747 K  |   59744 K  |
|       from large pool |     155    |     246    |   35049 K  |   35049 K  |
|       from small pool |    2229    |    2750    |   24697 K  |   24695 K  |
|---------------------------------------------------------------------------|
| Active allocs         |    2384    |    2943    |   59747 K  |   59744 K  |
|       from large pool |     155    |     246    |   35049 K  |   35049 K  |
|       from small pool |    2229    |    2750    |   24697 K  |   24695 K  |
|---------------------------------------------------------------------------|
| GPU reserved segments |     269    |     269    |     269    |       0    |
|       from large pool |      33    |      33    |      33    |       0    |
|       from small pool |     236    |     236    |     236    |       0    |
|---------------------------------------------------------------------------|
| Non-releasable allocs |     218    |     307    |   24364 K  |   24364 K  |
|       from large pool |      46    |      57    |   17636 K  |   17636 K  |
|       from small pool |     172    |     258    |    6727 K  |    6727 K  |
|---------------------------------------------------------------------------|
| Oversize allocations  |       0    |       0    |       0    |       0    |
|---------------------------------------------------------------------------|
| Oversize GPU segments |       0    |       0    |       0    |       0    |
|===========================================================================|

2026-09-02 18:47:13,900 - 第8100次train 完成, 本轮100次训练耗时 175.9 秒, 累计训练耗时 237.9 分钟, 当前学习率 5.38e-05
2026-09-02 18:50:09,373 - 第8200次train 完成, 本轮100次训练耗时 175.5 秒, 累计训练耗时 240.8 分钟, 当前学习率 5.15e-05
2026-09-02 18:53:05,208 - 第8300次train 完成, 本轮100次训练耗时 175.8 秒, 累计训练耗时 243.8 分钟, 当前学习率 4.92e-05
2026-09-02 18:56:01,083 - 第8400次train 完成, 本轮100次训练耗时 175.9 秒, 累计训练耗时 246.7 分钟, 当前学习率 4.71e-05
2026-09-02 18:58:56,665 - 第8500次train 完成, 本轮100次训练耗时 175.6 秒, 累计训练耗时 249.6 分钟, 当前学习率 4.50e-05
2026-09-02 18:59:10,008 - 第8500次训练后loss评估: train loss 3.7476, val loss 3.8833, loss评估耗时 13.3 秒
2026-09-02 19:02:05,193 - 第8600次train 完成, 本轮100次训练耗时 175.2 秒, 累计训练耗时 252.5 分钟, 当前学习率 4.31e-05
2026-09-02 19:05:01,043 - 第8700次train 完成, 本轮100次训练耗时 175.8 秒, 累计训练耗时 255.5 分钟, 当前学习率 4.13e-05
2026-09-02 19:07:56,609 - 第8800次train 完成, 本轮100次训练耗时 175.6 秒, 累计训练耗时 258.4 分钟, 当前学习率 3.97e-05
2026-09-02 19:10:52,315 - 第8900次train 完成, 本轮100次训练耗时 175.7 秒, 累计训练耗时 261.3 分钟, 当前学习率 3.82e-05
2026-09-02 19:13:46,278 - 第9000次train 完成, 本轮100次训练耗时 174.0 秒, 累计训练耗时 264.2 分钟, 当前学习率 3.68e-05
2026-09-02 19:14:00,163 - 第9000次训练后loss评估: train loss 3.7746, val loss 3.8536, loss评估耗时 13.3 秒
2026-09-02 19:16:55,922 - 第9100次train 完成, 本轮100次训练耗时 175.8 秒, 累计训练耗时 267.1 分钟, 当前学习率 3.55e-05
2026-09-02 19:19:51,596 - 第9200次train 完成, 本轮100次训练耗时 175.7 秒, 累计训练耗时 270.1 分钟, 当前学习率 3.43e-05
2026-09-02 19:22:47,634 - 第9300次train 完成, 本轮100次训练耗时 176.0 秒, 累计训练耗时 273.0 分钟, 当前学习率 3.33e-05
2026-09-02 19:25:42,895 - 第9400次train 完成, 本轮100次训练耗时 175.3 秒, 累计训练耗时 275.9 分钟, 当前学习率 3.24e-05
2026-09-02 19:28:39,038 - 第9500次train 完成, 本轮100次训练耗时 176.1 秒, 累计训练耗时 278.9 分钟, 当前学习率 3.17e-05
2026-09-02 19:28:52,369 - 第9500次训练后loss评估: train loss 3.7583, val loss 3.8296, loss评估耗时 13.3 秒
2026-09-02 19:31:47,792 - 第9600次train 完成, 本轮100次训练耗时 175.4 秒, 累计训练耗时 281.8 分钟, 当前学习率 3.11e-05
2026-09-02 19:34:43,625 - 第9700次train 完成, 本轮100次训练耗时 175.8 秒, 累计训练耗时 284.7 分钟, 当前学习率 3.06e-05
2026-09-02 19:37:39,454 - 第9800次train 完成, 本轮100次训练耗时 175.8 秒, 累计训练耗时 287.6 分钟, 当前学习率 3.03e-05
2026-09-02 19:40:35,288 - 第9900次train 完成, 本轮100次训练耗时 175.8 秒, 累计训练耗时 290.6 分钟, 当前学习率 3.01e-05
2026-09-02 19:43:42,752 - 第9999次训练后loss评估: train loss 3.6981, val loss 3.8603, loss评估耗时 13.3 秒
2026-09-02 19:43:44,471 - 第10000次train 完成, 本轮100次训练耗时 189.2 秒, 累计训练耗时 293.7 分钟, 当前学习率 3.00e-05
2026-09-02 19:43:44,471 - 全部训练完成，总耗时 298.2 分钟，平均每步 1789 毫秒
2026-09-02 20:23:08,787 - 总样本数据 73862951, 训练集 66476655 验证集 7386296 词元表大小:16000
