2026-09-04 20:28:25,242 - 总样本数据 73862951, 训练集 66476032 验证集 7386112 词元表大小:16000
2026-09-04 20:28:27,424 - 234538624 个参数
2026-09-04 20:28:43,276 - 第0次训练后loss评估: train loss 9.8601, val loss 9.8618, loss评估耗时 13.6 秒
2026-09-04 20:28:45,042 - |===========================================================================|
|                  PyTorch CUDA memory summary, device ID 0                 |
|---------------------------------------------------------------------------|
|            CUDA OOMs: 0            |        cudaMalloc retries: 0         |
|===========================================================================|
|        Metric         | Cur Usage  | Peak Usage | Tot Alloc  | Tot Freed  |
|---------------------------------------------------------------------------|
| Allocated memory      |   3909 MiB |   4804 MiB |    867 GiB |    863 GiB |
|       from large pool |   3070 MiB |   3771 MiB |    819 GiB |    816 GiB |
|       from small pool |    838 MiB |   1032 MiB |     48 GiB |     47 GiB |
|---------------------------------------------------------------------------|
| Active memory         |   3909 MiB |   4804 MiB |    867 GiB |    863 GiB |
|       from large pool |   3070 MiB |   3771 MiB |    819 GiB |    816 GiB |
|       from small pool |    838 MiB |   1032 MiB |     48 GiB |     47 GiB |
|---------------------------------------------------------------------------|
| Requested memory      |   3909 MiB |   4803 MiB |    867 GiB |    863 GiB |
|       from large pool |   3070 MiB |   3771 MiB |    819 GiB |    816 GiB |
|       from small pool |    838 MiB |   1032 MiB |     48 GiB |     47 GiB |
|---------------------------------------------------------------------------|
| GPU reserved memory   |   4870 MiB |   4870 MiB |   4870 MiB |      0 B   |
|       from large pool |   3832 MiB |   3832 MiB |   3832 MiB |      0 B   |
|       from small pool |   1038 MiB |   1038 MiB |   1038 MiB |      0 B   |
|---------------------------------------------------------------------------|
| Non-releasable memory | 275300 KiB |   1314 MiB | 668640 MiB | 668371 MiB |
|       from large pool | 268032 KiB |   1294 MiB | 617420 MiB | 617158 MiB |
|       from small pool |   7268 KiB |     83 MiB |  51219 MiB |  51212 MiB |
|---------------------------------------------------------------------------|
| Allocations           |    4000    |    4935    |  131437    |  127437    |
|       from large pool |     203    |     253    |   43741    |   43538    |
|       from small pool |    3797    |    4682    |   87696    |   83899    |
|---------------------------------------------------------------------------|
| Active allocs         |    4000    |    4935    |  131437    |  127437    |
|       from large pool |     203    |     253    |   43741    |   43538    |
|       from small pool |    3797    |    4682    |   87696    |   83899    |
|---------------------------------------------------------------------------|
| GPU reserved segments |     573    |     573    |     573    |       0    |
|       from large pool |      54    |      54    |      54    |       0    |
|       from small pool |     519    |     519    |     519    |       0    |
|---------------------------------------------------------------------------|
| Non-releasable allocs |      66    |     241    |   80603    |   80537    |
|       from large pool |      14    |      22    |   19726    |   19712    |
|       from small pool |      52    |     219    |   60877    |   60825    |
|---------------------------------------------------------------------------|
| Oversize allocations  |       0    |       0    |       0    |       0    |
|---------------------------------------------------------------------------|
| Oversize GPU segments |       0    |       0    |       0    |       0    |
|===========================================================================|

2026-09-04 20:32:06,639 - 第100次train 完成, 本轮100次训练耗时 203.4 秒, 累计训练耗时 3.4 分钟, 当前学习率 3.00e-04
2026-09-04 20:35:28,000 - 第200次train 完成, 本轮100次训练耗时 201.4 秒, 累计训练耗时 6.7 分钟, 当前学习率 3.00e-04
2026-09-04 20:38:48,949 - 第300次train 完成, 本轮100次训练耗时 200.9 秒, 累计训练耗时 10.1 分钟, 当前学习率 3.00e-04
2026-09-04 20:42:09,925 - 第400次train 完成, 本轮100次训练耗时 201.0 秒, 累计训练耗时 13.4 分钟, 当前学习率 3.00e-04
2026-09-04 20:42:24,403 - 第400次训练后loss评估: train loss 6.4523, val loss 6.4327, loss评估耗时 14.5 秒
2026-09-04 20:45:45,360 - 第500次train 完成, 本轮100次训练耗时 201.0 秒, 累计训练耗时 16.8 分钟, 当前学习率 3.00e-04
2026-09-04 20:49:06,625 - 第600次train 完成, 本轮100次训练耗时 201.3 秒, 累计训练耗时 20.1 分钟, 当前学习率 3.00e-04
2026-09-04 20:52:27,696 - 第700次train 完成, 本轮100次训练耗时 201.1 秒, 累计训练耗时 23.5 分钟, 当前学习率 2.99e-04
2026-09-04 20:55:48,163 - 第800次train 完成, 本轮100次训练耗时 200.5 秒, 累计训练耗时 26.8 分钟, 当前学习率 2.99e-04
2026-09-04 20:56:02,654 - 第800次训练后loss评估: train loss 5.7904, val loss 5.7863, loss评估耗时 14.5 秒
2026-09-04 20:59:23,858 - 第900次train 完成, 本轮100次训练耗时 201.2 秒, 累计训练耗时 30.2 分钟, 当前学习率 2.99e-04
2026-09-04 21:02:44,931 - 第1000次train 完成, 本轮100次训练耗时 201.1 秒, 累计训练耗时 33.5 分钟, 当前学习率 2.99e-04
2026-09-04 21:06:05,551 - 第1100次train 完成, 本轮100次训练耗时 200.6 秒, 累计训练耗时 36.9 分钟, 当前学习率 2.98e-04
2026-09-04 21:09:26,782 - 第1200次train 完成, 本轮100次训练耗时 201.2 秒, 累计训练耗时 40.2 分钟, 当前学习率 2.98e-04
2026-09-04 21:09:41,448 - 第1200次训练后loss评估: train loss 5.3643, val loss 5.3580, loss评估耗时 14.7 秒
2026-09-04 21:13:02,549 - 第1300次train 完成, 本轮100次训练耗时 201.1 秒, 累计训练耗时 43.6 分钟, 当前学习率 2.98e-04
2026-09-04 21:16:22,816 - 第1400次train 完成, 本轮100次训练耗时 200.3 秒, 累计训练耗时 46.9 分钟, 当前学习率 2.97e-04
2026-09-04 21:19:43,888 - 第1500次train 完成, 本轮100次训练耗时 201.1 秒, 累计训练耗时 50.3 分钟, 当前学习率 2.97e-04
2026-09-04 21:23:05,284 - 第1600次train 完成, 本轮100次训练耗时 201.4 秒, 累计训练耗时 53.6 分钟, 当前学习率 2.96e-04
2026-09-04 21:23:19,918 - 第1600次训练后loss评估: train loss 5.0301, val loss 5.0432, loss评估耗时 14.6 秒
2026-09-04 21:26:40,455 - 第1700次train 完成, 本轮100次训练耗时 200.5 秒, 累计训练耗时 57.0 分钟, 当前学习率 2.96e-04
2026-09-04 21:30:01,718 - 第1800次train 完成, 本轮100次训练耗时 201.3 秒, 累计训练耗时 60.3 分钟, 当前学习率 2.95e-04
2026-09-04 21:33:22,846 - 第1900次train 完成, 本轮100次训练耗时 201.1 秒, 累计训练耗时 63.7 分钟, 当前学习率 2.95e-04
2026-09-04 21:36:43,574 - 第2000次train 完成, 本轮100次训练耗时 200.7 秒, 累计训练耗时 67.0 分钟, 当前学习率 2.94e-04
2026-09-04 21:36:58,153 - 第2000次训练后loss评估: train loss 4.7899, val loss 4.8399, loss评估耗时 14.6 秒
2026-09-04 21:37:00,161 - |===========================================================================|
|                  PyTorch CUDA memory summary, device ID 0                 |
|---------------------------------------------------------------------------|
|            CUDA OOMs: 0            |        cudaMalloc retries: 0         |
|===========================================================================|
|        Metric         | Cur Usage  | Peak Usage | Tot Alloc  | Tot Freed  |
|---------------------------------------------------------------------------|
| Allocated memory      |   3909 MiB |   6464 MiB | 174947 GiB | 174944 GiB |
|       from large pool |   3070 MiB |   5528 MiB | 167299 GiB | 167296 GiB |
|       from small pool |    838 MiB |   1032 MiB |   7648 GiB |   7647 GiB |
|---------------------------------------------------------------------------|
| Active memory         |   3909 MiB |   6464 MiB | 174947 GiB | 174944 GiB |
|       from large pool |   3070 MiB |   5528 MiB | 167299 GiB | 167296 GiB |
|       from small pool |    838 MiB |   1032 MiB |   7648 GiB |   7647 GiB |
|---------------------------------------------------------------------------|
| Requested memory      |   3909 MiB |   6461 MiB | 174855 GiB | 174851 GiB |
|       from large pool |   3070 MiB |   5525 MiB | 167207 GiB | 167204 GiB |
|       from small pool |    838 MiB |   1032 MiB |   7648 GiB |   7647 GiB |
|---------------------------------------------------------------------------|
| GPU reserved memory   |   7640 MiB |   7640 MiB |   7640 MiB |      0 B   |
|       from large pool |   6600 MiB |   6600 MiB |   6600 MiB |      0 B   |
|       from small pool |   1040 MiB |   1040 MiB |   1040 MiB |      0 B   |
|---------------------------------------------------------------------------|
| Non-releasable memory |   1116 MiB |   1475 MiB | 176439 GiB | 176438 GiB |
|       from large pool |   1081 MiB |   1448 MiB | 168306 GiB | 168305 GiB |
|       from small pool |     35 MiB |     87 MiB |   8132 GiB |   8132 GiB |
|---------------------------------------------------------------------------|
| Allocations           |    4000    |    4935    |   25700 K  |   25696 K  |
|       from large pool |     203    |     291    |    8698 K  |    8698 K  |
|       from small pool |    3797    |    4682    |   17002 K  |   16998 K  |
|---------------------------------------------------------------------------|
| Active allocs         |    4000    |    4935    |   25700 K  |   25696 K  |
|       from large pool |     203    |     291    |    8698 K  |    8698 K  |
|       from small pool |    3797    |    4682    |   17002 K  |   16998 K  |
|---------------------------------------------------------------------------|
| GPU reserved segments |     591    |     591    |     591    |       0    |
|       from large pool |      71    |      71    |      71    |       0    |
|       from small pool |     520    |     520    |     520    |       0    |
|---------------------------------------------------------------------------|
| Non-releasable allocs |     109    |     282    |   15858 K  |   15858 K  |
|       from large pool |      21    |      43    |    4158 K  |    4158 K  |
|       from small pool |      88    |     251    |   11699 K  |   11699 K  |
|---------------------------------------------------------------------------|
| Oversize allocations  |       0    |       0    |       0    |       0    |
|---------------------------------------------------------------------------|
| Oversize GPU segments |       0    |       0    |       0    |       0    |
|===========================================================================|

2026-09-04 21:40:19,070 - 第2100次train 完成, 本轮100次训练耗时 200.9 秒, 累计训练耗时 70.4 分钟, 当前学习率 2.93e-04
2026-09-04 21:43:39,763 - 第2200次train 完成, 本轮100次训练耗时 200.7 秒, 累计训练耗时 73.7 分钟, 当前学习率 2.93e-04
2026-09-04 21:47:00,537 - 第2300次train 完成, 本轮100次训练耗时 200.8 秒, 累计训练耗时 77.1 分钟, 当前学习率 2.92e-04
2026-09-04 21:50:21,793 - 第2400次train 完成, 本轮100次训练耗时 201.3 秒, 累计训练耗时 80.4 分钟, 当前学习率 2.91e-04
2026-09-04 21:50:36,425 - 第2400次训练后loss评估: train loss 4.6576, val loss 4.6751, loss评估耗时 14.6 秒
2026-09-04 21:53:57,025 - 第2500次train 完成, 本轮100次训练耗时 200.6 秒, 累计训练耗时 83.8 分钟, 当前学习率 2.90e-04
2026-09-04 21:57:17,820 - 第2600次train 完成, 本轮100次训练耗时 200.8 秒, 累计训练耗时 87.1 分钟, 当前学习率 2.90e-04
2026-09-04 22:00:39,165 - 第2700次train 完成, 本轮100次训练耗时 201.3 秒, 累计训练耗时 90.5 分钟, 当前学习率 2.89e-04
2026-09-04 22:04:00,140 - 第2800次train 完成, 本轮100次训练耗时 201.0 秒, 累计训练耗时 93.8 分钟, 当前学习率 2.88e-04
2026-09-04 22:04:14,823 - 第2800次训练后loss评估: train loss 4.5265, val loss 4.5351, loss评估耗时 14.7 秒
2026-09-04 22:07:35,733 - 第2900次train 完成, 本轮100次训练耗时 200.9 秒, 累计训练耗时 97.2 分钟, 当前学习率 2.87e-04
2026-09-04 22:10:56,125 - 第3000次train 完成, 本轮100次训练耗时 200.4 秒, 累计训练耗时 100.5 分钟, 当前学习率 2.86e-04
2026-09-04 22:14:17,003 - 第3100次train 完成, 本轮100次训练耗时 200.9 秒, 累计训练耗时 103.9 分钟, 当前学习率 2.85e-04
2026-09-04 22:17:37,747 - 第3200次train 完成, 本轮100次训练耗时 200.7 秒, 累计训练耗时 107.2 分钟, 当前学习率 2.84e-04
2026-09-04 22:17:52,342 - 第3200次训练后loss评估: train loss 4.4065, val loss 4.4632, loss评估耗时 14.6 秒
2026-09-04 22:21:12,996 - 第3300次train 完成, 本轮100次训练耗时 200.7 秒, 累计训练耗时 110.5 分钟, 当前学习率 2.83e-04
2026-09-04 22:24:33,648 - 第3400次train 完成, 本轮100次训练耗时 200.6 秒, 累计训练耗时 113.9 分钟, 当前学习率 2.82e-04
2026-09-04 22:27:54,243 - 第3500次train 完成, 本轮100次训练耗时 200.6 秒, 累计训练耗时 117.2 分钟, 当前学习率 2.81e-04
2026-09-04 22:31:14,994 - 第3600次train 完成, 本轮100次训练耗时 200.8 秒, 累计训练耗时 120.6 分钟, 当前学习率 2.80e-04
2026-09-04 22:31:29,578 - 第3600次训练后loss评估: train loss 4.3262, val loss 4.3541, loss评估耗时 14.6 秒
2026-09-04 22:34:50,712 - 第3700次train 完成, 本轮100次训练耗时 201.1 秒, 累计训练耗时 123.9 分钟, 当前学习率 2.79e-04
2026-09-04 22:38:11,412 - 第3800次train 完成, 本轮100次训练耗时 200.7 秒, 累计训练耗时 127.3 分钟, 当前学习率 2.78e-04
2026-09-04 22:41:31,839 - 第3900次train 完成, 本轮100次训练耗时 200.4 秒, 累计训练耗时 130.6 分钟, 当前学习率 2.76e-04
2026-09-04 22:44:53,301 - 第4000次train 完成, 本轮100次训练耗时 201.5 秒, 累计训练耗时 134.0 分钟, 当前学习率 2.75e-04
2026-09-04 22:45:07,956 - 第4000次训练后loss评估: train loss 4.2533, val loss 4.2912, loss评估耗时 14.6 秒
2026-09-04 22:45:09,956 - |===========================================================================|
|                  PyTorch CUDA memory summary, device ID 0                 |
|---------------------------------------------------------------------------|
|            CUDA OOMs: 0            |        cudaMalloc retries: 0         |
|===========================================================================|
|        Metric         | Cur Usage  | Peak Usage | Tot Alloc  | Tot Freed  |
|---------------------------------------------------------------------------|
| Allocated memory      |   3909 MiB |   6464 MiB | 348991 GiB | 348987 GiB |
|       from large pool |   3070 MiB |   5528 MiB | 333742 GiB | 333739 GiB |
|       from small pool |    838 MiB |   1032 MiB |  15248 GiB |  15247 GiB |
|---------------------------------------------------------------------------|
| Active memory         |   3909 MiB |   6464 MiB | 348991 GiB | 348987 GiB |
|       from large pool |   3070 MiB |   5528 MiB | 333742 GiB | 333739 GiB |
|       from small pool |    838 MiB |   1032 MiB |  15248 GiB |  15247 GiB |
|---------------------------------------------------------------------------|
| Requested memory      |   3909 MiB |   6461 MiB | 348843 GiB | 348839 GiB |
|       from large pool |   3070 MiB |   5525 MiB | 333595 GiB | 333592 GiB |
|       from small pool |    838 MiB |   1032 MiB |  15248 GiB |  15247 GiB |
|---------------------------------------------------------------------------|
| GPU reserved memory   |   7640 MiB |   7640 MiB |   7640 MiB |      0 B   |
|       from large pool |   6600 MiB |   6600 MiB |   6600 MiB |      0 B   |
|       from small pool |   1040 MiB |   1040 MiB |   1040 MiB |      0 B   |
|---------------------------------------------------------------------------|
| Non-releasable memory |   1116 MiB |   1475 MiB | 352513 GiB | 352512 GiB |
|       from large pool |   1081 MiB |   1448 MiB | 336298 GiB | 336297 GiB |
|       from small pool |     35 MiB |     87 MiB |  16215 GiB |  16215 GiB |
|---------------------------------------------------------------------------|
| Allocations           |    4000    |    4935    |   51270 K  |   51266 K  |
|       from large pool |     203    |     291    |   17353 K  |   17353 K  |
|       from small pool |    3797    |    4682    |   33916 K  |   33913 K  |
|---------------------------------------------------------------------------|
| Active allocs         |    4000    |    4935    |   51270 K  |   51266 K  |
|       from large pool |     203    |     291    |   17353 K  |   17353 K  |
|       from small pool |    3797    |    4682    |   33916 K  |   33913 K  |
|---------------------------------------------------------------------------|
| GPU reserved segments |     591    |     591    |     591    |       0    |
|       from large pool |      71    |      71    |      71    |       0    |
|       from small pool |     520    |     520    |     520    |       0    |
|---------------------------------------------------------------------------|
| Non-releasable allocs |     110    |     282    |   31634 K  |   31634 K  |
|       from large pool |      21    |      43    |    8292 K  |    8292 K  |
|       from small pool |      89    |     251    |   23341 K  |   23341 K  |
|---------------------------------------------------------------------------|
| Oversize allocations  |       0    |       0    |       0    |       0    |
|---------------------------------------------------------------------------|
| Oversize GPU segments |       0    |       0    |       0    |       0    |
|===========================================================================|

2026-09-04 22:48:28,546 - 第4100次train 完成, 本轮100次训练耗时 200.6 秒, 累计训练耗时 137.3 分钟, 当前学习率 2.74e-04
2026-09-04 22:51:49,738 - 第4200次train 完成, 本轮100次训练耗时 201.2 秒, 累计训练耗时 140.7 分钟, 当前学习率 2.73e-04
2026-09-04 22:55:10,949 - 第4300次train 完成, 本轮100次训练耗时 201.2 秒, 累计训练耗时 144.0 分钟, 当前学习率 2.71e-04
2026-09-04 22:58:31,615 - 第4400次train 完成, 本轮100次训练耗时 200.7 秒, 累计训练耗时 147.4 分钟, 当前学习率 2.70e-04
2026-09-04 22:58:46,115 - 第4400次训练后loss评估: train loss 4.2285, val loss 4.2444, loss评估耗时 14.5 秒
2026-09-04 23:02:06,915 - 第4500次train 完成, 本轮100次训练耗时 200.8 秒, 累计训练耗时 150.7 分钟, 当前学习率 2.69e-04
2026-09-04 23:05:27,950 - 第4600次train 完成, 本轮100次训练耗时 201.0 秒, 累计训练耗时 154.1 分钟, 当前学习率 2.67e-04
2026-09-04 23:08:48,817 - 第4700次train 完成, 本轮100次训练耗时 200.9 秒, 累计训练耗时 157.4 分钟, 当前学习率 2.66e-04
2026-09-04 23:12:10,118 - 第4800次train 完成, 本轮100次训练耗时 201.3 秒, 累计训练耗时 160.8 分钟, 当前学习率 2.65e-04
2026-09-04 23:12:24,675 - 第4800次训练后loss评估: train loss 4.1522, val loss 4.1901, loss评估耗时 14.6 秒
2026-09-04 23:15:45,518 - 第4900次train 完成, 本轮100次训练耗时 200.8 秒, 累计训练耗时 164.1 分钟, 当前学习率 2.63e-04
2026-09-04 23:19:05,959 - 第5000次train 完成, 本轮100次训练耗时 200.4 秒, 累计训练耗时 167.5 分钟, 当前学习率 2.62e-04
2026-09-04 23:22:27,203 - 第5100次train 完成, 本轮100次训练耗时 201.2 秒, 累计训练耗时 170.8 分钟, 当前学习率 2.60e-04
2026-09-04 23:25:48,148 - 第5200次train 完成, 本轮100次训练耗时 200.9 秒, 累计训练耗时 174.2 分钟, 当前学习率 2.59e-04
2026-09-04 23:26:02,741 - 第5200次训练后loss评估: train loss 4.0653, val loss 4.1655, loss评估耗时 14.6 秒
2026-09-04 23:29:23,137 - 第5300次train 完成, 本轮100次训练耗时 200.4 秒, 累计训练耗时 177.5 分钟, 当前学习率 2.57e-04
2026-09-04 23:32:44,058 - 第5400次train 完成, 本轮100次训练耗时 200.9 秒, 累计训练耗时 180.9 分钟, 当前学习率 2.55e-04
2026-09-04 23:36:05,095 - 第5500次train 完成, 本轮100次训练耗时 201.0 秒, 累计训练耗时 184.2 分钟, 当前学习率 2.54e-04
2026-09-04 23:39:26,188 - 第5600次train 完成, 本轮100次训练耗时 201.1 秒, 累计训练耗时 187.6 分钟, 当前学习率 2.52e-04
2026-09-04 23:39:40,755 - 第5600次训练后loss评估: train loss 4.0433, val loss 4.1094, loss评估耗时 14.6 秒
2026-09-04 23:43:01,543 - 第5700次train 完成, 本轮100次训练耗时 200.8 秒, 累计训练耗时 190.9 分钟, 当前学习率 2.51e-04
2026-09-04 23:46:22,680 - 第5800次train 完成, 本轮100次训练耗时 201.1 秒, 累计训练耗时 194.3 分钟, 当前学习率 2.49e-04
2026-09-04 23:49:43,423 - 第5900次train 完成, 本轮100次训练耗时 200.7 秒, 累计训练耗时 197.6 分钟, 当前学习率 2.47e-04
2026-09-04 23:53:04,224 - 第6000次train 完成, 本轮100次训练耗时 200.8 秒, 累计训练耗时 200.9 分钟, 当前学习率 2.46e-04
2026-09-04 23:53:20,264 - 第6000次训练后loss评估: train loss 4.0040, val loss 4.1044, loss评估耗时 14.4 秒
2026-09-04 23:53:22,281 - |===========================================================================|
|                  PyTorch CUDA memory summary, device ID 0                 |
|---------------------------------------------------------------------------|
|            CUDA OOMs: 0            |        cudaMalloc retries: 0         |
|===========================================================================|
|        Metric         | Cur Usage  | Peak Usage | Tot Alloc  | Tot Freed  |
|---------------------------------------------------------------------------|
| Allocated memory      |   3909 MiB |   6464 MiB | 523034 GiB | 523030 GiB |
|       from large pool |   3070 MiB |   5528 MiB | 500186 GiB | 500183 GiB |
|       from small pool |    838 MiB |   1032 MiB |  22848 GiB |  22847 GiB |
|---------------------------------------------------------------------------|
| Active memory         |   3909 MiB |   6464 MiB | 523034 GiB | 523030 GiB |
|       from large pool |   3070 MiB |   5528 MiB | 500186 GiB | 500183 GiB |
|       from small pool |    838 MiB |   1032 MiB |  22848 GiB |  22847 GiB |
|---------------------------------------------------------------------------|
| Requested memory      |   3909 MiB |   6461 MiB | 522831 GiB | 522827 GiB |
|       from large pool |   3070 MiB |   5525 MiB | 499983 GiB | 499980 GiB |
|       from small pool |    838 MiB |   1032 MiB |  22848 GiB |  22847 GiB |
|---------------------------------------------------------------------------|
| GPU reserved memory   |   7640 MiB |   7640 MiB |   7640 MiB |      0 B   |
|       from large pool |   6600 MiB |   6600 MiB |   6600 MiB |      0 B   |
|       from small pool |   1040 MiB |   1040 MiB |   1040 MiB |      0 B   |
|---------------------------------------------------------------------------|
| Non-releasable memory |   1116 MiB |   1475 MiB | 528588 GiB | 528587 GiB |
|       from large pool |   1081 MiB |   1448 MiB | 504290 GiB | 504289 GiB |
|       from small pool |     35 MiB |     87 MiB |  24298 GiB |  24298 GiB |
|---------------------------------------------------------------------------|
| Allocations           |    4000    |    4935    |   76839 K  |   76835 K  |
|       from large pool |     203    |     291    |   26008 K  |   26007 K  |
|       from small pool |    3797    |    4682    |   50831 K  |   50827 K  |
|---------------------------------------------------------------------------|
| Active allocs         |    4000    |    4935    |   76839 K  |   76835 K  |
|       from large pool |     203    |     291    |   26008 K  |   26007 K  |
|       from small pool |    3797    |    4682    |   50831 K  |   50827 K  |
|---------------------------------------------------------------------------|
| GPU reserved segments |     591    |     591    |     591    |       0    |
|       from large pool |      71    |      71    |      71    |       0    |
|       from small pool |     520    |     520    |     520    |       0    |
|---------------------------------------------------------------------------|
| Non-releasable allocs |     110    |     282    |   47415 K  |   47415 K  |
|       from large pool |      21    |      43    |   12426 K  |   12426 K  |
|       from small pool |      89    |     251    |   34989 K  |   34988 K  |
|---------------------------------------------------------------------------|
| Oversize allocations  |       0    |       0    |       0    |       0    |
|---------------------------------------------------------------------------|
| Oversize GPU segments |       0    |       0    |       0    |       0    |
|===========================================================================|

2026-09-04 23:56:41,457 - 第6100次train 完成, 本轮100次训练耗时 201.2 秒, 累计训练耗时 204.3 分钟, 当前学习率 2.44e-04
2026-09-05 00:00:02,424 - 第6200次train 完成, 本轮100次训练耗时 201.0 秒, 累计训练耗时 207.6 分钟, 当前学习率 2.42e-04
2026-09-05 00:03:23,375 - 第6300次train 完成, 本轮100次训练耗时 201.0 秒, 累计训练耗时 211.0 分钟, 当前学习率 2.40e-04
2026-09-05 00:06:44,212 - 第6400次train 完成, 本轮100次训练耗时 200.8 秒, 累计训练耗时 214.3 分钟, 当前学习率 2.39e-04
2026-09-05 00:06:58,675 - 第6400次训练后loss评估: train loss 3.9575, val loss 4.0934, loss评估耗时 14.5 秒
2026-09-05 00:10:19,025 - 第6500次train 完成, 本轮100次训练耗时 200.4 秒, 累计训练耗时 217.7 分钟, 当前学习率 2.37e-04
2026-09-05 00:13:39,924 - 第6600次train 完成, 本轮100次训练耗时 200.9 秒, 累计训练耗时 221.0 分钟, 当前学习率 2.35e-04
2026-09-05 00:17:00,377 - 第6700次train 完成, 本轮100次训练耗时 200.5 秒, 累计训练耗时 224.4 分钟, 当前学习率 2.33e-04
2026-09-05 00:20:20,962 - 第6800次train 完成, 本轮100次训练耗时 200.6 秒, 累计训练耗时 227.7 分钟, 当前学习率 2.31e-04
2026-09-05 00:20:35,512 - 第6800次训练后loss评估: train loss 3.9592, val loss 4.0054, loss评估耗时 14.5 秒
2026-09-05 00:23:56,250 - 第6900次train 完成, 本轮100次训练耗时 200.7 秒, 累计训练耗时 231.1 分钟, 当前学习率 2.29e-04
2026-09-05 00:27:17,148 - 第7000次train 完成, 本轮100次训练耗时 200.9 秒, 累计训练耗时 234.4 分钟, 当前学习率 2.28e-04
2026-09-05 00:30:37,710 - 第7100次train 完成, 本轮100次训练耗时 200.6 秒, 累计训练耗时 237.8 分钟, 当前学习率 2.26e-04
2026-09-05 00:33:58,346 - 第7200次train 完成, 本轮100次训练耗时 200.6 秒, 累计训练耗时 241.1 分钟, 当前学习率 2.24e-04
2026-09-05 00:34:12,780 - 第7200次训练后loss评估: train loss 3.9264, val loss 4.0027, loss评估耗时 14.4 秒
2026-09-05 00:37:33,870 - 第7300次train 完成, 本轮100次训练耗时 201.1 秒, 累计训练耗时 244.4 分钟, 当前学习率 2.22e-04
2026-09-05 00:40:54,581 - 第7400次train 完成, 本轮100次训练耗时 200.7 秒, 累计训练耗时 247.8 分钟, 当前学习率 2.20e-04
2026-09-05 00:44:15,615 - 第7500次train 完成, 本轮100次训练耗时 201.0 秒, 累计训练耗时 251.1 分钟, 当前学习率 2.18e-04
2026-09-05 00:47:36,645 - 第7600次train 完成, 本轮100次训练耗时 201.0 秒, 累计训练耗时 254.5 分钟, 当前学习率 2.16e-04
2026-09-05 00:47:51,199 - 第7600次训练后loss评估: train loss 3.8934, val loss 3.9950, loss评估耗时 14.6 秒
2026-09-05 00:51:11,515 - 第7700次train 完成, 本轮100次训练耗时 200.3 秒, 累计训练耗时 257.8 分钟, 当前学习率 2.14e-04
2026-09-05 00:54:32,307 - 第7800次train 完成, 本轮100次训练耗时 200.8 秒, 累计训练耗时 261.2 分钟, 当前学习率 2.12e-04
2026-09-05 00:57:53,584 - 第7900次train 完成, 本轮100次训练耗时 201.3 秒, 累计训练耗时 264.5 分钟, 当前学习率 2.10e-04
2026-09-05 01:01:14,084 - 第8000次train 完成, 本轮100次训练耗时 200.5 秒, 累计训练耗时 267.9 分钟, 当前学习率 2.08e-04
2026-09-05 01:01:28,545 - 第8000次训练后loss评估: train loss 3.8468, val loss 3.9716, loss评估耗时 14.5 秒
2026-09-05 01:01:30,601 - |===========================================================================|
|                  PyTorch CUDA memory summary, device ID 0                 |
|---------------------------------------------------------------------------|
|            CUDA OOMs: 0            |        cudaMalloc retries: 0         |
|===========================================================================|
|        Metric         | Cur Usage  | Peak Usage | Tot Alloc  | Tot Freed  |
|---------------------------------------------------------------------------|
| Allocated memory      |   3909 MiB |   6464 MiB | 697077 GiB | 697073 GiB |
|       from large pool |   3070 MiB |   5528 MiB | 666629 GiB | 666626 GiB |
|       from small pool |    838 MiB |   1032 MiB |  30448 GiB |  30447 GiB |
|---------------------------------------------------------------------------|
| Active memory         |   3909 MiB |   6464 MiB | 697077 GiB | 697073 GiB |
|       from large pool |   3070 MiB |   5528 MiB | 666629 GiB | 666626 GiB |
|       from small pool |    838 MiB |   1032 MiB |  30448 GiB |  30447 GiB |
|---------------------------------------------------------------------------|
| Requested memory      |   3909 MiB |   6461 MiB | 696819 GiB | 696815 GiB |
|       from large pool |   3070 MiB |   5525 MiB | 666371 GiB | 666368 GiB |
|       from small pool |    838 MiB |   1032 MiB |  30448 GiB |  30447 GiB |
|---------------------------------------------------------------------------|
| GPU reserved memory   |   7640 MiB |   7640 MiB |   7640 MiB |      0 B   |
|       from large pool |   6600 MiB |   6600 MiB |   6600 MiB |      0 B   |
|       from small pool |   1040 MiB |   1040 MiB |   1040 MiB |      0 B   |
|---------------------------------------------------------------------------|
| Non-releasable memory |   1116 MiB |   1475 MiB | 704662 GiB | 704661 GiB |
|       from large pool |   1081 MiB |   1448 MiB | 672281 GiB | 672280 GiB |
|       from small pool |     35 MiB |     87 MiB |  32380 GiB |  32380 GiB |
|---------------------------------------------------------------------------|
| Allocations           |    4000    |    4935    |  102409 K  |  102405 K  |
|       from large pool |     203    |     291    |   34662 K  |   34662 K  |
|       from small pool |    3797    |    4682    |   67746 K  |   67742 K  |
|---------------------------------------------------------------------------|
| Active allocs         |    4000    |    4935    |  102409 K  |  102405 K  |
|       from large pool |     203    |     291    |   34662 K  |   34662 K  |
|       from small pool |    3797    |    4682    |   67746 K  |   67742 K  |
|---------------------------------------------------------------------------|
| GPU reserved segments |     591    |     591    |     591    |       0    |
|       from large pool |      71    |      71    |      71    |       0    |
|       from small pool |     520    |     520    |     520    |       0    |
|---------------------------------------------------------------------------|
| Non-releasable allocs |     109    |     282    |   63193 K  |   63193 K  |
|       from large pool |      21    |      43    |   16560 K  |   16560 K  |
|       from small pool |      88    |     251    |   46632 K  |   46632 K  |
|---------------------------------------------------------------------------|
| Oversize allocations  |       0    |       0    |       0    |       0    |
|---------------------------------------------------------------------------|
| Oversize GPU segments |       0    |       0    |       0    |       0    |
|===========================================================================|

2026-09-05 01:04:49,556 - 第8100次train 完成, 本轮100次训练耗时 201.0 秒, 累计训练耗时 271.2 分钟, 当前学习率 2.06e-04
2026-09-05 01:08:10,852 - 第8200次train 完成, 本轮100次训练耗时 201.3 秒, 累计训练耗时 274.6 分钟, 当前学习率 2.04e-04
2026-09-05 01:11:31,386 - 第8300次train 完成, 本轮100次训练耗时 200.5 秒, 累计训练耗时 277.9 分钟, 当前学习率 2.02e-04
2026-09-05 01:14:52,486 - 第8400次train 完成, 本轮100次训练耗时 201.1 秒, 累计训练耗时 281.3 分钟, 当前学习率 2.00e-04
2026-09-05 01:15:07,036 - 第8400次训练后loss评估: train loss 3.7908, val loss 3.9503, loss评估耗时 14.5 秒
2026-09-05 01:18:27,737 - 第8500次train 完成, 本轮100次训练耗时 200.7 秒, 累计训练耗时 284.6 分钟, 当前学习率 1.98e-04
2026-09-05 01:21:48,488 - 第8600次train 完成, 本轮100次训练耗时 200.8 秒, 累计训练耗时 288.0 分钟, 当前学习率 1.96e-04
2026-09-05 01:25:09,938 - 第8700次train 完成, 本轮100次训练耗时 201.5 秒, 累计训练耗时 291.3 分钟, 当前学习率 1.94e-04
2026-09-05 01:28:30,825 - 第8800次train 完成, 本轮100次训练耗时 200.9 秒, 累计训练耗时 294.7 分钟, 当前学习率 1.91e-04
2026-09-05 01:28:45,335 - 第8800次训练后loss评估: train loss 3.8058, val loss 3.9077, loss评估耗时 14.5 秒
2026-09-05 01:32:06,364 - 第8900次train 完成, 本轮100次训练耗时 201.0 秒, 累计训练耗时 298.0 分钟, 当前学习率 1.89e-04
2026-09-05 01:35:27,066 - 第9000次train 完成, 本轮100次训练耗时 200.7 秒, 累计训练耗时 301.4 分钟, 当前学习率 1.87e-04
2026-09-05 01:38:48,107 - 第9100次train 完成, 本轮100次训练耗时 201.0 秒, 累计训练耗时 304.7 分钟, 当前学习率 1.85e-04
2026-09-05 01:42:08,664 - 第9200次train 完成, 本轮100次训练耗时 200.6 秒, 累计训练耗时 308.1 分钟, 当前学习率 1.83e-04
2026-09-05 01:42:23,170 - 第9200次训练后loss评估: train loss 3.7782, val loss 3.8671, loss评估耗时 14.5 秒
2026-09-05 01:45:43,927 - 第9300次train 完成, 本轮100次训练耗时 200.8 秒, 累计训练耗时 311.4 分钟, 当前学习率 1.81e-04
2026-09-05 01:49:05,008 - 第9400次train 完成, 本轮100次训练耗时 201.1 秒, 累计训练耗时 314.8 分钟, 当前学习率 1.79e-04
2026-09-05 01:52:25,592 - 第9500次train 完成, 本轮100次训练耗时 200.6 秒, 累计训练耗时 318.1 分钟, 当前学习率 1.77e-04
2026-09-05 01:55:46,278 - 第9600次train 完成, 本轮100次训练耗时 200.7 秒, 累计训练耗时 321.4 分钟, 当前学习率 1.75e-04
2026-09-05 01:56:00,843 - 第9600次训练后loss评估: train loss 3.7567, val loss 3.8560, loss评估耗时 14.6 秒
2026-09-05 01:59:21,844 - 第9700次train 完成, 本轮100次训练耗时 201.0 秒, 累计训练耗时 324.8 分钟, 当前学习率 1.72e-04
2026-09-05 02:02:42,464 - 第9800次train 完成, 本轮100次训练耗时 200.6 秒, 累计训练耗时 328.1 分钟, 当前学习率 1.70e-04
2026-09-05 02:06:02,867 - 第9900次train 完成, 本轮100次训练耗时 200.4 秒, 累计训练耗时 331.5 分钟, 当前学习率 1.68e-04
2026-09-05 02:09:24,004 - 第10000次train 完成, 本轮100次训练耗时 201.1 秒, 累计训练耗时 334.8 分钟, 当前学习率 1.66e-04
2026-09-05 02:09:38,545 - 第10000次训练后loss评估: train loss 3.7365, val loss 3.8814, loss评估耗时 14.5 秒
2026-09-05 02:09:40,562 - |===========================================================================|
|                  PyTorch CUDA memory summary, device ID 0                 |
|---------------------------------------------------------------------------|
|            CUDA OOMs: 0            |        cudaMalloc retries: 0         |
|===========================================================================|
|        Metric         | Cur Usage  | Peak Usage | Tot Alloc  | Tot Freed  |
|---------------------------------------------------------------------------|
| Allocated memory      |   3909 MiB |   6464 MiB |    850 TiB |    850 TiB |
|       from large pool |   3070 MiB |   5528 MiB |    813 TiB |    813 TiB |
|       from small pool |    838 MiB |   1032 MiB |     37 TiB |     37 TiB |
|---------------------------------------------------------------------------|
| Active memory         |   3909 MiB |   6464 MiB |    850 TiB |    850 TiB |
|       from large pool |   3070 MiB |   5528 MiB |    813 TiB |    813 TiB |
|       from small pool |    838 MiB |   1032 MiB |     37 TiB |     37 TiB |
|---------------------------------------------------------------------------|
| Requested memory      |   3909 MiB |   6461 MiB |    850 TiB |    850 TiB |
|       from large pool |   3070 MiB |   5525 MiB |    813 TiB |    813 TiB |
|       from small pool |    838 MiB |   1032 MiB |     37 TiB |     37 TiB |
|---------------------------------------------------------------------------|
| GPU reserved memory   |   7640 MiB |   7640 MiB |   7640 MiB |      0 B   |
|       from large pool |   6600 MiB |   6600 MiB |   6600 MiB |      0 B   |
|       from small pool |   1040 MiB |   1040 MiB |   1040 MiB |      0 B   |
|---------------------------------------------------------------------------|
| Non-releasable memory |   1116 MiB |   1475 MiB |    860 TiB |    860 TiB |
|       from large pool |   1081 MiB |   1448 MiB |    820 TiB |    820 TiB |
|       from small pool |     35 MiB |     87 MiB |     39 TiB |     39 TiB |
|---------------------------------------------------------------------------|
| Allocations           |    4000    |    4935    |  127978 K  |  127974 K  |
|       from large pool |     203    |     291    |   43317 K  |   43317 K  |
|       from small pool |    3797    |    4682    |   84660 K  |   84656 K  |
|---------------------------------------------------------------------------|
| Active allocs         |    4000    |    4935    |  127978 K  |  127974 K  |
|       from large pool |     203    |     291    |   43317 K  |   43317 K  |
|       from small pool |    3797    |    4682    |   84660 K  |   84656 K  |
|---------------------------------------------------------------------------|
| GPU reserved segments |     591    |     591    |     591    |       0    |
|       from large pool |      71    |      71    |      71    |       0    |
|       from small pool |     520    |     520    |     520    |       0    |
|---------------------------------------------------------------------------|
| Non-releasable allocs |     109    |     282    |   78966 K  |   78966 K  |
|       from large pool |      21    |      43    |   20694 K  |   20694 K  |
|       from small pool |      88    |     251    |   58271 K  |   58271 K  |
|---------------------------------------------------------------------------|
| Oversize allocations  |       0    |       0    |       0    |       0    |
|---------------------------------------------------------------------------|
| Oversize GPU segments |       0    |       0    |       0    |       0    |
|===========================================================================|

2026-09-05 02:12:59,015 - 第10100次train 完成, 本轮100次训练耗时 200.5 秒, 累计训练耗时 338.2 分钟, 当前学习率 1.64e-04
2026-09-05 02:16:19,713 - 第10200次train 完成, 本轮100次训练耗时 200.7 秒, 累计训练耗时 341.5 分钟, 当前学习率 1.62e-04
2026-09-05 02:19:41,402 - 第10300次train 完成, 本轮100次训练耗时 201.7 秒, 累计训练耗时 344.9 分钟, 当前学习率 1.60e-04
2026-09-05 02:23:01,964 - 第10400次train 完成, 本轮100次训练耗时 200.6 秒, 累计训练耗时 348.2 分钟, 当前学习率 1.58e-04
2026-09-05 02:23:16,539 - 第10400次训练后loss评估: train loss 3.7133, val loss 3.8664, loss评估耗时 14.6 秒
2026-09-05 02:26:37,503 - 第10500次train 完成, 本轮100次训练耗时 201.0 秒, 累计训练耗时 351.6 分钟, 当前学习率 1.55e-04
2026-09-05 02:29:58,565 - 第10600次train 完成, 本轮100次训练耗时 201.1 秒, 累计训练耗时 354.9 分钟, 当前学习率 1.53e-04
2026-09-05 02:33:22,797 - 第10700次train 完成, 本轮100次训练耗时 204.2 秒, 累计训练耗时 358.3 分钟, 当前学习率 1.51e-04
2026-09-05 02:36:43,695 - 第10800次train 完成, 本轮100次训练耗时 200.9 秒, 累计训练耗时 361.7 分钟, 当前学习率 1.49e-04
2026-09-05 02:36:58,262 - 第10800次训练后loss评估: train loss 3.6880, val loss 3.8265, loss评估耗时 14.6 秒
2026-09-05 02:40:19,085 - 第10900次train 完成, 本轮100次训练耗时 200.8 秒, 累计训练耗时 365.0 分钟, 当前学习率 1.47e-04
2026-09-05 02:43:39,462 - 第11000次train 完成, 本轮100次训练耗时 200.4 秒, 累计训练耗时 368.4 分钟, 当前学习率 1.45e-04
2026-09-05 02:47:00,286 - 第11100次train 完成, 本轮100次训练耗时 200.8 秒, 累计训练耗时 371.7 分钟, 当前学习率 1.43e-04
2026-09-05 02:50:20,632 - 第11200次train 完成, 本轮100次训练耗时 200.3 秒, 累计训练耗时 375.0 分钟, 当前学习率 1.41e-04
2026-09-05 02:50:35,204 - 第11200次训练后loss评估: train loss 3.6669, val loss 3.7820, loss评估耗时 14.6 秒
2026-09-05 02:53:56,374 - 第11300次train 完成, 本轮100次训练耗时 201.2 秒, 累计训练耗时 378.4 分钟, 当前学习率 1.39e-04
2026-09-05 02:57:17,306 - 第11400次train 完成, 本轮100次训练耗时 200.9 秒, 累计训练耗时 381.7 分钟, 当前学习率 1.36e-04
2026-09-05 03:00:38,240 - 第11500次train 完成, 本轮100次训练耗时 200.9 秒, 累计训练耗时 385.1 分钟, 当前学习率 1.34e-04
2026-09-05 03:03:58,999 - 第11600次train 完成, 本轮100次训练耗时 200.8 秒, 累计训练耗时 388.4 分钟, 当前学习率 1.32e-04
2026-09-05 03:04:13,600 - 第11600次训练后loss评估: train loss 3.6651, val loss 3.7825, loss评估耗时 14.6 秒
2026-09-05 03:07:34,676 - 第11700次train 完成, 本轮100次训练耗时 201.1 秒, 累计训练耗时 391.8 分钟, 当前学习率 1.30e-04
2026-09-05 03:10:55,550 - 第11800次train 完成, 本轮100次训练耗时 200.9 秒, 累计训练耗时 395.1 分钟, 当前学习率 1.28e-04
2026-09-05 03:14:16,267 - 第11900次train 完成, 本轮100次训练耗时 200.7 秒, 累计训练耗时 398.5 分钟, 当前学习率 1.26e-04
2026-09-05 03:17:37,468 - 第12000次train 完成, 本轮100次训练耗时 201.2 秒, 累计训练耗时 401.8 分钟, 当前学习率 1.24e-04
2026-09-05 03:17:53,885 - 第12000次训练后loss评估: train loss 3.6303, val loss 3.8133, loss评估耗时 14.5 秒
2026-09-05 03:17:55,851 - |===========================================================================|
|                  PyTorch CUDA memory summary, device ID 0                 |
|---------------------------------------------------------------------------|
|            CUDA OOMs: 0            |        cudaMalloc retries: 0         |
|===========================================================================|
|        Metric         | Cur Usage  | Peak Usage | Tot Alloc  | Tot Freed  |
|---------------------------------------------------------------------------|
| Allocated memory      |   3909 MiB |   6464 MiB |   1020 TiB |   1020 TiB |
|       from large pool |   3070 MiB |   5528 MiB |    976 TiB |    976 TiB |
|       from small pool |    838 MiB |   1032 MiB |     44 TiB |     44 TiB |
|---------------------------------------------------------------------------|
| Active memory         |   3909 MiB |   6464 MiB |   1020 TiB |   1020 TiB |
|       from large pool |   3070 MiB |   5528 MiB |    976 TiB |    976 TiB |
|       from small pool |    838 MiB |   1032 MiB |     44 TiB |     44 TiB |
|---------------------------------------------------------------------------|
| Requested memory      |   3909 MiB |   6461 MiB |   1020 TiB |   1020 TiB |
|       from large pool |   3070 MiB |   5525 MiB |    975 TiB |    975 TiB |
|       from small pool |    838 MiB |   1032 MiB |     44 TiB |     44 TiB |
|---------------------------------------------------------------------------|
| GPU reserved memory   |   7640 MiB |   7640 MiB |   7640 MiB |      0 B   |
|       from large pool |   6600 MiB |   6600 MiB |   6600 MiB |      0 B   |
|       from small pool |   1040 MiB |   1040 MiB |   1040 MiB |      0 B   |
|---------------------------------------------------------------------------|
| Non-releasable memory |   1116 MiB |   1475 MiB |   1032 TiB |   1032 TiB |
|       from large pool |   1081 MiB |   1448 MiB |    984 TiB |    984 TiB |
|       from small pool |     35 MiB |     87 MiB |     47 TiB |     47 TiB |
|---------------------------------------------------------------------------|
| Allocations           |    4000    |    4935    |  153547 K  |  153543 K  |
|       from large pool |     203    |     291    |   51972 K  |   51972 K  |
|       from small pool |    3797    |    4682    |  101575 K  |  101571 K  |
|---------------------------------------------------------------------------|
| Active allocs         |    4000    |    4935    |  153547 K  |  153543 K  |
|       from large pool |     203    |     291    |   51972 K  |   51972 K  |
|       from small pool |    3797    |    4682    |  101575 K  |  101571 K  |
|---------------------------------------------------------------------------|
| GPU reserved segments |     591    |     591    |     591    |       0    |
|       from large pool |      71    |      71    |      71    |       0    |
|       from small pool |     520    |     520    |     520    |       0    |
|---------------------------------------------------------------------------|
| Non-releasable allocs |     108    |     282    |   94745 K  |   94745 K  |
|       from large pool |      21    |      43    |   24828 K  |   24828 K  |
|       from small pool |      87    |     251    |   69916 K  |   69916 K  |
|---------------------------------------------------------------------------|
| Oversize allocations  |       0    |       0    |       0    |       0    |
|---------------------------------------------------------------------------|
| Oversize GPU segments |       0    |       0    |       0    |       0    |
|===========================================================================|

2026-09-05 03:21:15,569 - 第12100次train 完成, 本轮100次训练耗时 201.7 秒, 累计训练耗时 405.2 分钟, 当前学习率 1.22e-04
2026-09-05 03:24:35,795 - 第12200次train 完成, 本轮100次训练耗时 200.2 秒, 累计训练耗时 408.5 分钟, 当前学习率 1.20e-04
2026-09-05 03:27:56,488 - 第12300次train 完成, 本轮100次训练耗时 200.7 秒, 累计训练耗时 411.9 分钟, 当前学习率 1.18e-04
2026-09-05 03:31:17,692 - 第12400次train 完成, 本轮100次训练耗时 201.2 秒, 累计训练耗时 415.2 分钟, 当前学习率 1.16e-04
2026-09-05 03:31:32,322 - 第12400次训练后loss评估: train loss 3.5902, val loss 3.7921, loss评估耗时 14.6 秒
2026-09-05 03:34:52,954 - 第12500次train 完成, 本轮100次训练耗时 200.6 秒, 累计训练耗时 418.6 分钟, 当前学习率 1.14e-04
2026-09-05 03:38:14,022 - 第12600次train 完成, 本轮100次训练耗时 201.1 秒, 累计训练耗时 421.9 分钟, 当前学习率 1.12e-04
2026-09-05 03:41:35,421 - 第12700次train 完成, 本轮100次训练耗时 201.4 秒, 累计训练耗时 425.3 分钟, 当前学习率 1.10e-04
2026-09-05 03:44:56,022 - 第12800次train 完成, 本轮100次训练耗时 200.6 秒, 累计训练耗时 428.6 分钟, 当前学习率 1.08e-04
2026-09-05 03:45:10,589 - 第12800次训练后loss评估: train loss 3.5986, val loss 3.7534, loss评估耗时 14.6 秒
2026-09-05 03:48:31,224 - 第12900次train 完成, 本轮100次训练耗时 200.6 秒, 累计训练耗时 432.0 分钟, 当前学习率 1.06e-04
2026-09-05 03:51:52,401 - 第13000次train 完成, 本轮100次训练耗时 201.2 秒, 累计训练耗时 435.3 分钟, 当前学习率 1.04e-04
2026-09-05 03:55:13,599 - 第13100次train 完成, 本轮100次训练耗时 201.2 秒, 累计训练耗时 438.7 分钟, 当前学习率 1.02e-04
2026-09-05 03:58:34,845 - 第13200次train 完成, 本轮100次训练耗时 201.2 秒, 累计训练耗时 442.0 分钟, 当前学习率 1.01e-04
2026-09-05 03:58:49,450 - 第13200次训练后loss评估: train loss 3.5944, val loss 3.7245, loss评估耗时 14.6 秒
2026-09-05 04:02:10,601 - 第13300次train 完成, 本轮100次训练耗时 201.1 秒, 累计训练耗时 445.4 分钟, 当前学习率 9.88e-05
2026-09-05 04:05:31,176 - 第13400次train 完成, 本轮100次训练耗时 200.6 秒, 累计训练耗时 448.7 分钟, 当前学习率 9.69e-05
2026-09-05 04:08:52,209 - 第13500次train 完成, 本轮100次训练耗时 201.0 秒, 累计训练耗时 452.1 分钟, 当前学习率 9.51e-05
2026-09-05 04:12:12,852 - 第13600次train 完成, 本轮100次训练耗时 200.6 秒, 累计训练耗时 455.4 分钟, 当前学习率 9.33e-05
2026-09-05 04:12:27,529 - 第13600次训练后loss评估: train loss 3.6162, val loss 3.7395, loss评估耗时 14.7 秒
2026-09-05 04:15:47,794 - 第13700次train 完成, 本轮100次训练耗时 200.3 秒, 累计训练耗时 458.8 分钟, 当前学习率 9.15e-05
2026-09-05 04:19:08,880 - 第13800次train 完成, 本轮100次训练耗时 201.1 秒, 累计训练耗时 462.1 分钟, 当前学习率 8.97e-05
2026-09-05 04:22:29,528 - 第13900次train 完成, 本轮100次训练耗时 200.6 秒, 累计训练耗时 465.5 分钟, 当前学习率 8.79e-05
2026-09-05 04:25:50,481 - 第14000次train 完成, 本轮100次训练耗时 201.0 秒, 累计训练耗时 468.8 分钟, 当前学习率 8.62e-05
2026-09-05 04:26:04,993 - 第14000次训练后loss评估: train loss 3.5444, val loss 3.6552, loss评估耗时 14.5 秒
2026-09-05 04:26:07,081 - |===========================================================================|
|                  PyTorch CUDA memory summary, device ID 0                 |
|---------------------------------------------------------------------------|
|            CUDA OOMs: 0            |        cudaMalloc retries: 0         |
|===========================================================================|
|        Metric         | Cur Usage  | Peak Usage | Tot Alloc  | Tot Freed  |
|---------------------------------------------------------------------------|
| Allocated memory      |   3909 MiB |   6464 MiB |   1190 TiB |   1190 TiB |
|       from large pool |   3070 MiB |   5528 MiB |   1138 TiB |   1138 TiB |
|       from small pool |    838 MiB |   1032 MiB |     52 TiB |     51 TiB |
|---------------------------------------------------------------------------|
| Active memory         |   3909 MiB |   6464 MiB |   1190 TiB |   1190 TiB |
|       from large pool |   3070 MiB |   5528 MiB |   1138 TiB |   1138 TiB |
|       from small pool |    838 MiB |   1032 MiB |     52 TiB |     51 TiB |
|---------------------------------------------------------------------------|
| Requested memory      |   3909 MiB |   6461 MiB |   1190 TiB |   1190 TiB |
|       from large pool |   3070 MiB |   5525 MiB |   1138 TiB |   1138 TiB |
|       from small pool |    838 MiB |   1032 MiB |     51 TiB |     51 TiB |
|---------------------------------------------------------------------------|
| GPU reserved memory   |   7640 MiB |   7640 MiB |   7640 MiB |      0 B   |
|       from large pool |   6600 MiB |   6600 MiB |   6600 MiB |      0 B   |
|       from small pool |   1040 MiB |   1040 MiB |   1040 MiB |      0 B   |
|---------------------------------------------------------------------------|
| Non-releasable memory |   1116 MiB |   1475 MiB |   1203 TiB |   1203 TiB |
|       from large pool |   1081 MiB |   1448 MiB |   1148 TiB |   1148 TiB |
|       from small pool |     35 MiB |     87 MiB |     55 TiB |     55 TiB |
|---------------------------------------------------------------------------|
| Allocations           |    4000    |    4935    |  179115 K  |  179111 K  |
|       from large pool |     203    |     291    |   60627 K  |   60627 K  |
|       from small pool |    3797    |    4682    |  118488 K  |  118484 K  |
|---------------------------------------------------------------------------|
| Active allocs         |    4000    |    4935    |  179115 K  |  179111 K  |
|       from large pool |     203    |     291    |   60627 K  |   60627 K  |
|       from small pool |    3797    |    4682    |  118488 K  |  118484 K  |
|---------------------------------------------------------------------------|
| GPU reserved segments |     591    |     591    |     591    |       0    |
|       from large pool |      71    |      71    |      71    |       0    |
|       from small pool |     520    |     520    |     520    |       0    |
|---------------------------------------------------------------------------|
| Non-releasable allocs |     105    |     282    |  110522 K  |  110522 K  |
|       from large pool |      21    |      43    |   28962 K  |   28962 K  |
|       from small pool |      84    |     251    |   81560 K  |   81560 K  |
|---------------------------------------------------------------------------|
| Oversize allocations  |       0    |       0    |       0    |       0    |
|---------------------------------------------------------------------------|
| Oversize GPU segments |       0    |       0    |       0    |       0    |
|===========================================================================|

2026-09-05 04:29:26,020 - 第14100次train 完成, 本轮100次训练耗时 201.0 秒, 累计训练耗时 472.2 分钟, 当前学习率 8.45e-05
2026-09-05 04:32:47,522 - 第14200次train 完成, 本轮100次训练耗时 201.5 秒, 累计训练耗时 475.5 分钟, 当前学习率 8.28e-05
2026-09-05 04:36:08,381 - 第14300次train 完成, 本轮100次训练耗时 200.9 秒, 累计训练耗时 478.9 分钟, 当前学习率 8.11e-05
2026-09-05 04:39:29,104 - 第14400次train 完成, 本轮100次训练耗时 200.7 秒, 累计训练耗时 482.2 分钟, 当前学习率 7.94e-05
2026-09-05 04:39:43,651 - 第14400次训练后loss评估: train loss 3.5216, val loss 3.7140, loss评估耗时 14.5 秒
2026-09-05 04:43:04,115 - 第14500次train 完成, 本轮100次训练耗时 200.5 秒, 累计训练耗时 485.6 分钟, 当前学习率 7.78e-05
2026-09-05 04:46:24,820 - 第14600次train 完成, 本轮100次训练耗时 200.7 秒, 累计训练耗时 488.9 分钟, 当前学习率 7.62e-05
2026-09-05 04:49:45,883 - 第14700次train 完成, 本轮100次训练耗时 201.1 秒, 累计训练耗时 492.2 分钟, 当前学习率 7.46e-05
2026-09-05 04:53:07,129 - 第14800次train 完成, 本轮100次训练耗时 201.2 秒, 累计训练耗时 495.6 分钟, 当前学习率 7.30e-05
2026-09-05 04:53:21,624 - 第14800次训练后loss评估: train loss 3.5510, val loss 3.7198, loss评估耗时 14.5 秒
2026-09-05 04:56:42,364 - 第14900次train 完成, 本轮100次训练耗时 200.7 秒, 累计训练耗时 498.9 分钟, 当前学习率 7.15e-05
2026-09-05 05:00:03,057 - 第15000次train 完成, 本轮100次训练耗时 200.7 秒, 累计训练耗时 502.3 分钟, 当前学习率 6.99e-05
2026-09-05 05:03:24,001 - 第15100次train 完成, 本轮100次训练耗时 200.9 秒, 累计训练耗时 505.6 分钟, 当前学习率 6.84e-05
2026-09-05 05:06:44,737 - 第15200次train 完成, 本轮100次训练耗时 200.7 秒, 累计训练耗时 509.0 分钟, 当前学习率 6.70e-05
2026-09-05 05:06:59,207 - 第15200次训练后loss评估: train loss 3.5378, val loss 3.6894, loss评估耗时 14.5 秒
2026-09-05 05:07:01,537 - val loss 创新低，已保存最优模型: best val 3.6894 @ 第15200步
2026-09-05 05:10:22,353 - 第15300次train 完成, 本轮100次训练耗时 200.8 秒, 累计训练耗时 512.3 分钟, 当前学习率 6.55e-05
2026-09-05 05:13:43,552 - 第15400次train 完成, 本轮100次训练耗时 201.2 秒, 累计训练耗时 515.7 分钟, 当前学习率 6.41e-05
2026-09-05 05:17:04,335 - 第15500次train 完成, 本轮100次训练耗时 200.8 秒, 累计训练耗时 519.0 分钟, 当前学习率 6.27e-05
2026-09-05 05:20:25,453 - 第15600次train 完成, 本轮100次训练耗时 201.1 秒, 累计训练耗时 522.4 分钟, 当前学习率 6.13e-05
2026-09-05 05:20:40,029 - 第15600次训练后loss评估: train loss 3.5256, val loss 3.6953, loss评估耗时 14.6 秒
2026-09-05 05:24:00,888 - 第15700次train 完成, 本轮100次训练耗时 200.9 秒, 累计训练耗时 525.7 分钟, 当前学习率 5.99e-05
2026-09-05 05:27:21,559 - 第15800次train 完成, 本轮100次训练耗时 200.7 秒, 累计训练耗时 529.1 分钟, 当前学习率 5.86e-05
2026-09-05 05:30:42,810 - 第15900次train 完成, 本轮100次训练耗时 201.3 秒, 累计训练耗时 532.4 分钟, 当前学习率 5.73e-05
2026-09-05 05:34:03,540 - 第16000次train 完成, 本轮100次训练耗时 200.7 秒, 累计训练耗时 535.8 分钟, 当前学习率 5.60e-05
2026-09-05 05:34:18,013 - 第16000次训练后loss评估: train loss 3.4773, val loss 3.6319, loss评估耗时 14.5 秒
2026-09-05 05:34:20,073 - val loss 创新低，已保存最优模型: best val 3.6319 @ 第16000步
2026-09-05 05:34:22,157 - |===========================================================================|
|                  PyTorch CUDA memory summary, device ID 0                 |
|---------------------------------------------------------------------------|
|            CUDA OOMs: 0            |        cudaMalloc retries: 0         |
|===========================================================================|
|        Metric         | Cur Usage  | Peak Usage | Tot Alloc  | Tot Freed  |
|---------------------------------------------------------------------------|
| Allocated memory      |   3909 MiB |   6464 MiB |   1360 TiB |   1360 TiB |
|       from large pool |   3070 MiB |   5528 MiB |   1301 TiB |   1301 TiB |
|       from small pool |    838 MiB |   1032 MiB |     59 TiB |     59 TiB |
|---------------------------------------------------------------------------|
| Active memory         |   3909 MiB |   6464 MiB |   1360 TiB |   1360 TiB |
|       from large pool |   3070 MiB |   5528 MiB |   1301 TiB |   1301 TiB |
|       from small pool |    838 MiB |   1032 MiB |     59 TiB |     59 TiB |
|---------------------------------------------------------------------------|
| Requested memory      |   3909 MiB |   6461 MiB |   1360 TiB |   1360 TiB |
|       from large pool |   3070 MiB |   5525 MiB |   1300 TiB |   1300 TiB |
|       from small pool |    838 MiB |   1032 MiB |     59 TiB |     59 TiB |
|---------------------------------------------------------------------------|
| GPU reserved memory   |   7640 MiB |   7640 MiB |   7640 MiB |      0 B   |
|       from large pool |   6600 MiB |   6600 MiB |   6600 MiB |      0 B   |
|       from small pool |   1040 MiB |   1040 MiB |   1040 MiB |      0 B   |
|---------------------------------------------------------------------------|
| Non-releasable memory |   1116 MiB |   1475 MiB |   1375 TiB |   1375 TiB |
|       from large pool |   1081 MiB |   1448 MiB |   1312 TiB |   1312 TiB |
|       from small pool |     35 MiB |     87 MiB |     63 TiB |     63 TiB |
|---------------------------------------------------------------------------|
| Allocations           |    4000    |    4935    |  204684 K  |  204680 K  |
|       from large pool |     203    |     291    |   69282 K  |   69281 K  |
|       from small pool |    3797    |    4682    |  135402 K  |  135398 K  |
|---------------------------------------------------------------------------|
| Active allocs         |    4000    |    4935    |  204684 K  |  204680 K  |
|       from large pool |     203    |     291    |   69282 K  |   69281 K  |
|       from small pool |    3797    |    4682    |  135402 K  |  135398 K  |
|---------------------------------------------------------------------------|
| GPU reserved segments |     591    |     591    |     591    |       0    |
|       from large pool |      71    |      71    |      71    |       0    |
|       from small pool |     520    |     520    |     520    |       0    |
|---------------------------------------------------------------------------|
| Non-releasable allocs |     106    |     282    |  126298 K  |  126297 K  |
|       from large pool |      21    |      43    |   33096 K  |   33096 K  |
|       from small pool |      85    |     251    |   93201 K  |   93201 K  |
|---------------------------------------------------------------------------|
| Oversize allocations  |       0    |       0    |       0    |       0    |
|---------------------------------------------------------------------------|
| Oversize GPU segments |       0    |       0    |       0    |       0    |
|===========================================================================|

2026-09-05 05:37:40,990 - 第16100次train 完成, 本轮100次训练耗时 200.9 秒, 累计训练耗时 539.1 分钟, 当前学习率 5.48e-05
2026-09-05 05:41:02,097 - 第16200次train 完成, 本轮100次训练耗时 201.1 秒, 累计训练耗时 542.5 分钟, 当前学习率 5.36e-05
2026-09-05 05:44:23,258 - 第16300次train 完成, 本轮100次训练耗时 201.2 秒, 累计训练耗时 545.8 分钟, 当前学习率 5.24e-05
2026-09-05 05:47:43,619 - 第16400次train 完成, 本轮100次训练耗时 200.4 秒, 累计训练耗时 549.2 分钟, 当前学习率 5.12e-05
2026-09-05 05:47:58,165 - 第16400次训练后loss评估: train loss 3.4840, val loss 3.6933, loss评估耗时 14.5 秒
2026-09-05 05:51:19,195 - 第16500次train 完成, 本轮100次训练耗时 201.0 秒, 累计训练耗时 552.5 分钟, 当前学习率 5.01e-05
2026-09-05 05:54:40,018 - 第16600次train 完成, 本轮100次训练耗时 200.8 秒, 累计训练耗时 555.9 分钟, 当前学习率 4.90e-05
2026-09-05 05:58:00,568 - 第16700次train 完成, 本轮100次训练耗时 200.5 秒, 累计训练耗时 559.2 分钟, 当前学习率 4.79e-05
2026-09-05 06:01:21,677 - 第16800次train 完成, 本轮100次训练耗时 201.1 秒, 累计训练耗时 562.6 分钟, 当前学习率 4.69e-05
2026-09-05 06:01:36,185 - 第16800次训练后loss评估: train loss 3.5048, val loss 3.6585, loss评估耗时 14.5 秒
2026-09-05 06:04:57,260 - 第16900次train 完成, 本轮100次训练耗时 201.1 秒, 累计训练耗时 565.9 分钟, 当前学习率 4.59e-05
2026-09-05 06:08:17,995 - 第17000次train 完成, 本轮100次训练耗时 200.7 秒, 累计训练耗时 569.3 分钟, 当前学习率 4.49e-05
2026-09-05 06:11:39,013 - 第17100次train 完成, 本轮100次训练耗时 201.0 秒, 累计训练耗时 572.6 分钟, 当前学习率 4.39e-05
2026-09-05 06:14:59,846 - 第17200次train 完成, 本轮100次训练耗时 200.8 秒, 累计训练耗时 576.0 分钟, 当前学习率 4.30e-05
2026-09-05 06:15:14,406 - 第17200次训练后loss评估: train loss 3.4428, val loss 3.6613, loss评估耗时 14.6 秒
2026-09-05 06:18:34,947 - 第17300次train 完成, 本轮100次训练耗时 200.5 秒, 累计训练耗时 579.3 分钟, 当前学习率 4.21e-05
2026-09-05 06:21:55,963 - 第17400次train 完成, 本轮100次训练耗时 201.0 秒, 累计训练耗时 582.6 分钟, 当前学习率 4.12e-05
2026-09-05 06:25:16,364 - 第17500次train 完成, 本轮100次训练耗时 200.4 秒, 累计训练耗时 586.0 分钟, 当前学习率 4.04e-05
2026-09-05 06:28:36,848 - 第17600次train 完成, 本轮100次训练耗时 200.5 秒, 累计训练耗时 589.3 分钟, 当前学习率 3.96e-05
2026-09-05 06:28:51,286 - 第17600次训练后loss评估: train loss 3.4541, val loss 3.6566, loss评估耗时 14.4 秒
2026-09-05 06:32:12,127 - 第17700次train 完成, 本轮100次训练耗时 200.8 秒, 累计训练耗时 592.7 分钟, 当前学习率 3.88e-05
2026-09-05 06:35:32,967 - 第17800次train 完成, 本轮100次训练耗时 200.8 秒, 累计训练耗时 596.0 分钟, 当前学习率 3.81e-05
2026-09-05 06:38:53,767 - 第17900次train 完成, 本轮100次训练耗时 200.8 秒, 累计训练耗时 599.4 分钟, 当前学习率 3.74e-05
2026-09-05 06:42:14,283 - 第18000次train 完成, 本轮100次训练耗时 200.5 秒, 累计训练耗时 602.7 分钟, 当前学习率 3.67e-05
2026-09-05 06:42:32,718 - 第18000次训练后loss评估: train loss 3.5027, val loss 3.6210, loss评估耗时 14.4 秒
2026-09-05 06:42:34,402 - val loss 创新低，已保存最优模型: best val 3.6210 @ 第18000步
2026-09-05 06:42:36,483 - |===========================================================================|
|                  PyTorch CUDA memory summary, device ID 0                 |
|---------------------------------------------------------------------------|
|            CUDA OOMs: 0            |        cudaMalloc retries: 0         |
|===========================================================================|
|        Metric         | Cur Usage  | Peak Usage | Tot Alloc  | Tot Freed  |
|---------------------------------------------------------------------------|
| Allocated memory      |   3909 MiB |   6464 MiB |   1530 TiB |   1530 TiB |
|       from large pool |   3070 MiB |   5528 MiB |   1463 TiB |   1463 TiB |
|       from small pool |    838 MiB |   1032 MiB |     66 TiB |     66 TiB |
|---------------------------------------------------------------------------|
| Active memory         |   3909 MiB |   6464 MiB |   1530 TiB |   1530 TiB |
|       from large pool |   3070 MiB |   5528 MiB |   1463 TiB |   1463 TiB |
|       from small pool |    838 MiB |   1032 MiB |     66 TiB |     66 TiB |
|---------------------------------------------------------------------------|
| Requested memory      |   3909 MiB |   6461 MiB |   1530 TiB |   1530 TiB |
|       from large pool |   3070 MiB |   5525 MiB |   1463 TiB |   1463 TiB |
|       from small pool |    838 MiB |   1032 MiB |     66 TiB |     66 TiB |
|---------------------------------------------------------------------------|
| GPU reserved memory   |   7640 MiB |   7640 MiB |   7640 MiB |      0 B   |
|       from large pool |   6600 MiB |   6600 MiB |   6600 MiB |      0 B   |
|       from small pool |   1040 MiB |   1040 MiB |   1040 MiB |      0 B   |
|---------------------------------------------------------------------------|
| Non-releasable memory |   1116 MiB |   1475 MiB |   1547 TiB |   1547 TiB |
|       from large pool |   1081 MiB |   1448 MiB |   1476 TiB |   1476 TiB |
|       from small pool |     35 MiB |     87 MiB |     71 TiB |     71 TiB |
|---------------------------------------------------------------------------|
| Allocations           |    4000    |    4935    |  230253 K  |  230249 K  |
|       from large pool |     203    |     291    |   77936 K  |   77936 K  |
|       from small pool |    3797    |    4682    |  152316 K  |  152312 K  |
|---------------------------------------------------------------------------|
| Active allocs         |    4000    |    4935    |  230253 K  |  230249 K  |
|       from large pool |     203    |     291    |   77936 K  |   77936 K  |
|       from small pool |    3797    |    4682    |  152316 K  |  152312 K  |
|---------------------------------------------------------------------------|
| GPU reserved segments |     591    |     591    |     591    |       0    |
|       from large pool |      71    |      71    |      71    |       0    |
|       from small pool |     520    |     520    |     520    |       0    |
|---------------------------------------------------------------------------|
| Non-releasable allocs |     110    |     282    |  142072 K  |  142072 K  |
|       from large pool |      21    |      43    |   37230 K  |   37230 K  |
|       from small pool |      89    |     251    |  104842 K  |  104842 K  |
|---------------------------------------------------------------------------|
| Oversize allocations  |       0    |       0    |       0    |       0    |
|---------------------------------------------------------------------------|
| Oversize GPU segments |       0    |       0    |       0    |       0    |
|===========================================================================|

2026-09-05 06:45:55,949 - 第18100次train 完成, 本轮100次训练耗时 201.5 秒, 累计训练耗时 606.1 分钟, 当前学习率 3.60e-05
2026-09-05 06:49:16,289 - 第18200次train 完成, 本轮100次训练耗时 200.3 秒, 累计训练耗时 609.4 分钟, 当前学习率 3.54e-05
2026-09-05 06:52:37,552 - 第18300次train 完成, 本轮100次训练耗时 201.3 秒, 累计训练耗时 612.8 分钟, 当前学习率 3.48e-05
2026-09-05 06:55:58,322 - 第18400次train 完成, 本轮100次训练耗时 200.8 秒, 累计训练耗时 616.1 分钟, 当前学习率 3.43e-05
2026-09-05 06:56:12,864 - 第18400次训练后loss评估: train loss 3.4738, val loss 3.6008, loss评估耗时 14.5 秒
2026-09-05 06:56:14,670 - val loss 创新低，已保存最优模型: best val 3.6008 @ 第18400步
2026-09-05 06:59:35,427 - 第18500次train 完成, 本轮100次训练耗时 200.8 秒, 累计训练耗时 619.5 分钟, 当前学习率 3.38e-05
2026-09-05 07:02:56,553 - 第18600次train 完成, 本轮100次训练耗时 201.1 秒, 累计训练耗时 622.8 分钟, 当前学习率 3.33e-05
2026-09-05 07:06:17,573 - 第18700次train 完成, 本轮100次训练耗时 201.0 秒, 累计训练耗时 626.2 分钟, 当前学习率 3.28e-05
2026-09-05 07:09:38,272 - 第18800次train 完成, 本轮100次训练耗时 200.7 秒, 累计训练耗时 629.5 分钟, 当前学习率 3.24e-05
2026-09-05 07:09:52,839 - 第18800次训练后loss评估: train loss 3.4553, val loss 3.6481, loss评估耗时 14.6 秒
2026-09-05 07:13:13,698 - 第18900次train 完成, 本轮100次训练耗时 200.9 秒, 累计训练耗时 632.9 分钟, 当前学习率 3.20e-05
2026-09-05 07:16:34,661 - 第19000次train 完成, 本轮100次训练耗时 201.0 秒, 累计训练耗时 636.2 分钟, 当前学习率 3.17e-05
2026-09-05 07:19:55,188 - 第19100次train 完成, 本轮100次训练耗时 200.5 秒, 累计训练耗时 639.5 分钟, 当前学习率 3.14e-05
2026-09-05 07:23:15,963 - 第19200次train 完成, 本轮100次训练耗时 200.8 秒, 累计训练耗时 642.9 分钟, 当前学习率 3.11e-05
2026-09-05 07:23:30,564 - 第19200次训练后loss评估: train loss 3.4488, val loss 3.6390, loss评估耗时 14.6 秒
2026-09-05 07:26:51,367 - 第19300次train 完成, 本轮100次训练耗时 200.8 秒, 累计训练耗时 646.2 分钟, 当前学习率 3.08e-05
2026-09-05 07:30:11,996 - 第19400次train 完成, 本轮100次训练耗时 200.6 秒, 累计训练耗时 649.6 分钟, 当前学习率 3.06e-05
2026-09-05 07:33:32,840 - 第19500次train 完成, 本轮100次训练耗时 200.8 秒, 累计训练耗时 652.9 分钟, 当前学习率 3.04e-05
2026-09-05 07:36:53,880 - 第19600次train 完成, 本轮100次训练耗时 201.0 秒, 累计训练耗时 656.3 分钟, 当前学习率 3.03e-05
2026-09-05 07:37:08,488 - 第19600次训练后loss评估: train loss 3.4680, val loss 3.6302, loss评估耗时 14.6 秒
2026-09-05 07:40:28,843 - 第19700次train 完成, 本轮100次训练耗时 200.4 秒, 累计训练耗时 659.6 分钟, 当前学习率 3.02e-05
2026-09-05 07:43:49,745 - 第19800次train 完成, 本轮100次训练耗时 200.9 秒, 累计训练耗时 663.0 分钟, 当前学习率 3.01e-05
2026-09-05 07:47:10,404 - 第19900次train 完成, 本轮100次训练耗时 200.7 秒, 累计训练耗时 666.3 分钟, 当前学习率 3.00e-05
2026-09-05 07:50:43,676 - 第19999次训练后loss评估: train loss 3.4656, val loss 3.6061, loss评估耗时 14.4 秒
2026-09-05 07:50:45,729 - 第20000次train 完成, 本轮100次训练耗时 215.3 秒, 累计训练耗时 669.9 分钟, 当前学习率 3.00e-05
2026-09-05 07:50:45,729 - 全部训练完成，总耗时 682.3 分钟，平均每步 2047 毫秒
2026-09-05 12:21:44,241 - 总样本数据 73862951, 训练集 66476032 验证集 7386112 词元表大小:16000
2026-09-05 12:24:38,795 - 总样本数据 73862951, 训练集 66476032 验证集 7386112 词元表大小:16000
