2026-09-03 17:55:28,287 - 总样本数据 73862951, 训练集 66476032 验证集 7386112 词元表大小:16000
2026-09-03 17:55:30,565 - 218154624 个参数
2026-09-03 17:55:46,127 - 第0次训练后loss评估: train loss 9.9078, val loss 9.9106, loss评估耗时 13.5 秒
2026-09-03 17:55:47,973 - val loss 创新低，已保存最优模型: best val 9.9106 @ 第0步
2026-09-03 17:55:49,958 - |===========================================================================|
|                  PyTorch CUDA memory summary, device ID 0                 |
|---------------------------------------------------------------------------|
|            CUDA OOMs: 0            |        cudaMalloc retries: 0         |
|===========================================================================|
|        Metric         | Cur Usage  | Peak Usage | Tot Alloc  | Tot Freed  |
|---------------------------------------------------------------------------|
| Allocated memory      |   3659 MiB |   4491 MiB |    867 GiB |    863 GiB |
|       from large pool |   2820 MiB |   3458 MiB |    819 GiB |    816 GiB |
|       from small pool |    838 MiB |   1032 MiB |     48 GiB |     47 GiB |
|---------------------------------------------------------------------------|
| Active memory         |   3659 MiB |   4491 MiB |    867 GiB |    863 GiB |
|       from large pool |   2820 MiB |   3458 MiB |    819 GiB |    816 GiB |
|       from small pool |    838 MiB |   1032 MiB |     48 GiB |     47 GiB |
|---------------------------------------------------------------------------|
| Requested memory      |   3659 MiB |   4491 MiB |    867 GiB |    863 GiB |
|       from large pool |   2820 MiB |   3458 MiB |    819 GiB |    816 GiB |
|       from small pool |    838 MiB |   1032 MiB |     48 GiB |     47 GiB |
|---------------------------------------------------------------------------|
| GPU reserved memory   |   4806 MiB |   4806 MiB |   4806 MiB |      0 B   |
|       from large pool |   3768 MiB |   3768 MiB |   3768 MiB |      0 B   |
|       from small pool |   1038 MiB |   1038 MiB |   1038 MiB |      0 B   |
|---------------------------------------------------------------------------|
| Non-releasable memory | 465764 KiB |   1312 MiB | 668590 MiB | 668135 MiB |
|       from large pool | 458496 KiB |   1292 MiB | 617369 MiB | 616921 MiB |
|       from small pool |   7268 KiB |     82 MiB |  51221 MiB |  51213 MiB |
|---------------------------------------------------------------------------|
| Allocations           |    3996    |    4930    |  132373    |  128377    |
|       from large pool |     199    |     248    |   43737    |   43538    |
|       from small pool |    3797    |    4682    |   88636    |   84839    |
|---------------------------------------------------------------------------|
| Active allocs         |    3996    |    4930    |  132373    |  128377    |
|       from large pool |     199    |     248    |   43737    |   43538    |
|       from small pool |    3797    |    4682    |   88636    |   84839    |
|---------------------------------------------------------------------------|
| GPU reserved segments |     572    |     572    |     572    |       0    |
|       from large pool |      53    |      53    |      53    |       0    |
|       from small pool |     519    |     519    |     519    |       0    |
|---------------------------------------------------------------------------|
| Non-releasable allocs |      64    |     250    |   81152    |   81088    |
|       from large pool |      12    |      22    |   19809    |   19797    |
|       from small pool |      52    |     229    |   61343    |   61291    |
|---------------------------------------------------------------------------|
| Oversize allocations  |       0    |       0    |       0    |       0    |
|---------------------------------------------------------------------------|
| Oversize GPU segments |       0    |       0    |       0    |       0    |
|===========================================================================|

2026-09-03 17:58:51,179 - 第100次train 完成, 本轮100次训练耗时 183.2 秒, 累计训练耗时 3.1 分钟, 当前学习率 3.00e-04
2026-09-03 18:02:03,385 - 第200次train 完成, 本轮100次训练耗时 192.2 秒, 累计训练耗时 6.3 分钟, 当前学习率 3.00e-04
2026-09-03 18:05:20,430 - 第300次train 完成, 本轮100次训练耗时 197.0 秒, 累计训练耗时 9.5 分钟, 当前学习率 3.00e-04
2026-09-03 18:08:38,752 - 第400次train 完成, 本轮100次训练耗时 198.3 秒, 累计训练耗时 12.8 分钟, 当前学习率 3.00e-04
2026-09-03 18:08:52,202 - 第400次训练后loss评估: train loss 7.3812, val loss 7.3767, loss评估耗时 13.5 秒
2026-09-03 18:08:53,801 - val loss 创新低，已保存最优模型: best val 7.3767 @ 第400步
2026-09-03 18:12:10,571 - 第500次train 完成, 本轮100次训练耗时 196.8 秒, 累计训练耗时 16.1 分钟, 当前学习率 3.00e-04
2026-09-03 18:15:27,230 - 第600次train 完成, 本轮100次训练耗时 196.7 秒, 累计训练耗时 19.4 分钟, 当前学习率 3.00e-04
2026-09-03 18:18:42,928 - 第700次train 完成, 本轮100次训练耗时 195.7 秒, 累计训练耗时 22.7 分钟, 当前学习率 2.99e-04
2026-09-03 18:21:58,135 - 第800次train 完成, 本轮100次训练耗时 195.2 秒, 累计训练耗时 25.9 分钟, 当前学习率 2.99e-04
2026-09-03 18:22:11,596 - 第800次训练后loss评估: train loss 7.0718, val loss 7.0534, loss评估耗时 13.5 秒
2026-09-03 18:22:12,994 - val loss 创新低，已保存最优模型: best val 7.0534 @ 第800步
2026-09-03 18:25:27,748 - 第900次train 完成, 本轮100次训练耗时 194.8 秒, 累计训练耗时 29.2 分钟, 当前学习率 2.99e-04
2026-09-03 18:28:42,192 - 第1000次train 完成, 本轮100次训练耗时 194.4 秒, 累计训练耗时 32.4 分钟, 当前学习率 2.99e-04
2026-09-03 18:31:56,397 - 第1100次train 完成, 本轮100次训练耗时 194.2 秒, 累计训练耗时 35.6 分钟, 当前学习率 2.98e-04
2026-09-03 18:35:11,052 - 第1200次train 完成, 本轮100次训练耗时 194.7 秒, 累计训练耗时 38.9 分钟, 当前学习率 2.98e-04
2026-09-03 18:35:24,475 - 第1200次训练后loss评估: train loss 6.8468, val loss 6.8415, loss评估耗时 13.4 秒
2026-09-03 18:35:25,787 - val loss 创新低，已保存最优模型: best val 6.8415 @ 第1200步
2026-09-03 18:38:40,579 - 第1300次train 完成, 本轮100次训练耗时 194.8 秒, 累计训练耗时 42.1 分钟, 当前学习率 2.98e-04
2026-09-03 18:41:59,496 - 第1400次train 完成, 本轮100次训练耗时 198.9 秒, 累计训练耗时 45.4 分钟, 当前学习率 2.97e-04
2026-09-03 18:45:14,309 - 第1500次train 完成, 本轮100次训练耗时 194.8 秒, 累计训练耗时 48.7 分钟, 当前学习率 2.97e-04
2026-09-03 18:48:29,426 - 第1600次train 完成, 本轮100次训练耗时 195.1 秒, 累计训练耗时 51.9 分钟, 当前学习率 2.96e-04
2026-09-03 18:48:43,058 - 第1600次训练后loss评估: train loss 6.6952, val loss 6.6993, loss评估耗时 13.6 秒
2026-09-03 18:48:44,441 - val loss 创新低，已保存最优模型: best val 6.6993 @ 第1600步
2026-09-03 18:51:59,894 - 第1700次train 完成, 本轮100次训练耗时 195.5 秒, 累计训练耗时 55.2 分钟, 当前学习率 2.96e-04
2026-09-03 18:55:14,683 - 第1800次train 完成, 本轮100次训练耗时 194.8 秒, 累计训练耗时 58.5 分钟, 当前学习率 2.95e-04
2026-09-03 18:58:29,937 - 第1900次train 完成, 本轮100次训练耗时 195.3 秒, 累计训练耗时 61.7 分钟, 当前学习率 2.95e-04
2026-09-03 19:01:45,385 - 第2000次train 完成, 本轮100次训练耗时 195.4 秒, 累计训练耗时 65.0 分钟, 当前学习率 2.94e-04
2026-09-03 19:01:58,992 - 第2000次训练后loss评估: train loss 6.5532, val loss 6.5804, loss评估耗时 13.6 秒
2026-09-03 19:02:00,450 - val loss 创新低，已保存最优模型: best val 6.5804 @ 第2000步
2026-09-03 19:02:02,428 - |===========================================================================|
|                  PyTorch CUDA memory summary, device ID 0                 |
|---------------------------------------------------------------------------|
|            CUDA OOMs: 0            |        cudaMalloc retries: 0         |
|===========================================================================|
|        Metric         | Cur Usage  | Peak Usage | Tot Alloc  | Tot Freed  |
|---------------------------------------------------------------------------|
| Allocated memory      |   3659 MiB |   6213 MiB | 174739 GiB | 174735 GiB |
|       from large pool |   2820 MiB |   5277 MiB | 167088 GiB | 167085 GiB |
|       from small pool |    838 MiB |   1032 MiB |   7650 GiB |   7650 GiB |
|---------------------------------------------------------------------------|
| Active memory         |   3659 MiB |   6213 MiB | 174739 GiB | 174735 GiB |
|       from large pool |   2820 MiB |   5277 MiB | 167088 GiB | 167085 GiB |
|       from small pool |    838 MiB |   1032 MiB |   7650 GiB |   7650 GiB |
|---------------------------------------------------------------------------|
| Requested memory      |   3659 MiB |   6211 MiB | 174734 GiB | 174731 GiB |
|       from large pool |   2820 MiB |   5275 MiB | 167084 GiB | 167082 GiB |
|       from small pool |    838 MiB |   1032 MiB |   7649 GiB |   7649 GiB |
|---------------------------------------------------------------------------|
| GPU reserved memory   |   7448 MiB |   7448 MiB |   7448 MiB |      0 B   |
|       from large pool |   6408 MiB |   6408 MiB |   6408 MiB |      0 B   |
|       from small pool |   1040 MiB |   1040 MiB |   1040 MiB |      0 B   |
|---------------------------------------------------------------------------|
| Non-releasable memory |   1552 MiB |   1811 MiB | 182554 GiB | 182552 GiB |
|       from large pool |   1517 MiB |   1777 MiB | 174419 GiB | 174417 GiB |
|       from small pool |     35 MiB |     90 MiB |   8135 GiB |   8135 GiB |
|---------------------------------------------------------------------------|
| Allocations           |    3996    |    4932    |   27579 K  |   27575 K  |
|       from large pool |     199    |     287    |    8696 K  |    8696 K  |
|       from small pool |    3797    |    4733    |   18883 K  |   18879 K  |
|---------------------------------------------------------------------------|
| Active allocs         |    3996    |    4932    |   27579 K  |   27575 K  |
|       from large pool |     199    |     287    |    8696 K  |    8696 K  |
|       from small pool |    3797    |    4733    |   18883 K  |   18879 K  |
|---------------------------------------------------------------------------|
| GPU reserved segments |     588    |     588    |     588    |       0    |
|       from large pool |      68    |      68    |      68    |       0    |
|       from small pool |     520    |     520    |     520    |       0    |
|---------------------------------------------------------------------------|
| Non-releasable allocs |     110    |     288    |   15290 K  |   15289 K  |
|       from large pool |      22    |      46    |    3554 K  |    3554 K  |
|       from small pool |      88    |     257    |   11735 K  |   11735 K  |
|---------------------------------------------------------------------------|
| Oversize allocations  |       0    |       0    |       0    |       0    |
|---------------------------------------------------------------------------|
| Oversize GPU segments |       0    |       0    |       0    |       0    |
|===========================================================================|

2026-09-03 19:05:16,079 - 第2100次train 完成, 本轮100次训练耗时 195.6 秒, 累计训练耗时 68.2 分钟, 当前学习率 2.93e-04
2026-09-03 19:08:31,141 - 第2200次train 完成, 本轮100次训练耗时 195.1 秒, 累计训练耗时 71.5 分钟, 当前学习率 2.93e-04
2026-09-03 19:11:46,143 - 第2300次train 完成, 本轮100次训练耗时 195.0 秒, 累计训练耗时 74.7 分钟, 当前学习率 2.92e-04
2026-09-03 19:15:01,979 - 第2400次train 完成, 本轮100次训练耗时 195.8 秒, 累计训练耗时 78.0 分钟, 当前学习率 2.91e-04
2026-09-03 19:15:15,725 - 第2400次训练后loss评估: train loss 6.4825, val loss 6.4943, loss评估耗时 13.7 秒
2026-09-03 19:15:17,081 - val loss 创新低，已保存最优模型: best val 6.4943 @ 第2400步
2026-09-03 19:18:31,619 - 第2500次train 完成, 本轮100次训练耗时 194.5 秒, 累计训练耗时 81.2 分钟, 当前学习率 2.90e-04
2026-09-03 19:21:47,238 - 第2600次train 完成, 本轮100次训练耗时 195.6 秒, 累计训练耗时 84.5 分钟, 当前学习率 2.90e-04
2026-09-03 19:25:02,472 - 第2700次train 完成, 本轮100次训练耗时 195.2 秒, 累计训练耗时 87.7 分钟, 当前学习率 2.89e-04
2026-09-03 19:28:18,649 - 第2800次train 完成, 本轮100次训练耗时 196.2 秒, 累计训练耗时 91.0 分钟, 当前学习率 2.88e-04
2026-09-03 19:28:32,313 - 第2800次训练后loss评估: train loss 6.3242, val loss 6.3895, loss评估耗时 13.7 秒
2026-09-03 19:28:33,668 - val loss 创新低，已保存最优模型: best val 6.3895 @ 第2800步
2026-09-03 19:31:48,915 - 第2900次train 完成, 本轮100次训练耗时 195.2 秒, 累计训练耗时 94.3 分钟, 当前学习率 2.87e-04
2026-09-03 19:35:04,618 - 第3000次train 完成, 本轮100次训练耗时 195.7 秒, 累计训练耗时 97.5 分钟, 当前学习率 2.86e-04
2026-09-03 19:38:20,386 - 第3100次train 完成, 本轮100次训练耗时 195.8 秒, 累计训练耗时 100.8 分钟, 当前学习率 2.85e-04
2026-09-03 19:41:35,205 - 第3200次train 完成, 本轮100次训练耗时 194.8 秒, 累计训练耗时 104.0 分钟, 当前学习率 2.84e-04
2026-09-03 19:41:48,925 - 第3200次训练后loss评估: train loss 6.3069, val loss 6.2998, loss评估耗时 13.7 秒
2026-09-03 19:41:50,271 - val loss 创新低，已保存最优模型: best val 6.2998 @ 第3200步
2026-09-03 19:45:05,576 - 第3300次train 完成, 本轮100次训练耗时 195.3 秒, 累计训练耗时 107.3 分钟, 当前学习率 2.83e-04
2026-09-03 19:48:20,217 - 第3400次train 完成, 本轮100次训练耗时 194.6 秒, 累计训练耗时 110.5 分钟, 当前学习率 2.82e-04
2026-09-03 19:51:35,443 - 第3500次train 完成, 本轮100次训练耗时 195.2 秒, 累计训练耗时 113.8 分钟, 当前学习率 2.81e-04
2026-09-03 19:54:50,382 - 第3600次train 完成, 本轮100次训练耗时 194.9 秒, 累计训练耗时 117.0 分钟, 当前学习率 2.80e-04
2026-09-03 19:55:04,124 - 第3600次训练后loss评估: train loss 6.2161, val loss 6.2011, loss评估耗时 13.7 秒
2026-09-03 19:55:05,591 - val loss 创新低，已保存最优模型: best val 6.2011 @ 第3600步
2026-09-03 19:58:21,501 - 第3700次train 完成, 本轮100次训练耗时 195.9 秒, 累计训练耗时 120.3 分钟, 当前学习率 2.79e-04
2026-09-03 20:01:37,668 - 第3800次train 完成, 本轮100次训练耗时 196.2 秒, 累计训练耗时 123.6 分钟, 当前学习率 2.78e-04
2026-09-03 20:04:52,550 - 第3900次train 完成, 本轮100次训练耗时 194.9 秒, 累计训练耗时 126.8 分钟, 当前学习率 2.76e-04
2026-09-03 20:08:08,022 - 第4000次train 完成, 本轮100次训练耗时 195.5 秒, 累计训练耗时 130.1 分钟, 当前学习率 2.75e-04
2026-09-03 20:08:21,680 - 第4000次训练后loss评估: train loss 6.1692, val loss 6.1631, loss评估耗时 13.7 秒
2026-09-03 20:08:23,796 - val loss 创新低，已保存最优模型: best val 6.1631 @ 第4000步
2026-09-03 20:08:25,871 - |===========================================================================|
|                  PyTorch CUDA memory summary, device ID 0                 |
|---------------------------------------------------------------------------|
|            CUDA OOMs: 0            |        cudaMalloc retries: 0         |
|===========================================================================|
|        Metric         | Cur Usage  | Peak Usage | Tot Alloc  | Tot Freed  |
|---------------------------------------------------------------------------|
| Allocated memory      |   3659 MiB |   6213 MiB | 348611 GiB | 348607 GiB |
|       from large pool |   2820 MiB |   5277 MiB | 333357 GiB | 333354 GiB |
|       from small pool |    838 MiB |   1032 MiB |  15253 GiB |  15252 GiB |
|---------------------------------------------------------------------------|
| Active memory         |   3659 MiB |   6213 MiB | 348611 GiB | 348607 GiB |
|       from large pool |   2820 MiB |   5277 MiB | 333357 GiB | 333354 GiB |
|       from small pool |    838 MiB |   1032 MiB |  15253 GiB |  15252 GiB |
|---------------------------------------------------------------------------|
| Requested memory      |   3659 MiB |   6211 MiB | 348602 GiB | 348598 GiB |
|       from large pool |   2820 MiB |   5275 MiB | 333350 GiB | 333348 GiB |
|       from small pool |    838 MiB |   1032 MiB |  15251 GiB |  15250 GiB |
|---------------------------------------------------------------------------|
| GPU reserved memory   |   7448 MiB |   7448 MiB |   7448 MiB |      0 B   |
|       from large pool |   6408 MiB |   6408 MiB |   6408 MiB |      0 B   |
|       from small pool |   1040 MiB |   1040 MiB |   1040 MiB |      0 B   |
|---------------------------------------------------------------------------|
| Non-releasable memory |   1430 MiB |   1811 MiB | 364903 GiB | 364902 GiB |
|       from large pool |   1395 MiB |   1777 MiB | 348683 GiB | 348681 GiB |
|       from small pool |     35 MiB |     90 MiB |  16220 GiB |  16220 GiB |
|---------------------------------------------------------------------------|
| Allocations           |    3996    |    4932    |   55027 K  |   55023 K  |
|       from large pool |     199    |     287    |   17349 K  |   17349 K  |
|       from small pool |    3797    |    4733    |   37677 K  |   37674 K  |
|---------------------------------------------------------------------------|
| Active allocs         |    3996    |    4932    |   55027 K  |   55023 K  |
|       from large pool |     199    |     287    |   17349 K  |   17349 K  |
|       from small pool |    3797    |    4733    |   37677 K  |   37674 K  |
|---------------------------------------------------------------------------|
| GPU reserved segments |     588    |     588    |     588    |       0    |
|       from large pool |      68    |      68    |      68    |       0    |
|       from small pool |     520    |     520    |     520    |       0    |
|---------------------------------------------------------------------------|
| Non-releasable allocs |     115    |     290    |   30490 K  |   30490 K  |
|       from large pool |      26    |      46    |    7077 K  |    7077 K  |
|       from small pool |      89    |     257    |   23413 K  |   23413 K  |
|---------------------------------------------------------------------------|
| Oversize allocations  |       0    |       0    |       0    |       0    |
|---------------------------------------------------------------------------|
| Oversize GPU segments |       0    |       0    |       0    |       0    |
|===========================================================================|

2026-09-03 20:11:38,937 - 第4100次train 完成, 本轮100次训练耗时 195.1 秒, 累计训练耗时 133.3 分钟, 当前学习率 2.74e-04
2026-09-03 20:14:54,074 - 第4200次train 完成, 本轮100次训练耗时 195.1 秒, 累计训练耗时 136.6 分钟, 当前学习率 2.73e-04
2026-09-03 20:18:09,272 - 第4300次train 完成, 本轮100次训练耗时 195.2 秒, 累计训练耗时 139.8 分钟, 当前学习率 2.71e-04
2026-09-03 20:21:24,593 - 第4400次train 完成, 本轮100次训练耗时 195.3 秒, 累计训练耗时 143.1 分钟, 当前学习率 2.70e-04
2026-09-03 20:21:38,384 - 第4400次训练后loss评估: train loss 6.1082, val loss 6.0726, loss评估耗时 13.8 秒
2026-09-03 20:21:39,918 - val loss 创新低，已保存最优模型: best val 6.0726 @ 第4400步
2026-09-03 20:24:55,818 - 第4500次train 完成, 本轮100次训练耗时 195.9 秒, 累计训练耗时 146.4 分钟, 当前学习率 2.69e-04
2026-09-03 20:28:11,031 - 第4600次train 完成, 本轮100次训练耗时 195.2 秒, 累计训练耗时 149.6 分钟, 当前学习率 2.67e-04
2026-09-03 20:31:26,881 - 第4700次train 完成, 本轮100次训练耗时 195.8 秒, 累计训练耗时 152.9 分钟, 当前学习率 2.66e-04
2026-09-03 20:34:42,504 - 第4800次train 完成, 本轮100次训练耗时 195.6 秒, 累计训练耗时 156.1 分钟, 当前学习率 2.65e-04
2026-09-03 20:34:56,290 - 第4800次训练后loss评估: train loss 6.0766, val loss 6.0507, loss评估耗时 13.8 秒
2026-09-03 20:34:57,728 - val loss 创新低，已保存最优模型: best val 6.0507 @ 第4800步
2026-09-03 20:38:12,953 - 第4900次train 完成, 本轮100次训练耗时 195.2 秒, 累计训练耗时 159.4 分钟, 当前学习率 2.63e-04
2026-09-03 20:41:27,663 - 第5000次train 完成, 本轮100次训练耗时 194.7 秒, 累计训练耗时 162.6 分钟, 当前学习率 2.62e-04
2026-09-03 20:44:42,463 - 第5100次train 完成, 本轮100次训练耗时 194.8 秒, 累计训练耗时 165.9 分钟, 当前学习率 2.60e-04
2026-09-03 20:47:57,964 - 第5200次train 完成, 本轮100次训练耗时 195.5 秒, 累计训练耗时 169.1 分钟, 当前学习率 2.59e-04
2026-09-03 20:48:11,620 - 第5200次训练后loss评估: train loss 6.0251, val loss 6.0548, loss评估耗时 13.7 秒
2026-09-03 20:51:26,418 - 第5300次train 完成, 本轮100次训练耗时 194.8 秒, 累计训练耗时 172.4 分钟, 当前学习率 2.57e-04
2026-09-03 20:54:41,619 - 第5400次train 完成, 本轮100次训练耗时 195.2 秒, 累计训练耗时 175.6 分钟, 当前学习率 2.55e-04
2026-09-03 20:57:56,442 - 第5500次train 完成, 本轮100次训练耗时 194.8 秒, 累计训练耗时 178.9 分钟, 当前学习率 2.54e-04
2026-09-03 21:01:11,776 - 第5600次train 完成, 本轮100次训练耗时 195.3 秒, 累计训练耗时 182.1 分钟, 当前学习率 2.52e-04
2026-09-03 21:01:25,438 - 第5600次训练后loss评估: train loss 6.0089, val loss 5.9884, loss评估耗时 13.7 秒
2026-09-03 21:01:26,805 - val loss 创新低，已保存最优模型: best val 5.9884 @ 第5600步
2026-09-03 21:04:41,796 - 第5700次train 完成, 本轮100次训练耗时 195.0 秒, 累计训练耗时 185.4 分钟, 当前学习率 2.51e-04
2026-09-03 21:07:57,644 - 第5800次train 完成, 本轮100次训练耗时 195.8 秒, 累计训练耗时 188.7 分钟, 当前学习率 2.49e-04
2026-09-03 21:11:13,742 - 第5900次train 完成, 本轮100次训练耗时 196.1 秒, 累计训练耗时 191.9 分钟, 当前学习率 2.47e-04
2026-09-03 21:14:28,916 - 第6000次train 完成, 本轮100次训练耗时 195.2 秒, 累计训练耗时 195.2 分钟, 当前学习率 2.46e-04
2026-09-03 21:14:44,069 - 第6000次训练后loss评估: train loss 5.9426, val loss 5.9489, loss评估耗时 13.6 秒
2026-09-03 21:14:45,455 - val loss 创新低，已保存最优模型: best val 5.9489 @ 第6000步
2026-09-03 21:14:47,244 - |===========================================================================|
|                  PyTorch CUDA memory summary, device ID 0                 |
|---------------------------------------------------------------------------|
|            CUDA OOMs: 0            |        cudaMalloc retries: 0         |
|===========================================================================|
|        Metric         | Cur Usage  | Peak Usage | Tot Alloc  | Tot Freed  |
|---------------------------------------------------------------------------|
| Allocated memory      |   3659 MiB |   6213 MiB | 522483 GiB | 522479 GiB |
|       from large pool |   2820 MiB |   5277 MiB | 499626 GiB | 499624 GiB |
|       from small pool |    838 MiB |   1032 MiB |  22856 GiB |  22855 GiB |
|---------------------------------------------------------------------------|
| Active memory         |   3659 MiB |   6213 MiB | 522483 GiB | 522479 GiB |
|       from large pool |   2820 MiB |   5277 MiB | 499626 GiB | 499624 GiB |
|       from small pool |    838 MiB |   1032 MiB |  22856 GiB |  22855 GiB |
|---------------------------------------------------------------------------|
| Requested memory      |   3659 MiB |   6211 MiB | 522470 GiB | 522466 GiB |
|       from large pool |   2820 MiB |   5275 MiB | 499616 GiB | 499613 GiB |
|       from small pool |    838 MiB |   1032 MiB |  22853 GiB |  22852 GiB |
|---------------------------------------------------------------------------|
| GPU reserved memory   |   7448 MiB |   7448 MiB |   7448 MiB |      0 B   |
|       from large pool |   6408 MiB |   6408 MiB |   6408 MiB |      0 B   |
|       from small pool |   1040 MiB |   1040 MiB |   1040 MiB |      0 B   |
|---------------------------------------------------------------------------|
| Non-releasable memory |   1238 MiB |   1811 MiB | 547190 GiB | 547189 GiB |
|       from large pool |   1203 MiB |   1777 MiB | 522884 GiB | 522883 GiB |
|       from small pool |     35 MiB |     90 MiB |  24305 GiB |  24305 GiB |
|---------------------------------------------------------------------------|
| Allocations           |    3996    |    4932    |   82474 K  |   82470 K  |
|       from large pool |     199    |     287    |   26002 K  |   26001 K  |
|       from small pool |    3797    |    4733    |   56472 K  |   56468 K  |
|---------------------------------------------------------------------------|
| Active allocs         |    3996    |    4932    |   82474 K  |   82470 K  |
|       from large pool |     199    |     287    |   26002 K  |   26001 K  |
|       from small pool |    3797    |    4733    |   56472 K  |   56468 K  |
|---------------------------------------------------------------------------|
| GPU reserved segments |     588    |     588    |     588    |       0    |
|       from large pool |      68    |      68    |      68    |       0    |
|       from small pool |     520    |     520    |     520    |       0    |
|---------------------------------------------------------------------------|
| Non-releasable allocs |     108    |     290    |   45701 K  |   45700 K  |
|       from large pool |      19    |      46    |   10605 K  |   10605 K  |
|       from small pool |      89    |     257    |   35095 K  |   35095 K  |
|---------------------------------------------------------------------------|
| Oversize allocations  |       0    |       0    |       0    |       0    |
|---------------------------------------------------------------------------|
| Oversize GPU segments |       0    |       0    |       0    |       0    |
|===========================================================================|

2026-09-03 21:18:00,718 - 第6100次train 完成, 本轮100次训练耗时 195.3 秒, 累计训练耗时 198.4 分钟, 当前学习率 2.44e-04
2026-09-03 21:21:15,629 - 第6200次train 完成, 本轮100次训练耗时 194.9 秒, 累计训练耗时 201.7 分钟, 当前学习率 2.42e-04
2026-09-03 21:24:30,491 - 第6300次train 完成, 本轮100次训练耗时 194.9 秒, 累计训练耗时 204.9 分钟, 当前学习率 2.40e-04
2026-09-03 21:27:45,515 - 第6400次train 完成, 本轮100次训练耗时 195.0 秒, 累计训练耗时 208.2 分钟, 当前学习率 2.39e-04
2026-09-03 21:27:59,161 - 第6400次训练后loss评估: train loss 5.8790, val loss 5.9180, loss评估耗时 13.6 秒
2026-09-03 21:28:01,585 - val loss 创新低，已保存最优模型: best val 5.9180 @ 第6400步
2026-09-03 21:31:18,225 - 第6500次train 完成, 本轮100次训练耗时 196.6 秒, 累计训练耗时 211.5 分钟, 当前学习率 2.37e-04
2026-09-03 21:34:34,464 - 第6600次train 完成, 本轮100次训练耗时 196.2 秒, 累计训练耗时 214.7 分钟, 当前学习率 2.35e-04
2026-09-03 21:37:49,840 - 第6700次train 完成, 本轮100次训练耗时 195.4 秒, 累计训练耗时 218.0 分钟, 当前学习率 2.33e-04
2026-09-03 21:41:07,060 - 第6800次train 完成, 本轮100次训练耗时 197.2 秒, 累计训练耗时 221.3 分钟, 当前学习率 2.31e-04
2026-09-03 21:41:20,751 - 第6800次训练后loss评估: train loss 5.8635, val loss 5.8644, loss评估耗时 13.7 秒
2026-09-03 21:41:22,720 - val loss 创新低，已保存最优模型: best val 5.8644 @ 第6800步
2026-09-03 21:44:38,241 - 第6900次train 完成, 本轮100次训练耗时 195.5 秒, 累计训练耗时 224.5 分钟, 当前学习率 2.29e-04
2026-09-03 21:47:54,397 - 第7000次train 完成, 本轮100次训练耗时 196.2 秒, 累计训练耗时 227.8 分钟, 当前学习率 2.28e-04
2026-09-03 21:51:10,503 - 第7100次train 完成, 本轮100次训练耗时 196.1 秒, 累计训练耗时 231.1 分钟, 当前学习率 2.26e-04
2026-09-03 21:54:26,257 - 第7200次train 完成, 本轮100次训练耗时 195.8 秒, 累计训练耗时 234.3 分钟, 当前学习率 2.24e-04
2026-09-03 21:54:39,934 - 第7200次训练后loss评估: train loss 5.8290, val loss 5.8185, loss评估耗时 13.7 秒
2026-09-03 21:54:41,262 - val loss 创新低，已保存最优模型: best val 5.8185 @ 第7200步
2026-09-03 21:57:57,009 - 第7300次train 完成, 本轮100次训练耗时 195.7 秒, 累计训练耗时 237.6 分钟, 当前学习率 2.22e-04
2026-09-03 22:01:12,914 - 第7400次train 完成, 本轮100次训练耗时 195.9 秒, 累计训练耗时 240.9 分钟, 当前学习率 2.20e-04
2026-09-03 22:04:29,338 - 第7500次train 完成, 本轮100次训练耗时 196.4 秒, 累计训练耗时 244.1 分钟, 当前学习率 2.18e-04
2026-09-03 22:07:45,046 - 第7600次train 完成, 本轮100次训练耗时 195.7 秒, 累计训练耗时 247.4 分钟, 当前学习率 2.16e-04
2026-09-03 22:07:58,813 - 第7600次训练后loss评估: train loss 5.7270, val loss 5.7800, loss评估耗时 13.8 秒
2026-09-03 22:08:00,329 - val loss 创新低，已保存最优模型: best val 5.7800 @ 第7600步
2026-09-03 22:11:15,722 - 第7700次train 完成, 本轮100次训练耗时 195.4 秒, 累计训练耗时 250.7 分钟, 当前学习率 2.14e-04
2026-09-03 22:14:30,539 - 第7800次train 完成, 本轮100次训练耗时 194.8 秒, 累计训练耗时 253.9 分钟, 当前学习率 2.12e-04
2026-09-03 22:17:46,076 - 第7900次train 完成, 本轮100次训练耗时 195.5 秒, 累计训练耗时 257.2 分钟, 当前学习率 2.10e-04
2026-09-03 22:21:01,720 - 第8000次train 完成, 本轮100次训练耗时 195.6 秒, 累计训练耗时 260.4 分钟, 当前学习率 2.08e-04
2026-09-03 22:21:15,473 - 第8000次训练后loss评估: train loss 5.6884, val loss 5.6970, loss评估耗时 13.8 秒
2026-09-03 22:21:17,194 - val loss 创新低，已保存最优模型: best val 5.6970 @ 第8000步
2026-09-03 22:21:19,059 - |===========================================================================|
|                  PyTorch CUDA memory summary, device ID 0                 |
|---------------------------------------------------------------------------|
|            CUDA OOMs: 0            |        cudaMalloc retries: 0         |
|===========================================================================|
|        Metric         | Cur Usage  | Peak Usage | Tot Alloc  | Tot Freed  |
|---------------------------------------------------------------------------|
| Allocated memory      |   3659 MiB |   6213 MiB | 696354 GiB | 696351 GiB |
|       from large pool |   2820 MiB |   5277 MiB | 665896 GiB | 665893 GiB |
|       from small pool |    838 MiB |   1032 MiB |  30458 GiB |  30458 GiB |
|---------------------------------------------------------------------------|
| Active memory         |   3659 MiB |   6213 MiB | 696354 GiB | 696351 GiB |
|       from large pool |   2820 MiB |   5277 MiB | 665896 GiB | 665893 GiB |
|       from small pool |    838 MiB |   1032 MiB |  30458 GiB |  30458 GiB |
|---------------------------------------------------------------------------|
| Requested memory      |   3659 MiB |   6211 MiB | 696337 GiB | 696334 GiB |
|       from large pool |   2820 MiB |   5275 MiB | 665882 GiB | 665879 GiB |
|       from small pool |    838 MiB |   1032 MiB |  30455 GiB |  30454 GiB |
|---------------------------------------------------------------------------|
| GPU reserved memory   |   7448 MiB |   7448 MiB |   7448 MiB |      0 B   |
|       from large pool |   6408 MiB |   6408 MiB |   6408 MiB |      0 B   |
|       from small pool |   1040 MiB |   1040 MiB |   1040 MiB |      0 B   |
|---------------------------------------------------------------------------|
| Non-releasable memory |   1302 MiB |   1811 MiB | 729342 GiB | 729340 GiB |
|       from large pool |   1267 MiB |   1777 MiB | 696950 GiB | 696949 GiB |
|       from small pool |     35 MiB |     90 MiB |  32391 GiB |  32391 GiB |
|---------------------------------------------------------------------------|
| Allocations           |    3996    |    4932    |  109921 K  |  109917 K  |
|       from large pool |     199    |     287    |   34654 K  |   34654 K  |
|       from small pool |    3797    |    4733    |   75267 K  |   75263 K  |
|---------------------------------------------------------------------------|
| Active allocs         |    3996    |    4932    |  109921 K  |  109917 K  |
|       from large pool |     199    |     287    |   34654 K  |   34654 K  |
|       from small pool |    3797    |    4733    |   75267 K  |   75263 K  |
|---------------------------------------------------------------------------|
| GPU reserved segments |     588    |     588    |     588    |       0    |
|       from large pool |      68    |      68    |      68    |       0    |
|       from small pool |     520    |     520    |     520    |       0    |
|---------------------------------------------------------------------------|
| Non-releasable allocs |     108    |     290    |   60909 K  |   60909 K  |
|       from large pool |      20    |      46    |   14134 K  |   14134 K  |
|       from small pool |      88    |     257    |   46774 K  |   46774 K  |
|---------------------------------------------------------------------------|
| Oversize allocations  |       0    |       0    |       0    |       0    |
|---------------------------------------------------------------------------|
| Oversize GPU segments |       0    |       0    |       0    |       0    |
|===========================================================================|

2026-09-03 22:24:32,155 - 第8100次train 完成, 本轮100次训练耗时 195.0 秒, 累计训练耗时 263.7 分钟, 当前学习率 2.06e-04
2026-09-03 22:27:47,685 - 第8200次train 完成, 本轮100次训练耗时 195.5 秒, 累计训练耗时 266.9 分钟, 当前学习率 2.04e-04
2026-09-03 22:31:03,102 - 第8300次train 完成, 本轮100次训练耗时 195.4 秒, 累计训练耗时 270.2 分钟, 当前学习率 2.02e-04
2026-09-03 22:34:18,665 - 第8400次train 完成, 本轮100次训练耗时 195.6 秒, 累计训练耗时 273.4 分钟, 当前学习率 2.00e-04
2026-09-03 22:34:32,484 - 第8400次训练后loss评估: train loss 5.6255, val loss 5.6181, loss评估耗时 13.8 秒
2026-09-03 22:34:33,733 - val loss 创新低，已保存最优模型: best val 5.6181 @ 第8400步
2026-09-03 22:37:48,369 - 第8500次train 完成, 本轮100次训练耗时 194.6 秒, 累计训练耗时 276.7 分钟, 当前学习率 1.98e-04
2026-09-03 22:41:03,371 - 第8600次train 完成, 本轮100次训练耗时 195.0 秒, 累计训练耗时 279.9 分钟, 当前学习率 1.96e-04
2026-09-03 22:44:18,381 - 第8700次train 完成, 本轮100次训练耗时 195.0 秒, 累计训练耗时 283.2 分钟, 当前学习率 1.94e-04
2026-09-03 22:47:33,155 - 第8800次train 完成, 本轮100次训练耗时 194.8 秒, 累计训练耗时 286.4 分钟, 当前学习率 1.91e-04
2026-09-03 22:47:46,758 - 第8800次训练后loss评估: train loss 5.5277, val loss 5.5534, loss评估耗时 13.6 秒
2026-09-03 22:47:48,529 - val loss 创新低，已保存最优模型: best val 5.5534 @ 第8800步
2026-09-03 22:51:03,873 - 第8900次train 完成, 本轮100次训练耗时 195.3 秒, 累计训练耗时 289.7 分钟, 当前学习率 1.89e-04
2026-09-03 22:54:18,498 - 第9000次train 完成, 本轮100次训练耗时 194.6 秒, 累计训练耗时 292.9 分钟, 当前学习率 1.87e-04
2026-09-03 22:57:33,645 - 第9100次train 完成, 本轮100次训练耗时 195.1 秒, 累计训练耗时 296.2 分钟, 当前学习率 1.85e-04
2026-09-03 23:00:48,863 - 第9200次train 完成, 本轮100次训练耗时 195.2 秒, 累计训练耗时 299.4 分钟, 当前学习率 1.83e-04
2026-09-03 23:01:02,657 - 第9200次训练后loss评估: train loss 5.4982, val loss 5.5394, loss评估耗时 13.8 秒
2026-09-03 23:01:04,612 - val loss 创新低，已保存最优模型: best val 5.5394 @ 第9200步
2026-09-03 23:04:19,481 - 第9300次train 完成, 本轮100次训练耗时 194.9 秒, 累计训练耗时 302.7 分钟, 当前学习率 1.81e-04
2026-09-03 23:07:34,691 - 第9400次train 完成, 本轮100次训练耗时 195.2 秒, 累计训练耗时 305.9 分钟, 当前学习率 1.79e-04
2026-09-03 23:10:49,193 - 第9500次train 完成, 本轮100次训练耗时 194.5 秒, 累计训练耗时 309.2 分钟, 当前学习率 1.77e-04
2026-09-03 23:14:04,139 - 第9600次train 完成, 本轮100次训练耗时 194.9 秒, 累计训练耗时 312.4 分钟, 当前学习率 1.75e-04
2026-09-03 23:14:17,876 - 第9600次训练后loss评估: train loss 5.4384, val loss 5.4297, loss评估耗时 13.7 秒
2026-09-03 23:14:19,181 - val loss 创新低，已保存最优模型: best val 5.4297 @ 第9600步
2026-09-03 23:17:34,261 - 第9700次train 完成, 本轮100次训练耗时 195.1 秒, 累计训练耗时 315.7 分钟, 当前学习率 1.72e-04
2026-09-03 23:20:49,577 - 第9800次train 完成, 本轮100次训练耗时 195.3 秒, 累计训练耗时 318.9 分钟, 当前学习率 1.70e-04
2026-09-03 23:24:04,959 - 第9900次train 完成, 本轮100次训练耗时 195.4 秒, 累计训练耗时 322.2 分钟, 当前学习率 1.68e-04
2026-09-03 23:27:19,661 - 第10000次train 完成, 本轮100次训练耗时 194.7 秒, 累计训练耗时 325.4 分钟, 当前学习率 1.66e-04
2026-09-03 23:27:33,770 - 第10000次训练后loss评估: train loss 5.3684, val loss 5.3634, loss评估耗时 14.1 秒
2026-09-03 23:27:35,163 - val loss 创新低，已保存最优模型: best val 5.3634 @ 第10000步
2026-09-03 23:27:37,018 - |===========================================================================|
|                  PyTorch CUDA memory summary, device ID 0                 |
|---------------------------------------------------------------------------|
|            CUDA OOMs: 0            |        cudaMalloc retries: 0         |
|===========================================================================|
|        Metric         | Cur Usage  | Peak Usage | Tot Alloc  | Tot Freed  |
|---------------------------------------------------------------------------|
| Allocated memory      |   3659 MiB |   6213 MiB |    849 TiB |    849 TiB |
|       from large pool |   2820 MiB |   5277 MiB |    812 TiB |    812 TiB |
|       from small pool |    838 MiB |   1032 MiB |     37 TiB |     37 TiB |
|---------------------------------------------------------------------------|
| Active memory         |   3659 MiB |   6213 MiB |    849 TiB |    849 TiB |
|       from large pool |   2820 MiB |   5277 MiB |    812 TiB |    812 TiB |
|       from small pool |    838 MiB |   1032 MiB |     37 TiB |     37 TiB |
|---------------------------------------------------------------------------|
| Requested memory      |   3659 MiB |   6211 MiB |    849 TiB |    849 TiB |
|       from large pool |   2820 MiB |   5275 MiB |    812 TiB |    812 TiB |
|       from small pool |    838 MiB |   1032 MiB |     37 TiB |     37 TiB |
|---------------------------------------------------------------------------|
| GPU reserved memory   |   7448 MiB |   7448 MiB |   7448 MiB |      0 B   |
|       from large pool |   6408 MiB |   6408 MiB |   6408 MiB |      0 B   |
|       from small pool |   1040 MiB |   1040 MiB |   1040 MiB |      0 B   |
|---------------------------------------------------------------------------|
| Non-releasable memory |   1302 MiB |   1811 MiB |    890 TiB |    890 TiB |
|       from large pool |   1267 MiB |   1777 MiB |    850 TiB |    850 TiB |
|       from small pool |     35 MiB |     90 MiB |     39 TiB |     39 TiB |
|---------------------------------------------------------------------------|
| Allocations           |    3996    |    4932    |  137368 K  |  137364 K  |
|       from large pool |     199    |     287    |   43307 K  |   43307 K  |
|       from small pool |    3797    |    4733    |   94060 K  |   94056 K  |
|---------------------------------------------------------------------------|
| Active allocs         |    3996    |    4932    |  137368 K  |  137364 K  |
|       from large pool |     199    |     287    |   43307 K  |   43307 K  |
|       from small pool |    3797    |    4733    |   94060 K  |   94056 K  |
|---------------------------------------------------------------------------|
| GPU reserved segments |     588    |     588    |     588    |       0    |
|       from large pool |      68    |      68    |      68    |       0    |
|       from small pool |     520    |     520    |     520    |       0    |
|---------------------------------------------------------------------------|
| Non-releasable allocs |     111    |     290    |   76108 K  |   76108 K  |
|       from large pool |      23    |      46    |   17658 K  |   17658 K  |
|       from small pool |      88    |     257    |   58449 K  |   58449 K  |
|---------------------------------------------------------------------------|
| Oversize allocations  |       0    |       0    |       0    |       0    |
|---------------------------------------------------------------------------|
| Oversize GPU segments |       0    |       0    |       0    |       0    |
|===========================================================================|

2026-09-03 23:30:50,914 - 第10100次train 完成, 本轮100次训练耗时 195.7 秒, 累计训练耗时 328.7 分钟, 当前学习率 1.64e-04
2026-09-03 23:34:05,712 - 第10200次train 完成, 本轮100次训练耗时 194.8 秒, 累计训练耗时 331.9 分钟, 当前学习率 1.62e-04
2026-09-03 23:37:20,761 - 第10300次train 完成, 本轮100次训练耗时 195.0 秒, 累计训练耗时 335.2 分钟, 当前学习率 1.60e-04
2026-09-03 23:40:35,852 - 第10400次train 完成, 本轮100次训练耗时 195.1 秒, 累计训练耗时 338.4 分钟, 当前学习率 1.58e-04
2026-09-03 23:40:49,519 - 第10400次训练后loss评估: train loss 5.2719, val loss 5.2955, loss评估耗时 13.7 秒
2026-09-03 23:40:50,756 - val loss 创新低，已保存最优模型: best val 5.2955 @ 第10400步
2026-09-03 23:44:06,013 - 第10500次train 完成, 本轮100次训练耗时 195.3 秒, 累计训练耗时 341.7 分钟, 当前学习率 1.55e-04
2026-09-03 23:47:20,971 - 第10600次train 完成, 本轮100次训练耗时 195.0 秒, 累计训练耗时 345.0 分钟, 当前学习率 1.53e-04
2026-09-03 23:50:36,463 - 第10700次train 完成, 本轮100次训练耗时 195.5 秒, 累计训练耗时 348.2 分钟, 当前学习率 1.51e-04
2026-09-03 23:53:52,147 - 第10800次train 完成, 本轮100次训练耗时 195.7 秒, 累计训练耗时 351.5 分钟, 当前学习率 1.49e-04
2026-09-03 23:54:05,800 - 第10800次训练后loss评估: train loss 5.2159, val loss 5.2144, loss评估耗时 13.7 秒
2026-09-03 23:54:07,182 - val loss 创新低，已保存最优模型: best val 5.2144 @ 第10800步
2026-09-03 23:57:21,810 - 第10900次train 完成, 本轮100次训练耗时 194.6 秒, 累计训练耗时 354.7 分钟, 当前学习率 1.47e-04
2026-09-04 00:00:37,352 - 第11000次train 完成, 本轮100次训练耗时 195.5 秒, 累计训练耗时 358.0 分钟, 当前学习率 1.45e-04
2026-09-04 00:03:52,311 - 第11100次train 完成, 本轮100次训练耗时 195.0 秒, 累计训练耗时 361.2 分钟, 当前学习率 1.43e-04
2026-09-04 00:07:07,776 - 第11200次train 完成, 本轮100次训练耗时 195.5 秒, 累计训练耗时 364.5 分钟, 当前学习率 1.41e-04
2026-09-04 00:07:21,527 - 第11200次训练后loss评估: train loss 5.1909, val loss 5.1274, loss评估耗时 13.8 秒
2026-09-04 00:07:22,932 - val loss 创新低，已保存最优模型: best val 5.1274 @ 第11200步
2026-09-04 00:10:37,607 - 第11300次train 完成, 本轮100次训练耗时 194.7 秒, 累计训练耗时 367.7 分钟, 当前学习率 1.39e-04
2026-09-04 00:13:52,444 - 第11400次train 完成, 本轮100次训练耗时 194.8 秒, 累计训练耗时 371.0 分钟, 当前学习率 1.36e-04
2026-09-04 00:17:07,699 - 第11500次train 完成, 本轮100次训练耗时 195.3 秒, 累计训练耗时 374.2 分钟, 当前学习率 1.34e-04
2026-09-04 00:20:22,219 - 第11600次train 完成, 本轮100次训练耗时 194.5 秒, 累计训练耗时 377.5 分钟, 当前学习率 1.32e-04
2026-09-04 00:20:35,895 - 第11600次训练后loss评估: train loss 5.1077, val loss 5.1096, loss评估耗时 13.7 秒
2026-09-04 00:20:37,238 - val loss 创新低，已保存最优模型: best val 5.1096 @ 第11600步
2026-09-04 00:23:52,648 - 第11700次train 完成, 本轮100次训练耗时 195.4 秒, 累计训练耗时 380.7 分钟, 当前学习率 1.30e-04
2026-09-04 00:27:07,703 - 第11800次train 完成, 本轮100次训练耗时 195.1 秒, 累计训练耗时 384.0 分钟, 当前学习率 1.28e-04
2026-09-04 00:30:23,324 - 第11900次train 完成, 本轮100次训练耗时 195.6 秒, 累计训练耗时 387.2 分钟, 当前学习率 1.26e-04
2026-09-04 00:33:38,169 - 第12000次train 完成, 本轮100次训练耗时 194.8 秒, 累计训练耗时 390.5 分钟, 当前学习率 1.24e-04
2026-09-04 00:33:53,311 - 第12000次训练后loss评估: train loss 5.0326, val loss 5.1415, loss评估耗时 13.6 秒
2026-09-04 00:33:55,117 - |===========================================================================|
|                  PyTorch CUDA memory summary, device ID 0                 |
|---------------------------------------------------------------------------|
|            CUDA OOMs: 0            |        cudaMalloc retries: 0         |
|===========================================================================|
|        Metric         | Cur Usage  | Peak Usage | Tot Alloc  | Tot Freed  |
|---------------------------------------------------------------------------|
| Allocated memory      |   3659 MiB |   6213 MiB |   1019 TiB |   1019 TiB |
|       from large pool |   2820 MiB |   5277 MiB |    975 TiB |    975 TiB |
|       from small pool |    838 MiB |   1032 MiB |     44 TiB |     44 TiB |
|---------------------------------------------------------------------------|
| Active memory         |   3659 MiB |   6213 MiB |   1019 TiB |   1019 TiB |
|       from large pool |   2820 MiB |   5277 MiB |    975 TiB |    975 TiB |
|       from small pool |    838 MiB |   1032 MiB |     44 TiB |     44 TiB |
|---------------------------------------------------------------------------|
| Requested memory      |   3659 MiB |   6211 MiB |   1019 TiB |   1019 TiB |
|       from large pool |   2820 MiB |   5275 MiB |    975 TiB |    975 TiB |
|       from small pool |    838 MiB |   1032 MiB |     44 TiB |     44 TiB |
|---------------------------------------------------------------------------|
| GPU reserved memory   |   7448 MiB |   7448 MiB |   7448 MiB |      0 B   |
|       from large pool |   6408 MiB |   6408 MiB |   6408 MiB |      0 B   |
|       from small pool |   1040 MiB |   1040 MiB |   1040 MiB |      0 B   |
|---------------------------------------------------------------------------|
| Non-releasable memory |   1174 MiB |   1811 MiB |   1068 TiB |   1068 TiB |
|       from large pool |   1139 MiB |   1777 MiB |   1020 TiB |   1020 TiB |
|       from small pool |     35 MiB |     90 MiB |     47 TiB |     47 TiB |
|---------------------------------------------------------------------------|
| Allocations           |    3996    |    4932    |  164815 K  |  164811 K  |
|       from large pool |     199    |     287    |   51960 K  |   51960 K  |
|       from small pool |    3797    |    4733    |  112855 K  |  112851 K  |
|---------------------------------------------------------------------------|
| Active allocs         |    3996    |    4932    |  164815 K  |  164811 K  |
|       from large pool |     199    |     287    |   51960 K  |   51960 K  |
|       from small pool |    3797    |    4733    |  112855 K  |  112851 K  |
|---------------------------------------------------------------------------|
| GPU reserved segments |     588    |     588    |     588    |       0    |
|       from large pool |      68    |      68    |      68    |       0    |
|       from small pool |     520    |     520    |     520    |       0    |
|---------------------------------------------------------------------------|
| Non-releasable allocs |     110    |     290    |   91304 K  |   91303 K  |
|       from large pool |      23    |      46    |   21174 K  |   21174 K  |
|       from small pool |      87    |     257    |   70129 K  |   70128 K  |
|---------------------------------------------------------------------------|
| Oversize allocations  |       0    |       0    |       0    |       0    |
|---------------------------------------------------------------------------|
| Oversize GPU segments |       0    |       0    |       0    |       0    |
|===========================================================================|

2026-09-04 00:37:07,901 - 第12100次train 完成, 本轮100次训练耗时 194.6 秒, 累计训练耗时 393.7 分钟, 当前学习率 1.22e-04
2026-09-04 00:40:22,944 - 第12200次train 完成, 本轮100次训练耗时 195.0 秒, 累计训练耗时 397.0 分钟, 当前学习率 1.20e-04
2026-09-04 00:43:37,143 - 第12300次train 完成, 本轮100次训练耗时 194.2 秒, 累计训练耗时 400.2 分钟, 当前学习率 1.18e-04
2026-09-04 00:46:52,126 - 第12400次train 完成, 本轮100次训练耗时 195.0 秒, 累计训练耗时 403.5 分钟, 当前学习率 1.16e-04
2026-09-04 00:47:05,814 - 第12400次训练后loss评估: train loss 5.0522, val loss 5.0591, loss评估耗时 13.7 秒
2026-09-04 00:47:07,524 - val loss 创新低，已保存最优模型: best val 5.0591 @ 第12400步
2026-09-04 00:50:22,956 - 第12500次train 完成, 本轮100次训练耗时 195.4 秒, 累计训练耗时 406.7 分钟, 当前学习率 1.14e-04
2026-09-04 00:53:37,985 - 第12600次train 完成, 本轮100次训练耗时 195.0 秒, 累计训练耗时 410.0 分钟, 当前学习率 1.12e-04
2026-09-04 00:56:52,546 - 第12700次train 完成, 本轮100次训练耗时 194.6 秒, 累计训练耗时 413.2 分钟, 当前学习率 1.10e-04
2026-09-04 01:00:08,323 - 第12800次train 完成, 本轮100次训练耗时 195.8 秒, 累计训练耗时 416.5 分钟, 当前学习率 1.08e-04
2026-09-04 01:00:21,990 - 第12800次训练后loss评估: train loss 4.9700, val loss 4.9919, loss评估耗时 13.7 秒
2026-09-04 01:00:23,225 - val loss 创新低，已保存最优模型: best val 4.9919 @ 第12800步
2026-09-04 01:03:38,284 - 第12900次train 完成, 本轮100次训练耗时 195.1 秒, 累计训练耗时 419.7 分钟, 当前学习率 1.06e-04
2026-09-04 01:06:52,965 - 第13000次train 完成, 本轮100次训练耗时 194.7 秒, 累计训练耗时 423.0 分钟, 当前学习率 1.04e-04
2026-09-04 01:10:08,058 - 第13100次train 完成, 本轮100次训练耗时 195.1 秒, 累计训练耗时 426.2 分钟, 当前学习率 1.02e-04
2026-09-04 01:13:22,946 - 第13200次train 完成, 本轮100次训练耗时 194.9 秒, 累计训练耗时 429.5 分钟, 当前学习率 1.01e-04
2026-09-04 01:13:36,558 - 第13200次训练后loss评估: train loss 4.9481, val loss 4.9610, loss评估耗时 13.6 秒
2026-09-04 01:13:37,895 - val loss 创新低，已保存最优模型: best val 4.9610 @ 第13200步
2026-09-04 01:16:52,513 - 第13300次train 完成, 本轮100次训练耗时 194.6 秒, 累计训练耗时 432.7 分钟, 当前学习率 9.88e-05
2026-09-04 01:20:07,021 - 第13400次train 完成, 本轮100次训练耗时 194.5 秒, 累计训练耗时 436.0 分钟, 当前学习率 9.69e-05
2026-09-04 01:23:22,128 - 第13500次train 完成, 本轮100次训练耗时 195.1 秒, 累计训练耗时 439.2 分钟, 当前学习率 9.51e-05
2026-09-04 01:26:37,352 - 第13600次train 完成, 本轮100次训练耗时 195.2 秒, 累计训练耗时 442.5 分钟, 当前学习率 9.33e-05
2026-09-04 01:26:50,951 - 第13600次训练后loss评估: train loss 4.9334, val loss 4.9420, loss评估耗时 13.6 秒
2026-09-04 01:26:52,442 - val loss 创新低，已保存最优模型: best val 4.9420 @ 第13600步
2026-09-04 01:30:06,923 - 第13700次train 完成, 本轮100次训练耗时 194.5 秒, 累计训练耗时 445.7 分钟, 当前学习率 9.15e-05
2026-09-04 01:33:21,482 - 第13800次train 完成, 本轮100次训练耗时 194.6 秒, 累计训练耗时 448.9 分钟, 当前学习率 8.97e-05
2026-09-04 01:36:35,775 - 第13900次train 完成, 本轮100次训练耗时 194.3 秒, 累计训练耗时 452.2 分钟, 当前学习率 8.79e-05
2026-09-04 01:39:50,082 - 第14000次train 完成, 本轮100次训练耗时 194.3 秒, 累计训练耗时 455.4 分钟, 当前学习率 8.62e-05
2026-09-04 01:40:03,678 - 第14000次训练后loss评估: train loss 4.8854, val loss 4.9601, loss评估耗时 13.6 秒
2026-09-04 01:40:05,548 - |===========================================================================|
|                  PyTorch CUDA memory summary, device ID 0                 |
|---------------------------------------------------------------------------|
|            CUDA OOMs: 0            |        cudaMalloc retries: 0         |
|===========================================================================|
|        Metric         | Cur Usage  | Peak Usage | Tot Alloc  | Tot Freed  |
|---------------------------------------------------------------------------|
| Allocated memory      |   3659 MiB |   6213 MiB |   1189 TiB |   1189 TiB |
|       from large pool |   2820 MiB |   5277 MiB |   1137 TiB |   1137 TiB |
|       from small pool |    838 MiB |   1032 MiB |     52 TiB |     52 TiB |
|---------------------------------------------------------------------------|
| Active memory         |   3659 MiB |   6213 MiB |   1189 TiB |   1189 TiB |
|       from large pool |   2820 MiB |   5277 MiB |   1137 TiB |   1137 TiB |
|       from small pool |    838 MiB |   1032 MiB |     52 TiB |     52 TiB |
|---------------------------------------------------------------------------|
| Requested memory      |   3659 MiB |   6211 MiB |   1189 TiB |   1189 TiB |
|       from large pool |   2820 MiB |   5275 MiB |   1137 TiB |   1137 TiB |
|       from small pool |    838 MiB |   1032 MiB |     52 TiB |     52 TiB |
|---------------------------------------------------------------------------|
| GPU reserved memory   |   7448 MiB |   7448 MiB |   7448 MiB |      0 B   |
|       from large pool |   6408 MiB |   6408 MiB |   6408 MiB |      0 B   |
|       from small pool |   1040 MiB |   1040 MiB |   1040 MiB |      0 B   |
|---------------------------------------------------------------------------|
| Non-releasable memory | 690532 KiB |   1811 MiB |   1246 TiB |   1246 TiB |
|       from large pool | 654592 KiB |   1777 MiB |   1190 TiB |   1190 TiB |
|       from small pool |  35940 KiB |     90 MiB |     55 TiB |     55 TiB |
|---------------------------------------------------------------------------|
| Allocations           |    3996    |    4932    |  192263 K  |  192259 K  |
|       from large pool |     199    |     287    |   60613 K  |   60613 K  |
|       from small pool |    3797    |    4733    |  131649 K  |  131646 K  |
|---------------------------------------------------------------------------|
| Active allocs         |    3996    |    4932    |  192263 K  |  192259 K  |
|       from large pool |     199    |     287    |   60613 K  |   60613 K  |
|       from small pool |    3797    |    4733    |  131649 K  |  131646 K  |
|---------------------------------------------------------------------------|
| GPU reserved segments |     588    |     588    |     588    |       0    |
|       from large pool |      68    |      68    |      68    |       0    |
|       from small pool |     520    |     520    |     520    |       0    |
|---------------------------------------------------------------------------|
| Non-releasable allocs |     106    |     290    |  106505 K  |  106505 K  |
|       from large pool |      22    |      46    |   24697 K  |   24697 K  |
|       from small pool |      84    |     257    |   81808 K  |   81808 K  |
|---------------------------------------------------------------------------|
| Oversize allocations  |       0    |       0    |       0    |       0    |
|---------------------------------------------------------------------------|
| Oversize GPU segments |       0    |       0    |       0    |       0    |
|===========================================================================|

2026-09-04 01:43:18,097 - 第14100次train 完成, 本轮100次训练耗时 194.4 秒, 累计训练耗时 458.7 分钟, 当前学习率 8.45e-05
2026-09-04 01:46:33,116 - 第14200次train 完成, 本轮100次训练耗时 195.0 秒, 累计训练耗时 461.9 分钟, 当前学习率 8.28e-05
2026-09-04 01:49:48,354 - 第14300次train 完成, 本轮100次训练耗时 195.2 秒, 累计训练耗时 465.2 分钟, 当前学习率 8.11e-05
2026-09-04 01:53:02,785 - 第14400次train 完成, 本轮100次训练耗时 194.4 秒, 累计训练耗时 468.4 分钟, 当前学习率 7.94e-05
2026-09-04 01:53:16,416 - 第14400次训练后loss评估: train loss 4.8357, val loss 4.8964, loss评估耗时 13.6 秒
2026-09-04 01:53:18,001 - val loss 创新低，已保存最优模型: best val 4.8964 @ 第14400步
2026-09-04 01:56:33,029 - 第14500次train 完成, 本轮100次训练耗时 195.0 秒, 累计训练耗时 471.7 分钟, 当前学习率 7.78e-05
2026-09-04 01:59:47,698 - 第14600次train 完成, 本轮100次训练耗时 194.7 秒, 累计训练耗时 474.9 分钟, 当前学习率 7.62e-05
2026-09-04 02:03:02,714 - 第14700次train 完成, 本轮100次训练耗时 195.0 秒, 累计训练耗时 478.2 分钟, 当前学习率 7.46e-05
2026-09-04 02:06:17,547 - 第14800次train 完成, 本轮100次训练耗时 194.8 秒, 累计训练耗时 481.4 分钟, 当前学习率 7.30e-05
2026-09-04 02:06:31,137 - 第14800次训练后loss评估: train loss 4.8173, val loss 4.8868, loss评估耗时 13.6 秒
2026-09-04 02:06:32,420 - val loss 创新低，已保存最优模型: best val 4.8868 @ 第14800步
2026-09-04 02:09:46,873 - 第14900次train 完成, 本轮100次训练耗时 194.5 秒, 累计训练耗时 484.6 分钟, 当前学习率 7.15e-05
2026-09-04 02:13:01,716 - 第15000次train 完成, 本轮100次训练耗时 194.8 秒, 累计训练耗时 487.9 分钟, 当前学习率 6.99e-05
2026-09-04 02:16:15,791 - 第15100次train 完成, 本轮100次训练耗时 194.1 秒, 累计训练耗时 491.1 分钟, 当前学习率 6.84e-05
2026-09-04 02:19:30,627 - 第15200次train 完成, 本轮100次训练耗时 194.8 秒, 累计训练耗时 494.4 分钟, 当前学习率 6.70e-05
2026-09-04 02:19:44,240 - 第15200次训练后loss评估: train loss 4.8053, val loss 4.8374, loss评估耗时 13.6 秒
2026-09-04 02:19:45,526 - val loss 创新低，已保存最优模型: best val 4.8374 @ 第15200步
2026-09-04 02:23:00,340 - 第15300次train 完成, 本轮100次训练耗时 194.8 秒, 累计训练耗时 497.6 分钟, 当前学习率 6.55e-05
2026-09-04 02:26:15,492 - 第15400次train 完成, 本轮100次训练耗时 195.2 秒, 累计训练耗时 500.9 分钟, 当前学习率 6.41e-05
2026-09-04 02:29:30,148 - 第15500次train 完成, 本轮100次训练耗时 194.7 秒, 累计训练耗时 504.1 分钟, 当前学习率 6.27e-05
2026-09-04 02:32:45,536 - 第15600次train 完成, 本轮100次训练耗时 195.4 秒, 累计训练耗时 507.4 分钟, 当前学习率 6.13e-05
2026-09-04 02:32:59,202 - 第15600次训练后loss评估: train loss 4.7375, val loss 4.8048, loss评估耗时 13.7 秒
2026-09-04 02:33:01,070 - val loss 创新低，已保存最优模型: best val 4.8048 @ 第15600步
2026-09-04 02:36:15,922 - 第15700次train 完成, 本轮100次训练耗时 194.9 秒, 累计训练耗时 510.6 分钟, 当前学习率 5.99e-05
2026-09-04 02:39:30,527 - 第15800次train 完成, 本轮100次训练耗时 194.6 秒, 累计训练耗时 513.9 分钟, 当前学习率 5.86e-05
2026-09-04 02:42:44,983 - 第15900次train 完成, 本轮100次训练耗时 194.5 秒, 累计训练耗时 517.1 分钟, 当前学习率 5.73e-05
2026-09-04 02:45:59,250 - 第16000次train 完成, 本轮100次训练耗时 194.3 秒, 累计训练耗时 520.3 分钟, 当前学习率 5.60e-05
2026-09-04 02:46:12,805 - 第16000次训练后loss评估: train loss 4.7243, val loss 4.7869, loss评估耗时 13.6 秒
2026-09-04 02:46:14,250 - val loss 创新低，已保存最优模型: best val 4.7869 @ 第16000步
2026-09-04 02:46:16,017 - |===========================================================================|
|                  PyTorch CUDA memory summary, device ID 0                 |
|---------------------------------------------------------------------------|
|            CUDA OOMs: 0            |        cudaMalloc retries: 0         |
|===========================================================================|
|        Metric         | Cur Usage  | Peak Usage | Tot Alloc  | Tot Freed  |
|---------------------------------------------------------------------------|
| Allocated memory      |   3659 MiB |   6213 MiB |   1359 TiB |   1359 TiB |
|       from large pool |   2820 MiB |   5277 MiB |   1299 TiB |   1299 TiB |
|       from small pool |    838 MiB |   1032 MiB |     59 TiB |     59 TiB |
|---------------------------------------------------------------------------|
| Active memory         |   3659 MiB |   6213 MiB |   1359 TiB |   1359 TiB |
|       from large pool |   2820 MiB |   5277 MiB |   1299 TiB |   1299 TiB |
|       from small pool |    838 MiB |   1032 MiB |     59 TiB |     59 TiB |
|---------------------------------------------------------------------------|
| Requested memory      |   3659 MiB |   6211 MiB |   1359 TiB |   1359 TiB |
|       from large pool |   2820 MiB |   5275 MiB |   1299 TiB |   1299 TiB |
|       from small pool |    838 MiB |   1032 MiB |     59 TiB |     59 TiB |
|---------------------------------------------------------------------------|
| GPU reserved memory   |   7448 MiB |   7448 MiB |   7448 MiB |      0 B   |
|       from large pool |   6408 MiB |   6408 MiB |   6408 MiB |      0 B   |
|       from small pool |   1040 MiB |   1040 MiB |   1040 MiB |      0 B   |
|---------------------------------------------------------------------------|
| Non-releasable memory |   1238 MiB |   1811 MiB |   1424 TiB |   1424 TiB |
|       from large pool |   1203 MiB |   1777 MiB |   1360 TiB |   1360 TiB |
|       from small pool |     35 MiB |     90 MiB |     63 TiB |     63 TiB |
|---------------------------------------------------------------------------|
| Allocations           |    3996    |    4932    |  219709 K  |  219705 K  |
|       from large pool |     199    |     287    |   69266 K  |   69265 K  |
|       from small pool |    3797    |    4733    |  150443 K  |  150439 K  |
|---------------------------------------------------------------------------|
| Active allocs         |    3996    |    4932    |  219709 K  |  219705 K  |
|       from large pool |     199    |     287    |   69266 K  |   69265 K  |
|       from small pool |    3797    |    4733    |  150443 K  |  150439 K  |
|---------------------------------------------------------------------------|
| GPU reserved segments |     588    |     588    |     588    |       0    |
|       from large pool |      68    |      68    |      68    |       0    |
|       from small pool |     520    |     520    |     520    |       0    |
|---------------------------------------------------------------------------|
| Non-releasable allocs |     104    |     290    |  121705 K  |  121705 K  |
|       from large pool |      19    |      46    |   28220 K  |   28220 K  |
|       from small pool |      85    |     257    |   93485 K  |   93484 K  |
|---------------------------------------------------------------------------|
| Oversize allocations  |       0    |       0    |       0    |       0    |
|---------------------------------------------------------------------------|
| Oversize GPU segments |       0    |       0    |       0    |       0    |
|===========================================================================|

2026-09-04 02:49:29,160 - 第16100次train 完成, 本轮100次训练耗时 194.9 秒, 累计训练耗时 523.6 分钟, 当前学习率 5.48e-05
2026-09-04 02:52:43,721 - 第16200次train 完成, 本轮100次训练耗时 194.6 秒, 累计训练耗时 526.8 分钟, 当前学习率 5.36e-05
2026-09-04 02:55:59,298 - 第16300次train 完成, 本轮100次训练耗时 195.6 秒, 累计训练耗时 530.1 分钟, 当前学习率 5.24e-05
2026-09-04 02:59:14,748 - 第16400次train 完成, 本轮100次训练耗时 195.4 秒, 累计训练耗时 533.4 分钟, 当前学习率 5.12e-05
2026-09-04 02:59:28,263 - 第16400次训练后loss评估: train loss 4.7434, val loss 4.7762, loss评估耗时 13.5 秒
2026-09-04 02:59:29,925 - val loss 创新低，已保存最优模型: best val 4.7762 @ 第16400步
2026-09-04 03:02:44,718 - 第16500次train 完成, 本轮100次训练耗时 194.8 秒, 累计训练耗时 536.6 分钟, 当前学习率 5.01e-05
2026-09-04 03:05:59,358 - 第16600次train 完成, 本轮100次训练耗时 194.6 秒, 累计训练耗时 539.8 分钟, 当前学习率 4.90e-05
2026-09-04 03:09:13,751 - 第16700次train 完成, 本轮100次训练耗时 194.4 秒, 累计训练耗时 543.1 分钟, 当前学习率 4.79e-05
2026-09-04 03:12:28,421 - 第16800次train 完成, 本轮100次训练耗时 194.7 秒, 累计训练耗时 546.3 分钟, 当前学习率 4.69e-05
2026-09-04 03:12:42,126 - 第16800次训练后loss评估: train loss 4.8048, val loss 4.7590, loss评估耗时 13.7 秒
2026-09-04 03:12:43,451 - val loss 创新低，已保存最优模型: best val 4.7590 @ 第16800步
2026-09-04 03:15:58,129 - 第16900次train 完成, 本轮100次训练耗时 194.7 秒, 累计训练耗时 549.6 分钟, 当前学习率 4.59e-05
2026-09-04 03:19:13,612 - 第17000次train 完成, 本轮100次训练耗时 195.5 秒, 累计训练耗时 552.8 分钟, 当前学习率 4.49e-05
2026-09-04 03:22:28,902 - 第17100次train 完成, 本轮100次训练耗时 195.3 秒, 累计训练耗时 556.1 分钟, 当前学习率 4.39e-05
2026-09-04 03:25:43,636 - 第17200次train 完成, 本轮100次训练耗时 194.7 秒, 累计训练耗时 559.3 分钟, 当前学习率 4.30e-05
2026-09-04 03:25:57,241 - 第17200次训练后loss评估: train loss 4.7195, val loss 4.7070, loss评估耗时 13.6 秒
2026-09-04 03:25:58,575 - val loss 创新低，已保存最优模型: best val 4.7070 @ 第17200步
2026-09-04 03:29:13,192 - 第17300次train 完成, 本轮100次训练耗时 194.6 秒, 累计训练耗时 562.6 分钟, 当前学习率 4.21e-05
2026-09-04 03:32:27,777 - 第17400次train 完成, 本轮100次训练耗时 194.6 秒, 累计训练耗时 565.8 分钟, 当前学习率 4.12e-05
2026-09-04 03:35:42,654 - 第17500次train 完成, 本轮100次训练耗时 194.9 秒, 累计训练耗时 569.1 分钟, 当前学习率 4.04e-05
2026-09-04 03:38:56,757 - 第17600次train 完成, 本轮100次训练耗时 194.1 秒, 累计训练耗时 572.3 分钟, 当前学习率 3.96e-05
2026-09-04 03:39:10,357 - 第17600次训练后loss评估: train loss 4.7317, val loss 4.7706, loss评估耗时 13.6 秒
2026-09-04 03:42:25,570 - 第17700次train 完成, 本轮100次训练耗时 195.2 秒, 累计训练耗时 575.6 分钟, 当前学习率 3.88e-05
2026-09-04 03:45:41,074 - 第17800次train 完成, 本轮100次训练耗时 195.5 秒, 累计训练耗时 578.8 分钟, 当前学习率 3.81e-05
2026-09-04 03:48:56,271 - 第17900次train 完成, 本轮100次训练耗时 195.2 秒, 累计训练耗时 582.1 分钟, 当前学习率 3.74e-05
2026-09-04 03:52:11,428 - 第18000次train 完成, 本轮100次训练耗时 195.2 秒, 累计训练耗时 585.3 分钟, 当前学习率 3.67e-05
2026-09-04 03:52:26,299 - 第18000次训练后loss评估: train loss 4.6918, val loss 4.7220, loss评估耗时 13.7 秒
2026-09-04 03:52:28,173 - |===========================================================================|
|                  PyTorch CUDA memory summary, device ID 0                 |
|---------------------------------------------------------------------------|
|            CUDA OOMs: 0            |        cudaMalloc retries: 0         |
|===========================================================================|
|        Metric         | Cur Usage  | Peak Usage | Tot Alloc  | Tot Freed  |
|---------------------------------------------------------------------------|
| Allocated memory      |   3659 MiB |   6213 MiB |   1529 TiB |   1529 TiB |
|       from large pool |   2820 MiB |   5277 MiB |   1462 TiB |   1462 TiB |
|       from small pool |    838 MiB |   1032 MiB |     66 TiB |     66 TiB |
|---------------------------------------------------------------------------|
| Active memory         |   3659 MiB |   6213 MiB |   1529 TiB |   1529 TiB |
|       from large pool |   2820 MiB |   5277 MiB |   1462 TiB |   1462 TiB |
|       from small pool |    838 MiB |   1032 MiB |     66 TiB |     66 TiB |
|---------------------------------------------------------------------------|
| Requested memory      |   3659 MiB |   6211 MiB |   1528 TiB |   1528 TiB |
|       from large pool |   2820 MiB |   5275 MiB |   1462 TiB |   1462 TiB |
|       from small pool |    838 MiB |   1032 MiB |     66 TiB |     66 TiB |
|---------------------------------------------------------------------------|
| GPU reserved memory   |   7448 MiB |   7448 MiB |   7448 MiB |      0 B   |
|       from large pool |   6408 MiB |   6408 MiB |   6408 MiB |      0 B   |
|       from small pool |   1040 MiB |   1040 MiB |   1040 MiB |      0 B   |
|---------------------------------------------------------------------------|
| Non-releasable memory |   1302 MiB |   1811 MiB |   1602 TiB |   1602 TiB |
|       from large pool |   1267 MiB |   1777 MiB |   1530 TiB |   1530 TiB |
|       from small pool |     35 MiB |     90 MiB |     71 TiB |     71 TiB |
|---------------------------------------------------------------------------|
| Allocations           |    3996    |    4932    |  247156 K  |  247152 K  |
|       from large pool |     199    |     287    |   77918 K  |   77918 K  |
|       from small pool |    3797    |    4733    |  169237 K  |  169233 K  |
|---------------------------------------------------------------------------|
| Active allocs         |    3996    |    4932    |  247156 K  |  247152 K  |
|       from large pool |     199    |     287    |   77918 K  |   77918 K  |
|       from small pool |    3797    |    4733    |  169237 K  |  169233 K  |
|---------------------------------------------------------------------------|
| GPU reserved segments |     588    |     588    |     588    |       0    |
|       from large pool |      68    |      68    |      68    |       0    |
|       from small pool |     520    |     520    |     520    |       0    |
|---------------------------------------------------------------------------|
| Non-releasable allocs |     110    |     290    |  136899 K  |  136899 K  |
|       from large pool |      21    |      46    |   31737 K  |   31737 K  |
|       from small pool |      89    |     257    |  105161 K  |  105161 K  |
|---------------------------------------------------------------------------|
| Oversize allocations  |       0    |       0    |       0    |       0    |
|---------------------------------------------------------------------------|
| Oversize GPU segments |       0    |       0    |       0    |       0    |
|===========================================================================|

2026-09-04 03:55:40,430 - 第18100次train 完成, 本轮100次训练耗时 194.1 秒, 累计训练耗时 588.6 分钟, 当前学习率 3.60e-05
2026-09-04 03:58:55,259 - 第18200次train 完成, 本轮100次训练耗时 194.8 秒, 累计训练耗时 591.8 分钟, 当前学习率 3.54e-05
2026-09-04 04:02:09,460 - 第18300次train 完成, 本轮100次训练耗时 194.2 秒, 累计训练耗时 595.0 分钟, 当前学习率 3.48e-05
2026-09-04 04:05:24,585 - 第18400次train 完成, 本轮100次训练耗时 195.1 秒, 累计训练耗时 598.3 分钟, 当前学习率 3.43e-05
2026-09-04 04:05:38,151 - 第18400次训练后loss评估: train loss 4.7098, val loss 4.7037, loss评估耗时 13.6 秒
2026-09-04 04:05:39,486 - val loss 创新低，已保存最优模型: best val 4.7037 @ 第18400步
2026-09-04 04:08:54,778 - 第18500次train 完成, 本轮100次训练耗时 195.3 秒, 累计训练耗时 601.5 分钟, 当前学习率 3.38e-05
2026-09-04 04:12:09,867 - 第18600次train 完成, 本轮100次训练耗时 195.1 秒, 累计训练耗时 604.8 分钟, 当前学习率 3.33e-05
2026-09-04 04:15:25,496 - 第18700次train 完成, 本轮100次训练耗时 195.6 秒, 累计训练耗时 608.1 分钟, 当前学习率 3.28e-05
2026-09-04 04:18:40,167 - 第18800次train 完成, 本轮100次训练耗时 194.7 秒, 累计训练耗时 611.3 分钟, 当前学习率 3.24e-05
2026-09-04 04:18:53,792 - 第18800次训练后loss评估: train loss 4.6615, val loss 4.7017, loss评估耗时 13.6 秒
2026-09-04 04:18:55,249 - val loss 创新低，已保存最优模型: best val 4.7017 @ 第18800步
2026-09-04 04:22:10,529 - 第18900次train 完成, 本轮100次训练耗时 195.3 秒, 累计训练耗时 614.6 分钟, 当前学习率 3.20e-05
2026-09-04 04:25:25,093 - 第19000次train 完成, 本轮100次训练耗时 194.6 秒, 累计训练耗时 617.8 分钟, 当前学习率 3.17e-05
2026-09-04 04:28:40,565 - 第19100次train 完成, 本轮100次训练耗时 195.5 秒, 累计训练耗时 621.1 分钟, 当前学习率 3.14e-05
2026-09-04 04:31:56,067 - 第19200次train 完成, 本轮100次训练耗时 195.5 秒, 累计训练耗时 624.3 分钟, 当前学习率 3.11e-05
2026-09-04 04:32:09,619 - 第19200次训练后loss评估: train loss 4.6190, val loss 4.7000, loss评估耗时 13.6 秒
2026-09-04 04:32:10,972 - val loss 创新低，已保存最优模型: best val 4.7000 @ 第19200步
2026-09-04 04:35:25,434 - 第19300次train 完成, 本轮100次训练耗时 194.5 秒, 累计训练耗时 627.6 分钟, 当前学习率 3.08e-05
2026-09-04 04:38:39,946 - 第19400次train 完成, 本轮100次训练耗时 194.5 秒, 累计训练耗时 630.8 分钟, 当前学习率 3.06e-05
2026-09-04 04:41:54,172 - 第19500次train 完成, 本轮100次训练耗时 194.2 秒, 累计训练耗时 634.0 分钟, 当前学习率 3.04e-05
2026-09-04 04:45:08,957 - 第19600次train 完成, 本轮100次训练耗时 194.8 秒, 累计训练耗时 637.3 分钟, 当前学习率 3.03e-05
2026-09-04 04:45:22,527 - 第19600次训练后loss评估: train loss 4.6466, val loss 4.6961, loss评估耗时 13.6 秒
2026-09-04 04:45:23,824 - val loss 创新低，已保存最优模型: best val 4.6961 @ 第19600步
2026-09-04 04:48:38,757 - 第19700次train 完成, 本轮100次训练耗时 194.9 秒, 累计训练耗时 640.5 分钟, 当前学习率 3.02e-05
2026-09-04 04:51:54,563 - 第19800次train 完成, 本轮100次训练耗时 195.8 秒, 累计训练耗时 643.8 分钟, 当前学习率 3.01e-05
2026-09-04 04:55:09,796 - 第19900次train 完成, 本轮100次训练耗时 195.2 秒, 累计训练耗时 647.0 分钟, 当前学习率 3.00e-05
2026-09-04 04:58:36,974 - 第19999次训练后loss评估: train loss 4.6376, val loss 4.7044, loss评估耗时 13.6 秒
2026-09-04 04:58:38,847 - 第20000次train 完成, 本轮100次训练耗时 209.1 秒, 累计训练耗时 650.5 分钟, 当前学习率 3.00e-05
2026-09-04 04:58:38,847 - 全部训练完成，总耗时 663.1 分钟，平均每步 1989 毫秒
