2026-09-16 16:59:02,792 - 基座 _fake_v10.pt 加载完成，词表扩维 16000 → 16003，新增符号 id: USER=16000 ASSISTANT=16001 EOT=16002
2026-09-19 15:31:31,636 - SFT 样本: 训练 38262 条，验证 2013 条
2026-09-19 15:31:38,226 - 基座 ../中文版-v10-gpu/model_best_zh_v10.pt 加载完成，词表扩维 16000 → 16003，新增符号 id: USER=16000 ASSISTANT=16001 EOT=16002
2026-09-19 15:31:39,208 - 234,544,771 个参数
2026-09-19 15:32:04,957 - 第0步评估: train loss 5.5159, val loss 5.7542
2026-09-19 15:32:08,281 - val loss 创新低，已保存最优模型: best val 5.7542 @ 第0步
2026-09-19 15:32:11,163 - 第0步, loss 5.1141, lr 6.67e-07, 已耗时 0.4 分钟
2026-09-19 15:34:13,310 - 第50步, loss 3.9990, lr 2.00e-05, 已耗时 2.5 分钟
2026-09-19 15:36:28,812 - 第100步评估: train loss 3.3422, val loss 3.4878
2026-09-19 15:36:32,546 - val loss 创新低，已保存最优模型: best val 3.4878 @ 第100步
2026-09-19 15:36:34,926 - 第100步, loss 3.7096, lr 1.99e-05, 已耗时 4.8 分钟
2026-09-19 15:38:37,891 - 第150步, loss 3.4438, lr 1.98e-05, 已耗时 6.9 分钟
2026-09-19 15:40:56,135 - 第200步评估: train loss 3.1393, val loss 3.1801
2026-09-19 15:40:59,746 - val loss 创新低，已保存最优模型: best val 3.1801 @ 第200步
2026-09-19 15:41:02,133 - 第200步, loss 3.0174, lr 1.97e-05, 已耗时 9.3 分钟
2026-09-19 15:43:05,768 - 第250步, loss 3.1340, lr 1.94e-05, 已耗时 11.3 分钟
2026-09-19 15:45:24,540 - 第300步评估: train loss 2.9228, val loss 3.0345
2026-09-19 15:45:28,305 - val loss 创新低，已保存最优模型: best val 3.0345 @ 第300步
2026-09-19 15:45:30,714 - 第300步, loss 2.8173, lr 1.91e-05, 已耗时 13.8 分钟
2026-09-19 15:47:33,533 - 第350步, loss 2.9740, lr 1.88e-05, 已耗时 15.8 分钟
2026-09-19 15:49:52,964 - 第400步评估: train loss 2.9120, val loss 2.9114
2026-09-19 15:49:56,745 - val loss 创新低，已保存最优模型: best val 2.9114 @ 第400步
2026-09-19 15:49:59,102 - 第400步, loss 3.0969, lr 1.84e-05, 已耗时 18.2 分钟
2026-09-19 15:52:02,378 - 第450步, loss 2.7293, lr 1.79e-05, 已耗时 20.3 分钟
2026-09-19 15:54:18,223 - 第500步评估: train loss 2.9644, val loss 2.9267
2026-09-19 15:54:21,200 - 第500步, loss 2.9656, lr 1.75e-05, 已耗时 22.6 分钟
2026-09-19 15:56:24,698 - 第550步, loss 2.7302, lr 1.69e-05, 已耗时 24.7 分钟
2026-09-19 15:58:43,878 - 第600步评估: train loss 2.8318, val loss 2.8422
2026-09-19 15:58:47,626 - val loss 创新低，已保存最优模型: best val 2.8422 @ 第600步
2026-09-19 15:58:49,988 - 第600步, loss 2.9415, lr 1.63e-05, 已耗时 27.1 分钟
2026-09-19 16:00:53,526 - 第650步, loss 2.6879, lr 1.57e-05, 已耗时 29.1 分钟
2026-09-19 16:03:12,340 - 第700步评估: train loss 2.7982, val loss 2.8442
2026-09-19 16:03:14,698 - 第700步, loss 2.8872, lr 1.51e-05, 已耗时 31.5 分钟
2026-09-19 16:05:18,367 - 第750步, loss 2.6590, lr 1.44e-05, 已耗时 33.5 分钟
2026-09-19 16:07:37,995 - 第800步评估: train loss 2.6755, val loss 2.7491
2026-09-19 16:07:41,741 - val loss 创新低，已保存最优模型: best val 2.7491 @ 第800步
2026-09-19 16:07:44,135 - 第800步, loss 2.7213, lr 1.37e-05, 已耗时 36.0 分钟
2026-09-19 16:09:48,369 - 第850步, loss 2.9880, lr 1.30e-05, 已耗时 38.0 分钟
2026-09-19 16:12:07,945 - 第900步评估: train loss 2.7082, val loss 2.7785
2026-09-19 16:12:10,386 - 第900步, loss 3.2743, lr 1.22e-05, 已耗时 40.4 分钟
2026-09-19 16:14:14,397 - 第950步, loss 2.7325, lr 1.15e-05, 已耗时 42.5 分钟
2026-09-19 16:16:33,917 - 第1000步评估: train loss 2.6289, val loss 2.7985
2026-09-19 16:16:36,291 - 第1000步, loss 2.9125, lr 1.07e-05, 已耗时 44.8 分钟
2026-09-19 16:18:40,510 - 第1050步, loss 2.8049, lr 9.97e-06, 已耗时 46.9 分钟
2026-09-19 16:21:00,186 - 第1100步评估: train loss 2.5351, val loss 2.7171
2026-09-19 16:21:03,922 - val loss 创新低，已保存最优模型: best val 2.7171 @ 第1100步
2026-09-19 16:21:06,238 - 第1100步, loss 2.4579, lr 9.22e-06, 已耗时 49.3 分钟
2026-09-19 16:23:09,649 - 第1150步, loss 2.8951, lr 8.47e-06, 已耗时 51.4 分钟
2026-09-19 16:25:29,516 - 第1200步评估: train loss 2.5899, val loss 2.6931
2026-09-19 16:25:33,303 - val loss 创新低，已保存最优模型: best val 2.6931 @ 第1200步
2026-09-19 16:25:36,271 - 第1200步, loss 2.6809, lr 7.74e-06, 已耗时 53.8 分钟
2026-09-19 16:27:40,623 - 第1250步, loss 2.6031, lr 7.02e-06, 已耗时 55.9 分钟
2026-09-19 16:30:00,096 - 第1300步评估: train loss 2.6320, val loss 2.6991
2026-09-19 16:30:02,574 - 第1300步, loss 2.8785, lr 6.33e-06, 已耗时 58.3 分钟
2026-09-19 16:32:06,457 - 第1350步, loss 2.7374, lr 5.66e-06, 已耗时 60.4 分钟
2026-09-19 16:34:25,648 - 第1400步评估: train loss 2.5804, val loss 2.6763
2026-09-19 16:34:29,307 - val loss 创新低，已保存最优模型: best val 2.6763 @ 第1400步
2026-09-19 16:34:31,705 - 第1400步, loss 2.8952, lr 5.03e-06, 已耗时 62.8 分钟
2026-09-19 16:36:35,936 - 第1450步, loss 2.4184, lr 4.43e-06, 已耗时 64.8 分钟
2026-09-19 16:38:55,092 - 第1500步评估: train loss 2.6026, val loss 2.6915
2026-09-19 16:38:57,536 - 第1500步, loss 2.9733, lr 3.86e-06, 已耗时 67.2 分钟
2026-09-19 16:41:01,220 - 第1550步, loss 2.7115, lr 3.34e-06, 已耗时 69.3 分钟
2026-09-19 16:43:20,656 - 第1600步评估: train loss 2.5535, val loss 2.5908
2026-09-19 16:43:24,316 - val loss 创新低，已保存最优模型: best val 2.5908 @ 第1600步
2026-09-19 16:43:26,680 - 第1600步, loss 2.6429, lr 2.87e-06, 已耗时 71.7 分钟
2026-09-19 16:45:30,522 - 第1650步, loss 2.4938, lr 2.44e-06, 已耗时 73.8 分钟
2026-09-19 16:47:49,008 - 第1700步评估: train loss 2.6229, val loss 2.6578
2026-09-19 16:47:51,420 - 第1700步, loss 2.6519, lr 2.07e-06, 已耗时 76.1 分钟
2026-09-19 16:49:55,104 - 第1750步, loss 2.6308, lr 1.75e-06, 已耗时 78.2 分钟
2026-09-19 16:52:13,960 - 第1800步评估: train loss 2.5827, val loss 2.6545
2026-09-19 16:52:16,330 - 第1800步, loss 2.7105, lr 1.48e-06, 已耗时 80.5 分钟
2026-09-19 16:54:19,385 - 第1850步, loss 2.8091, lr 1.27e-06, 已耗时 82.6 分钟
2026-09-19 16:56:38,585 - 第1900步评估: train loss 2.6039, val loss 2.6666
2026-09-19 16:56:41,553 - 第1900步, loss 2.4070, lr 1.12e-06, 已耗时 84.9 分钟
2026-09-19 16:58:48,997 - 第1950步, loss 2.5205, lr 1.03e-06, 已耗时 87.1 分钟
2026-09-19 17:01:08,762 - 第1999步评估: train loss 2.5162, val loss 2.6617
2026-09-19 17:01:15,320 - 训练完成，总耗时 89.5 分钟，最优 val 2.5908 @ 第1600步
2026-09-19 17:31:44,014 - 被测模型: model_best_zh_v11.pt（确认路径无误再信数字，v10 误诊教训）
