2026-09-04 15:42:02,978 - 总样本数据 73862951, 训练集 66476032 验证集 7386112 词元表大小:16000
2026-09-04 15:42:05,578 - 218154624 个参数
2026-09-04 15:42:21,410 - 第0次训练后loss评估: train loss 9.9078, val loss 9.9106, loss评估耗时 13.7 秒
2026-09-04 15:42:23,247 - |===========================================================================|
|                  PyTorch CUDA memory summary, device ID 0                 |
|---------------------------------------------------------------------------|
|            CUDA OOMs: 0            |        cudaMalloc retries: 0         |
|===========================================================================|
|        Metric         | Cur Usage  | Peak Usage | Tot Alloc  | Tot Freed  |
|---------------------------------------------------------------------------|
| Allocated memory      |   3659 MiB |   4491 MiB |    867 GiB |    863 GiB |
|       from large pool |   2820 MiB |   3458 MiB |    819 GiB |    816 GiB |
|       from small pool |    838 MiB |   1032 MiB |     48 GiB |     47 GiB |
|---------------------------------------------------------------------------|
| Active memory         |   3659 MiB |   4491 MiB |    867 GiB |    863 GiB |
|       from large pool |   2820 MiB |   3458 MiB |    819 GiB |    816 GiB |
|       from small pool |    838 MiB |   1032 MiB |     48 GiB |     47 GiB |
|---------------------------------------------------------------------------|
| Requested memory      |   3659 MiB |   4491 MiB |    867 GiB |    863 GiB |
|       from large pool |   2820 MiB |   3458 MiB |    819 GiB |    816 GiB |
|       from small pool |    838 MiB |   1032 MiB |     48 GiB |     47 GiB |
|---------------------------------------------------------------------------|
| GPU reserved memory   |   4806 MiB |   4806 MiB |   4806 MiB |      0 B   |
|       from large pool |   3768 MiB |   3768 MiB |   3768 MiB |      0 B   |
|       from small pool |   1038 MiB |   1038 MiB |   1038 MiB |      0 B   |
|---------------------------------------------------------------------------|
| Non-releasable memory | 465764 KiB |   1312 MiB | 668594 MiB | 668139 MiB |
|       from large pool | 458496 KiB |   1292 MiB | 617369 MiB | 616921 MiB |
|       from small pool |   7268 KiB |     84 MiB |  51224 MiB |  51217 MiB |
|---------------------------------------------------------------------------|
| Allocations           |    3996    |    4930    |  131433    |  127437    |
|       from large pool |     199    |     248    |   43737    |   43538    |
|       from small pool |    3797    |    4682    |   87696    |   83899    |
|---------------------------------------------------------------------------|
| Active allocs         |    3996    |    4930    |  131433    |  127437    |
|       from large pool |     199    |     248    |   43737    |   43538    |
|       from small pool |    3797    |    4682    |   87696    |   83899    |
|---------------------------------------------------------------------------|
| GPU reserved segments |     572    |     572    |     572    |       0    |
|       from large pool |      53    |      53    |      53    |       0    |
|       from small pool |     519    |     519    |     519    |       0    |
|---------------------------------------------------------------------------|
| Non-releasable allocs |      64    |     243    |   81054    |   80990    |
|       from large pool |      12    |      23    |   19769    |   19757    |
|       from small pool |      52    |     222    |   61285    |   61233    |
|---------------------------------------------------------------------------|
| Oversize allocations  |       0    |       0    |       0    |       0    |
|---------------------------------------------------------------------------|
| Oversize GPU segments |       0    |       0    |       0    |       0    |
|===========================================================================|

2026-09-04 15:45:22,378 - 第100次train 完成, 本轮100次训练耗时 181.0 秒, 累计训练耗时 3.0 分钟, 当前学习率 3.00e-04
2026-09-04 15:48:21,853 - 第200次train 完成, 本轮100次训练耗时 179.5 秒, 累计训练耗时 6.0 分钟, 当前学习率 3.00e-04
2026-09-04 15:51:21,639 - 第300次train 完成, 本轮100次训练耗时 179.8 秒, 累计训练耗时 9.0 分钟, 当前学习率 2.99e-04
2026-09-04 15:54:22,229 - 第400次train 完成, 本轮100次训练耗时 180.6 秒, 累计训练耗时 12.0 分钟, 当前学习率 2.98e-04
2026-09-04 15:54:36,027 - 第400次训练后loss评估: train loss 7.4887, val loss 7.4856, loss评估耗时 13.8 秒
2026-09-04 15:57:36,141 - 第500次train 完成, 本轮100次训练耗时 180.1 秒, 累计训练耗时 15.0 分钟, 当前学习率 2.96e-04
2026-09-04 16:00:35,974 - 第600次train 完成, 本轮100次训练耗时 179.8 秒, 累计训练耗时 18.0 分钟, 当前学习率 2.93e-04
2026-09-04 16:03:35,900 - 第700次train 完成, 本轮100次训练耗时 179.9 秒, 累计训练耗时 21.0 分钟, 当前学习率 2.90e-04
2026-09-04 16:06:34,798 - 第800次train 完成, 本轮100次训练耗时 178.9 秒, 累计训练耗时 24.0 分钟, 当前学习率 2.87e-04
2026-09-04 16:06:48,579 - 第800次训练后loss评估: train loss 7.2173, val loss 7.2032, loss评估耗时 13.8 秒
2026-09-04 16:09:48,013 - 第900次train 完成, 本轮100次训练耗时 179.4 秒, 累计训练耗时 27.0 分钟, 当前学习率 2.83e-04
2026-09-04 16:12:47,605 - 第1000次train 完成, 本轮100次训练耗时 179.6 秒, 累计训练耗时 30.0 分钟, 当前学习率 2.78e-04
2026-09-04 16:15:46,190 - 第1100次train 完成, 本轮100次训练耗时 178.6 秒, 累计训练耗时 33.0 分钟, 当前学习率 2.73e-04
2026-09-04 16:18:45,801 - 第1200次train 完成, 本轮100次训练耗时 179.6 秒, 累计训练耗时 35.9 分钟, 当前学习率 2.68e-04
2026-09-04 16:18:59,697 - 第1200次训练后loss评估: train loss 6.9030, val loss 6.8991, loss评估耗时 13.9 秒
2026-09-04 16:21:59,204 - 第1300次train 完成, 本轮100次训练耗时 179.5 秒, 累计训练耗时 38.9 分钟, 当前学习率 2.62e-04
2026-09-04 16:24:58,414 - 第1400次train 完成, 本轮100次训练耗时 179.2 秒, 累计训练耗时 41.9 分钟, 当前学习率 2.56e-04
2026-09-04 16:27:57,815 - 第1500次train 完成, 本轮100次训练耗时 179.4 秒, 累计训练耗时 44.9 分钟, 当前学习率 2.49e-04
2026-09-04 16:30:57,191 - 第1600次train 完成, 本轮100次训练耗时 179.4 秒, 累计训练耗时 47.9 分钟, 当前学习率 2.42e-04
2026-09-04 16:31:11,053 - 第1600次训练后loss评估: train loss 6.7474, val loss 6.7496, loss评估耗时 13.9 秒
2026-09-04 16:34:10,316 - 第1700次train 完成, 本轮100次训练耗时 179.3 秒, 累计训练耗时 50.9 分钟, 当前学习率 2.35e-04
2026-09-04 16:37:09,315 - 第1800次train 完成, 本轮100次训练耗时 179.0 秒, 累计训练耗时 53.9 分钟, 当前学习率 2.28e-04
2026-09-04 16:40:08,750 - 第1900次train 完成, 本轮100次训练耗时 179.4 秒, 累计训练耗时 56.9 分钟, 当前学习率 2.20e-04
2026-09-04 16:43:07,608 - 第2000次train 完成, 本轮100次训练耗时 178.9 秒, 累计训练耗时 59.8 分钟, 当前学习率 2.12e-04
2026-09-04 16:43:21,472 - 第2000次训练后loss评估: train loss 6.5913, val loss 6.6158, loss评估耗时 13.9 秒
2026-09-04 16:43:23,116 - |===========================================================================|
|                  PyTorch CUDA memory summary, device ID 0                 |
|---------------------------------------------------------------------------|
|            CUDA OOMs: 0            |        cudaMalloc retries: 0         |
|===========================================================================|
|        Metric         | Cur Usage  | Peak Usage | Tot Alloc  | Tot Freed  |
|---------------------------------------------------------------------------|
| Allocated memory      |   3659 MiB |   6213 MiB | 174736 GiB | 174733 GiB |
|       from large pool |   2820 MiB |   5277 MiB | 167088 GiB | 167085 GiB |
|       from small pool |    838 MiB |   1032 MiB |   7648 GiB |   7647 GiB |
|---------------------------------------------------------------------------|
| Active memory         |   3659 MiB |   6213 MiB | 174736 GiB | 174733 GiB |
|       from large pool |   2820 MiB |   5277 MiB | 167088 GiB | 167085 GiB |
|       from small pool |    838 MiB |   1032 MiB |   7648 GiB |   7647 GiB |
|---------------------------------------------------------------------------|
| Requested memory      |   3659 MiB |   6211 MiB | 174733 GiB | 174729 GiB |
|       from large pool |   2820 MiB |   5275 MiB | 167084 GiB | 167082 GiB |
|       from small pool |    838 MiB |   1032 MiB |   7648 GiB |   7647 GiB |
|---------------------------------------------------------------------------|
| GPU reserved memory   |   7448 MiB |   7448 MiB |   7448 MiB |      0 B   |
|       from large pool |   6408 MiB |   6408 MiB |   6408 MiB |      0 B   |
|       from small pool |   1040 MiB |   1040 MiB |   1040 MiB |      0 B   |
|---------------------------------------------------------------------------|
| Non-releasable memory |   1552 MiB |   1811 MiB | 182551 GiB | 182549 GiB |
|       from large pool |   1517 MiB |   1777 MiB | 174418 GiB | 174416 GiB |
|       from small pool |     35 MiB |     87 MiB |   8132 GiB |   8132 GiB |
|---------------------------------------------------------------------------|
| Allocations           |    3996    |    4930    |   25698 K  |   25694 K  |
|       from large pool |     199    |     287    |    8696 K  |    8696 K  |
|       from small pool |    3797    |    4682    |   17002 K  |   16998 K  |
|---------------------------------------------------------------------------|
| Active allocs         |    3996    |    4930    |   25698 K  |   25694 K  |
|       from large pool |     199    |     287    |    8696 K  |    8696 K  |
|       from small pool |    3797    |    4682    |   17002 K  |   16998 K  |
|---------------------------------------------------------------------------|
| GPU reserved segments |     588    |     588    |     588    |       0    |
|       from large pool |      68    |      68    |      68    |       0    |
|       from small pool |     520    |     520    |     520    |       0    |
|---------------------------------------------------------------------------|
| Non-releasable allocs |     110    |     280    |   15290 K  |   15290 K  |
|       from large pool |      22    |      46    |    3552 K  |    3552 K  |
|       from small pool |      88    |     252    |   11737 K  |   11737 K  |
|---------------------------------------------------------------------------|
| Oversize allocations  |       0    |       0    |       0    |       0    |
|---------------------------------------------------------------------------|
| Oversize GPU segments |       0    |       0    |       0    |       0    |
|===========================================================================|

2026-09-04 16:46:21,274 - 第2100次train 完成, 本轮100次训练耗时 179.8 秒, 累计训练耗时 62.8 分钟, 当前学习率 2.03e-04
2026-09-04 16:49:20,324 - 第2200次train 完成, 本轮100次训练耗时 179.0 秒, 累计训练耗时 65.8 分钟, 当前学习率 1.95e-04
2026-09-04 16:52:19,265 - 第2300次train 完成, 本轮100次训练耗时 178.9 秒, 累计训练耗时 68.8 分钟, 当前学习率 1.87e-04
2026-09-04 16:55:18,703 - 第2400次train 完成, 本轮100次训练耗时 179.4 秒, 累计训练耗时 71.8 分钟, 当前学习率 1.78e-04
2026-09-04 16:55:32,463 - 第2400次训练后loss评估: train loss 6.4703, val loss 6.4815, loss评估耗时 13.8 秒
2026-09-04 16:58:30,982 - 第2500次train 完成, 本轮100次训练耗时 178.5 秒, 累计训练耗时 74.8 分钟, 当前学习率 1.69e-04
2026-09-04 17:01:29,711 - 第2600次train 完成, 本轮100次训练耗时 178.7 秒, 累计训练耗时 77.8 分钟, 当前学习率 1.61e-04
2026-09-04 17:04:28,094 - 第2700次train 完成, 本轮100次训练耗时 178.4 秒, 累计训练耗时 80.7 分钟, 当前学习率 1.52e-04
2026-09-04 17:07:27,430 - 第2800次train 完成, 本轮100次训练耗时 179.3 秒, 累计训练耗时 83.7 分钟, 当前学习率 1.44e-04
2026-09-04 17:07:41,172 - 第2800次训练后loss评估: train loss 6.3308, val loss 6.3973, loss评估耗时 13.7 秒
2026-09-04 17:10:39,557 - 第2900次train 完成, 本轮100次训练耗时 178.4 秒, 累计训练耗时 86.7 分钟, 当前学习率 1.35e-04
2026-09-04 17:13:38,483 - 第3000次train 完成, 本轮100次训练耗时 178.9 秒, 累计训练耗时 89.7 分钟, 当前学习率 1.27e-04
2026-09-04 17:16:37,706 - 第3100次train 完成, 本轮100次训练耗时 179.2 秒, 累计训练耗时 92.7 分钟, 当前学习率 1.18e-04
2026-09-04 17:19:36,237 - 第3200次train 完成, 本轮100次训练耗时 178.5 秒, 累计训练耗时 95.6 分钟, 当前学习率 1.10e-04
2026-09-04 17:19:49,959 - 第3200次训练后loss评估: train loss 6.2989, val loss 6.2883, loss评估耗时 13.7 秒
2026-09-04 17:22:48,716 - 第3300次train 完成, 本轮100次训练耗时 178.8 秒, 累计训练耗时 98.6 分钟, 当前学习率 1.03e-04
2026-09-04 17:25:47,611 - 第3400次train 完成, 本轮100次训练耗时 178.9 秒, 累计训练耗时 101.6 分钟, 当前学习率 9.51e-05
2026-09-04 17:28:46,517 - 第3500次train 完成, 本轮100次训练耗时 178.9 秒, 累计训练耗时 104.6 分钟, 当前学习率 8.78e-05
2026-09-04 17:31:44,992 - 第3600次train 完成, 本轮100次训练耗时 178.5 秒, 累计训练耗时 107.6 分钟, 当前学习率 8.09e-05
2026-09-04 17:31:58,781 - 第3600次训练后loss评估: train loss 6.2186, val loss 6.2050, loss评估耗时 13.8 秒
2026-09-04 17:34:57,939 - 第3700次train 完成, 本轮100次训练耗时 179.2 秒, 累计训练耗时 110.5 分钟, 当前学习率 7.43e-05
2026-09-04 17:37:56,794 - 第3800次train 完成, 本轮100次训练耗时 178.9 秒, 累计训练耗时 113.5 分钟, 当前学习率 6.81e-05
2026-09-04 17:40:55,277 - 第3900次train 完成, 本轮100次训练耗时 178.5 秒, 累计训练耗时 116.5 分钟, 当前学习率 6.23e-05
2026-09-04 17:43:54,215 - 第4000次train 完成, 本轮100次训练耗时 178.9 秒, 累计训练耗时 119.5 分钟, 当前学习率 5.69e-05
2026-09-04 17:44:07,916 - 第4000次训练后loss评估: train loss 6.1590, val loss 6.1480, loss评估耗时 13.7 秒
2026-09-04 17:44:09,627 - |===========================================================================|
|                  PyTorch CUDA memory summary, device ID 0                 |
|---------------------------------------------------------------------------|
|            CUDA OOMs: 0            |        cudaMalloc retries: 0         |
|===========================================================================|
|        Metric         | Cur Usage  | Peak Usage | Tot Alloc  | Tot Freed  |
|---------------------------------------------------------------------------|
| Allocated memory      |   3659 MiB |   6213 MiB | 348605 GiB | 348602 GiB |
|       from large pool |   2820 MiB |   5277 MiB | 333357 GiB | 333354 GiB |
|       from small pool |    838 MiB |   1032 MiB |  15248 GiB |  15247 GiB |
|---------------------------------------------------------------------------|
| Active memory         |   3659 MiB |   6213 MiB | 348605 GiB | 348602 GiB |
|       from large pool |   2820 MiB |   5277 MiB | 333357 GiB | 333354 GiB |
|       from small pool |    838 MiB |   1032 MiB |  15248 GiB |  15247 GiB |
|---------------------------------------------------------------------------|
| Requested memory      |   3659 MiB |   6211 MiB | 348598 GiB | 348595 GiB |
|       from large pool |   2820 MiB |   5275 MiB | 333350 GiB | 333348 GiB |
|       from small pool |    838 MiB |   1032 MiB |  15248 GiB |  15247 GiB |
|---------------------------------------------------------------------------|
| GPU reserved memory   |   7448 MiB |   7448 MiB |   7448 MiB |      0 B   |
|       from large pool |   6408 MiB |   6408 MiB |   6408 MiB |      0 B   |
|       from small pool |   1040 MiB |   1040 MiB |   1040 MiB |      0 B   |
|---------------------------------------------------------------------------|
| Non-releasable memory |   1430 MiB |   1811 MiB | 364900 GiB | 364898 GiB |
|       from large pool |   1395 MiB |   1777 MiB | 348684 GiB | 348683 GiB |
|       from small pool |     35 MiB |     87 MiB |  16215 GiB |  16215 GiB |
|---------------------------------------------------------------------------|
| Allocations           |    3996    |    4930    |   51266 K  |   51262 K  |
|       from large pool |     199    |     287    |   17349 K  |   17349 K  |
|       from small pool |    3797    |    4682    |   33916 K  |   33913 K  |
|---------------------------------------------------------------------------|
| Active allocs         |    3996    |    4930    |   51266 K  |   51262 K  |
|       from large pool |     199    |     287    |   17349 K  |   17349 K  |
|       from small pool |    3797    |    4682    |   33916 K  |   33913 K  |
|---------------------------------------------------------------------------|
| GPU reserved segments |     588    |     588    |     588    |       0    |
|       from large pool |      68    |      68    |      68    |       0    |
|       from small pool |     520    |     520    |     520    |       0    |
|---------------------------------------------------------------------------|
| Non-releasable allocs |     115    |     281    |   30491 K  |   30491 K  |
|       from large pool |      26    |      46    |    7074 K  |    7074 K  |
|       from small pool |      89    |     252    |   23416 K  |   23416 K  |
|---------------------------------------------------------------------------|
| Oversize allocations  |       0    |       0    |       0    |       0    |
|---------------------------------------------------------------------------|
| Oversize GPU segments |       0    |       0    |       0    |       0    |
|===========================================================================|

2026-09-04 17:47:05,792 - 第4100次train 完成, 本轮100次训练耗时 177.9 秒, 累计训练耗时 122.4 分钟, 当前学习率 5.19e-05
2026-09-04 17:50:04,750 - 第4200次train 完成, 本轮100次训练耗时 179.0 秒, 累计训练耗时 125.4 分钟, 当前学习率 4.74e-05
2026-09-04 17:53:03,435 - 第4300次train 完成, 本轮100次训练耗时 178.7 秒, 累计训练耗时 128.4 分钟, 当前学习率 4.34e-05
2026-09-04 17:56:01,889 - 第4400次train 完成, 本轮100次训练耗时 178.5 秒, 累计训练耗时 131.4 分钟, 当前学习率 3.99e-05
2026-09-04 17:56:15,641 - 第4400次训练后loss评估: train loss 6.1147, val loss 6.0728, loss评估耗时 13.8 秒
2026-09-04 17:59:15,076 - 第4500次train 完成, 本轮100次训练耗时 179.4 秒, 累计训练耗时 134.4 分钟, 当前学习率 3.69e-05
2026-09-04 18:02:13,733 - 第4600次train 完成, 本轮100次训练耗时 178.7 秒, 累计训练耗时 137.3 分钟, 当前学习率 3.44e-05
2026-09-04 18:05:12,454 - 第4700次train 完成, 本轮100次训练耗时 178.7 秒, 累计训练耗时 140.3 分钟, 当前学习率 3.25e-05
2026-09-04 18:08:11,421 - 第4800次train 完成, 本轮100次训练耗时 179.0 秒, 累计训练耗时 143.3 分钟, 当前学习率 3.11e-05
2026-09-04 18:08:25,197 - 第4800次训练后loss评估: train loss 6.0835, val loss 6.0563, loss评估耗时 13.8 秒
2026-09-04 18:11:24,091 - 第4900次train 完成, 本轮100次训练耗时 178.9 秒, 累计训练耗时 146.3 分钟, 当前学习率 3.03e-05
2026-09-04 18:14:34,604 - 第4999次训练后loss评估: train loss 6.0729, val loss 6.0561, loss评估耗时 13.7 秒
2026-09-04 18:14:36,239 - 第5000次train 完成, 本轮100次训练耗时 192.1 秒, 累计训练耗时 149.5 分钟, 当前学习率 3.00e-05
2026-09-04 18:14:36,239 - 全部训练完成，总耗时 152.5 分钟，平均每步 1830 毫秒
