2026-09-01 20:02:02,073 - 总样本数据 12392605, 训练集 11153344 验证集 1239261 词元表大小:16000
2026-09-01 20:02:02,793 - 109816960 个参数
2026-09-01 20:02:16,616 - 第0次训练后loss评估: train loss 9.8436, val loss 9.8442, loss评估耗时 12.9 秒
2026-09-01 20:02:18,202 - |===========================================================================|
|                  PyTorch CUDA memory summary, device ID 0                 |
|---------------------------------------------------------------------------|
|            CUDA OOMs: 0            |        cudaMalloc retries: 0         |
|===========================================================================|
|        Metric         | Cur Usage  | Peak Usage | Tot Alloc  | Tot Freed  |
|---------------------------------------------------------------------------|
| Allocated memory      |   2235 MiB |   4710 MiB |    847 GiB |    845 GiB |
|       from large pool |   1870 MiB |   4592 MiB |    845 GiB |    843 GiB |
|       from small pool |    364 MiB |    447 MiB |      2 GiB |      1 GiB |
|---------------------------------------------------------------------------|
| Active memory         |   2235 MiB |   4710 MiB |    847 GiB |    845 GiB |
|       from large pool |   1870 MiB |   4592 MiB |    845 GiB |    843 GiB |
|       from small pool |    364 MiB |    447 MiB |      2 GiB |      1 GiB |
|---------------------------------------------------------------------------|
| Requested memory      |   2228 MiB |   4710 MiB |    846 GiB |    844 GiB |
|       from large pool |   1863 MiB |   4592 MiB |    844 GiB |    842 GiB |
|       from small pool |    364 MiB |    447 MiB |      2 GiB |      1 GiB |
|---------------------------------------------------------------------------|
| GPU reserved memory   |   5472 MiB |   5472 MiB |   5472 MiB |      0 B   |
|       from large pool |   5000 MiB |   5000 MiB |   5000 MiB |      0 B   |
|       from small pool |    472 MiB |    472 MiB |    472 MiB |      0 B   |
|---------------------------------------------------------------------------|
| Non-releasable memory |   1148 MiB |   1958 MiB | 684100 MiB | 682951 MiB |
|       from large pool |   1129 MiB |   1954 MiB | 680167 MiB | 679037 MiB |
|       from small pool |     19 MiB |     37 MiB |   3932 MiB |   3913 MiB |
|---------------------------------------------------------------------------|
| Allocations           |    2384    |    2943    |   77025    |   74641    |
|       from large pool |     155    |     193    |   51277    |   51122    |
|       from small pool |    2229    |    2750    |   25748    |   23519    |
|---------------------------------------------------------------------------|
| Active allocs         |    2384    |    2943    |   77025    |   74641    |
|       from large pool |     155    |     193    |   51277    |   51122    |
|       from small pool |    2229    |    2750    |   25748    |   23519    |
|---------------------------------------------------------------------------|
| GPU reserved segments |     267    |     267    |     267    |       0    |
|       from large pool |      31    |      31    |      31    |       0    |
|       from small pool |     236    |     236    |     236    |       0    |
|---------------------------------------------------------------------------|
| Non-releasable allocs |     211    |     251    |   41360    |   41149    |
|       from large pool |      35    |      41    |   32126    |   32091    |
|       from small pool |     176    |     217    |    9234    |    9058    |
|---------------------------------------------------------------------------|
| Oversize allocations  |       0    |       0    |       0    |       0    |
|---------------------------------------------------------------------------|
| Oversize GPU segments |       0    |       0    |       0    |       0    |
|===========================================================================|

2026-09-01 20:04:59,939 - 第100次train 完成, 本轮100次训练耗时 163.3 秒, 累计训练耗时 2.7 分钟, 当前学习率 3.00e-04
2026-09-01 20:07:45,077 - 第200次train 完成, 本轮100次训练耗时 165.1 秒, 累计训练耗时 5.5 分钟, 当前学习率 3.00e-04
2026-09-01 20:10:31,149 - 第300次train 完成, 本轮100次训练耗时 166.1 秒, 累计训练耗时 8.2 分钟, 当前学习率 3.00e-04
2026-09-01 20:13:17,770 - 第400次train 完成, 本轮100次训练耗时 166.6 秒, 累计训练耗时 11.0 分钟, 当前学习率 2.99e-04
2026-09-01 20:16:03,923 - 第500次train 完成, 本轮100次训练耗时 166.2 秒, 累计训练耗时 13.8 分钟, 当前学习率 2.99e-04
2026-09-01 20:16:17,191 - 第500次训练后loss评估: train loss 7.0429, val loss 7.2928, loss评估耗时 13.3 秒
2026-09-01 20:19:03,767 - 第600次train 完成, 本轮100次训练耗时 166.6 秒, 累计训练耗时 16.6 分钟, 当前学习率 2.98e-04
2026-09-01 20:21:50,103 - 第700次train 完成, 本轮100次训练耗时 166.3 秒, 累计训练耗时 19.3 分钟, 当前学习率 2.98e-04
2026-09-01 20:24:36,296 - 第800次train 完成, 本轮100次训练耗时 166.2 秒, 累计训练耗时 22.1 分钟, 当前学习率 2.97e-04
2026-09-01 20:27:23,010 - 第900次train 完成, 本轮100次训练耗时 166.7 秒, 累计训练耗时 24.9 分钟, 当前学习率 2.96e-04
2026-09-01 20:30:10,015 - 第1000次train 完成, 本轮100次训练耗时 167.0 秒, 累计训练耗时 27.7 分钟, 当前学习率 2.95e-04
2026-09-01 20:30:23,309 - 第1000次训练后loss评估: train loss 6.2640, val loss 6.4455, loss评估耗时 13.3 秒
2026-09-01 20:33:10,526 - 第1100次train 完成, 本轮100次训练耗时 167.2 秒, 累计训练耗时 30.5 分钟, 当前学习率 2.93e-04
2026-09-01 20:35:57,472 - 第1200次train 完成, 本轮100次训练耗时 166.9 秒, 累计训练耗时 33.2 分钟, 当前学习率 2.92e-04
2026-09-01 20:38:43,658 - 第1300次train 完成, 本轮100次训练耗时 166.2 秒, 累计训练耗时 36.0 分钟, 当前学习率 2.90e-04
2026-09-01 20:41:30,622 - 第1400次train 完成, 本轮100次训练耗时 167.0 秒, 累计训练耗时 38.8 分钟, 当前学习率 2.89e-04
2026-09-01 20:44:17,019 - 第1500次train 完成, 本轮100次训练耗时 166.4 秒, 累计训练耗时 41.6 分钟, 当前学习率 2.87e-04
2026-09-01 20:44:30,283 - 第1500次训练后loss评估: train loss 5.8451, val loss 6.0199, loss评估耗时 13.3 秒
2026-09-01 20:47:17,255 - 第1600次train 完成, 本轮100次训练耗时 167.0 秒, 累计训练耗时 44.3 分钟, 当前学习率 2.85e-04
2026-09-01 20:50:03,492 - 第1700次train 完成, 本轮100次训练耗时 166.2 秒, 累计训练耗时 47.1 分钟, 当前学习率 2.83e-04
2026-09-01 20:52:50,068 - 第1800次train 完成, 本轮100次训练耗时 166.6 秒, 累计训练耗时 49.9 分钟, 当前学习率 2.81e-04
2026-09-01 20:55:36,511 - 第1900次train 完成, 本轮100次训练耗时 166.4 秒, 累计训练耗时 52.7 分钟, 当前学习率 2.79e-04
2026-09-01 20:58:23,718 - 第2000次train 完成, 本轮100次训练耗时 167.2 秒, 累计训练耗时 55.5 分钟, 当前学习率 2.76e-04
2026-09-01 20:58:37,159 - 第2000次训练后loss评估: train loss 5.5534, val loss 5.7688, loss评估耗时 13.4 秒
2026-09-01 20:58:38,869 - |===========================================================================|
|                  PyTorch CUDA memory summary, device ID 0                 |
|---------------------------------------------------------------------------|
|            CUDA OOMs: 0            |        cudaMalloc retries: 0         |
|===========================================================================|
|        Metric         | Cur Usage  | Peak Usage | Tot Alloc  | Tot Freed  |
|---------------------------------------------------------------------------|
| Allocated memory      |   2237 MiB |   5750 MiB | 161287 GiB | 161285 GiB |
|       from large pool |   1872 MiB |   5343 MiB | 160648 GiB | 160647 GiB |
|       from small pool |    364 MiB |    447 MiB |    638 GiB |    638 GiB |
|---------------------------------------------------------------------------|
| Active memory         |   2237 MiB |   5750 MiB | 161287 GiB | 161285 GiB |
|       from large pool |   1872 MiB |   5343 MiB | 160648 GiB | 160647 GiB |
|       from small pool |    364 MiB |    447 MiB |    638 GiB |    638 GiB |
|---------------------------------------------------------------------------|
| Requested memory      |   2228 MiB |   5734 MiB | 160791 GiB | 160788 GiB |
|       from large pool |   1863 MiB |   5328 MiB | 160152 GiB | 160150 GiB |
|       from small pool |    364 MiB |    447 MiB |    638 GiB |    638 GiB |
|---------------------------------------------------------------------------|
| GPU reserved memory   |   7472 MiB |   7472 MiB |   7472 MiB |      0 B   |
|       from large pool |   7000 MiB |   7000 MiB |   7000 MiB |      0 B   |
|       from small pool |    472 MiB |    472 MiB |    472 MiB |      0 B   |
|---------------------------------------------------------------------------|
| Non-releasable memory |   1146 MiB |   2170 MiB | 170004 GiB | 170003 GiB |
|       from large pool |   1127 MiB |   2152 MiB | 169049 GiB | 169048 GiB |
|       from small pool |     19 MiB |     43 MiB |    954 GiB |    954 GiB |
|---------------------------------------------------------------------------|
| Allocations           |    2384    |    2943    |   14994 K  |   14992 K  |
|       from large pool |     155    |     246    |    8800 K  |    8800 K  |
|       from small pool |    2229    |    2750    |    6193 K  |    6191 K  |
|---------------------------------------------------------------------------|
| Active allocs         |    2384    |    2943    |   14994 K  |   14992 K  |
|       from large pool |     155    |     246    |    8800 K  |    8800 K  |
|       from small pool |    2229    |    2750    |    6193 K  |    6191 K  |
|---------------------------------------------------------------------------|
| GPU reserved segments |     269    |     269    |     269    |       0    |
|       from large pool |      33    |      33    |      33    |       0    |
|       from small pool |     236    |     236    |     236    |       0    |
|---------------------------------------------------------------------------|
| Non-releasable allocs |     218    |     290    |    6126 K  |    6126 K  |
|       from large pool |      46    |      55    |    4427 K  |    4427 K  |
|       from small pool |     172    |     246    |    1698 K  |    1698 K  |
|---------------------------------------------------------------------------|
| Oversize allocations  |       0    |       0    |       0    |       0    |
|---------------------------------------------------------------------------|
| Oversize GPU segments |       0    |       0    |       0    |       0    |
|===========================================================================|

2026-09-01 21:01:24,366 - 第2100次train 完成, 本轮100次训练耗时 167.2 秒, 累计训练耗时 58.2 分钟, 当前学习率 2.74e-04
2026-09-01 21:04:11,350 - 第2200次train 完成, 本轮100次训练耗时 167.0 秒, 累计训练耗时 61.0 分钟, 当前学习率 2.71e-04
2026-09-01 21:06:58,231 - 第2300次train 完成, 本轮100次训练耗时 166.9 秒, 累计训练耗时 63.8 分钟, 当前学习率 2.68e-04
2026-09-01 21:09:45,225 - 第2400次train 完成, 本轮100次训练耗时 167.0 秒, 累计训练耗时 66.6 分钟, 当前学习率 2.66e-04
2026-09-01 21:12:32,252 - 第2500次train 完成, 本轮100次训练耗时 167.0 秒, 累计训练耗时 69.4 分钟, 当前学习率 2.63e-04
2026-09-01 21:12:45,699 - 第2500次训练后loss评估: train loss 5.3703, val loss 5.5931, loss评估耗时 13.4 秒
2026-09-01 21:15:32,947 - 第2600次train 完成, 本轮100次训练耗时 167.2 秒, 累计训练耗时 72.2 分钟, 当前学习率 2.60e-04
2026-09-01 21:18:20,021 - 第2700次train 完成, 本轮100次训练耗时 167.1 秒, 累计训练耗时 74.9 分钟, 当前学习率 2.57e-04
2026-09-01 21:21:07,296 - 第2800次train 完成, 本轮100次训练耗时 167.3 秒, 累计训练耗时 77.7 分钟, 当前学习率 2.53e-04
2026-09-01 21:23:54,684 - 第2900次train 完成, 本轮100次训练耗时 167.4 秒, 累计训练耗时 80.5 分钟, 当前学习率 2.50e-04
2026-09-01 21:26:41,843 - 第3000次train 完成, 本轮100次训练耗时 167.2 秒, 累计训练耗时 83.3 分钟, 当前学习率 2.47e-04
2026-09-01 21:26:55,726 - 第3000次训练后loss评估: train loss 5.1841, val loss 5.4803, loss评估耗时 13.4 秒
2026-09-01 21:29:44,161 - 第3100次train 完成, 本轮100次训练耗时 168.4 秒, 累计训练耗时 86.1 分钟, 当前学习率 2.43e-04
2026-09-01 21:32:31,663 - 第3200次train 完成, 本轮100次训练耗时 167.5 秒, 累计训练耗时 88.9 分钟, 当前学习率 2.40e-04
2026-09-01 21:35:19,040 - 第3300次train 完成, 本轮100次训练耗时 167.4 秒, 累计训练耗时 91.7 分钟, 当前学习率 2.36e-04
2026-09-01 21:38:06,048 - 第3400次train 完成, 本轮100次训练耗时 167.0 秒, 累计训练耗时 94.5 分钟, 当前学习率 2.33e-04
2026-09-01 21:40:53,615 - 第3500次train 完成, 本轮100次训练耗时 167.6 秒, 累计训练耗时 97.3 分钟, 当前学习率 2.29e-04
2026-09-01 21:41:07,134 - 第3500次训练后loss评估: train loss 5.0733, val loss 5.4083, loss评估耗时 13.5 秒
2026-09-01 21:43:54,506 - 第3600次train 完成, 本轮100次训练耗时 167.4 秒, 累计训练耗时 100.1 分钟, 当前学习率 2.25e-04
2026-09-01 21:46:42,695 - 第3700次train 完成, 本轮100次训练耗时 168.2 秒, 累计训练耗时 102.9 分钟, 当前学习率 2.21e-04
2026-09-01 21:49:29,894 - 第3800次train 完成, 本轮100次训练耗时 167.2 秒, 累计训练耗时 105.7 分钟, 当前学习率 2.17e-04
2026-09-01 21:52:17,714 - 第3900次train 完成, 本轮100次训练耗时 167.8 秒, 累计训练耗时 108.4 分钟, 当前学习率 2.13e-04
2026-09-01 21:55:05,099 - 第4000次train 完成, 本轮100次训练耗时 167.4 秒, 累计训练耗时 111.2 分钟, 当前学习率 2.09e-04
2026-09-01 21:55:18,577 - 第4000次训练后loss评估: train loss 4.9417, val loss 5.3277, loss评估耗时 13.5 秒
2026-09-01 21:55:20,292 - |===========================================================================|
|                  PyTorch CUDA memory summary, device ID 0                 |
|---------------------------------------------------------------------------|
|            CUDA OOMs: 0            |        cudaMalloc retries: 0         |
|===========================================================================|
|        Metric         | Cur Usage  | Peak Usage | Tot Alloc  | Tot Freed  |
|---------------------------------------------------------------------------|
| Allocated memory      |   2237 MiB |   5750 MiB | 321731 GiB | 321729 GiB |
|       from large pool |   1872 MiB |   5343 MiB | 320456 GiB | 320454 GiB |
|       from small pool |    364 MiB |    447 MiB |   1275 GiB |   1275 GiB |
|---------------------------------------------------------------------------|
| Active memory         |   2237 MiB |   5750 MiB | 321731 GiB | 321729 GiB |
|       from large pool |   1872 MiB |   5343 MiB | 320456 GiB | 320454 GiB |
|       from small pool |    364 MiB |    447 MiB |   1275 GiB |   1275 GiB |
|---------------------------------------------------------------------------|
| Requested memory      |   2228 MiB |   5734 MiB | 320735 GiB | 320733 GiB |
|       from large pool |   1863 MiB |   5328 MiB | 319459 GiB | 319458 GiB |
|       from small pool |    364 MiB |    447 MiB |   1275 GiB |   1275 GiB |
|---------------------------------------------------------------------------|
| GPU reserved memory   |   7472 MiB |   7472 MiB |   7472 MiB |      0 B   |
|       from large pool |   7000 MiB |   7000 MiB |   7000 MiB |      0 B   |
|       from small pool |    472 MiB |    472 MiB |    472 MiB |      0 B   |
|---------------------------------------------------------------------------|
| Non-releasable memory |   1146 MiB |   2170 MiB | 339488 GiB | 339487 GiB |
|       from large pool |   1127 MiB |   2152 MiB | 337583 GiB | 337582 GiB |
|       from small pool |     19 MiB |     43 MiB |   1904 GiB |   1904 GiB |
|---------------------------------------------------------------------------|
| Allocations           |    2384    |    2943    |   29912 K  |   29909 K  |
|       from large pool |     155    |     246    |   17550 K  |   17550 K  |
|       from small pool |    2229    |    2750    |   12361 K  |   12359 K  |
|---------------------------------------------------------------------------|
| Active allocs         |    2384    |    2943    |   29912 K  |   29909 K  |
|       from large pool |     155    |     246    |   17550 K  |   17550 K  |
|       from small pool |    2229    |    2750    |   12361 K  |   12359 K  |
|---------------------------------------------------------------------------|
| GPU reserved segments |     269    |     269    |     269    |       0    |
|       from large pool |      33    |      33    |      33    |       0    |
|       from small pool |     236    |     236    |     236    |       0    |
|---------------------------------------------------------------------------|
| Non-releasable allocs |     218    |     290    |   12215 K  |   12215 K  |
|       from large pool |      46    |      55    |    8827 K  |    8827 K  |
|       from small pool |     172    |     246    |    3387 K  |    3387 K  |
|---------------------------------------------------------------------------|
| Oversize allocations  |       0    |       0    |       0    |       0    |
|---------------------------------------------------------------------------|
| Oversize GPU segments |       0    |       0    |       0    |       0    |
|===========================================================================|

2026-09-01 21:58:06,589 - 第4100次train 完成, 本轮100次训练耗时 168.0 秒, 累计训练耗时 114.0 分钟, 当前学习率 2.05e-04
2026-09-01 22:00:55,087 - 第4200次train 完成, 本轮100次训练耗时 168.5 秒, 累计训练耗时 116.8 分钟, 当前学习率 2.01e-04
2026-09-01 22:03:43,139 - 第4300次train 完成, 本轮100次训练耗时 168.1 秒, 累计训练耗时 119.6 分钟, 当前学习率 1.97e-04
2026-09-01 22:06:31,057 - 第4400次train 完成, 本轮100次训练耗时 167.9 秒, 累计训练耗时 122.4 分钟, 当前学习率 1.93e-04
2026-09-01 22:09:18,998 - 第4500次train 完成, 本轮100次训练耗时 167.9 秒, 累计训练耗时 125.2 分钟, 当前学习率 1.88e-04
2026-09-01 22:09:32,456 - 第4500次训练后loss评估: train loss 4.8274, val loss 5.2874, loss评估耗时 13.5 秒
2026-09-01 22:12:20,533 - 第4600次train 完成, 本轮100次训练耗时 168.1 秒, 累计训练耗时 128.0 分钟, 当前学习率 1.84e-04
2026-09-01 22:15:08,267 - 第4700次train 完成, 本轮100次训练耗时 167.7 秒, 累计训练耗时 130.8 分钟, 当前学习率 1.80e-04
2026-09-01 22:17:56,486 - 第4800次train 完成, 本轮100次训练耗时 168.2 秒, 累计训练耗时 133.6 分钟, 当前学习率 1.76e-04
2026-09-01 22:20:43,565 - 第4900次train 完成, 本轮100次训练耗时 167.1 秒, 累计训练耗时 136.4 分钟, 当前学习率 1.71e-04
2026-09-01 22:23:31,330 - 第5000次train 完成, 本轮100次训练耗时 167.8 秒, 累计训练耗时 139.2 分钟, 当前学习率 1.67e-04
2026-09-01 22:23:44,761 - 第5000次训练后loss评估: train loss 4.7295, val loss 5.2617, loss评估耗时 13.4 秒
2026-09-01 22:26:32,576 - 第5100次train 完成, 本轮100次训练耗时 167.8 秒, 累计训练耗时 142.0 分钟, 当前学习率 1.63e-04
2026-09-01 22:29:20,481 - 第5200次train 完成, 本轮100次训练耗时 167.9 秒, 累计训练耗时 144.8 分钟, 当前学习率 1.59e-04
2026-09-01 22:32:06,754 - 第5300次train 完成, 本轮100次训练耗时 166.3 秒, 累计训练耗时 147.6 分钟, 当前学习率 1.54e-04
2026-09-01 22:34:54,420 - 第5400次train 完成, 本轮100次训练耗时 167.7 秒, 累计训练耗时 150.4 分钟, 当前学习率 1.50e-04
2026-09-01 22:37:42,348 - 第5500次train 完成, 本轮100次训练耗时 167.9 秒, 累计训练耗时 153.2 分钟, 当前学习率 1.46e-04
2026-09-01 22:37:55,760 - 第5500次训练后loss评估: train loss 4.6229, val loss 5.2476, loss评估耗时 13.4 秒
2026-09-01 22:40:43,747 - 第5600次train 完成, 本轮100次训练耗时 168.0 秒, 累计训练耗时 156.0 分钟, 当前学习率 1.42e-04
2026-09-01 22:43:31,630 - 第5700次train 完成, 本轮100次训练耗时 167.9 秒, 累计训练耗时 158.8 分钟, 当前学习率 1.37e-04
2026-09-01 22:46:19,336 - 第5800次train 完成, 本轮100次训练耗时 167.7 秒, 累计训练耗时 161.6 分钟, 当前学习率 1.33e-04
2026-09-01 22:49:06,755 - 第5900次train 完成, 本轮100次训练耗时 167.4 秒, 累计训练耗时 164.4 分钟, 当前学习率 1.29e-04
2026-09-01 22:51:54,499 - 第6000次train 完成, 本轮100次训练耗时 167.7 秒, 累计训练耗时 167.2 分钟, 当前学习率 1.25e-04
2026-09-01 22:52:08,284 - 第6000次训练后loss评估: train loss 4.5688, val loss 5.2371, loss评估耗时 13.3 秒
2026-09-01 22:52:09,982 - |===========================================================================|
|                  PyTorch CUDA memory summary, device ID 0                 |
|---------------------------------------------------------------------------|
|            CUDA OOMs: 0            |        cudaMalloc retries: 0         |
|===========================================================================|
|        Metric         | Cur Usage  | Peak Usage | Tot Alloc  | Tot Freed  |
|---------------------------------------------------------------------------|
| Allocated memory      |   2237 MiB |   5750 MiB | 482175 GiB | 482173 GiB |
|       from large pool |   1872 MiB |   5343 MiB | 480263 GiB | 480261 GiB |
|       from small pool |    364 MiB |    447 MiB |   1912 GiB |   1911 GiB |
|---------------------------------------------------------------------------|
| Active memory         |   2237 MiB |   5750 MiB | 482175 GiB | 482173 GiB |
|       from large pool |   1872 MiB |   5343 MiB | 480263 GiB | 480261 GiB |
|       from small pool |    364 MiB |    447 MiB |   1912 GiB |   1911 GiB |
|---------------------------------------------------------------------------|
| Requested memory      |   2228 MiB |   5734 MiB | 480679 GiB | 480677 GiB |
|       from large pool |   1863 MiB |   5328 MiB | 478767 GiB | 478765 GiB |
|       from small pool |    364 MiB |    447 MiB |   1912 GiB |   1911 GiB |
|---------------------------------------------------------------------------|
| GPU reserved memory   |   7472 MiB |   7472 MiB |   7472 MiB |      0 B   |
|       from large pool |   7000 MiB |   7000 MiB |   7000 MiB |      0 B   |
|       from small pool |    472 MiB |    472 MiB |    472 MiB |      0 B   |
|---------------------------------------------------------------------------|
| Non-releasable memory |   1146 MiB |   2170 MiB | 508972 GiB | 508971 GiB |
|       from large pool |   1127 MiB |   2152 MiB | 506117 GiB | 506116 GiB |
|       from small pool |     19 MiB |     43 MiB |   2855 GiB |   2855 GiB |
|---------------------------------------------------------------------------|
| Allocations           |    2384    |    2943    |   44829 K  |   44827 K  |
|       from large pool |     155    |     246    |   26299 K  |   26299 K  |
|       from small pool |    2229    |    2750    |   18529 K  |   18527 K  |
|---------------------------------------------------------------------------|
| Active allocs         |    2384    |    2943    |   44829 K  |   44827 K  |
|       from large pool |     155    |     246    |   26299 K  |   26299 K  |
|       from small pool |    2229    |    2750    |   18529 K  |   18527 K  |
|---------------------------------------------------------------------------|
| GPU reserved segments |     269    |     269    |     269    |       0    |
|       from large pool |      33    |      33    |      33    |       0    |
|       from small pool |     236    |     236    |     236    |       0    |
|---------------------------------------------------------------------------|
| Non-releasable allocs |     218    |     290    |   18305 K  |   18305 K  |
|       from large pool |      46    |      55    |   13227 K  |   13227 K  |
|       from small pool |     172    |     246    |    5077 K  |    5077 K  |
|---------------------------------------------------------------------------|
| Oversize allocations  |       0    |       0    |       0    |       0    |
|---------------------------------------------------------------------------|
| Oversize GPU segments |       0    |       0    |       0    |       0    |
|===========================================================================|

2026-09-01 22:54:55,836 - 第6100次train 完成, 本轮100次训练耗时 167.6 秒, 累计训练耗时 170.0 分钟, 当前学习率 1.21e-04
2026-09-01 22:57:43,521 - 第6200次train 完成, 本轮100次训练耗时 167.7 秒, 累计训练耗时 172.8 分钟, 当前学习率 1.17e-04
2026-09-01 23:00:31,027 - 第6300次train 完成, 本轮100次训练耗时 167.5 秒, 累计训练耗时 175.5 分钟, 当前学习率 1.13e-04
2026-09-01 23:03:18,787 - 第6400次train 完成, 本轮100次训练耗时 167.8 秒, 累计训练耗时 178.3 分钟, 当前学习率 1.09e-04
2026-09-01 23:06:06,756 - 第6500次train 完成, 本轮100次训练耗时 168.0 秒, 累计训练耗时 181.1 分钟, 当前学习率 1.05e-04
2026-09-01 23:06:20,136 - 第6500次训练后loss评估: train loss 4.4861, val loss 5.1955, loss评估耗时 13.4 秒
2026-09-01 23:09:08,139 - 第6600次train 完成, 本轮100次训练耗时 168.0 秒, 累计训练耗时 183.9 分钟, 当前学习率 1.01e-04
2026-09-01 23:11:55,607 - 第6700次train 完成, 本轮100次训练耗时 167.5 秒, 累计训练耗时 186.7 分钟, 当前学习率 9.75e-05
2026-09-01 23:14:44,026 - 第6800次train 完成, 本轮100次训练耗时 168.4 秒, 累计训练耗时 189.5 分钟, 当前学习率 9.39e-05
2026-09-01 23:17:31,641 - 第6900次train 完成, 本轮100次训练耗时 167.6 秒, 累计训练耗时 192.3 分钟, 当前学习率 9.03e-05
2026-09-01 23:20:19,617 - 第7000次train 完成, 本轮100次训练耗时 168.0 秒, 累计训练耗时 195.1 分钟, 当前学习率 8.67e-05
2026-09-01 23:20:33,005 - 第7000次训练后loss评估: train loss 4.4254, val loss 5.1667, loss评估耗时 13.4 秒
2026-09-01 23:23:21,006 - 第7100次train 完成, 本轮100次训练耗时 168.0 秒, 累计训练耗时 197.9 分钟, 当前学习率 8.33e-05
2026-09-01 23:26:08,749 - 第7200次train 完成, 本轮100次训练耗时 167.7 秒, 累计训练耗时 200.7 分钟, 当前学习率 7.99e-05
2026-09-01 23:28:56,856 - 第7300次train 完成, 本轮100次训练耗时 168.1 秒, 累计训练耗时 203.5 分钟, 当前学习率 7.66e-05
2026-09-01 23:31:44,475 - 第7400次train 完成, 本轮100次训练耗时 167.6 秒, 累计训练耗时 206.3 分钟, 当前学习率 7.34e-05
2026-09-01 23:34:31,803 - 第7500次train 完成, 本轮100次训练耗时 167.3 秒, 累计训练耗时 209.1 分钟, 当前学习率 7.03e-05
2026-09-01 23:34:45,139 - 第7500次训练后loss评估: train loss 4.3840, val loss 5.1591, loss评估耗时 13.3 秒
2026-09-01 23:37:32,497 - 第7600次train 完成, 本轮100次训练耗时 167.4 秒, 累计训练耗时 211.9 分钟, 当前学习率 6.73e-05
2026-09-01 23:40:20,155 - 第7700次train 完成, 本轮100次训练耗时 167.7 秒, 累计训练耗时 214.7 分钟, 当前学习率 6.44e-05
2026-09-01 23:43:07,732 - 第7800次train 完成, 本轮100次训练耗时 167.6 秒, 累计训练耗时 217.5 分钟, 当前学习率 6.16e-05
2026-09-01 23:45:55,100 - 第7900次train 完成, 本轮100次训练耗时 167.4 秒, 累计训练耗时 220.3 分钟, 当前学习率 5.89e-05
2026-09-01 23:48:42,146 - 第8000次train 完成, 本轮100次训练耗时 167.0 秒, 累计训练耗时 223.1 分钟, 当前学习率 5.63e-05
2026-09-01 23:48:55,516 - 第8000次训练后loss评估: train loss 4.3042, val loss 5.1628, loss评估耗时 13.4 秒
2026-09-01 23:48:57,209 - |===========================================================================|
|                  PyTorch CUDA memory summary, device ID 0                 |
|---------------------------------------------------------------------------|
|            CUDA OOMs: 0            |        cudaMalloc retries: 0         |
|===========================================================================|
|        Metric         | Cur Usage  | Peak Usage | Tot Alloc  | Tot Freed  |
|---------------------------------------------------------------------------|
| Allocated memory      |   2237 MiB |   5750 MiB | 642619 GiB | 642617 GiB |
|       from large pool |   1872 MiB |   5343 MiB | 640070 GiB | 640068 GiB |
|       from small pool |    364 MiB |    447 MiB |   2548 GiB |   2548 GiB |
|---------------------------------------------------------------------------|
| Active memory         |   2237 MiB |   5750 MiB | 642619 GiB | 642617 GiB |
|       from large pool |   1872 MiB |   5343 MiB | 640070 GiB | 640068 GiB |
|       from small pool |    364 MiB |    447 MiB |   2548 GiB |   2548 GiB |
|---------------------------------------------------------------------------|
| Requested memory      |   2228 MiB |   5734 MiB | 640624 GiB | 640621 GiB |
|       from large pool |   1863 MiB |   5328 MiB | 638075 GiB | 638073 GiB |
|       from small pool |    364 MiB |    447 MiB |   2548 GiB |   2548 GiB |
|---------------------------------------------------------------------------|
| GPU reserved memory   |   7472 MiB |   7472 MiB |   7472 MiB |      0 B   |
|       from large pool |   7000 MiB |   7000 MiB |   7000 MiB |      0 B   |
|       from small pool |    472 MiB |    472 MiB |    472 MiB |      0 B   |
|---------------------------------------------------------------------------|
| Non-releasable memory |   1146 MiB |   2170 MiB | 678456 GiB | 678455 GiB |
|       from large pool |   1127 MiB |   2152 MiB | 674651 GiB | 674650 GiB |
|       from small pool |     19 MiB |     43 MiB |   3805 GiB |   3805 GiB |
|---------------------------------------------------------------------------|
| Allocations           |    2384    |    2943    |   59747 K  |   59744 K  |
|       from large pool |     155    |     246    |   35049 K  |   35049 K  |
|       from small pool |    2229    |    2750    |   24697 K  |   24695 K  |
|---------------------------------------------------------------------------|
| Active allocs         |    2384    |    2943    |   59747 K  |   59744 K  |
|       from large pool |     155    |     246    |   35049 K  |   35049 K  |
|       from small pool |    2229    |    2750    |   24697 K  |   24695 K  |
|---------------------------------------------------------------------------|
| GPU reserved segments |     269    |     269    |     269    |       0    |
|       from large pool |      33    |      33    |      33    |       0    |
|       from small pool |     236    |     236    |     236    |       0    |
|---------------------------------------------------------------------------|
| Non-releasable allocs |     218    |     290    |   24395 K  |   24394 K  |
|       from large pool |      46    |      55    |   17628 K  |   17628 K  |
|       from small pool |     172    |     246    |    6766 K  |    6766 K  |
|---------------------------------------------------------------------------|
| Oversize allocations  |       0    |       0    |       0    |       0    |
|---------------------------------------------------------------------------|
| Oversize GPU segments |       0    |       0    |       0    |       0    |
|===========================================================================|

2026-09-01 23:51:43,223 - 第8100次train 完成, 本轮100次训练耗时 167.7 秒, 累计训练耗时 225.9 分钟, 当前学习率 5.38e-05
2026-09-01 23:54:30,535 - 第8200次train 完成, 本轮100次训练耗时 167.3 秒, 累计训练耗时 228.6 分钟, 当前学习率 5.15e-05
2026-09-01 23:57:18,059 - 第8300次train 完成, 本轮100次训练耗时 167.5 秒, 累计训练耗时 231.4 分钟, 当前学习率 4.92e-05
2026-09-02 00:00:06,140 - 第8400次train 完成, 本轮100次训练耗时 168.1 秒, 累计训练耗时 234.2 分钟, 当前学习率 4.71e-05
2026-09-02 00:02:53,776 - 第8500次train 完成, 本轮100次训练耗时 167.6 秒, 累计训练耗时 237.0 分钟, 当前学习率 4.50e-05
2026-09-02 00:03:07,158 - 第8500次训练后loss评估: train loss 4.2848, val loss 5.1583, loss评估耗时 13.4 秒
2026-09-02 00:05:54,291 - 第8600次train 完成, 本轮100次训练耗时 167.1 秒, 累计训练耗时 239.8 分钟, 当前学习率 4.31e-05
2026-09-02 00:08:41,807 - 第8700次train 完成, 本轮100次训练耗时 167.5 秒, 累计训练耗时 242.6 分钟, 当前学习率 4.13e-05
2026-09-02 00:11:29,114 - 第8800次train 完成, 本轮100次训练耗时 167.3 秒, 累计训练耗时 245.4 分钟, 当前学习率 3.97e-05
2026-09-02 00:14:16,412 - 第8900次train 完成, 本轮100次训练耗时 167.3 秒, 累计训练耗时 248.2 分钟, 当前学习率 3.82e-05
2026-09-02 00:17:03,834 - 第9000次train 完成, 本轮100次训练耗时 167.4 秒, 累计训练耗时 251.0 分钟, 当前学习率 3.68e-05
2026-09-02 00:17:17,634 - 第9000次训练后loss评估: train loss 4.2571, val loss 5.1287, loss评估耗时 13.3 秒
2026-09-02 00:20:05,187 - 第9100次train 完成, 本轮100次训练耗时 167.6 秒, 累计训练耗时 253.8 分钟, 当前学习率 3.55e-05
2026-09-02 00:22:53,291 - 第9200次train 完成, 本轮100次训练耗时 168.1 秒, 累计训练耗时 256.6 分钟, 当前学习率 3.43e-05
2026-09-02 00:25:40,632 - 第9300次train 完成, 本轮100次训练耗时 167.3 秒, 累计训练耗时 259.4 分钟, 当前学习率 3.33e-05
2026-09-02 00:28:28,054 - 第9400次train 完成, 本轮100次训练耗时 167.4 秒, 累计训练耗时 262.2 分钟, 当前学习率 3.24e-05
2026-09-02 00:31:15,792 - 第9500次train 完成, 本轮100次训练耗时 167.7 秒, 累计训练耗时 264.9 分钟, 当前学习率 3.17e-05
2026-09-02 00:31:29,197 - 第9500次训练后loss评估: train loss 4.2256, val loss 5.1410, loss评估耗时 13.4 秒
2026-09-02 00:34:17,022 - 第9600次train 完成, 本轮100次训练耗时 167.8 秒, 累计训练耗时 267.7 分钟, 当前学习率 3.11e-05
2026-09-02 00:37:04,788 - 第9700次train 完成, 本轮100次训练耗时 167.8 秒, 累计训练耗时 270.5 分钟, 当前学习率 3.06e-05
2026-09-02 00:39:52,200 - 第9800次train 完成, 本轮100次训练耗时 167.4 秒, 累计训练耗时 273.3 分钟, 当前学习率 3.03e-05
2026-09-02 00:42:39,484 - 第9900次train 完成, 本轮100次训练耗时 167.3 秒, 累计训练耗时 276.1 分钟, 当前学习率 3.01e-05
2026-09-02 00:45:38,659 - 第9999次训练后loss评估: train loss 4.2004, val loss 5.1436, loss评估耗时 13.3 秒
2026-09-02 00:45:40,334 - 第10000次train 完成, 本轮100次训练耗时 180.9 秒, 累计训练耗时 279.1 分钟, 当前学习率 3.00e-05
2026-09-02 00:45:40,334 - 全部训练完成，总耗时 283.6 分钟，平均每步 1702 毫秒
2026-09-02 12:07:24,132 - 总样本数据 12392605, 训练集 11153344 验证集 1239261 词元表大小:16000
